
Note: No compatibility mode selected!


Circuit: * klt sim -- generated corner deck, do not edit

Doing analysis at TEMP = 125.000000 and TNOM = 27.000000

Using SPARSE 1.3 as Direct Linear Solver
OSDI(debug) n.xr2.nr1: WARNING: V(i1,c) voltage is greater than specified by vmax
OSDI(debug) n.xr2.nr1: WARNING: V(i2,c) voltage is greater than specified by vmax
OSDI(debug) n.xr2.nr1: WARNING: V(i1,c) voltage is greater than specified by vmax
OSDI(debug) n.xr2.nr1: WARNING: V(i2,c) voltage is greater than specified by vmax
OSDI(debug) n.xr2.nr1: WARNING: V(i2,c) voltage is greater than specified by vmax


The temperature limiting function received NaN.
Please check your power dissipation and improve your heat sink Rth!
    This message will be shown only once.

Note: Starting dynamic gmin stepping
Note: Dynamic gmin stepping completed

No. of Data Rows : 1

  Measurements for AC Analysis


v(fb) = 2.513908e+00
v(sns1) = 5.972073e-01
v(sns2) = 5.965552e-01
v(vref) = 1.045533e+00
v(det) = 7.776566e-02
i(vmkfb) = 3.798542e-11
Doing analysis at TEMP = 125.000000 and TNOM = 27.000000

Using SPARSE 1.3 as Direct Linear Solver
OSDI(debug) n.xr2.nr1: WARNING: V(i1,c) voltage is greater than specified by vmax
OSDI(debug) n.xr2.nr1: WARNING: V(i2,c) voltage is greater than specified by vmax
OSDI(debug) n.xr2.nr1: WARNING: V(i1,c) voltage is greater than specified by vmax
OSDI(debug) n.xr2.nr1: WARNING: V(i2,c) voltage is greater than specified by vmax
OSDI(debug) n.xr2.nr1: WARNING: V(i2,c) voltage is greater than specified by vmax
Note: Starting dynamic gmin stepping
Note: Dynamic gmin stepping completed

No. of Data Rows : 271

  Measurements for AC Analysis

zout_dc_lin         =  7.88541e+04
zout_1khz_lin       =  7.88541e+04
zout_100khz_lin     =  7.88462e+04
zout_1mhz_lin       =  7.80806e+04

                * klt sim -- generated corner deck, do not edit
                AC Analysis  Sun Oct  4 02:04:13  2026
--------------------------------------------------------------------------------
Index   frequency       zout_db         
--------------------------------------------------------------------------------
0	1.000000e+00	9.793648e+01	
1	1.079775e+00	9.793648e+01	
2	1.165914e+00	9.793648e+01	
3	1.258925e+00	9.793648e+01	
4	1.359356e+00	9.793648e+01	
5	1.467799e+00	9.793648e+01	
6	1.584893e+00	9.793648e+01	
7	1.711328e+00	9.793648e+01	
8	1.847850e+00	9.793648e+01	
9	1.995262e+00	9.793648e+01	
10	2.154435e+00	9.793648e+01	
11	2.326305e+00	9.793648e+01	
12	2.511886e+00	9.793648e+01	
13	2.712273e+00	9.793648e+01	
14	2.928645e+00	9.793648e+01	
15	3.162278e+00	9.793648e+01	
16	3.414549e+00	9.793648e+01	
17	3.686945e+00	9.793648e+01	
18	3.981072e+00	9.793648e+01	
19	4.298662e+00	9.793648e+01	
20	4.641589e+00	9.793648e+01	
21	5.011872e+00	9.793648e+01	
22	5.411695e+00	9.793648e+01	
23	5.843414e+00	9.793648e+01	
24	6.309573e+00	9.793648e+01	
25	6.812921e+00	9.793648e+01	
26	7.356423e+00	9.793648e+01	
27	7.943282e+00	9.793648e+01	
28	8.576959e+00	9.793648e+01	
29	9.261187e+00	9.793648e+01	
30	1.000000e+01	9.793648e+01	
31	1.079775e+01	9.793648e+01	
32	1.165914e+01	9.793648e+01	
33	1.258925e+01	9.793648e+01	
34	1.359356e+01	9.793648e+01	
35	1.467799e+01	9.793648e+01	
36	1.584893e+01	9.793648e+01	
37	1.711328e+01	9.793648e+01	
38	1.847850e+01	9.793648e+01	
39	1.995262e+01	9.793648e+01	
40	2.154435e+01	9.793648e+01	
41	2.326305e+01	9.793648e+01	
42	2.511886e+01	9.793648e+01	
43	2.712273e+01	9.793648e+01	
44	2.928645e+01	9.793648e+01	
45	3.162278e+01	9.793648e+01	
46	3.414549e+01	9.793648e+01	
47	3.686945e+01	9.793648e+01	
48	3.981072e+01	9.793648e+01	
49	4.298662e+01	9.793648e+01	
50	4.641589e+01	9.793648e+01	
51	5.011872e+01	9.793648e+01	
52	5.411695e+01	9.793648e+01	
53	5.843414e+01	9.793648e+01	
54	6.309573e+01	9.793648e+01	

Index   frequency       zout_db         
--------------------------------------------------------------------------------
55	6.812921e+01	9.793648e+01	
56	7.356423e+01	9.793648e+01	
57	7.943282e+01	9.793648e+01	
58	8.576959e+01	9.793648e+01	
59	9.261187e+01	9.793648e+01	
60	1.000000e+02	9.793648e+01	
61	1.079775e+02	9.793648e+01	
62	1.165914e+02	9.793648e+01	
63	1.258925e+02	9.793648e+01	
64	1.359356e+02	9.793648e+01	
65	1.467799e+02	9.793648e+01	
66	1.584893e+02	9.793648e+01	
67	1.711328e+02	9.793648e+01	
68	1.847850e+02	9.793648e+01	
69	1.995262e+02	9.793648e+01	
70	2.154435e+02	9.793648e+01	
71	2.326305e+02	9.793648e+01	
72	2.511886e+02	9.793648e+01	
73	2.712273e+02	9.793648e+01	
74	2.928645e+02	9.793648e+01	
75	3.162278e+02	9.793648e+01	
76	3.414549e+02	9.793648e+01	
77	3.686945e+02	9.793648e+01	
78	3.981072e+02	9.793648e+01	
79	4.298662e+02	9.793648e+01	
80	4.641589e+02	9.793648e+01	
81	5.011872e+02	9.793648e+01	
82	5.411695e+02	9.793648e+01	
83	5.843414e+02	9.793648e+01	
84	6.309573e+02	9.793648e+01	
85	6.812921e+02	9.793648e+01	
86	7.356423e+02	9.793648e+01	
87	7.943282e+02	9.793648e+01	
88	8.576959e+02	9.793648e+01	
89	9.261187e+02	9.793648e+01	
90	1.000000e+03	9.793648e+01	
91	1.079775e+03	9.793648e+01	
92	1.165914e+03	9.793648e+01	
93	1.258925e+03	9.793648e+01	
94	1.359356e+03	9.793648e+01	
95	1.467799e+03	9.793648e+01	
96	1.584893e+03	9.793648e+01	
97	1.711328e+03	9.793648e+01	
98	1.847850e+03	9.793648e+01	
99	1.995262e+03	9.793648e+01	
100	2.154435e+03	9.793648e+01	
101	2.326305e+03	9.793648e+01	
102	2.511886e+03	9.793648e+01	
103	2.712273e+03	9.793648e+01	
104	2.928645e+03	9.793648e+01	
105	3.162278e+03	9.793648e+01	
106	3.414549e+03	9.793648e+01	
107	3.686945e+03	9.793648e+01	
108	3.981072e+03	9.793648e+01	
109	4.298662e+03	9.793648e+01	
110	4.641589e+03	9.793648e+01	
111	5.011872e+03	9.793648e+01	
112	5.411695e+03	9.793648e+01	

Index   frequency       zout_db         
--------------------------------------------------------------------------------
113	5.843414e+03	9.793648e+01	
114	6.309573e+03	9.793648e+01	
115	6.812921e+03	9.793648e+01	
116	7.356423e+03	9.793648e+01	
117	7.943282e+03	9.793648e+01	
118	8.576959e+03	9.793648e+01	
119	9.261187e+03	9.793648e+01	
120	1.000000e+04	9.793647e+01	
121	1.079775e+04	9.793647e+01	
122	1.165914e+04	9.793647e+01	
123	1.258925e+04	9.793647e+01	
124	1.359356e+04	9.793647e+01	
125	1.467799e+04	9.793646e+01	
126	1.584893e+04	9.793646e+01	
127	1.711328e+04	9.793646e+01	
128	1.847850e+04	9.793645e+01	
129	1.995262e+04	9.793645e+01	
130	2.154435e+04	9.793644e+01	
131	2.326305e+04	9.793644e+01	
132	2.511886e+04	9.793643e+01	
133	2.712273e+04	9.793642e+01	
134	2.928645e+04	9.793641e+01	
135	3.162278e+04	9.793640e+01	
136	3.414549e+04	9.793638e+01	
137	3.686945e+04	9.793637e+01	
138	3.981072e+04	9.793635e+01	
139	4.298662e+04	9.793632e+01	
140	4.641589e+04	9.793630e+01	
141	5.011872e+04	9.793627e+01	
142	5.411695e+04	9.793623e+01	
143	5.843414e+04	9.793619e+01	
144	6.309573e+04	9.793614e+01	
145	6.812921e+04	9.793608e+01	
146	7.356423e+04	9.793602e+01	
147	7.943282e+04	9.793594e+01	
148	8.576959e+04	9.793585e+01	
149	9.261187e+04	9.793574e+01	
150	1.000000e+05	9.793562e+01	
151	1.079775e+05	9.793547e+01	
152	1.165914e+05	9.793531e+01	
153	1.258925e+05	9.793511e+01	
154	1.359356e+05	9.793489e+01	
155	1.467799e+05	9.793462e+01	
156	1.584893e+05	9.793431e+01	
157	1.711328e+05	9.793395e+01	
158	1.847850e+05	9.793353e+01	
159	1.995262e+05	9.793304e+01	
160	2.154435e+05	9.793247e+01	
161	2.326305e+05	9.793181e+01	
162	2.511886e+05	9.793103e+01	
163	2.712273e+05	9.793013e+01	
164	2.928645e+05	9.792907e+01	
165	3.162278e+05	9.792784e+01	
166	3.414549e+05	9.792641e+01	
167	3.686945e+05	9.792474e+01	
168	3.981072e+05	9.792280e+01	
169	4.298662e+05	9.792053e+01	
170	4.641589e+05	9.791789e+01	

Index   frequency       zout_db         
--------------------------------------------------------------------------------
171	5.011872e+05	9.791481e+01	
172	5.411695e+05	9.791123e+01	
173	5.843414e+05	9.790705e+01	
174	6.309573e+05	9.790219e+01	
175	6.812921e+05	9.789653e+01	
176	7.356423e+05	9.788994e+01	
177	7.943282e+05	9.788226e+01	
178	8.576959e+05	9.787333e+01	
179	9.261187e+05	9.786294e+01	
180	1.000000e+06	9.785086e+01	
181	1.079775e+06	9.783682e+01	
182	1.165914e+06	9.782050e+01	
183	1.258925e+06	9.780156e+01	
184	1.359356e+06	9.777958e+01	
185	1.467799e+06	9.775409e+01	
186	1.584893e+06	9.772457e+01	
187	1.711328e+06	9.769040e+01	
188	1.847850e+06	9.765090e+01	
189	1.995262e+06	9.760530e+01	
190	2.154435e+06	9.755274e+01	
191	2.326305e+06	9.749226e+01	
192	2.511886e+06	9.742281e+01	
193	2.712273e+06	9.734323e+01	
194	2.928645e+06	9.725227e+01	
195	3.162278e+06	9.714860e+01	
196	3.414549e+06	9.703081e+01	
197	3.686945e+06	9.689745e+01	
198	3.981072e+06	9.674703e+01	
199	4.298662e+06	9.657806e+01	
200	4.641589e+06	9.638914e+01	
201	5.011872e+06	9.617891e+01	
202	5.411695e+06	9.594618e+01	
203	5.843414e+06	9.568993e+01	
204	6.309573e+06	9.540937e+01	
205	6.812921e+06	9.510399e+01	
206	7.356423e+06	9.477356e+01	
207	7.943282e+06	9.441813e+01	
208	8.576959e+06	9.403808e+01	
209	9.261187e+06	9.363409e+01	
210	1.000000e+07	9.320706e+01	
211	1.079775e+07	9.275813e+01	
212	1.165914e+07	9.228863e+01	
213	1.258925e+07	9.179999e+01	
214	1.359356e+07	9.129372e+01	
215	1.467799e+07	9.077136e+01	
216	1.584893e+07	9.023450e+01	
217	1.711328e+07	8.968483e+01	
218	1.847850e+07	8.912446e+01	
219	1.995262e+07	8.855666e+01	
220	2.154435e+07	8.798722e+01	
221	2.326305e+07	8.742531e+01	
222	2.511886e+07	8.688002e+01	
223	2.712273e+07	8.635151e+01	
224	2.928645e+07	8.582954e+01	
225	3.162278e+07	8.530506e+01	
226	3.414549e+07	8.477681e+01	
227	3.686945e+07	8.424823e+01	
228	3.981072e+07	8.372355e+01	

Index   frequency       zout_db         
--------------------------------------------------------------------------------
229	4.298662e+07	8.320642e+01	
230	4.641589e+07	8.269970e+01	
231	5.011872e+07	8.220564e+01	
232	5.411695e+07	8.172604e+01	
233	5.843414e+07	8.126237e+01	
234	6.309573e+07	8.081577e+01	
235	6.812921e+07	8.038716e+01	
236	7.356423e+07	7.997717e+01	
237	7.943282e+07	7.958623e+01	
238	8.576959e+07	7.921455e+01	
239	9.261187e+07	7.886214e+01	
240	1.000000e+08	7.852888e+01	
241	1.079775e+08	7.821449e+01	
242	1.165914e+08	7.791862e+01	
243	1.258925e+08	7.764079e+01	
244	1.359356e+08	7.738050e+01	
245	1.467799e+08	7.713716e+01	
246	1.584893e+08	7.691009e+01	
247	1.711328e+08	7.669856e+01	
248	1.847850e+08	7.650174e+01	
249	1.995262e+08	7.631870e+01	
250	2.154435e+08	7.614841e+01	
251	2.326305e+08	7.598974e+01	
252	2.511886e+08	7.584147e+01	
253	2.712273e+08	7.570227e+01	
254	2.928645e+08	7.557080e+01	
255	3.162278e+08	7.544562e+01	
256	3.414549e+08	7.532530e+01	
257	3.686945e+08	7.520838e+01	
258	3.981072e+08	7.509341e+01	
259	4.298662e+08	7.497898e+01	
260	4.641589e+08	7.486369e+01	
261	5.011872e+08	7.474618e+01	
262	5.411695e+08	7.462515e+01	
263	5.843414e+08	7.449931e+01	
264	6.309573e+08	7.436740e+01	
265	6.812921e+08	7.422819e+01	
266	7.356423e+08	7.408043e+01	
267	7.943282e+08	7.392288e+01	
268	8.576959e+08	7.375427e+01	
269	9.261187e+08	7.357331e+01	
270	1.000000e+09	7.337867e+01	
Doing analysis at TEMP = 125.000000 and TNOM = 27.000000

Using SPARSE 1.3 as Direct Linear Solver
OSDI(debug) n.xr2.nr1: WARNING: V(i1,c) voltage is greater than specified by vmax
OSDI(debug) n.xr2.nr1: WARNING: V(i2,c) voltage is greater than specified by vmax
OSDI(debug) n.xr2.nr1: WARNING: V(i1,c) voltage is greater than specified by vmax
OSDI(debug) n.xr2.nr1: WARNING: V(i2,c) voltage is greater than specified by vmax
OSDI(debug) n.xr2.nr1: WARNING: V(i2,c) voltage is greater than specified by vmax
Note: Starting dynamic gmin stepping
Note: Dynamic gmin stepping completed

No. of Data Rows : 271

  Measurements for AC Analysis

zout_dc_lin         =  7.88541e+04
zout_1khz_lin       =  7.88541e+04
zout_100khz_lin     =  7.88462e+04
zout_1mhz_lin       =  7.80806e+04

ngspice-46 done
