

The temperature limiting function received NaN.
Please check your power dissipation and improve your heat sink Rth!
    This message will be shown only once.

Note: Starting dynamic gmin stepping

Note: No compatibility mode selected!


Circuit: * sg13g2-bandgap -- bandgap_core + bandgap_amp + bandgap_startup

Doing analysis at TEMP = 125.000000 and TNOM = 27.000000

Using SPARSE 1.3 as Direct Linear Solver
OSDI(debug) n.xxtrim.xru191.nr1: WARNING: V(i1,c) voltage is greater than specified by vmax
OSDI(debug) n.xxtrim.xru191.nr1: WARNING: V(i2,c) voltage is greater than specified by vmax
OSDI(debug) n.xxtrim.xru190.nr1: WARNING: V(i1,c) voltage is greater than specified by vmax
OSDI(debug) n.xxtrim.xru190.nr1: WARNING: V(i2,c) voltage is greater than specified by vmax
OSDI(debug) n.xxtrim.xru189.nr1: WARNING: V(i1,c) voltage is greater than specified by vmax
OSDI(debug) n.xxtrim.xru189.nr1: WARNING: V(i2,c) voltage is greater than specified by vmax
OSDI(debug) n.xxtrim.xru188.nr1: WARNING: V(i1,c) voltage is greater than specified by vmax
OSDI(debug) n.xxtrim.xru188.nr1: WARNING: V(i2,c) voltage is greater than specified by vmax
OSDI(debug) n.xxtrim.xru187.nr1: WARNING: V(i1,c) voltage is greater than specified by vmax
OSDI(debug) n.xxtrim.xru187.nr1: WARNING: V(i2,c) voltage is greater than specified by vmax
OSDI(debug) n.xxtrim.xru186.nr1: WARNING: V(i1,c) voltage is greater than specified by vmax
OSDI(debug) n.xxtrim.xru186.nr1: WARNING: V(i2,c) voltage is greater than specified by vmax
OSDI(debug) n.xxtrim.xru185.nr1: WARNING: V(i1,c) voltage is greater than specified by vmax
OSDI(debug) n.xxtrim.xru185.nr1: WARNING: V(i2,c) voltage is greater than specified by vmax
OSDI(debug) n.xxtrim.xru184.nr1: WARNING: V(i1,c) voltage is greater than specified by vmax
OSDI(debug) n.xxtrim.xru184.nr1: WARNING: V(i2,c) voltage is greater than specified by vmax
OSDI(debug) n.xxtrim.xru183.nr1: WARNING: V(i1,c) voltage is greater than specified by vmax
OSDI(debug) n.xxtrim.xru183.nr1: WARNING: V(i2,c) voltage is greater than specified by vmax
OSDI(debug) n.xxtrim.xru182.nr1: WARNING: V(i1,c) voltage is greater than specified by vmax
OSDI(debug) n.xxtrim.xru182.nr1: WARNING: V(i2,c) voltage is greater than specified by vmax
OSDI(debug) n.xxtrim.xru181.nr1: WARNING: V(i1,c) voltage is greater than specified by vmax
OSDI(debug) n.xxtrim.xru181.nr1: WARNING: V(i2,c) voltage is greater than specified by vmax
OSDI(debug) n.xxtrim.xru180.nr1: WARNING: V(i1,c) voltage is greater than specified by vmax
OSDI(debug) n.xxtrim.xru180.nr1: WARNING: V(i2,c) voltage is greater than specified by vmax
OSDI(debug) n.xxtrim.xru179.nr1: WARNING: V(i1,c) voltage is greater than specified by vmax
OSDI(debug) n.xxtrim.xru179.nr1: WARNING: V(i2,c) voltage is greater than specified by vmax
OSDI(debug) n.xxtrim.xru178.nr1: WARNING: V(i1,c) voltage is greater than specified by vmax
OSDI(debug) n.xxtrim.xru178.nr1: WARNING: V(i2,c) voltage is greater than specified by vmax
OSDI(debug) n.xxtrim.xru177.nr1: WARNING: V(i1,c) voltage is greater than specified by vmax
OSDI(debug) n.xxtrim.xru177.nr1: WARNING: V(i2,c) voltage is greater than specified by vmax
OSDI(debug) n.xxtrim.xru176.nr1: WARNING: V(i1,c) voltage is greater than specified by vmax
OSDI(debug) n.xxtrim.xru176.nr1: WARNING: V(i2,c) voltage is greater than specified by vmax
OSDI(debug) n.xxtrim.xru175.nr1: WARNING: V(i1,c) voltage is greater than specified by vmax
OSDI(debug) n.xxtrim.xru175.nr1: WARNING: V(i2,c) voltage is greater than specified by vmax
OSDI(debug) n.xxtrim.xru174.nr1: WARNING: V(i1,c) voltage is greater than specified by vmax
OSDI(debug) n.xxtrim.xru174.nr1: WARNING: V(i2,c) voltage is greater than specified by vmax
OSDI(debug) n.xxtrim.xru173.nr1: WARNING: V(i1,c) voltage is greater than specified by vmax
OSDI(debug) n.xxtrim.xru173.nr1: WARNING: V(i2,c) voltage is greater than specified by vmax
OSDI(debug) n.xxtrim.xru172.nr1: WARNING: V(i1,c) voltage is greater than specified by vmax
OSDI(debug) n.xxtrim.xru172.nr1: WARNING: V(i2,c) voltage is greater than specified by vmax
OSDI(debug) n.xxtrim.xru171.nr1: WARNING: V(i1,c) voltage is greater than specified by vmax
OSDI(debug) n.xxtrim.xru171.nr1: WARNING: V(i2,c) voltage is greater than specified by vmax
OSDI(debug) n.xxtrim.xru170.nr1: WARNING: V(i1,c) voltage is greater than specified by vmax
OSDI(debug) n.xxtrim.xru170.nr1: WARNING: V(i2,c) voltage is greater than specified by vmax
OSDI(debug) n.xxtrim.xru169.nr1: WARNING: V(i1,c) voltage is greater than specified by vmax
OSDI(debug) n.xxtrim.xru169.nr1: WARNING: V(i2,c) voltage is greater than specified by vmax
OSDI(debug) n.xxtrim.xru168.nr1: WARNING: V(i1,c) voltage is greater than specified by vmax
OSDI(debug) n.xxtrim.xru168.nr1: WARNING: V(i2,c) voltage is greater than specified by vmax
OSDI(debug) n.xxtrim.xru167.nr1: WARNING: V(i1,c) voltage is greater than specified by vmax
OSDI(debug) n.xxtrim.xru167.nr1: WARNING: V(i2,c) voltage is greater than specified by vmax
OSDI(debug) n.xxtrim.xru166.nr1: WARNING: V(i1,c) voltage is greater than specified by vmax
OSDI(debug) n.xxtrim.xru166.nr1: WARNING: V(i2,c) voltage is greater than specified by vmax
OSDI(debug) n.xxtrim.xru165.nr1: WARNING: V(i1,c) voltage is greater than specified by vmax
OSDI(debug) n.xxtrim.xru165.nr1: WARNING: V(i2,c) voltage is greater than specified by vmax
OSDI(debug) n.xxtrim.xru164.nr1: WARNING: V(i1,c) voltage is greater than specified by vmax
OSDI(debug) n.xxtrim.xru164.nr1: WARNING: V(i2,c) voltage is greater than specified by vmax
OSDI(debug) n.xxtrim.xru163.nr1: WARNING: V(i1,c) voltage is greater than specified by vmax
OSDI(debug) n.xxtrim.xru163.nr1: WARNING: V(i2,c) voltage is greater than specified by vmax
OSDI(debug) n.xxtrim.xru162.nr1: WARNING: V(i1,c) voltage is greater than specified by vmax
OSDI(debug) n.xxtrim.xru162.nr1: WARNING: V(i2,c) voltage is greater than specified by vmax
OSDI(debug) n.xxtrim.xru161.nr1: WARNING: V(i1,c) voltage is greater than specified by vmax
OSDI(debug) n.xxtrim.xru161.nr1: WARNING: V(i2,c) voltage is greater than specified by vmax
OSDI(debug) n.xxtrim.xru160.nr1: WARNING: V(i1,c) voltage is greater than specified by vmax
OSDI(debug) n.xxtrim.xru160.nr1: WARNING: V(i2,c) voltage is greater than specified by vmax
OSDI(debug) n.xxtrim.xru159.nr1: WARNING: V(i1,c) voltage is greater than specified by vmax
OSDI(debug) n.xxtrim.xru159.nr1: WARNING: V(i2,c) voltage is greater than specified by vmax
OSDI(debug) n.xxtrim.xru158.nr1: WARNING: V(i1,c) voltage is greater than specified by vmax
OSDI(debug) n.xxtrim.xru158.nr1: WARNING: V(i2,c) voltage is greater than specified by vmax
OSDI(debug) n.xxtrim.xru157.nr1: WARNING: V(i1,c) voltage is greater than specified by vmax
OSDI(debug) n.xxtrim.xru157.nr1: WARNING: V(i2,c) voltage is greater than specified by vmax
OSDI(debug) n.xxtrim.xru156.nr1: WARNING: V(i1,c) voltage is greater than specified by vmax
OSDI(debug) n.xxtrim.xru156.nr1: WARNING: V(i2,c) voltage is greater than specified by vmax
OSDI(debug) n.xxtrim.xru155.nr1: WARNING: V(i1,c) voltage is greater than specified by vmax
OSDI(debug) n.xxtrim.xru155.nr1: WARNING: V(i2,c) voltage is greater than specified by vmax
OSDI(debug) n.xxtrim.xru154.nr1: WARNING: V(i1,c) voltage is greater than specified by vmax
OSDI(debug) n.xxtrim.xru154.nr1: WARNING: V(i2,c) voltage is greater than specified by vmax
OSDI(debug) n.xxtrim.xru153.nr1: WARNING: V(i1,c) voltage is greater than specified by vmax
OSDI(debug) n.xxtrim.xru153.nr1: WARNING: V(i2,c) voltage is greater than specified by vmax
OSDI(debug) n.xxtrim.xru152.nr1: WARNING: V(i1,c) voltage is greater than specified by vmax
OSDI(debug) n.xxtrim.xru152.nr1: WARNING: V(i2,c) voltage is greater than specified by vmax
OSDI(debug) n.xxtrim.xru151.nr1: WARNING: V(i1,c) voltage is greater than specified by vmax
OSDI(debug) n.xxtrim.xru151.nr1: WARNING: V(i2,c) voltage is greater than specified by vmax
OSDI(debug) n.xxtrim.xru150.nr1: WARNING: V(i1,c) voltage is greater than specified by vmax
OSDI(debug) n.xxtrim.xru150.nr1: WARNING: V(i2,c) voltage is greater than specified by vmax
OSDI(debug) n.xxtrim.xru149.nr1: WARNING: V(i1,c) voltage is greater than specified by vmax
OSDI(debug) n.xxtrim.xru149.nr1: WARNING: V(i2,c) voltage is greater than specified by vmax
OSDI(debug) n.xxtrim.xru148.nr1: WARNING: V(i1,c) voltage is greater than specified by vmax
OSDI(debug) n.xxtrim.xru148.nr1: WARNING: V(i2,c) voltage is greater than specified by vmax
OSDI(debug) n.xxtrim.xru147.nr1: WARNING: V(i1,c) voltage is greater than specified by vmax
OSDI(debug) n.xxtrim.xru147.nr1: WARNING: V(i2,c) voltage is greater than specified by vmax
OSDI(debug) n.xxtrim.xru146.nr1: WARNING: V(i1,c) voltage is greater than specified by vmax
OSDI(debug) n.xxtrim.xru146.nr1: WARNING: V(i2,c) voltage is greater than specified by vmax
OSDI(debug) n.xxtrim.xru145.nr1: WARNING: V(i1,c) voltage is greater than specified by vmax
OSDI(debug) n.xxtrim.xru145.nr1: WARNING: V(i2,c) voltage is greater than specified by vmax
OSDI(debug) n.xxtrim.xru144.nr1: WARNING: V(i1,c) voltage is greater than specified by vmax
OSDI(debug) n.xxtrim.xru144.nr1: WARNING: V(i2,c) voltage is greater than specified by vmax
OSDI(debug) n.xxtrim.xru143.nr1: WARNING: V(i1,c) voltage is greater than specified by vmax
OSDI(debug) n.xxtrim.xru143.nr1: WARNING: V(i2,c) voltage is greater than specified by vmax
OSDI(debug) n.xxtrim.xru142.nr1: WARNING: V(i1,c) voltage is greater than specified by vmax
OSDI(debug) n.xxtrim.xru142.nr1: WARNING: V(i2,c) voltage is greater than specified by vmax
OSDI(debug) n.xxtrim.xru141.nr1: WARNING: V(i1,c) voltage is greater than specified by vmax
OSDI(debug) n.xxtrim.xru141.nr1: WARNING: V(i2,c) voltage is greater than specified by vmax
OSDI(debug) n.xxtrim.xru140.nr1: WARNING: V(i1,c) voltage is greater than specified by vmax
OSDI(debug) n.xxtrim.xru140.nr1: WARNING: V(i2,c) voltage is greater than specified by vmax
OSDI(debug) n.xxtrim.xru139.nr1: WARNING: V(i1,c) voltage is greater than specified by vmax
OSDI(debug) n.xxtrim.xru139.nr1: WARNING: V(i2,c) voltage is greater than specified by vmax
OSDI(debug) n.xxtrim.xru138.nr1: WARNING: V(i1,c) voltage is greater than specified by vmax
OSDI(debug) n.xxtrim.xru138.nr1: WARNING: V(i2,c) voltage is greater than specified by vmax
OSDI(debug) n.xxtrim.xru137.nr1: WARNING: V(i1,c) voltage is greater than specified by vmax
OSDI(debug) n.xxtrim.xru137.nr1: WARNING: V(i2,c) voltage is greater than specified by vmax
OSDI(debug) n.xxtrim.xru136.nr1: WARNING: V(i1,c) voltage is greater than specified by vmax
OSDI(debug) n.xxtrim.xru136.nr1: WARNING: V(i2,c) voltage is greater than specified by vmax
OSDI(debug) n.xxtrim.xru135.nr1: WARNING: V(i1,c) voltage is greater than specified by vmax
OSDI(debug) n.xxtrim.xru135.nr1: WARNING: V(i2,c) voltage is greater than specified by vmax
OSDI(debug) n.xxtrim.xru134.nr1: WARNING: V(i1,c) voltage is greater than specified by vmax
OSDI(debug) n.xxtrim.xru134.nr1: WARNING: V(i2,c) voltage is greater than specified by vmax
OSDI(debug) n.xxtrim.xru133.nr1: WARNING: V(i1,c) voltage is greater than specified by vmax
OSDI(debug) n.xxtrim.xru133.nr1: WARNING: V(i2,c) voltage is greater than specified by vmax
OSDI(debug) n.xxtrim.xru132.nr1: WARNING: V(i1,c) voltage is greater than specified by vmax
OSDI(debug) n.xxtrim.xru132.nr1: WARNING: V(i2,c) voltage is greater than specified by vmax
OSDI(debug) n.xxtrim.xru131.nr1: WARNING: V(i1,c) voltage is greater than specified by vmax
OSDI(debug) n.xxtrim.xru131.nr1: WARNING: V(i2,c) voltage is greater than specified by vmax
OSDI(debug) n.xxtrim.xru130.nr1: WARNING: V(i1,c) voltage is greater than specified by vmax
OSDI(debug) n.xxtrim.xru130.nr1: WARNING: V(i2,c) voltage is greater than specified by vmax
OSDI(debug) n.xxtrim.xru129.nr1: WARNING: V(i1,c) voltage is greater than specified by vmax
OSDI(debug) n.xxtrim.xru129.nr1: WARNING: V(i2,c) voltage is greater than specified by vmax
OSDI(debug) n.xxtrim.xru128.nr1: WARNING: V(i1,c) voltage is greater than specified by vmax
OSDI(debug) n.xxtrim.xru128.nr1: WARNING: V(i2,c) voltage is greater than specified by vmax
OSDI(debug) n.xxtrim.xru127.nr1: WARNING: V(i1,c) voltage is greater than specified by vmax
OSDI(debug) n.xxtrim.xru127.nr1: WARNING: V(i2,c) voltage is greater than specified by vmax
OSDI(debug) n.xxtrim.xru126.nr1: WARNING: V(i1,c) voltage is greater than specified by vmax
OSDI(debug) n.xxtrim.xru126.nr1: WARNING: V(i2,c) voltage is greater than specified by vmax
OSDI(debug) n.xxtrim.xru125.nr1: WARNING: V(i1,c) voltage is greater than specified by vmax
OSDI(debug) n.xxtrim.xru125.nr1: WARNING: V(i2,c) voltage is greater than specified by vmax
OSDI(debug) n.xxtrim.xru124.nr1: WARNING: V(i1,c) voltage is greater than specified by vmax
OSDI(debug) n.xxtrim.xru124.nr1: WARNING: V(i2,c) voltage is greater than specified by vmax
OSDI(debug) n.xxtrim.xru123.nr1: WARNING: V(i1,c) voltage is greater than specified by vmax
OSDI(debug) n.xxtrim.xru123.nr1: WARNING: V(i2,c) voltage is greater than specified by vmax
OSDI(debug) n.xxtrim.xru122.nr1: WARNING: V(i1,c) voltage is greater than specified by vmax
OSDI(debug) n.xxtrim.xru122.nr1: WARNING: V(i2,c) voltage is greater than specified by vmax
OSDI(debug) n.xxtrim.xru121.nr1: WARNING: V(i1,c) voltage is greater than specified by vmax
OSDI(debug) n.xxtrim.xru121.nr1: WARNING: V(i2,c) voltage is greater than specified by vmax
OSDI(debug) n.xxtrim.xru120.nr1: WARNING: V(i1,c) voltage is greater than specified by vmax
OSDI(debug) n.xxtrim.xru120.nr1: WARNING: V(i2,c) voltage is greater than specified by vmax
OSDI(debug) n.xxtrim.xru119.nr1: WARNING: V(i1,c) voltage is greater than specified by vmax
OSDI(debug) n.xxtrim.xru119.nr1: WARNING: V(i2,c) voltage is greater than specified by vmax
OSDI(debug) n.xxtrim.xru118.nr1: WARNING: V(i1,c) voltage is greater than specified by vmax
OSDI(debug) n.xxtrim.xru118.nr1: WARNING: V(i2,c) voltage is greater than specified by vmax
OSDI(debug) n.xxtrim.xru117.nr1: WARNING: V(i1,c) voltage is greater than specified by vmax
OSDI(debug) n.xxtrim.xru117.nr1: WARNING: V(i2,c) voltage is greater than specified by vmax
OSDI(debug) n.xxtrim.xru116.nr1: WARNING: V(i1,c) voltage is greater than specified by vmax
OSDI(debug) n.xxtrim.xru116.nr1: WARNING: V(i2,c) voltage is greater than specified by vmax
OSDI(debug) n.xxtrim.xru115.nr1: WARNING: V(i1,c) voltage is greater than specified by vmax
OSDI(debug) n.xxtrim.xru115.nr1: WARNING: V(i2,c) voltage is greater than specified by vmax
OSDI(debug) n.xxtrim.xru114.nr1: WARNING: V(i1,c) voltage is greater than specified by vmax
OSDI(debug) n.xxtrim.xru114.nr1: WARNING: V(i2,c) voltage is greater than specified by vmax
OSDI(debug) n.xxtrim.xru113.nr1: WARNING: V(i1,c) voltage is greater than specified by vmax
OSDI(debug) n.xxtrim.xru113.nr1: WARNING: V(i2,c) voltage is greater than specified by vmax
OSDI(debug) n.xxtrim.xru112.nr1: WARNING: V(i1,c) voltage is greater than specified by vmax
OSDI(debug) n.xxtrim.xru112.nr1: WARNING: V(i2,c) voltage is greater than specified by vmax
OSDI(debug) n.xxtrim.xru111.nr1: WARNING: V(i1,c) voltage is greater than specified by vmax
OSDI(debug) n.xxtrim.xru111.nr1: WARNING: V(i2,c) voltage is greater than specified by vmax
OSDI(debug) n.xxtrim.xru110.nr1: WARNING: V(i1,c) voltage is greater than specified by vmax
OSDI(debug) n.xxtrim.xru110.nr1: WARNING: V(i2,c) voltage is greater than specified by vmax
OSDI(debug) n.xxtrim.xru109.nr1: WARNING: V(i1,c) voltage is greater than specified by vmax
OSDI(debug) n.xxtrim.xru109.nr1: WARNING: V(i2,c) voltage is greater than specified by vmax
OSDI(debug) n.xxtrim.xru108.nr1: WARNING: V(i1,c) voltage is greater than specified by vmax
OSDI(debug) n.xxtrim.xru108.nr1: WARNING: V(i2,c) voltage is greater than specified by vmax
OSDI(debug) n.xxtrim.xru107.nr1: WARNING: V(i1,c) voltage is greater than specified by vmax
OSDI(debug) n.xxtrim.xru107.nr1: WARNING: V(i2,c) voltage is greater than specified by vmax
OSDI(debug) n.xxtrim.xru106.nr1: WARNING: V(i1,c) voltage is greater than specified by vmax
OSDI(debug) n.xxtrim.xru106.nr1: WARNING: V(i2,c) voltage is greater than specified by vmax
OSDI(debug) n.xxtrim.xru105.nr1: WARNING: V(i1,c) voltage is greater than specified by vmax
OSDI(debug) n.xxtrim.xru105.nr1: WARNING: V(i2,c) voltage is greater than specified by vmax
OSDI(debug) n.xxtrim.xru104.nr1: WARNING: V(i1,c) voltage is greater than specified by vmax
OSDI(debug) n.xxtrim.xru104.nr1: WARNING: V(i2,c) voltage is greater than specified by vmax
OSDI(debug) n.xxtrim.xru103.nr1: WARNING: V(i1,c) voltage is greater than specified by vmax
OSDI(debug) n.xxtrim.xru103.nr1: WARNING: V(i2,c) voltage is greater than specified by vmax
OSDI(debug) n.xxtrim.xru102.nr1: WARNING: V(i1,c) voltage is greater than specified by vmax
OSDI(debug) n.xxtrim.xru102.nr1: WARNING: V(i2,c) voltage is greater than specified by vmax
OSDI(debug) n.xxtrim.xru101.nr1: WARNING: V(i1,c) voltage is greater than specified by vmax
OSDI(debug) n.xxtrim.xru101.nr1: WARNING: V(i2,c) voltage is greater than specified by vmax
OSDI(debug) n.xxtrim.xru100.nr1: WARNING: V(i1,c) voltage is greater than specified by vmax
OSDI(debug) n.xxtrim.xru100.nr1: WARNING: V(i2,c) voltage is greater than specified by vmax
OSDI(debug) n.xxtrim.xru99.nr1: WARNING: V(i1,c) voltage is greater than specified by vmax
OSDI(debug) n.xxtrim.xru99.nr1: WARNING: V(i2,c) voltage is greater than specified by vmax
OSDI(debug) n.xxtrim.xru98.nr1: WARNING: V(i1,c) voltage is greater than specified by vmax
OSDI(debug) n.xxtrim.xru98.nr1: WARNING: V(i2,c) voltage is greater than specified by vmax
OSDI(debug) n.xxtrim.xru97.nr1: WARNING: V(i1,c) voltage is greater than specified by vmax
OSDI(debug) n.xxtrim.xru97.nr1: WARNING: V(i2,c) voltage is greater than specified by vmax
OSDI(debug) n.xxtrim.xru96.nr1: WARNING: V(i1,c) voltage is greater than specified by vmax
OSDI(debug) n.xxtrim.xru96.nr1: WARNING: V(i2,c) voltage is greater than specified by vmax
OSDI(debug) n.xxtrim.xru95.nr1: WARNING: V(i1,c) voltage is greater than specified by vmax
OSDI(debug) n.xxtrim.xru95.nr1: WARNING: V(i2,c) voltage is greater than specified by vmax
OSDI(debug) n.xxtrim.xru94.nr1: WARNING: V(i1,c) voltage is greater than specified by vmax
OSDI(debug) n.xxtrim.xru94.nr1: WARNING: V(i2,c) voltage is greater than specified by vmax
OSDI(debug) n.xxtrim.xru93.nr1: WARNING: V(i1,c) voltage is greater than specified by vmax
OSDI(debug) n.xxtrim.xru93.nr1: WARNING: V(i2,c) voltage is greater than specified by vmax
OSDI(debug) n.xxtrim.xru92.nr1: WARNING: V(i1,c) voltage is greater than specified by vmax
OSDI(debug) n.xxtrim.xru92.nr1: WARNING: V(i2,c) voltage is greater than specified by vmax
OSDI(debug) n.xxtrim.xru91.nr1: WARNING: V(i1,c) voltage is greater than specified by vmax
OSDI(debug) n.xxtrim.xru91.nr1: WARNING: V(i2,c) voltage is greater than specified by vmax
OSDI(debug) n.xxtrim.xru90.nr1: WARNING: V(i1,c) voltage is greater than specified by vmax
OSDI(debug) n.xxtrim.xru90.nr1: WARNING: V(i2,c) voltage is greater than specified by vmax
OSDI(debug) n.xxtrim.xru89.nr1: WARNING: V(i1,c) voltage is greater than specified by vmax
OSDI(debug) n.xxtrim.xru89.nr1: WARNING: V(i2,c) voltage is greater than specified by vmax
OSDI(debug) n.xxtrim.xru88.nr1: WARNING: V(i1,c) voltage is greater than specified by vmax
OSDI(debug) n.xxtrim.xru88.nr1: WARNING: V(i2,c) voltage is greater than specified by vmax
OSDI(debug) n.xxtrim.xru87.nr1: WARNING: V(i1,c) voltage is greater than specified by vmax
OSDI(debug) n.xxtrim.xru87.nr1: WARNING: V(i2,c) voltage is greater than specified by vmax
OSDI(debug) n.xxtrim.xru86.nr1: WARNING: V(i1,c) voltage is greater than specified by vmax
OSDI(debug) n.xxtrim.xru86.nr1: WARNING: V(i2,c) voltage is greater than specified by vmax
OSDI(debug) n.xxtrim.xru85.nr1: WARNING: V(i1,c) voltage is greater than specified by vmax
OSDI(debug) n.xxtrim.xru85.nr1: WARNING: V(i2,c) voltage is greater than specified by vmax
OSDI(debug) n.xxtrim.xru84.nr1: WARNING: V(i1,c) voltage is greater than specified by vmax
OSDI(debug) n.xxtrim.xru84.nr1: WARNING: V(i2,c) voltage is greater than specified by vmax
OSDI(debug) n.xxtrim.xru83.nr1: WARNING: V(i1,c) voltage is greater than specified by vmax
OSDI(debug) n.xxtrim.xru83.nr1: WARNING: V(i2,c) voltage is greater than specified by vmax
OSDI(debug) n.xxtrim.xru82.nr1: WARNING: V(i1,c) voltage is greater than specified by vmax
OSDI(debug) n.xxtrim.xru82.nr1: WARNING: V(i2,c) voltage is greater than specified by vmax
OSDI(debug) n.xxtrim.xru81.nr1: WARNING: V(i1,c) voltage is greater than specified by vmax
OSDI(debug) n.xxtrim.xru81.nr1: WARNING: V(i2,c) voltage is greater than specified by vmax
OSDI(debug) n.xxtrim.xru80.nr1: WARNING: V(i1,c) voltage is greater than specified by vmax
OSDI(debug) n.xxtrim.xru80.nr1: WARNING: V(i2,c) voltage is greater than specified by vmax
OSDI(debug) n.xxtrim.xru79.nr1: WARNING: V(i1,c) voltage is greater than specified by vmax
OSDI(debug) n.xxtrim.xru79.nr1: WARNING: V(i2,c) voltage is greater than specified by vmax
OSDI(debug) n.xxtrim.xru78.nr1: WARNING: V(i1,c) voltage is greater than specified by vmax
OSDI(debug) n.xxtrim.xru78.nr1: WARNING: V(i2,c) voltage is greater than specified by vmax
OSDI(debug) n.xxtrim.xru77.nr1: WARNING: V(i1,c) voltage is greater than specified by vmax
OSDI(debug) n.xxtrim.xru77.nr1: WARNING: V(i2,c) voltage is greater than specified by vmax
OSDI(debug) n.xxtrim.xru76.nr1: WARNING: V(i1,c) voltage is greater than specified by vmax
OSDI(debug) n.xxtrim.xru76.nr1: WARNING: V(i2,c) voltage is greater than specified by vmax
OSDI(debug) n.xxtrim.xru75.nr1: WARNING: V(i1,c) voltage is greater than specified by vmax
OSDI(debug) n.xxtrim.xru75.nr1: WARNING: V(i2,c) voltage is greater than specified by vmax
OSDI(debug) n.xxtrim.xru74.nr1: WARNING: V(i1,c) voltage is greater than specified by vmax
OSDI(debug) n.xxtrim.xru74.nr1: WARNING: V(i2,c) voltage is greater than specified by vmax
OSDI(debug) n.xxtrim.xru73.nr1: WARNING: V(i1,c) voltage is greater than specified by vmax
OSDI(debug) n.xxtrim.xru73.nr1: WARNING: V(i2,c) voltage is greater than specified by vmax
OSDI(debug) n.xxtrim.xru72.nr1: WARNING: V(i1,c) voltage is greater than specified by vmax
OSDI(debug) n.xxtrim.xru72.nr1: WARNING: V(i2,c) voltage is greater than specified by vmax
OSDI(debug) n.xxtrim.xru71.nr1: WARNING: V(i1,c) voltage is greater than specified by vmax
OSDI(debug) n.xxtrim.xru71.nr1: WARNING: V(i2,c) voltage is greater than specified by vmax
OSDI(debug) n.xxtrim.xru70.nr1: WARNING: V(i1,c) voltage is greater than specified by vmax
OSDI(debug) n.xxtrim.xru70.nr1: WARNING: V(i2,c) voltage is greater than specified by vmax
OSDI(debug) n.xxtrim.xru69.nr1: WARNING: V(i1,c) voltage is greater than specified by vmax
OSDI(debug) n.xxtrim.xru69.nr1: WARNING: V(i2,c) voltage is greater than specified by vmax
OSDI(debug) n.xxtrim.xru68.nr1: WARNING: V(i1,c) voltage is greater than specified by vmax
OSDI(debug) n.xxtrim.xru68.nr1: WARNING: V(i2,c) voltage is greater than specified by vmax
OSDI(debug) n.xxtrim.xru67.nr1: WARNING: V(i1,c) voltage is greater than specified by vmax
OSDI(debug) n.xxtrim.xru67.nr1: WARNING: V(i2,c) voltage is greater than specified by vmax
OSDI(debug) n.xxtrim.xru66.nr1: WARNING: V(i1,c) voltage is greater than specified by vmax
OSDI(debug) n.xxtrim.xru66.nr1: WARNING: V(i2,c) voltage is greater than specified by vmax
OSDI(debug) n.xxtrim.xru65.nr1: WARNING: V(i1,c) voltage is greater than specified by vmax
OSDI(debug) n.xxtrim.xru65.nr1: WARNING: V(i2,c) voltage is greater than specified by vmax
OSDI(debug) n.xxtrim.xru64.nr1: WARNING: V(i1,c) voltage is greater than specified by vmax
OSDI(debug) n.xxtrim.xru64.nr1: WARNING: V(i2,c) voltage is greater than specified by vmax
OSDI(debug) n.xxtrim.xru63.nr1: WARNING: V(i1,c) voltage is greater than specified by vmax
OSDI(debug) n.xxtrim.xru63.nr1: WARNING: V(i2,c) voltage is greater than specified by vmax
OSDI(debug) n.xxtrim.xru62.nr1: WARNING: V(i1,c) voltage is greater than specified by vmax
OSDI(debug) n.xxtrim.xru62.nr1: WARNING: V(i2,c) voltage is greater than specified by vmax
OSDI(debug) n.xxtrim.xru61.nr1: WARNING: V(i1,c) voltage is greater than specified by vmax
OSDI(debug) n.xxtrim.xru61.nr1: WARNING: V(i2,c) voltage is greater than specified by vmax
OSDI(debug) n.xxtrim.xru60.nr1: WARNING: V(i1,c) voltage is greater than specified by vmax
OSDI(debug) n.xxtrim.xru60.nr1: WARNING: V(i2,c) voltage is greater than specified by vmax
OSDI(debug) n.xxtrim.xru59.nr1: WARNING: V(i1,c) voltage is greater than specified by vmax
OSDI(debug) n.xxtrim.xru59.nr1: WARNING: V(i2,c) voltage is greater than specified by vmax
OSDI(debug) n.xxtrim.xru58.nr1: WARNING: V(i1,c) voltage is greater than specified by vmax
OSDI(debug) n.xxtrim.xru58.nr1: WARNING: V(i2,c) voltage is greater than specified by vmax
OSDI(debug) n.xxtrim.xru57.nr1: WARNING: V(i1,c) voltage is greater than specified by vmax
OSDI(debug) n.xxtrim.xru57.nr1: WARNING: V(i2,c) voltage is greater than specified by vmax
OSDI(debug) n.xxtrim.xru56.nr1: WARNING: V(i1,c) voltage is greater than specified by vmax
OSDI(debug) n.xxtrim.xru56.nr1: WARNING: V(i2,c) voltage is greater than specified by vmax
OSDI(debug) n.xxtrim.xru55.nr1: WARNING: V(i1,c) voltage is greater than specified by vmax
OSDI(debug) n.xxtrim.xru55.nr1: WARNING: V(i2,c) voltage is greater than specified by vmax
OSDI(debug) n.xxtrim.xru54.nr1: WARNING: V(i1,c) voltage is greater than specified by vmax
OSDI(debug) n.xxtrim.xru54.nr1: WARNING: V(i2,c) voltage is greater than specified by vmax
OSDI(debug) n.xxtrim.xru53.nr1: WARNING: V(i1,c) voltage is greater than specified by vmax
OSDI(debug) n.xxtrim.xru53.nr1: WARNING: V(i2,c) voltage is greater than specified by vmax
OSDI(debug) n.xxtrim.xru52.nr1: WARNING: V(i1,c) voltage is greater than specified by vmax
OSDI(debug) n.xxtrim.xru52.nr1: WARNING: V(i2,c) voltage is greater than specified by vmax
OSDI(debug) n.xxtrim.xru51.nr1: WARNING: V(i1,c) voltage is greater than specified by vmax
OSDI(debug) n.xxtrim.xru51.nr1: WARNING: V(i2,c) voltage is greater than specified by vmax
OSDI(debug) n.xxtrim.xru50.nr1: WARNING: V(i1,c) voltage is greater than specified by vmax
OSDI(debug) n.xxtrim.xru50.nr1: WARNING: V(i2,c) voltage is greater than specified by vmax
OSDI(debug) n.xxtrim.xru49.nr1: WARNING: V(i1,c) voltage is greater than specified by vmax
OSDI(debug) n.xxtrim.xru49.nr1: WARNING: V(i2,c) voltage is greater than specified by vmax
OSDI(debug) n.xxtrim.xru48.nr1: WARNING: V(i1,c) voltage is greater than specified by vmax
OSDI(debug) n.xxtrim.xru48.nr1: WARNING: V(i2,c) voltage is greater than specified by vmax
OSDI(debug) n.xxtrim.xru47.nr1: WARNING: V(i1,c) voltage is greater than specified by vmax
OSDI(debug) n.xxtrim.xru47.nr1: WARNING: V(i2,c) voltage is greater than specified by vmax
OSDI(debug) n.xxtrim.xru46.nr1: WARNING: V(i1,c) voltage is greater than specified by vmax
OSDI(debug) n.xxtrim.xru46.nr1: WARNING: V(i2,c) voltage is greater than specified by vmax
OSDI(debug) n.xxtrim.xru45.nr1: WARNING: V(i1,c) voltage is greater than specified by vmax
OSDI(debug) n.xxtrim.xru45.nr1: WARNING: V(i2,c) voltage is greater than specified by vmax
OSDI(debug) n.xxtrim.xru44.nr1: WARNING: V(i1,c) voltage is greater than specified by vmax
OSDI(debug) n.xxtrim.xru44.nr1: WARNING: V(i2,c) voltage is greater than specified by vmax
OSDI(debug) n.xxtrim.xru43.nr1: WARNING: V(i1,c) voltage is greater than specified by vmax
OSDI(debug) n.xxtrim.xru43.nr1: WARNING: V(i2,c) voltage is greater than specified by vmax
OSDI(debug) n.xxtrim.xru42.nr1: WARNING: V(i1,c) voltage is greater than specified by vmax
OSDI(debug) n.xxtrim.xru42.nr1: WARNING: V(i2,c) voltage is greater than specified by vmax
OSDI(debug) n.xxtrim.xru41.nr1: WARNING: V(i1,c) voltage is greater than specified by vmax
OSDI(debug) n.xxtrim.xru41.nr1: WARNING: V(i2,c) voltage is greater than specified by vmax
OSDI(debug) n.xxtrim.xru40.nr1: WARNING: V(i1,c) voltage is greater than specified by vmax
OSDI(debug) n.xxtrim.xru40.nr1: WARNING: V(i2,c) voltage is greater than specified by vmax
OSDI(debug) n.xxtrim.xru39.nr1: WARNING: V(i1,c) voltage is greater than specified by vmax
OSDI(debug) n.xxtrim.xru39.nr1: WARNING: V(i2,c) voltage is greater than specified by vmax
OSDI(debug) n.xxtrim.xru38.nr1: WARNING: V(i1,c) voltage is greater than specified by vmax
OSDI(debug) n.xxtrim.xru38.nr1: WARNING: V(i2,c) voltage is greater than specified by vmax
OSDI(debug) n.xxtrim.xru37.nr1: WARNING: V(i1,c) voltage is greater than specified by vmax
OSDI(debug) n.xxtrim.xru37.nr1: WARNING: V(i2,c) voltage is greater than specified by vmax
OSDI(debug) n.xxtrim.xru36.nr1: WARNING: V(i1,c) voltage is greater than specified by vmax
OSDI(debug) n.xxtrim.xru36.nr1: WARNING: V(i2,c) voltage is greater than specified by vmax
OSDI(debug) n.xxtrim.xru35.nr1: WARNING: V(i1,c) voltage is greater than specified by vmax
OSDI(debug) n.xxtrim.xru35.nr1: WARNING: V(i2,c) voltage is greater than specified by vmax
OSDI(debug) n.xxtrim.xru34.nr1: WARNING: V(i1,c) voltage is greater than specified by vmax
OSDI(debug) n.xxtrim.xru34.nr1: WARNING: V(i2,c) voltage is greater than specified by vmax
OSDI(debug) n.xxtrim.xru33.nr1: WARNING: V(i1,c) voltage is greater than specified by vmax
OSDI(debug) n.xxtrim.xru33.nr1: WARNING: V(i2,c) voltage is greater than specified by vmax
OSDI(debug) n.xxtrim.xru32.nr1: WARNING: V(i1,c) voltage is greater than specified by vmax
OSDI(debug) n.xxtrim.xru32.nr1: WARNING: V(i2,c) voltage is greater than specified by vmax
OSDI(debug) n.xxtrim.xru31.nr1: WARNING: V(i1,c) voltage is greater than specified by vmax
OSDI(debug) n.xxtrim.xru31.nr1: WARNING: V(i2,c) voltage is greater than specified by vmax
OSDI(debug) n.xxtrim.xru30.nr1: WARNING: V(i1,c) voltage is greater than specified by vmax
OSDI(debug) n.xxtrim.xru30.nr1: WARNING: V(i2,c) voltage is greater than specified by vmax
OSDI(debug) n.xxtrim.xru29.nr1: WARNING: V(i1,c) voltage is greater than specified by vmax
OSDI(debug) n.xxtrim.xru29.nr1: WARNING: V(i2,c) voltage is greater than specified by vmax
OSDI(debug) n.xxtrim.xru28.nr1: WARNING: V(i1,c) voltage is greater than specified by vmax
OSDI(debug) n.xxtrim.xru28.nr1: WARNING: V(i2,c) voltage is greater than specified by vmax
OSDI(debug) n.xxtrim.xru27.nr1: WARNING: V(i1,c) voltage is greater than specified by vmax
OSDI(debug) n.xxtrim.xru27.nr1: WARNING: V(i2,c) voltage is greater than specified by vmax
OSDI(debug) n.xxtrim.xru26.nr1: WARNING: V(i1,c) voltage is greater than specified by vmax
OSDI(debug) n.xxtrim.xru26.nr1: WARNING: V(i2,c) voltage is greater than specified by vmax
OSDI(debug) n.xxtrim.xru25.nr1: WARNING: V(i1,c) voltage is greater than specified by vmax
OSDI(debug) n.xxtrim.xru25.nr1: WARNING: V(i2,c) voltage is greater than specified by vmax
OSDI(debug) n.xxtrim.xru24.nr1: WARNING: V(i1,c) voltage is greater than specified by vmax
OSDI(debug) n.xxtrim.xru24.nr1: WARNING: V(i2,c) voltage is greater than specified by vmax
OSDI(debug) n.xxtrim.xru23.nr1: WARNING: V(i1,c) voltage is greater than specified by vmax
OSDI(debug) n.xxtrim.xru23.nr1: WARNING: V(i2,c) voltage is greater than specified by vmax
OSDI(debug) n.xxtrim.xru22.nr1: WARNING: V(i1,c) voltage is greater than specified by vmax
OSDI(debug) n.xxtrim.xru22.nr1: WARNING: V(i2,c) voltage is greater than specified by vmax
OSDI(debug) n.xxtrim.xru21.nr1: WARNING: V(i1,c) voltage is greater than specified by vmax
OSDI(debug) n.xxtrim.xru21.nr1: WARNING: V(i2,c) voltage is greater than specified by vmax
OSDI(debug) n.xxtrim.xru20.nr1: WARNING: V(i1,c) voltage is greater than specified by vmax
OSDI(debug) n.xxtrim.xru20.nr1: WARNING: V(i2,c) voltage is greater than specified by vmax
OSDI(debug) n.xxtrim.xru19.nr1: WARNING: V(i1,c) voltage is greater than specified by vmax
OSDI(debug) n.xxtrim.xru19.nr1: WARNING: V(i2,c) voltage is greater than specified by vmax
OSDI(debug) n.xxtrim.xru18.nr1: WARNING: V(i1,c) voltage is greater than specified by vmax
OSDI(debug) n.xxtrim.xru18.nr1: WARNING: V(i2,c) voltage is greater than specified by vmax
OSDI(debug) n.xxtrim.xru17.nr1: WARNING: V(i1,c) voltage is greater than specified by vmax
OSDI(debug) n.xxtrim.xru17.nr1: WARNING: V(i2,c) voltage is greater than specified by vmax
OSDI(debug) n.xxtrim.xru16.nr1: WARNING: V(i1,c) voltage is greater than specified by vmax
OSDI(debug) n.xxtrim.xru16.nr1: WARNING: V(i2,c) voltage is greater than specified by vmax
OSDI(debug) n.xxtrim.xru15.nr1: WARNING: V(i1,c) voltage is greater than specified by vmax
OSDI(debug) n.xxtrim.xru15.nr1: WARNING: V(i2,c) voltage is greater than specified by vmax
OSDI(debug) n.xxtrim.xru14.nr1: WARNING: V(i1,c) voltage is greater than specified by vmax
OSDI(debug) n.xxtrim.xru14.nr1: WARNING: V(i2,c) voltage is greater than specified by vmax
OSDI(debug) n.xxtrim.xru13.nr1: WARNING: V(i1,c) voltage is greater than specified by vmax
OSDI(debug) n.xxtrim.xru13.nr1: WARNING: V(i2,c) voltage is greater than specified by vmax
OSDI(debug) n.xxtrim.xru12.nr1: WARNING: V(i1,c) voltage is greater than specified by vmax
OSDI(debug) n.xxtrim.xru12.nr1: WARNING: V(i2,c) voltage is greater than specified by vmax
OSDI(debug) n.xxtrim.xru11.nr1: WARNING: V(i1,c) voltage is greater than specified by vmax
OSDI(debug) n.xxtrim.xru11.nr1: WARNING: V(i2,c) voltage is greater than specified by vmax
OSDI(debug) n.xxtrim.xru10.nr1: WARNING: V(i1,c) voltage is greater than specified by vmax
OSDI(debug) n.xxtrim.xru10.nr1: WARNING: V(i2,c) voltage is greater than specified by vmax
OSDI(debug) n.xxtrim.xru9.nr1: WARNING: V(i1,c) voltage is greater than specified by vmax
OSDI(debug) n.xxtrim.xru9.nr1: WARNING: V(i2,c) voltage is greater than specified by vmax
OSDI(debug) n.xxtrim.xru8.nr1: WARNING: V(i1,c) voltage is greater than specified by vmax
OSDI(debug) n.xxtrim.xru8.nr1: WARNING: V(i2,c) voltage is greater than specified by vmax
OSDI(debug) n.xxtrim.xru7.nr1: WARNING: V(i1,c) voltage is greater than specified by vmax
OSDI(debug) n.xxtrim.xru7.nr1: WARNING: V(i2,c) voltage is greater than specified by vmax
OSDI(debug) n.xxtrim.xru6.nr1: WARNING: V(i1,c) voltage is greater than specified by vmax
OSDI(debug) n.xxtrim.xru6.nr1: WARNING: V(i2,c) voltage is greater than specified by vmax
OSDI(debug) n.xxtrim.xru5.nr1: WARNING: V(i1,c) voltage is greater than specified by vmax
OSDI(debug) n.xxtrim.xru5.nr1: WARNING: V(i2,c) voltage is greater than specified by vmax
OSDI(debug) n.xxtrim.xru4.nr1: WARNING: V(i1,c) voltage is greater than specified by vmax
OSDI(debug) n.xxtrim.xru4.nr1: WARNING: V(i2,c) voltage is greater than specified by vmax
OSDI(debug) n.xxtrim.xru3.nr1: WARNING: V(i1,c) voltage is greater than specified by vmax
OSDI(debug) n.xxtrim.xru3.nr1: WARNING: V(i2,c) voltage is greater than specified by vmax
OSDI(debug) n.xxtrim.xru2.nr1: WARNING: V(i1,c) voltage is greater than specified by vmax
OSDI(debug) n.xxtrim.xru2.nr1: WARNING: V(i2,c) voltage is greater than specified by vmax
OSDI(debug) n.xxtrim.xru1.nr1: WARNING: V(i1,c) voltage is greater than specified by vmax
OSDI(debug) n.xxtrim.xru1.nr1: WARNING: V(i2,c) voltage is greater than specified by vmax
OSDI(debug) n.xr1.nr1: WARNING: V(i1,c) voltage is greater than specified by vmax
OSDI(debug) n.xr1.nr1: WARNING: V(i2,c) voltage is greater than specified by vmax
OSDI(debug) n.xr2.nr1: WARNING: V(i1,c) voltage is greater than specified by vmax
OSDI(debug) n.xr2.nr1: WARNING: V(i2,c) voltage is greater than specified by vmax
OSDI(debug) n.xxtrim.xru255.nr1: WARNING: V(i1,c) voltage is greater than specified by vmax
OSDI(debug) n.xxtrim.xru255.nr1: WARNING: V(i2,c) voltage is greater than specified by vmax
OSDI(debug) n.xxtrim.xru254.nr1: WARNING: V(i1,c) voltage is greater than specified by vmax
OSDI(debug) n.xxtrim.xru254.nr1: WARNING: V(i2,c) voltage is greater than specified by vmax
OSDI(debug) n.xxtrim.xru253.nr1: WARNING: V(i1,c) voltage is greater than specified by vmax
OSDI(debug) n.xxtrim.xru253.nr1: WARNING: V(i2,c) voltage is greater than specified by vmax
OSDI(debug) n.xxtrim.xru252.nr1: WARNING: V(i1,c) voltage is greater than specified by vmax
OSDI(debug) n.xxtrim.xru252.nr1: WARNING: V(i2,c) voltage is greater than specified by vmax
OSDI(debug) n.xxtrim.xru251.nr1: WARNING: V(i1,c) voltage is greater than specified by vmax
OSDI(debug) n.xxtrim.xru251.nr1: WARNING: V(i2,c) voltage is greater than specified by vmax
OSDI(debug) n.xxtrim.xru250.nr1: WARNING: V(i1,c) voltage is greater than specified by vmax
OSDI(debug) n.xxtrim.xru250.nr1: WARNING: V(i2,c) voltage is greater than specified by vmax
OSDI(debug) n.xxtrim.xru249.nr1: WARNING: V(i1,c) voltage is greater than specified by vmax
OSDI(debug) n.xxtrim.xru249.nr1: WARNING: V(i2,c) voltage is greater than specified by vmax
OSDI(debug) n.xxtrim.xru248.nr1: WARNING: V(i1,c) voltage is greater than specified by vmax
OSDI(debug) n.xxtrim.xru248.nr1: WARNING: V(i2,c) voltage is greater than specified by vmax
OSDI(debug) n.xxtrim.xru247.nr1: WARNING: V(i1,c) voltage is greater than specified by vmax
OSDI(debug) n.xxtrim.xru247.nr1: WARNING: V(i2,c) voltage is greater than specified by vmax
OSDI(debug) n.xxtrim.xru246.nr1: WARNING: V(i1,c) voltage is greater than specified by vmax
OSDI(debug) n.xxtrim.xru246.nr1: WARNING: V(i2,c) voltage is greater than specified by vmax
OSDI(debug) n.xxtrim.xru245.nr1: WARNING: V(i1,c) voltage is greater than specified by vmax
OSDI(debug) n.xxtrim.xru245.nr1: WARNING: V(i2,c) voltage is greater than specified by vmax
OSDI(debug) n.xxtrim.xru244.nr1: WARNING: V(i1,c) voltage is greater than specified by vmax
OSDI(debug) n.xxtrim.xru244.nr1: WARNING: V(i2,c) voltage is greater than specified by vmax
OSDI(debug) n.xxtrim.xru243.nr1: WARNING: V(i1,c) voltage is greater than specified by vmax
OSDI(debug) n.xxtrim.xru243.nr1: WARNING: V(i2,c) voltage is greater than specified by vmax
OSDI(debug) n.xxtrim.xru242.nr1: WARNING: V(i1,c) voltage is greater than specified by vmax
OSDI(debug) n.xxtrim.xru242.nr1: WARNING: V(i2,c) voltage is greater than specified by vmax
OSDI(debug) n.xxtrim.xru241.nr1: WARNING: V(i1,c) voltage is greater than specified by vmax
OSDI(debug) n.xxtrim.xru241.nr1: WARNING: V(i2,c) voltage is greater than specified by vmax
OSDI(debug) n.xxtrim.xru240.nr1: WARNING: V(i1,c) voltage is greater than specified by vmax
OSDI(debug) n.xxtrim.xru240.nr1: WARNING: V(i2,c) voltage is greater than specified by vmax
OSDI(debug) n.xxtrim.xru239.nr1: WARNING: V(i1,c) voltage is greater than specified by vmax
OSDI(debug) n.xxtrim.xru239.nr1: WARNING: V(i2,c) voltage is greater than specified by vmax
OSDI(debug) n.xxtrim.xru238.nr1: WARNING: V(i1,c) voltage is greater than specified by vmax
OSDI(debug) n.xxtrim.xru238.nr1: WARNING: V(i2,c) voltage is greater than specified by vmax
OSDI(debug) n.xxtrim.xru237.nr1: WARNING: V(i1,c) voltage is greater than specified by vmax
OSDI(debug) n.xxtrim.xru237.nr1: WARNING: V(i2,c) voltage is greater than specified by vmax
OSDI(debug) n.xxtrim.xru236.nr1: WARNING: V(i1,c) voltage is greater than specified by vmax
OSDI(debug) n.xxtrim.xru236.nr1: WARNING: V(i2,c) voltage is greater than specified by vmax
OSDI(debug) n.xxtrim.xru235.nr1: WARNING: V(i1,c) voltage is greater than specified by vmax
OSDI(debug) n.xxtrim.xru235.nr1: WARNING: V(i2,c) voltage is greater than specified by vmax
OSDI(debug) n.xxtrim.xru234.nr1: WARNING: V(i1,c) voltage is greater than specified by vmax
OSDI(debug) n.xxtrim.xru234.nr1: WARNING: V(i2,c) voltage is greater than specified by vmax
OSDI(debug) n.xxtrim.xru233.nr1: WARNING: V(i1,c) voltage is greater than specified by vmax
OSDI(debug) n.xxtrim.xru233.nr1: WARNING: V(i2,c) voltage is greater than specified by vmax
OSDI(debug) n.xxtrim.xru232.nr1: WARNING: V(i1,c) voltage is greater than specified by vmax
OSDI(debug) n.xxtrim.xru232.nr1: WARNING: V(i2,c) voltage is greater than specified by vmax
OSDI(debug) n.xxtrim.xru231.nr1: WARNING: V(i1,c) voltage is greater than specified by vmax
OSDI(debug) n.xxtrim.xru231.nr1: WARNING: V(i2,c) voltage is greater than specified by vmax
OSDI(debug) n.xxtrim.xru230.nr1: WARNING: V(i1,c) voltage is greater than specified by vmax
OSDI(debug) n.xxtrim.xru230.nr1: WARNING: V(i2,c) voltage is greater than specified by vmax
OSDI(debug) n.xxtrim.xru229.nr1: WARNING: V(i1,c) voltage is greater than specified by vmax
OSDI(debug) n.xxtrim.xru229.nr1: WARNING: V(i2,c) voltage is greater than specified by vmax
OSDI(debug) n.xxtrim.xru228.nr1: WARNING: V(i1,c) voltage is greater than specified by vmax
OSDI(debug) n.xxtrim.xru228.nr1: WARNING: V(i2,c) voltage is greater than specified by vmax
OSDI(debug) n.xxtrim.xru227.nr1: WARNING: V(i1,c) voltage is greater than specified by vmax
OSDI(debug) n.xxtrim.xru227.nr1: WARNING: V(i2,c) voltage is greater than specified by vmax
OSDI(debug) n.xxtrim.xru226.nr1: WARNING: V(i1,c) voltage is greater than specified by vmax
OSDI(debug) n.xxtrim.xru226.nr1: WARNING: V(i2,c) voltage is greater than specified by vmax
OSDI(debug) n.xxtrim.xru225.nr1: WARNING: V(i1,c) voltage is greater than specified by vmax
OSDI(debug) n.xxtrim.xru225.nr1: WARNING: V(i2,c) voltage is greater than specified by vmax
OSDI(debug) n.xxtrim.xru224.nr1: WARNING: V(i1,c) voltage is greater than specified by vmax
OSDI(debug) n.xxtrim.xru224.nr1: WARNING: V(i2,c) voltage is greater than specified by vmax
OSDI(debug) n.xxtrim.xru223.nr1: WARNING: V(i1,c) voltage is greater than specified by vmax
OSDI(debug) n.xxtrim.xru223.nr1: WARNING: V(i2,c) voltage is greater than specified by vmax
OSDI(debug) n.xxtrim.xru222.nr1: WARNING: V(i1,c) voltage is greater than specified by vmax
OSDI(debug) n.xxtrim.xru222.nr1: WARNING: V(i2,c) voltage is greater than specified by vmax
OSDI(debug) n.xxtrim.xru221.nr1: WARNING: V(i1,c) voltage is greater than specified by vmax
OSDI(debug) n.xxtrim.xru221.nr1: WARNING: V(i2,c) voltage is greater than specified by vmax
OSDI(debug) n.xxtrim.xru220.nr1: WARNING: V(i1,c) voltage is greater than specified by vmax
OSDI(debug) n.xxtrim.xru220.nr1: WARNING: V(i2,c) voltage is greater than specified by vmax
OSDI(debug) n.xxtrim.xru219.nr1: WARNING: V(i1,c) voltage is greater than specified by vmax
OSDI(debug) n.xxtrim.xru219.nr1: WARNING: V(i2,c) voltage is greater than specified by vmax
OSDI(debug) n.xxtrim.xru218.nr1: WARNING: V(i1,c) voltage is greater than specified by vmax
OSDI(debug) n.xxtrim.xru218.nr1: WARNING: V(i2,c) voltage is greater than specified by vmax
OSDI(debug) n.xxtrim.xru217.nr1: WARNING: V(i1,c) voltage is greater than specified by vmax
OSDI(debug) n.xxtrim.xru217.nr1: WARNING: V(i2,c) voltage is greater than specified by vmax
OSDI(debug) n.xxtrim.xru216.nr1: WARNING: V(i1,c) voltage is greater than specified by vmax
OSDI(debug) n.xxtrim.xru216.nr1: WARNING: V(i2,c) voltage is greater than specified by vmax
OSDI(debug) n.xxtrim.xru215.nr1: WARNING: V(i1,c) voltage is greater than specified by vmax
OSDI(debug) n.xxtrim.xru215.nr1: WARNING: V(i2,c) voltage is greater than specified by vmax
OSDI(debug) n.xxtrim.xru214.nr1: WARNING: V(i1,c) voltage is greater than specified by vmax
OSDI(debug) n.xxtrim.xru214.nr1: WARNING: V(i2,c) voltage is greater than specified by vmax
OSDI(debug) n.xxtrim.xru213.nr1: WARNING: V(i1,c) voltage is greater than specified by vmax
OSDI(debug) n.xxtrim.xru213.nr1: WARNING: V(i2,c) voltage is greater than specified by vmax
OSDI(debug) n.xxtrim.xru212.nr1: WARNING: V(i1,c) voltage is greater than specified by vmax
OSDI(debug) n.xxtrim.xru212.nr1: WARNING: V(i2,c) voltage is greater than specified by vmax
OSDI(debug) n.xxtrim.xru211.nr1: WARNING: V(i1,c) voltage is greater than specified by vmax
OSDI(debug) n.xxtrim.xru211.nr1: WARNING: V(i2,c) voltage is greater than specified by vmax
OSDI(debug) n.xxtrim.xru210.nr1: WARNING: V(i1,c) voltage is greater than specified by vmax
OSDI(debug) n.xxtrim.xru210.nr1: WARNING: V(i2,c) voltage is greater than specified by vmax
OSDI(debug) n.xxtrim.xru209.nr1: WARNING: V(i1,c) voltage is greater than specified by vmax
OSDI(debug) n.xxtrim.xru209.nr1: WARNING: V(i2,c) voltage is greater than specified by vmax
OSDI(debug) n.xxtrim.xru208.nr1: WARNING: V(i1,c) voltage is greater than specified by vmax
OSDI(debug) n.xxtrim.xru208.nr1: WARNING: V(i2,c) voltage is greater than specified by vmax
OSDI(debug) n.xxtrim.xru207.nr1: WARNING: V(i1,c) voltage is greater than specified by vmax
OSDI(debug) n.xxtrim.xru207.nr1: WARNING: V(i2,c) voltage is greater than specified by vmax
OSDI(debug) n.xxtrim.xru206.nr1: WARNING: V(i1,c) voltage is greater than specified by vmax
OSDI(debug) n.xxtrim.xru206.nr1: WARNING: V(i2,c) voltage is greater than specified by vmax
OSDI(debug) n.xxtrim.xru205.nr1: WARNING: V(i1,c) voltage is greater than specified by vmax
OSDI(debug) n.xxtrim.xru205.nr1: WARNING: V(i2,c) voltage is greater than specified by vmax
OSDI(debug) n.xxtrim.xru204.nr1: WARNING: V(i1,c) voltage is greater than specified by vmax
OSDI(debug) n.xxtrim.xru204.nr1: WARNING: V(i2,c) voltage is greater than specified by vmax
OSDI(debug) n.xxtNote: Dynamic gmin stepping completed
rim.xru203.nr1: WARNING: V(i1,c) voltage is greater than specified by vmax
OSDI(debug) n.xxtrim.xru203.nr1: WARNING: V(i2,c) voltage is greater than specified by vmax
OSDI(debug) n.xxtrim.xru202.nr1: WARNING: V(i1,c) voltage is greater than specified by vmax
OSDI(debug) n.xxtrim.xru202.nr1: WARNING: V(i2,c) voltage is greater than specified by vmax
OSDI(debug) n.xxtrim.xru201.nr1: WARNING: V(i1,c) voltage is greater than specified by vmax
OSDI(debug) n.xxtrim.xru201.nr1: WARNING: V(i2,c) voltage is greater than specified by vmax
OSDI(debug) n.xxtrim.xru200.nr1: WARNING: V(i1,c) voltage is greater than specified by vmax
OSDI(debug) n.xxtrim.xru200.nr1: WARNING: V(i2,c) voltage is greater than specified by vmax
OSDI(debug) n.xxtrim.xru199.nr1: WARNING: V(i1,c) voltage is greater than specified by vmax
OSDI(debug) n.xxtrim.xru199.nr1: WARNING: V(i2,c) voltage is greater than specified by vmax
OSDI(debug) n.xxtrim.xru198.nr1: WARNING: V(i1,c) voltage is greater than specified by vmax
OSDI(debug) n.xxtrim.xru198.nr1: WARNING: V(i2,c) voltage is greater than specified by vmax
OSDI(debug) n.xxtrim.xru197.nr1: WARNING: V(i1,c) voltage is greater than specified by vmax
OSDI(debug) n.xxtrim.xru197.nr1: WARNING: V(i2,c) voltage is greater than specified by vmax
OSDI(debug) n.xxtrim.xru196.nr1: WARNING: V(i1,c) voltage is greater than specified by vmax
OSDI(debug) n.xxtrim.xru196.nr1: WARNING: V(i2,c) voltage is greater than specified by vmax
OSDI(debug) n.xxtrim.xru195.nr1: WARNING: V(i1,c) voltage is greater than specified by vmax
OSDI(debug) n.xxtrim.xru195.nr1: WARNING: V(i2,c) voltage is greater than specified by vmax
OSDI(debug) n.xxtrim.xru194.nr1: WARNING: V(i1,c) voltage is greater than specified by vmax
OSDI(debug) n.xxtrim.xru194.nr1: WARNING: V(i2,c) voltage is greater than specified by vmax
OSDI(debug) n.xxtrim.xru193.nr1: WARNING: V(i1,c) voltage is greater than specified by vmax
OSDI(debug) n.xxtrim.xru193.nr1: WARNING: V(i2,c) voltage is greater than specified by vmax
OSDI(debug) n.xxtrim.xru192.nr1: WARNING: V(i1,c) voltage is greater than specified by vmax
OSDI(debug) n.xxtrim.xru192.nr1: WARNING: V(i2,c) voltage is greater than specified by vmax
 Reference value :  0.00000e+00Note: Starting dynamic gmin stepping

No. of Data Rows : 1
v(fb_load) = 2.183124e+00
v(sns1) = 5.973683e-01
v(sns2) = 5.967516e-01
v(vref) = 1.046689e+00
Doing analysis at TEMP = 125.000000 and TNOM = 27.000000

Using SPARSE 1.3 as Direct Linear Solver
OSDI(debug) n.xxtrim.xru191.nr1: WARNING: V(i1,c) voltage is greater than specified by vmax
OSDI(debug) n.xxtrim.xru191.nr1: WARNING: V(i2,c) voltage is greater than specified by vmax
OSDI(debug) n.xxtrim.xru190.nr1: WARNING: V(i1,c) voltage is greater than specified by vmax
OSDI(debug) n.xxtrim.xru190.nr1: WARNING: V(i2,c) voltage is greater than specified by vmax
OSDI(debug) n.xxtrim.xru189.nr1: WARNING: V(i1,c) voltage is greater than specified by vmax
OSDI(debug) n.xxtrim.xru189.nr1: WARNING: V(i2,c) voltage is greater than specified by vmax
OSDI(debug) n.xxtrim.xru188.nr1: WARNING: V(i1,c) voltage is greater than specified by vmax
OSDI(debug) n.xxtrim.xru188.nr1: WARNING: V(i2,c) voltage is greater than specified by vmax
OSDI(debug) n.xxtrim.xru187.nr1: WARNING: V(i1,c) voltage is greater than specified by vmax
OSDI(debug) n.xxtrim.xru187.nr1: WARNING: V(i2,c) voltage is greater than specified by vmax
OSDI(debug) n.xxtrim.xru186.nr1: WARNING: V(i1,c) voltage is greater than specified by vmax
OSDI(debug) n.xxtrim.xru186.nr1: WARNING: V(i2,c) voltage is greater than specified by vmax
OSDI(debug) n.xxtrim.xru185.nr1: WARNING: V(i1,c) voltage is greater than specified by vmax
OSDI(debug) n.xxtrim.xru185.nr1: WARNING: V(i2,c) voltage is greater than specified by vmax
OSDI(debug) n.xxtrim.xru184.nr1: WARNING: V(i1,c) voltage is greater than specified by vmax
OSDI(debug) n.xxtrim.xru184.nr1: WARNING: V(i2,c) voltage is greater than specified by vmax
OSDI(debug) n.xxtrim.xru183.nr1: WARNING: V(i1,c) voltage is greater than specified by vmax
OSDI(debug) n.xxtrim.xru183.nr1: WARNING: V(i2,c) voltage is greater than specified by vmax
OSDI(debug) n.xxtrim.xru182.nr1: WARNING: V(i1,c) voltage is greater than specified by vmax
OSDI(debug) n.xxtrim.xru182.nr1: WARNING: V(i2,c) voltage is greater than specified by vmax
OSDI(debug) n.xxtrim.xru181.nr1: WARNING: V(i1,c) voltage is greater than specified by vmax
OSDI(debug) n.xxtrim.xru181.nr1: WARNING: V(i2,c) voltage is greater than specified by vmax
OSDI(debug) n.xxtrim.xru180.nr1: WARNING: V(i1,c) voltage is greater than specified by vmax
OSDI(debug) n.xxtrim.xru180.nr1: WARNING: V(i2,c) voltage is greater than specified by vmax
OSDI(debug) n.xxtrim.xru179.nr1: WARNING: V(i1,c) voltage is greater than specified by vmax
OSDI(debug) n.xxtrim.xru179.nr1: WARNING: V(i2,c) voltage is greater than specified by vmax
OSDI(debug) n.xxtrim.xru178.nr1: WARNING: V(i1,c) voltage is greater than specified by vmax
OSDI(debug) n.xxtrim.xru178.nr1: WARNING: V(i2,c) voltage is greater than specified by vmax
OSDI(debug) n.xxtrim.xru177.nr1: WARNING: V(i1,c) voltage is greater than specified by vmax
OSDI(debug) n.xxtrim.xru177.nr1: WARNING: V(i2,c) voltage is greater than specified by vmax
OSDI(debug) n.xxtrim.xru176.nr1: WARNING: V(i1,c) voltage is greater than specified by vmax
OSDI(debug) n.xxtrim.xru176.nr1: WARNING: V(i2,c) voltage is greater than specified by vmax
OSDI(debug) n.xxtrim.xru175.nr1: WARNING: V(i1,c) voltage is greater than specified by vmax
OSDI(debug) n.xxtrim.xru175.nr1: WARNING: V(i2,c) voltage is greater than specified by vmax
OSDI(debug) n.xxtrim.xru174.nr1: WARNING: V(i1,c) voltage is greater than specified by vmax
OSDI(debug) n.xxtrim.xru174.nr1: WARNING: V(i2,c) voltage is greater than specified by vmax
OSDI(debug) n.xxtrim.xru173.nr1: WARNING: V(i1,c) voltage is greater than specified by vmax
OSDI(debug) n.xxtrim.xru173.nr1: WARNING: V(i2,c) voltage is greater than specified by vmax
OSDI(debug) n.xxtrim.xru172.nr1: WARNING: V(i1,c) voltage is greater than specified by vmax
OSDI(debug) n.xxtrim.xru172.nr1: WARNING: V(i2,c) voltage is greater than specified by vmax
OSDI(debug) n.xxtrim.xru171.nr1: WARNING: V(i1,c) voltage is greater than specified by vmax
OSDI(debug) n.xxtrim.xru171.nr1: WARNING: V(i2,c) voltage is greater than specified by vmax
OSDI(debug) n.xxtrim.xru170.nr1: WARNING: V(i1,c) voltage is greater than specified by vmax
OSDI(debug) n.xxtrim.xru170.nr1: WARNING: V(i2,c) voltage is greater than specified by vmax
OSDI(debug) n.xxtrim.xru169.nr1: WARNING: V(i1,c) voltage is greater than specified by vmax
OSDI(debug) n.xxtrim.xru169.nr1: WARNING: V(i2,c) voltage is greater than specified by vmax
OSDI(debug) n.xxtrim.xru168.nr1: WARNING: V(i1,c) voltage is greater than specified by vmax
OSDI(debug) n.xxtrim.xru168.nr1: WARNING: V(i2,c) voltage is greater than specified by vmax
OSDI(debug) n.xxtrim.xru167.nr1: WARNING: V(i1,c) voltage is greater than specified by vmax
OSDI(debug) n.xxtrim.xru167.nr1: WARNING: V(i2,c) voltage is greater than specified by vmax
OSDI(debug) n.xxtrim.xru166.nr1: WARNING: V(i1,c) voltage is greater than specified by vmax
OSDI(debug) n.xxtrim.xru166.nr1: WARNING: V(i2,c) voltage is greater than specified by vmax
OSDI(debug) n.xxtrim.xru165.nr1: WARNING: V(i1,c) voltage is greater than specified by vmax
OSDI(debug) n.xxtrim.xru165.nr1: WARNING: V(i2,c) voltage is greater than specified by vmax
OSDI(debug) n.xxtrim.xru164.nr1: WARNING: V(i1,c) voltage is greater than specified by vmax
OSDI(debug) n.xxtrim.xru164.nr1: WARNING: V(i2,c) voltage is greater than specified by vmax
OSDI(debug) n.xxtrim.xru163.nr1: WARNING: V(i1,c) voltage is greater than specified by vmax
OSDI(debug) n.xxtrim.xru163.nr1: WARNING: V(i2,c) voltage is greater than specified by vmax
OSDI(debug) n.xxtrim.xru162.nr1: WARNING: V(i1,c) voltage is greater than specified by vmax
OSDI(debug) n.xxtrim.xru162.nr1: WARNING: V(i2,c) voltage is greater than specified by vmax
OSDI(debug) n.xxtrim.xru161.nr1: WARNING: V(i1,c) voltage is greater than specified by vmax
OSDI(debug) n.xxtrim.xru161.nr1: WARNING: V(i2,c) voltage is greater than specified by vmax
OSDI(debug) n.xxtrim.xru160.nr1: WARNING: V(i1,c) voltage is greater than specified by vmax
OSDI(debug) n.xxtrim.xru160.nr1: WARNING: V(i2,c) voltage is greater than specified by vmax
OSDI(debug) n.xxtrim.xru159.nr1: WARNING: V(i1,c) voltage is greater than specified by vmax
OSDI(debug) n.xxtrim.xru159.nr1: WARNING: V(i2,c) voltage is greater than specified by vmax
OSDI(debug) n.xxtrim.xru158.nr1: WARNING: V(i1,c) voltage is greater than specified by vmax
OSDI(debug) n.xxtrim.xru158.nr1: WARNING: V(i2,c) voltage is greater than specified by vmax
OSDI(debug) n.xxtrim.xru157.nr1: WARNING: V(i1,c) voltage is greater than specified by vmax
OSDI(debug) n.xxtrim.xru157.nr1: WARNING: V(i2,c) voltage is greater than specified by vmax
OSDI(debug) n.xxtrim.xru156.nr1: WARNING: V(i1,c) voltage is greater than specified by vmax
OSDI(debug) n.xxtrim.xru156.nr1: WARNING: V(i2,c) voltage is greater than specified by vmax
OSDI(debug) n.xxtrim.xru155.nr1: WARNING: V(i1,c) voltage is greater than specified by vmax
OSDI(debug) n.xxtrim.xru155.nr1: WARNING: V(i2,c) voltage is greater than specified by vmax
OSDI(debug) n.xxtrim.xru154.nr1: WARNING: V(i1,c) voltage is greater than specified by vmax
OSDI(debug) n.xxtrim.xru154.nr1: WARNING: V(i2,c) voltage is greater than specified by vmax
OSDI(debug) n.xxtrim.xru153.nr1: WARNING: V(i1,c) voltage is greater than specified by vmax
OSDI(debug) n.xxtrim.xru153.nr1: WARNING: V(i2,c) voltage is greater than specified by vmax
OSDI(debug) n.xxtrim.xru152.nr1: WARNING: V(i1,c) voltage is greater than specified by vmax
OSDI(debug) n.xxtrim.xru152.nr1: WARNING: V(i2,c) voltage is greater than specified by vmax
OSDI(debug) n.xxtrim.xru151.nr1: WARNING: V(i1,c) voltage is greater than specified by vmax
OSDI(debug) n.xxtrim.xru151.nr1: WARNING: V(i2,c) voltage is greater than specified by vmax
OSDI(debug) n.xxtrim.xru150.nr1: WARNING: V(i1,c) voltage is greater than specified by vmax
OSDI(debug) n.xxtrim.xru150.nr1: WARNING: V(i2,c) voltage is greater than specified by vmax
OSDI(debug) n.xxtrim.xru149.nr1: WARNING: V(i1,c) voltage is greater than specified by vmax
OSDI(debug) n.xxtrim.xru149.nr1: WARNING: V(i2,c) voltage is greater than specified by vmax
OSDI(debug) n.xxtrim.xru148.nr1: WARNING: V(i1,c) voltage is greater than specified by vmax
OSDI(debug) n.xxtrim.xru148.nr1: WARNING: V(i2,c) voltage is greater than specified by vmax
OSDI(debug) n.xxtrim.xru147.nr1: WARNING: V(i1,c) voltage is greater than specified by vmax
OSDI(debug) n.xxtrim.xru147.nr1: WARNING: V(i2,c) voltage is greater than specified by vmax
OSDI(debug) n.xxtrim.xru146.nr1: WARNING: V(i1,c) voltage is greater than specified by vmax
OSDI(debug) n.xxtrim.xru146.nr1: WARNING: V(i2,c) voltage is greater than specified by vmax
OSDI(debug) n.xxtrim.xru145.nr1: WARNING: V(i1,c) voltage is greater than specified by vmax
OSDI(debug) n.xxtrim.xru145.nr1: WARNING: V(i2,c) voltage is greater than specified by vmax
OSDI(debug) n.xxtrim.xru144.nr1: WARNING: V(i1,c) voltage is greater than specified by vmax
OSDI(debug) n.xxtrim.xru144.nr1: WARNING: V(i2,c) voltage is greater than specified by vmax
OSDI(debug) n.xxtrim.xru143.nr1: WARNING: V(i1,c) voltage is greater than specified by vmax
OSDI(debug) n.xxtrim.xru143.nr1: WARNING: V(i2,c) voltage is greater than specified by vmax
OSDI(debug) n.xxtrim.xru142.nr1: WARNING: V(i1,c) voltage is greater than specified by vmax
OSDI(debug) n.xxtrim.xru142.nr1: WARNING: V(i2,c) voltage is greater than specified by vmax
OSDI(debug) n.xxtrim.xru141.nr1: WARNING: V(i1,c) voltage is greater than specified by vmax
OSDI(debug) n.xxtrim.xru141.nr1: WARNING: V(i2,c) voltage is greater than specified by vmax
OSDI(debug) n.xxtrim.xru140.nr1: WARNING: V(i1,c) voltage is greater than specified by vmax
OSDI(debug) n.xxtrim.xru140.nr1: WARNING: V(i2,c) voltage is greater than specified by vmax
OSDI(debug) n.xxtrim.xru139.nr1: WARNING: V(i1,c) voltage is greater than specified by vmax
OSDI(debug) n.xxtrim.xru139.nr1: WARNING: V(i2,c) voltage is greater than specified by vmax
OSDI(debug) n.xxtrim.xru138.nr1: WARNING: V(i1,c) voltage is greater than specified by vmax
OSDI(debug) n.xxtrim.xru138.nr1: WARNING: V(i2,c) voltage is greater than specified by vmax
OSDI(debug) n.xxtrim.xru137.nr1: WARNING: V(i1,c) voltage is greater than specified by vmax
OSDI(debug) n.xxtrim.xru137.nr1: WARNING: V(i2,c) voltage is greater than specified by vmax
OSDI(debug) n.xxtrim.xru136.nr1: WARNING: V(i1,c) voltage is greater than specified by vmax
OSDI(debug) n.xxtrim.xru136.nr1: WARNING: V(i2,c) voltage is greater than specified by vmax
OSDI(debug) n.xxtrim.xru135.nr1: WARNING: V(i1,c) voltage is greater than specified by vmax
OSDI(debug) n.xxtrim.xru135.nr1: WARNING: V(i2,c) voltage is greater than specified by vmax
OSDI(debug) n.xxtrim.xru134.nr1: WARNING: V(i1,c) voltage is greater than specified by vmax
OSDI(debug) n.xxtrim.xru134.nr1: WARNING: V(i2,c) voltage is greater than specified by vmax
OSDI(debug) n.xxtrim.xru133.nr1: WARNING: V(i1,c) voltage is greater than specified by vmax
OSDI(debug) n.xxtrim.xru133.nr1: WARNING: V(i2,c) voltage is greater than specified by vmax
OSDI(debug) n.xxtrim.xru132.nr1: WARNING: V(i1,c) voltage is greater than specified by vmax
OSDI(debug) n.xxtrim.xru132.nr1: WARNING: V(i2,c) voltage is greater than specified by vmax
OSDI(debug) n.xxtrim.xru131.nr1: WARNING: V(i1,c) voltage is greater than specified by vmax
OSDI(debug) n.xxtrim.xru131.nr1: WARNING: V(i2,c) voltage is greater than specified by vmax
OSDI(debug) n.xxtrim.xru130.nr1: WARNING: V(i1,c) voltage is greater than specified by vmax
OSDI(debug) n.xxtrim.xru130.nr1: WARNING: V(i2,c) voltage is greater than specified by vmax
OSDI(debug) n.xxtrim.xru129.nr1: WARNING: V(i1,c) voltage is greater than specified by vmax
OSDI(debug) n.xxtrim.xru129.nr1: WARNING: V(i2,c) voltage is greater than specified by vmax
OSDI(debug) n.xxtrim.xru128.nr1: WARNING: V(i1,c) voltage is greater than specified by vmax
OSDI(debug) n.xxtrim.xru128.nr1: WARNING: V(i2,c) voltage is greater than specified by vmax
OSDI(debug) n.xxtrim.xru127.nr1: WARNING: V(i1,c) voltage is greater than specified by vmax
OSDI(debug) n.xxtrim.xru127.nr1: WARNING: V(i2,c) voltage is greater than specified by vmax
OSDI(debug) n.xxtrim.xru126.nr1: WARNING: V(i1,c) voltage is greater than specified by vmax
OSDI(debug) n.xxtrim.xru126.nr1: WARNING: V(i2,c) voltage is greater than specified by vmax
OSDI(debug) n.xxtrim.xru125.nr1: WARNING: V(i1,c) voltage is greater than specified by vmax
OSDI(debug) n.xxtrim.xru125.nr1: WARNING: V(i2,c) voltage is greater than specified by vmax
OSDI(debug) n.xxtrim.xru124.nr1: WARNING: V(i1,c) voltage is greater than specified by vmax
OSDI(debug) n.xxtrim.xru124.nr1: WARNING: V(i2,c) voltage is greater than specified by vmax
OSDI(debug) n.xxtrim.xru123.nr1: WARNING: V(i1,c) voltage is greater than specified by vmax
OSDI(debug) n.xxtrim.xru123.nr1: WARNING: V(i2,c) voltage is greater than specified by vmax
OSDI(debug) n.xxtrim.xru122.nr1: WARNING: V(i1,c) voltage is greater than specified by vmax
OSDI(debug) n.xxtrim.xru122.nr1: WARNING: V(i2,c) voltage is greater than specified by vmax
OSDI(debug) n.xxtrim.xru121.nr1: WARNING: V(i1,c) voltage is greater than specified by vmax
OSDI(debug) n.xxtrim.xru121.nr1: WARNING: V(i2,c) voltage is greater than specified by vmax
OSDI(debug) n.xxtrim.xru120.nr1: WARNING: V(i1,c) voltage is greater than specified by vmax
OSDI(debug) n.xxtrim.xru120.nr1: WARNING: V(i2,c) voltage is greater than specified by vmax
OSDI(debug) n.xxtrim.xru119.nr1: WARNING: V(i1,c) voltage is greater than specified by vmax
OSDI(debug) n.xxtrim.xru119.nr1: WARNING: V(i2,c) voltage is greater than specified by vmax
OSDI(debug) n.xxtrim.xru118.nr1: WARNING: V(i1,c) voltage is greater than specified by vmax
OSDI(debug) n.xxtrim.xru118.nr1: WARNING: V(i2,c) voltage is greater than specified by vmax
OSDI(debug) n.xxtrim.xru117.nr1: WARNING: V(i1,c) voltage is greater than specified by vmax
OSDI(debug) n.xxtrim.xru117.nr1: WARNING: V(i2,c) voltage is greater than specified by vmax
OSDI(debug) n.xxtrim.xru116.nr1: WARNING: V(i1,c) voltage is greater than specified by vmax
OSDI(debug) n.xxtrim.xru116.nr1: WARNING: V(i2,c) voltage is greater than specified by vmax
OSDI(debug) n.xxtrim.xru115.nr1: WARNING: V(i1,c) voltage is greater than specified by vmax
OSDI(debug) n.xxtrim.xru115.nr1: WARNING: V(i2,c) voltage is greater than specified by vmax
OSDI(debug) n.xxtrim.xru114.nr1: WARNING: V(i1,c) voltage is greater than specified by vmax
OSDI(debug) n.xxtrim.xru114.nr1: WARNING: V(i2,c) voltage is greater than specified by vmax
OSDI(debug) n.xxtrim.xru113.nr1: WARNING: V(i1,c) voltage is greater than specified by vmax
OSDI(debug) n.xxtrim.xru113.nr1: WARNING: V(i2,c) voltage is greater than specified by vmax
OSDI(debug) n.xxtrim.xru112.nr1: WARNING: V(i1,c) voltage is greater than specified by vmax
OSDI(debug) n.xxtrim.xru112.nr1: WARNING: V(i2,c) voltage is greater than specified by vmax
OSDI(debug) n.xxtrim.xru111.nr1: WARNING: V(i1,c) voltage is greater than specified by vmax
OSDI(debug) n.xxtrim.xru111.nr1: WARNING: V(i2,c) voltage is greater than specified by vmax
OSDI(debug) n.xxtrim.xru110.nr1: WARNING: V(i1,c) voltage is greater than specified by vmax
OSDI(debug) n.xxtrim.xru110.nr1: WARNING: V(i2,c) voltage is greater than specified by vmax
OSDI(debug) n.xxtrim.xru109.nr1: WARNING: V(i1,c) voltage is greater than specified by vmax
OSDI(debug) n.xxtrim.xru109.nr1: WARNING: V(i2,c) voltage is greater than specified by vmax
OSDI(debug) n.xxtrim.xru108.nr1: WARNING: V(i1,c) voltage is greater than specified by vmax
OSDI(debug) n.xxtrim.xru108.nr1: WARNING: V(i2,c) voltage is greater than specified by vmax
OSDI(debug) n.xxtrim.xru107.nr1: WARNING: V(i1,c) voltage is greater than specified by vmax
OSDI(debug) n.xxtrim.xru107.nr1: WARNING: V(i2,c) voltage is greater than specified by vmax
OSDI(debug) n.xxtrim.xru106.nr1: WARNING: V(i1,c) voltage is greater than specified by vmax
OSDI(debug) n.xxtrim.xru106.nr1: WARNING: V(i2,c) voltage is greater than specified by vmax
OSDI(debug) n.xxtrim.xru105.nr1: WARNING: V(i1,c) voltage is greater than specified by vmax
OSDI(debug) n.xxtrim.xru105.nr1: WARNING: V(i2,c) voltage is greater than specified by vmax
OSDI(debug) n.xxtrim.xru104.nr1: WARNING: V(i1,c) voltage is greater than specified by vmax
OSDI(debug) n.xxtrim.xru104.nr1: WARNING: V(i2,c) voltage is greater than specified by vmax
OSDI(debug) n.xxtrim.xru103.nr1: WARNING: V(i1,c) voltage is greater than specified by vmax
OSDI(debug) n.xxtrim.xru103.nr1: WARNING: V(i2,c) voltage is greater than specified by vmax
OSDI(debug) n.xxtrim.xru102.nr1: WARNING: V(i1,c) voltage is greater than specified by vmax
OSDI(debug) n.xxtrim.xru102.nr1: WARNING: V(i2,c) voltage is greater than specified by vmax
OSDI(debug) n.xxtrim.xru101.nr1: WARNING: V(i1,c) voltage is greater than specified by vmax
OSDI(debug) n.xxtrim.xru101.nr1: WARNING: V(i2,c) voltage is greater than specified by vmax
OSDI(debug) n.xxtrim.xru100.nr1: WARNING: V(i1,c) voltage is greater than specified by vmax
OSDI(debug) n.xxtrim.xru100.nr1: WARNING: V(i2,c) voltage is greater than specified by vmax
OSDI(debug) n.xxtrim.xru99.nr1: WARNING: V(i1,c) voltage is greater than specified by vmax
OSDI(debug) n.xxtrim.xru99.nr1: WARNING: V(i2,c) voltage is greater than specified by vmax
OSDI(debug) n.xxtrim.xru98.nr1: WARNING: V(i1,c) voltage is greater than specified by vmax
OSDI(debug) n.xxtrim.xru98.nr1: WARNING: V(i2,c) voltage is greater than specified by vmax
OSDI(debug) n.xxtrim.xru97.nr1: WARNING: V(i1,c) voltage is greater than specified by vmax
OSDI(debug) n.xxtrim.xru97.nr1: WARNING: V(i2,c) voltage is greater than specified by vmax
OSDI(debug) n.xxtrim.xru96.nr1: WARNING: V(i1,c) voltage is greater than specified by vmax
OSDI(debug) n.xxtrim.xru96.nr1: WARNING: V(i2,c) voltage is greater than specified by vmax
OSDI(debug) n.xxtrim.xru95.nr1: WARNING: V(i1,c) voltage is greater than specified by vmax
OSDI(debug) n.xxtrim.xru95.nr1: WARNING: V(i2,c) voltage is greater than specified by vmax
OSDI(debug) n.xxtrim.xru94.nr1: WARNING: V(i1,c) voltage is greater than specified by vmax
OSDI(debug) n.xxtrim.xru94.nr1: WARNING: V(i2,c) voltage is greater than specified by vmax
OSDI(debug) n.xxtrim.xru93.nr1: WARNING: V(i1,c) voltage is greater than specified by vmax
OSDI(debug) n.xxtrim.xru93.nr1: WARNING: V(i2,c) voltage is greater than specified by vmax
OSDI(debug) n.xxtrim.xru92.nr1: WARNING: V(i1,c) voltage is greater than specified by vmax
OSDI(debug) n.xxtrim.xru92.nr1: WARNING: V(i2,c) voltage is greater than specified by vmax
OSDI(debug) n.xxtrim.xru91.nr1: WARNING: V(i1,c) voltage is greater than specified by vmax
OSDI(debug) n.xxtrim.xru91.nr1: WARNING: V(i2,c) voltage is greater than specified by vmax
OSDI(debug) n.xxtrim.xru90.nr1: WARNING: V(i1,c) voltage is greater than specified by vmax
OSDI(debug) n.xxtrim.xru90.nr1: WARNING: V(i2,c) voltage is greater than specified by vmax
OSDI(debug) n.xxtrim.xru89.nr1: WARNING: V(i1,c) voltage is greater than specified by vmax
OSDI(debug) n.xxtrim.xru89.nr1: WARNING: V(i2,c) voltage is greater than specified by vmax
OSDI(debug) n.xxtrim.xru88.nr1: WARNING: V(i1,c) voltage is greater than specified by vmax
OSDI(debug) n.xxtrim.xru88.nr1: WARNING: V(i2,c) voltage is greater than specified by vmax
OSDI(debug) n.xxtrim.xru87.nr1: WARNING: V(i1,c) voltage is greater than specified by vmax
OSDI(debug) n.xxtrim.xru87.nr1: WARNING: V(i2,c) voltage is greater than specified by vmax
OSDI(debug) n.xxtrim.xru86.nr1: WARNING: V(i1,c) voltage is greater than specified by vmax
OSDI(debug) n.xxtrim.xru86.nr1: WARNING: V(i2,c) voltage is greater than specified by vmax
OSDI(debug) n.xxtrim.xru85.nr1: WARNING: V(i1,c) voltage is greater than specified by vmax
OSDI(debug) n.xxtrim.xru85.nr1: WARNING: V(i2,c) voltage is greater than specified by vmax
OSDI(debug) n.xxtrim.xru84.nr1: WARNING: V(i1,c) voltage is greater than specified by vmax
OSDI(debug) n.xxtrim.xru84.nr1: WARNING: V(i2,c) voltage is greater than specified by vmax
OSDI(debug) n.xxtrim.xru83.nr1: WARNING: V(i1,c) voltage is greater than specified by vmax
OSDI(debug) n.xxtrim.xru83.nr1: WARNING: V(i2,c) voltage is greater than specified by vmax
OSDI(debug) n.xxtrim.xru82.nr1: WARNING: V(i1,c) voltage is greater than specified by vmax
OSDI(debug) n.xxtrim.xru82.nr1: WARNING: V(i2,c) voltage is greater than specified by vmax
OSDI(debug) n.xxtrim.xru81.nr1: WARNING: V(i1,c) voltage is greater than specified by vmax
OSDI(debug) n.xxtrim.xru81.nr1: WARNING: V(i2,c) voltage is greater than specified by vmax
OSDI(debug) n.xxtrim.xru80.nr1: WARNING: V(i1,c) voltage is greater than specified by vmax
OSDI(debug) n.xxtrim.xru80.nr1: WARNING: V(i2,c) voltage is greater than specified by vmax
OSDI(debug) n.xxtrim.xru79.nr1: WARNING: V(i1,c) voltage is greater than specified by vmax
OSDI(debug) n.xxtrim.xru79.nr1: WARNING: V(i2,c) voltage is greater than specified by vmax
OSDI(debug) n.xxtrim.xru78.nr1: WARNING: V(i1,c) voltage is greater than specified by vmax
OSDI(debug) n.xxtrim.xru78.nr1: WARNING: V(i2,c) voltage is greater than specified by vmax
OSDI(debug) n.xxtrim.xru77.nr1: WARNING: V(i1,c) voltage is greater than specified by vmax
OSDI(debug) n.xxtrim.xru77.nr1: WARNING: V(i2,c) voltage is greater than specified by vmax
OSDI(debug) n.xxtrim.xru76.nr1: WARNING: V(i1,c) voltage is greater than specified by vmax
OSDI(debug) n.xxtrim.xru76.nr1: WARNING: V(i2,c) voltage is greater than specified by vmax
OSDI(debug) n.xxtrim.xru75.nr1: WARNING: V(i1,c) voltage is greater than specified by vmax
OSDI(debug) n.xxtrim.xru75.nr1: WARNING: V(i2,c) voltage is greater than specified by vmax
OSDI(debug) n.xxtrim.xru74.nr1: WARNING: V(i1,c) voltage is greater than specified by vmax
OSDI(debug) n.xxtrim.xru74.nr1: WARNING: V(i2,c) voltage is greater than specified by vmax
OSDI(debug) n.xxtrim.xru73.nr1: WARNING: V(i1,c) voltage is greater than specified by vmax
OSDI(debug) n.xxtrim.xru73.nr1: WARNING: V(i2,c) voltage is greater than specified by vmax
OSDI(debug) n.xxtrim.xru72.nr1: WARNING: V(i1,c) voltage is greater than specified by vmax
OSDI(debug) n.xxtrim.xru72.nr1: WARNING: V(i2,c) voltage is greater than specified by vmax
OSDI(debug) n.xxtrim.xru71.nr1: WARNING: V(i1,c) voltage is greater than specified by vmax
OSDI(debug) n.xxtrim.xru71.nr1: WARNING: V(i2,c) voltage is greater than specified by vmax
OSDI(debug) n.xxtrim.xru70.nr1: WARNING: V(i1,c) voltage is greater than specified by vmax
OSDI(debug) n.xxtrim.xru70.nr1: WARNING: V(i2,c) voltage is greater than specified by vmax
OSDI(debug) n.xxtrim.xru69.nr1: WARNING: V(i1,c) voltage is greater than specified by vmax
OSDI(debug) n.xxtrim.xru69.nr1: WARNING: V(i2,c) voltage is greater than specified by vmax
OSDI(debug) n.xxtrim.xru68.nr1: WARNING: V(i1,c) voltage is greater than specified by vmax
OSDI(debug) n.xxtrim.xru68.nr1: WARNING: V(i2,c) voltage is greater than specified by vmax
OSDI(debug) n.xxtrim.xru67.nr1: WARNING: V(i1,c) voltage is greater than specified by vmax
OSDI(debug) n.xxtrim.xru67.nr1: WARNING: V(i2,c) voltage is greater than specified by vmax
OSDI(debug) n.xxtrim.xru66.nr1: WARNING: V(i1,c) voltage is greater than specified by vmax
OSDI(debug) n.xxtrim.xru66.nr1: WARNING: V(i2,c) voltage is greater than specified by vmax
OSDI(debug) n.xxtrim.xru65.nr1: WARNING: V(i1,c) voltage is greater than specified by vmax
OSDI(debug) n.xxtrim.xru65.nr1: WARNING: V(i2,c) voltage is greater than specified by vmax
OSDI(debug) n.xxtrim.xru64.nr1: WARNING: V(i1,c) voltage is greater than specified by vmax
OSDI(debug) n.xxtrim.xru64.nr1: WARNING: V(i2,c) voltage is greater than specified by vmax
OSDI(debug) n.xxtrim.xru63.nr1: WARNING: V(i1,c) voltage is greater than specified by vmax
OSDI(debug) n.xxtrim.xru63.nr1: WARNING: V(i2,c) voltage is greater than specified by vmax
OSDI(debug) n.xxtrim.xru62.nr1: WARNING: V(i1,c) voltage is greater than specified by vmax
OSDI(debug) n.xxtrim.xru62.nr1: WARNING: V(i2,c) voltage is greater than specified by vmax
OSDI(debug) n.xxtrim.xru61.nr1: WARNING: V(i1,c) voltage is greater than specified by vmax
OSDI(debug) n.xxtrim.xru61.nr1: WARNING: V(i2,c) voltage is greater than specified by vmax
OSDI(debug) n.xxtrim.xru60.nr1: WARNING: V(i1,c) voltage is greater than specified by vmax
OSDI(debug) n.xxtrim.xru60.nr1: WARNING: V(i2,c) voltage is greater than specified by vmax
OSDI(debug) n.xxtrim.xru59.nr1: WARNING: V(i1,c) voltage is greater than specified by vmax
OSDI(debug) n.xxtrim.xru59.nr1: WARNING: V(i2,c) voltage is greater than specified by vmax
OSDI(debug) n.xxtrim.xru58.nr1: WARNING: V(i1,c) voltage is greater than specified by vmax
OSDI(debug) n.xxtrim.xru58.nr1: WARNING: V(i2,c) voltage is greater than specified by vmax
OSDI(debug) n.xxtrim.xru57.nr1: WARNING: V(i1,c) voltage is greater than specified by vmax
OSDI(debug) n.xxtrim.xru57.nr1: WARNING: V(i2,c) voltage is greater than specified by vmax
OSDI(debug) n.xxtrim.xru56.nr1: WARNING: V(i1,c) voltage is greater than specified by vmax
OSDI(debug) n.xxtrim.xru56.nr1: WARNING: V(i2,c) voltage is greater than specified by vmax
OSDI(debug) n.xxtrim.xru55.nr1: WARNING: V(i1,c) voltage is greater than specified by vmax
OSDI(debug) n.xxtrim.xru55.nr1: WARNING: V(i2,c) voltage is greater than specified by vmax
OSDI(debug) n.xxtrim.xru54.nr1: WARNING: V(i1,c) voltage is greater than specified by vmax
OSDI(debug) n.xxtrim.xru54.nr1: WARNING: V(i2,c) voltage is greater than specified by vmax
OSDI(debug) n.xxtrim.xru53.nr1: WARNING: V(i1,c) voltage is greater than specified by vmax
OSDI(debug) n.xxtrim.xru53.nr1: WARNING: V(i2,c) voltage is greater than specified by vmax
OSDI(debug) n.xxtrim.xru52.nr1: WARNING: V(i1,c) voltage is greater than specified by vmax
OSDI(debug) n.xxtrim.xru52.nr1: WARNING: V(i2,c) voltage is greater than specified by vmax
OSDI(debug) n.xxtrim.xru51.nr1: WARNING: V(i1,c) voltage is greater than specified by vmax
OSDI(debug) n.xxtrim.xru51.nr1: WARNING: V(i2,c) voltage is greater than specified by vmax
OSDI(debug) n.xxtrim.xru50.nr1: WARNING: V(i1,c) voltage is greater than specified by vmax
OSDI(debug) n.xxtrim.xru50.nr1: WARNING: V(i2,c) voltage is greater than specified by vmax
OSDI(debug) n.xxtrim.xru49.nr1: WARNING: V(i1,c) voltage is greater than specified by vmax
OSDI(debug) n.xxtrim.xru49.nr1: WARNING: V(i2,c) voltage is greater than specified by vmax
OSDI(debug) n.xxtrim.xru48.nr1: WARNING: V(i1,c) voltage is greater than specified by vmax
OSDI(debug) n.xxtrim.xru48.nr1: WARNING: V(i2,c) voltage is greater than specified by vmax
OSDI(debug) n.xxtrim.xru47.nr1: WARNING: V(i1,c) voltage is greater than specified by vmax
OSDI(debug) n.xxtrim.xru47.nr1: WARNING: V(i2,c) voltage is greater than specified by vmax
OSDI(debug) n.xxtrim.xru46.nr1: WARNING: V(i1,c) voltage is greater than specified by vmax
OSDI(debug) n.xxtrim.xru46.nr1: WARNING: V(i2,c) voltage is greater than specified by vmax
OSDI(debug) n.xxtrim.xru45.nr1: WARNING: V(i1,c) voltage is greater than specified by vmax
OSDI(debug) n.xxtrim.xru45.nr1: WARNING: V(i2,c) voltage is greater than specified by vmax
OSDI(debug) n.xxtrim.xru44.nr1: WARNING: V(i1,c) voltage is greater than specified by vmax
OSDI(debug) n.xxtrim.xru44.nr1: WARNING: V(i2,c) voltage is greater than specified by vmax
OSDI(debug) n.xxtrim.xru43.nr1: WARNING: V(i1,c) voltage is greater than specified by vmax
OSDI(debug) n.xxtrim.xru43.nr1: WARNING: V(i2,c) voltage is greater than specified by vmax
OSDI(debug) n.xxtrim.xru42.nr1: WARNING: V(i1,c) voltage is greater than specified by vmax
OSDI(debug) n.xxtrim.xru42.nr1: WARNING: V(i2,c) voltage is greater than specified by vmax
OSDI(debug) n.xxtrim.xru41.nr1: WARNING: V(i1,c) voltage is greater than specified by vmax
OSDI(debug) n.xxtrim.xru41.nr1: WARNING: V(i2,c) voltage is greater than specified by vmax
OSDI(debug) n.xxtrim.xru40.nr1: WARNING: V(i1,c) voltage is greater than specified by vmax
OSDI(debug) n.xxtrim.xru40.nr1: WARNING: V(i2,c) voltage is greater than specified by vmax
OSDI(debug) n.xxtrim.xru39.nr1: WARNING: V(i1,c) voltage is greater than specified by vmax
OSDI(debug) n.xxtrim.xru39.nr1: WARNING: V(i2,c) voltage is greater than specified by vmax
OSDI(debug) n.xxtrim.xru38.nr1: WARNING: V(i1,c) voltage is greater than specified by vmax
OSDI(debug) n.xxtrim.xru38.nr1: WARNING: V(i2,c) voltage is greater than specified by vmax
OSDI(debug) n.xxtrim.xru37.nr1: WARNING: V(i1,c) voltage is greater than specified by vmax
OSDI(debug) n.xxtrim.xru37.nr1: WARNING: V(i2,c) voltage is greater than specified by vmax
OSDI(debug) n.xxtrim.xru36.nr1: WARNING: V(i1,c) voltage is greater than specified by vmax
OSDI(debug) n.xxtrim.xru36.nr1: WARNING: V(i2,c) voltage is greater than specified by vmax
OSDI(debug) n.xxtrim.xru35.nr1: WARNING: V(i1,c) voltage is greater than specified by vmax
OSDI(debug) n.xxtrim.xru35.nr1: WARNING: V(i2,c) voltage is greater than specified by vmax
OSDI(debug) n.xxtrim.xru34.nr1: WARNING: V(i1,c) voltage is greater than specified by vmax
OSDI(debug) n.xxtrim.xru34.nr1: WARNING: V(i2,c) voltage is greater than specified by vmax
OSDI(debug) n.xxtrim.xru33.nr1: WARNING: V(i1,c) voltage is greater than specified by vmax
OSDI(debug) n.xxtrim.xru33.nr1: WARNING: V(i2,c) voltage is greater than specified by vmax
OSDI(debug) n.xxtrim.xru32.nr1: WARNING: V(i1,c) voltage is greater than specified by vmax
OSDI(debug) n.xxtrim.xru32.nr1: WARNING: V(i2,c) voltage is greater than specified by vmax
OSDI(debug) n.xxtrim.xru31.nr1: WARNING: V(i1,c) voltage is greater than specified by vmax
OSDI(debug) n.xxtrim.xru31.nr1: WARNING: V(i2,c) voltage is greater than specified by vmax
OSDI(debug) n.xxtrim.xru30.nr1: WARNING: V(i1,c) voltage is greater than specified by vmax
OSDI(debug) n.xxtrim.xru30.nr1: WARNING: V(i2,c) voltage is greater than specified by vmax
OSDI(debug) n.xxtrim.xru29.nr1: WARNING: V(i1,c) voltage is greater than specified by vmax
OSDI(debug) n.xxtrim.xru29.nr1: WARNING: V(i2,c) voltage is greater than specified by vmax
OSDI(debug) n.xxtrim.xru28.nr1: WARNING: V(i1,c) voltage is greater than specified by vmax
OSDI(debug) n.xxtrim.xru28.nr1: WARNING: V(i2,c) voltage is greater than specified by vmax
OSDI(debug) n.xxtrim.xru27.nr1: WARNING: V(i1,c) voltage is greater than specified by vmax
OSDI(debug) n.xxtrim.xru27.nr1: WARNING: V(i2,c) voltage is greater than specified by vmax
OSDI(debug) n.xxtrim.xru26.nr1: WARNING: V(i1,c) voltage is greater than specified by vmax
OSDI(debug) n.xxtrim.xru26.nr1: WARNING: V(i2,c) voltage is greater than specified by vmax
OSDI(debug) n.xxtrim.xru25.nr1: WARNING: V(i1,c) voltage is greater than specified by vmax
OSDI(debug) n.xxtrim.xru25.nr1: WARNING: V(i2,c) voltage is greater than specified by vmax
OSDI(debug) n.xxtrim.xru24.nr1: WARNING: V(i1,c) voltage is greater than specified by vmax
OSDI(debug) n.xxtrim.xru24.nr1: WARNING: V(i2,c) voltage is greater than specified by vmax
OSDI(debug) n.xxtrim.xru23.nr1: WARNING: V(i1,c) voltage is greater than specified by vmax
OSDI(debug) n.xxtrim.xru23.nr1: WARNING: V(i2,c) voltage is greater than specified by vmax
OSDI(debug) n.xxtrim.xru22.nr1: WARNING: V(i1,c) voltage is greater than specified by vmax
OSDI(debug) n.xxtrim.xru22.nr1: WARNING: V(i2,c) voltage is greater than specified by vmax
OSDI(debug) n.xxtrim.xru21.nr1: WARNING: V(i1,c) voltage is greater than specified by vmax
OSDI(debug) n.xxtrim.xru21.nr1: WARNING: V(i2,c) voltage is greater than specified by vmax
OSDI(debug) n.xxtrim.xru20.nr1: WARNING: V(i1,c) voltage is greater than specified by vmax
OSDI(debug) n.xxtrim.xru20.nr1: WARNING: V(i2,c) voltage is greater than specified by vmax
OSDI(debug) n.xxtrim.xru19.nr1: WARNING: V(i1,c) voltage is greater than specified by vmax
OSDI(debug) n.xxtrim.xru19.nr1: WARNING: V(i2,c) voltage is greater than specified by vmax
OSDI(debug) n.xxtrim.xru18.nr1: WARNING: V(i1,c) voltage is greater than specified by vmax
OSDI(debug) n.xxtrim.xru18.nr1: WARNING: V(i2,c) voltage is greater than specified by vmax
OSDI(debug) n.xxtrim.xru17.nr1: WARNING: V(i1,c) voltage is greater than specified by vmax
OSDI(debug) n.xxtrim.xru17.nr1: WARNING: V(i2,c) voltage is greater than specified by vmax
OSDI(debug) n.xxtrim.xru16.nr1: WARNING: V(i1,c) voltage is greater than specified by vmax
OSDI(debug) n.xxtrim.xru16.nr1: WARNING: V(i2,c) voltage is greater than specified by vmax
OSDI(debug) n.xxtrim.xru15.nr1: WARNING: V(i1,c) voltage is greater than specified by vmax
OSDI(debug) n.xxtrim.xru15.nr1: WARNING: V(i2,c) voltage is greater than specified by vmax
OSDI(debug) n.xxtrim.xru14.nr1: WARNING: V(i1,c) voltage is greater than specified by vmax
OSDI(debug) n.xxtrim.xru14.nr1: WARNING: V(i2,c) voltage is greater than specified by vmax
OSDI(debug) n.xxtrim.xru13.nr1: WARNING: V(i1,c) voltage is greater than specified by vmax
OSDI(debug) n.xxtrim.xru13.nr1: WARNING: V(i2,c) voltage is greater than specified by vmax
OSDI(debug) n.xxtrim.xru12.nr1: WARNING: V(i1,c) voltage is greater than specified by vmax
OSDI(debug) n.xxtrim.xru12.nr1: WARNING: V(i2,c) voltage is greater than specified by vmax
OSDI(debug) n.xxtrim.xru11.nr1: WARNING: V(i1,c) voltage is greater than specified by vmax
OSDI(debug) n.xxtrim.xru11.nr1: WARNING: V(i2,c) voltage is greater than specified by vmax
OSDI(debug) n.xxtrim.xru10.nr1: WARNING: V(i1,c) voltage is greater than specified by vmax
OSDI(debug) n.xxtrim.xru10.nr1: WARNING: V(i2,c) voltage is greater than specified by vmax
OSDI(debug) n.xxtrim.xru9.nr1: WARNING: V(i1,c) voltage is greater than specified by vmax
OSDI(debug) n.xxtrim.xru9.nr1: WARNING: V(i2,c) voltage is greater than specified by vmax
OSDI(debug) n.xxtrim.xru8.nr1: WARNING: V(i1,c) voltage is greater than specified by vmax
OSDI(debug) n.xxtrim.xru8.nr1: WARNING: V(i2,c) voltage is greater than specified by vmax
OSDI(debug) n.xxtrim.xru7.nr1: WARNING: V(i1,c) voltage is greater than specified by vmax
OSDI(debug) n.xxtrim.xru7.nr1: WARNING: V(i2,c) voltage is greater than specified by vmax
OSDI(debug) n.xxtrim.xru6.nr1: WARNING: V(i1,c) voltage is greater than specified by vmax
OSDI(debug) n.xxtrim.xru6.nr1: WARNING: V(i2,c) voltage is greater than specified by vmax
OSDI(debug) n.xxtrim.xru5.nr1: WARNING: V(i1,c) voltage is greater than specified by vmax
OSDI(debug) n.xxtrim.xru5.nr1: WARNING: V(i2,c) voltage is greater than specified by vmax
OSDI(debug) n.xxtrim.xru4.nr1: WARNING: V(i1,c) voltage is greater than specified by vmax
OSDI(debug) n.xxtrim.xru4.nr1: WARNING: V(i2,c) voltage is greater than specified by vmax
OSDI(debug) n.xxtrim.xru3.nr1: WARNING: V(i1,c) voltage is greater than specified by vmax
OSDI(debug) n.xxtrim.xru3.nr1: WARNING: V(i2,c) voltage is greater than specified by vmax
OSDI(debug) n.xxtrim.xru2.nr1: WARNING: V(i1,c) voltage is greater than specified by vmax
OSDI(debug) n.xxtrim.xru2.nr1: WARNING: V(i2,c) voltage is greater than specified by vmax
OSDI(debug) n.xxtrim.xru1.nr1: WARNING: V(i1,c) voltage is greater than specified by vmax
OSDI(debug) n.xxtrim.xru1.nr1: WARNING: V(i2,c) voltage is greater than specified by vmax
OSDI(debug) n.xr1.nr1: WARNING: V(i1,c) voltage is greater than specified by vmax
OSDI(debug) n.xr1.nr1: WARNING: V(i2,c) voltage is greater than specified by vmax
OSDI(debug) n.xr2.nr1: WARNING: V(i1,c) voltage is greater than specified by vmax
OSDI(debug) n.xr2.nr1: WARNING: V(i2,c) voltage is greater than specified by vmax
OSDI(debug) n.xxtrim.xru255.nr1: WARNING: V(i1,c) voltage is greater than specified by vmax
OSDI(debug) n.xxtrim.xru255.nr1: WARNING: V(i2,c) voltage is greater than specified by vmax
OSDI(debug) n.xxtrim.xru254.nr1: WARNING: V(i1,c) voltage is greater than specified by vmax
OSDI(debug) n.xxtrim.xru254.nr1: WARNING: V(i2,c) voltage is greater than specified by vmax
OSDI(debug) n.xxtrim.xru253.nr1: WARNING: V(i1,c) voltage is greater than specified by vmax
OSDI(debug) n.xxtrim.xru253.nr1: WARNING: V(i2,c) voltage is greater than specified by vmax
OSDI(debug) n.xxtrim.xru252.nr1: WARNING: V(i1,c) voltage is greater than specified by vmax
OSDI(debug) n.xxtrim.xru252.nr1: WARNING: V(i2,c) voltage is greater than specified by vmax
OSDI(debug) n.xxtrim.xru251.nr1: WARNING: V(i1,c) voltage is greater than specified by vmax
OSDI(debug) n.xxtrim.xru251.nr1: WARNING: V(i2,c) voltage is greater than specified by vmax
OSDI(debug) n.xxtrim.xru250.nr1: WARNING: V(i1,c) voltage is greater than specified by vmax
OSDI(debug) n.xxtrim.xru250.nr1: WARNING: V(i2,c) voltage is greater than specified by vmax
OSDI(debug) n.xxtrim.xru249.nr1: WARNING: V(i1,c) voltage is greater than specified by vmax
OSDI(debug) n.xxtrim.xru249.nr1: WARNING: V(i2,c) voltage is greater than specified by vmax
OSDI(debug) n.xxtrim.xru248.nr1: WARNING: V(i1,c) voltage is greater than specified by vmax
OSDI(debug) n.xxtrim.xru248.nr1: WARNING: V(i2,c) voltage is greater than specified by vmax
OSDI(debug) n.xxtrim.xru247.nr1: WARNING: V(i1,c) voltage is greater than specified by vmax
OSDI(debug) n.xxtrim.xru247.nr1: WARNING: V(i2,c) voltage is greater than specified by vmax
OSDI(debug) n.xxtrim.xru246.nr1: WARNING: V(i1,c) voltage is greater than specified by vmax
OSDI(debug) n.xxtrim.xru246.nr1: WARNING: V(i2,c) voltage is greater than specified by vmax
OSDI(debug) n.xxtrim.xru245.nr1: WARNING: V(i1,c) voltage is greater than specified by vmax
OSDI(debug) n.xxtrim.xru245.nr1: WARNING: V(i2,c) voltage is greater than specified by vmax
OSDI(debug) n.xxtrim.xru244.nr1: WARNING: V(i1,c) voltage is greater than specified by vmax
OSDI(debug) n.xxtrim.xru244.nr1: WARNING: V(i2,c) voltage is greater than specified by vmax
OSDI(debug) n.xxtrim.xru243.nr1: WARNING: V(i1,c) voltage is greater than specified by vmax
OSDI(debug) n.xxtrim.xru243.nr1: WARNING: V(i2,c) voltage is greater than specified by vmax
OSDI(debug) n.xxtrim.xru242.nr1: WARNING: V(i1,c) voltage is greater than specified by vmax
OSDI(debug) n.xxtrim.xru242.nr1: WARNING: V(i2,c) voltage is greater than specified by vmax
OSDI(debug) n.xxtrim.xru241.nr1: WARNING: V(i1,c) voltage is greater than specified by vmax
OSDI(debug) n.xxtrim.xru241.nr1: WARNING: V(i2,c) voltage is greater than specified by vmax
OSDI(debug) n.xxtrim.xru240.nr1: WARNING: V(i1,c) voltage is greater than specified by vmax
OSDI(debug) n.xxtrim.xru240.nr1: WARNING: V(i2,c) voltage is greater than specified by vmax
OSDI(debug) n.xxtrim.xru239.nr1: WARNING: V(i1,c) voltage is greater than specified by vmax
OSDI(debug) n.xxtrim.xru239.nr1: WARNING: V(i2,c) voltage is greater than specified by vmax
OSDI(debug) n.xxtrim.xru238.nr1: WARNING: V(i1,c) voltage is greater than specified by vmax
OSDI(debug) n.xxtrim.xru238.nr1: WARNING: V(i2,c) voltage is greater than specified by vmax
OSDI(debug) n.xxtrim.xru237.nr1: WARNING: V(i1,c) voltage is greater than specified by vmax
OSDI(debug) n.xxtrim.xru237.nr1: WARNING: V(i2,c) voltage is greater than specified by vmax
OSDI(debug) n.xxtrim.xru236.nr1: WARNING: V(i1,c) voltage is greater than specified by vmax
OSDI(debug) n.xxtrim.xru236.nr1: WARNING: V(i2,c) voltage is greater than specified by vmax
OSDI(debug) n.xxtrim.xru235.nr1: WARNING: V(i1,c) voltage is greater than specified by vmax
OSDI(debug) n.xxtrim.xru235.nr1: WARNING: V(i2,c) voltage is greater than specified by vmax
OSDI(debug) n.xxtrim.xru234.nr1: WARNING: V(i1,c) voltage is greater than specified by vmax
OSDI(debug) n.xxtrim.xru234.nr1: WARNING: V(i2,c) voltage is greater than specified by vmax
OSDI(debug) n.xxtrim.xru233.nr1: WARNING: V(i1,c) voltage is greater than specified by vmax
OSDI(debug) n.xxtrim.xru233.nr1: WARNING: V(i2,c) voltage is greater than specified by vmax
OSDI(debug) n.xxtrim.xru232.nr1: WARNING: V(i1,c) voltage is greater than specified by vmax
OSDI(debug) n.xxtrim.xru232.nr1: WARNING: V(i2,c) voltage is greater than specified by vmax
OSDI(debug) n.xxtrim.xru231.nr1: WARNING: V(i1,c) voltage is greater than specified by vmax
OSDI(debug) n.xxtrim.xru231.nr1: WARNING: V(i2,c) voltage is greater than specified by vmax
OSDI(debug) n.xxtrim.xru230.nr1: WARNING: V(i1,c) voltage is greater than specified by vmax
OSDI(debug) n.xxtrim.xru230.nr1: WARNING: V(i2,c) voltage is greater than specified by vmax
OSDI(debug) n.xxtrim.xru229.nr1: WARNING: V(i1,c) voltage is greater than specified by vmax
OSDI(debug) n.xxtrim.xru229.nr1: WARNING: V(i2,c) voltage is greater than specified by vmax
OSDI(debug) n.xxtrim.xru228.nr1: WARNING: V(i1,c) voltage is greater than specified by vmax
OSDI(debug) n.xxtrim.xru228.nr1: WARNING: V(i2,c) voltage is greater than specified by vmax
OSDI(debug) n.xxtrim.xru227.nr1: WARNING: V(i1,c) voltage is greater than specified by vmax
OSDI(debug) n.xxtrim.xru227.nr1: WARNING: V(i2,c) voltage is greater than specified by vmax
OSDI(debug) n.xxtrim.xru226.nr1: WARNING: V(i1,c) voltage is greater than specified by vmax
OSDI(debug) n.xxtrim.xru226.nr1: WARNING: V(i2,c) voltage is greater than specified by vmax
OSDI(debug) n.xxtrim.xru225.nr1: WARNING: V(i1,c) voltage is greater than specified by vmax
OSDI(debug) n.xxtrim.xru225.nr1: WARNING: V(i2,c) voltage is greater than specified by vmax
OSDI(debug) n.xxtrim.xru224.nr1: WARNING: V(i1,c) voltage is greater than specified by vmax
OSDI(debug) n.xxtrim.xru224.nr1: WARNING: V(i2,c) voltage is greater than specified by vmax
OSDI(debug) n.xxtrim.xru223.nr1: WARNING: V(i1,c) voltage is greater than specified by vmax
OSDI(debug) n.xxtrim.xru223.nr1: WARNING: V(i2,c) voltage is greater than specified by vmax
OSDI(debug) n.xxtrim.xru222.nr1: WARNING: V(i1,c) voltage is greater than specified by vmax
OSDI(debug) n.xxtrim.xru222.nr1: WARNING: V(i2,c) voltage is greater than specified by vmax
OSDI(debug) n.xxtrim.xru221.nr1: WARNING: V(i1,c) voltage is greater than specified by vmax
OSDI(debug) n.xxtrim.xru221.nr1: WARNING: V(i2,c) voltage is greater than specified by vmax
OSDI(debug) n.xxtrim.xru220.nr1: WARNING: V(i1,c) voltage is greater than specified by vmax
OSDI(debug) n.xxtrim.xru220.nr1: WARNING: V(i2,c) voltage is greater than specified by vmax
OSDI(debug) n.xxtrim.xru219.nr1: WARNING: V(i1,c) voltage is greater than specified by vmax
OSDI(debug) n.xxtrim.xru219.nr1: WARNING: V(i2,c) voltage is greater than specified by vmax
OSDI(debug) n.xxtrim.xru218.nr1: WARNING: V(i1,c) voltage is greater than specified by vmax
OSDI(debug) n.xxtrim.xru218.nr1: WARNING: V(i2,c) voltage is greater than specified by vmax
OSDI(debug) n.xxtrim.xru217.nr1: WARNING: V(i1,c) voltage is greater than specified by vmax
OSDI(debug) n.xxtrim.xru217.nr1: WARNING: V(i2,c) voltage is greater than specified by vmax
OSDI(debug) n.xxtrim.xru216.nr1: WARNING: V(i1,c) voltage is greater than specified by vmax
OSDI(debug) n.xxtrim.xru216.nr1: WARNING: V(i2,c) voltage is greater than specified by vmax
OSDI(debug) n.xxtrim.xru215.nr1: WARNING: V(i1,c) voltage is greater than specified by vmax
OSDI(debug) n.xxtrim.xru215.nr1: WARNING: V(i2,c) voltage is greater than specified by vmax
OSDI(debug) n.xxtrim.xru214.nr1: WARNING: V(i1,c) voltage is greater than specified by vmax
OSDI(debug) n.xxtrim.xru214.nr1: WARNING: V(i2,c) voltage is greater than specified by vmax
OSDI(debug) n.xxtrim.xru213.nr1: WARNING: V(i1,c) voltage is greater than specified by vmax
OSDI(debug) n.xxtrim.xru213.nr1: WARNING: V(i2,c) voltage is greater than specified by vmax
OSDI(debug) n.xxtrim.xru212.nr1: WARNING: V(i1,c) voltage is greater than specified by vmax
OSDI(debug) n.xxtrim.xru212.nr1: WARNING: V(i2,c) voltage is greater than specified by vmax
OSDI(debug) n.xxtrim.xru211.nr1: WARNING: V(i1,c) voltage is greater than specified by vmax
OSDI(debug) n.xxtrim.xru211.nr1: WARNING: V(i2,c) voltage is greater than specified by vmax
OSDI(debug) n.xxtrim.xru210.nr1: WARNING: V(i1,c) voltage is greater than specified by vmax
OSDI(debug) n.xxtrim.xru210.nr1: WARNING: V(i2,c) voltage is greater than specified by vmax
OSDI(debug) n.xxtrim.xru209.nr1: WARNING: V(i1,c) voltage is greater than specified by vmax
OSDI(debug) n.xxtrim.xru209.nr1: WARNING: V(i2,c) voltage is greater than specified by vmax
OSDI(debug) n.xxtrim.xru208.nr1: WARNING: V(i1,c) voltage is greater than specified by vmax
OSDI(debug) n.xxtrim.xru208.nr1: WARNING: V(i2,c) voltage is greater than specified by vmax
OSDI(debug) n.xxtrim.xru207.nr1: WARNING: V(i1,c) voltage is greater than specified by vmax
OSDI(debug) n.xxtrim.xru207.nr1: WARNING: V(i2,c) voltage is greater than specified by vmax
OSDI(debug) n.xxtrim.xru206.nr1: WARNING: V(i1,c) voltage is greater than specified by vmax
OSDI(debug) n.xxtrim.xru206.nr1: WARNING: V(i2,c) voltage is greater than specified by vmax
OSDI(debug) n.xxtrim.xru205.nr1: WARNING: V(i1,c) voltage is greater than specified by vmax
OSDI(debug) n.xxtrim.xru205.nr1: WARNING: V(i2,c) voltage is greater than specified by vmax
OSDI(debug) n.xxtrim.xru204.nr1: WARNING: V(i1,c) voltage is greater than specified by vmax
OSDI(debug) n.xxtrim.xru204.nr1: WARNING: V(i2,c) voltage is greater than specified by vmax
OSDI(debug) n.xxNote: Dynamic gmin stepping completed
trim.xru203.nr1: WARNING: V(i1,c) voltage is greater than specified by vmax
OSDI(debug) n.xxtrim.xru203.nr1: WARNING: V(i2,c) voltage is greater than specified by vmax
OSDI(debug) n.xxtrim.xru202.nr1: WARNING: V(i1,c) voltage is greater than specified by vmax
OSDI(debug) n.xxtrim.xru202.nr1: WARNING: V(i2,c) voltage is greater than specified by vmax
OSDI(debug) n.xxtrim.xru201.nr1: WARNING: V(i1,c) voltage is greater than specified by vmax
OSDI(debug) n.xxtrim.xru201.nr1: WARNING: V(i2,c) voltage is greater than specified by vmax
OSDI(debug) n.xxtrim.xru200.nr1: WARNING: V(i1,c) voltage is greater than specified by vmax
OSDI(debug) n.xxtrim.xru200.nr1: WARNING: V(i2,c) voltage is greater than specified by vmax
OSDI(debug) n.xxtrim.xru199.nr1: WARNING: V(i1,c) voltage is greater than specified by vmax
OSDI(debug) n.xxtrim.xru199.nr1: WARNING: V(i2,c) voltage is greater than specified by vmax
OSDI(debug) n.xxtrim.xru198.nr1: WARNING: V(i1,c) voltage is greater than specified by vmax
OSDI(debug) n.xxtrim.xru198.nr1: WARNING: V(i2,c) voltage is greater than specified by vmax
OSDI(debug) n.xxtrim.xru197.nr1: WARNING: V(i1,c) voltage is greater than specified by vmax
OSDI(debug) n.xxtrim.xru197.nr1: WARNING: V(i2,c) voltage is greater than specified by vmax
OSDI(debug) n.xxtrim.xru196.nr1: WARNING: V(i1,c) voltage is greater than specified by vmax
OSDI(debug) n.xxtrim.xru196.nr1: WARNING: V(i2,c) voltage is greater than specified by vmax
OSDI(debug) n.xxtrim.xru195.nr1: WARNING: V(i1,c) voltage is greater than specified by vmax
OSDI(debug) n.xxtrim.xru195.nr1: WARNING: V(i2,c) voltage is greater than specified by vmax
OSDI(debug) n.xxtrim.xru194.nr1: WARNING: V(i1,c) voltage is greater than specified by vmax
OSDI(debug) n.xxtrim.xru194.nr1: WARNING: V(i2,c) voltage is greater than specified by vmax
OSDI(debug) n.xxtrim.xru193.nr1: WARNING: V(i1,c) voltage is greater than specified by vmax
OSDI(debug) n.xxtrim.xru193.nr1: WARNING: V(i2,c) voltage is greater than specified by vmax
OSDI(debug) n.xxtrim.xru192.nr1: WARNING: V(i1,c) voltage is greater than specified by vmax
OSDI(debug) n.xxtrim.xru192.nr1: WARNING: V(i2,c) voltage is greater than specified by vmax
 Reference value :  2.15443e+06
No. of Data Rows : 271
Note: Simulation executed from .control section 
