

The temperature limiting function received NaN.
Please check your power dissipation and improve your heat sink Rth!
    This message will be shown only once.

Note: Starting dynamic gmin stepping
Note: Dynamic gmin stepping completed

Note: No compatibility mode selected!


Circuit: * sg13g2-bandgap -- bandgap_core + bandgap_startup co-simulated hand-over

Doing analysis at TEMP = -40.000000 and TNOM = 27.000000

Using SPARSE 1.3 as Direct Linear Solver

Initial Transient Solution
--------------------------

Node                                   Voltage
----                                   -------
vdd                                          0
vss                                          0
sub!                                         0
fb                                   -0.529447
sns1                               2.10387e-57
xq1.s1                             8.41547e-67
xq1.t                             1.60165e-130
sns2                               2.53139e-61
cb2                                2.53139e-61
xr2.dt                                       0
xq2.s1                             2.78453e-70
xq2.t                             9.72075e-140
vref                               6.53575e-86
tn0                                6.53575e-86
xr1.dt                                       0
xxtrim.t001                        6.53575e-86
xxtrim.xru1.dt                               0
xxtrim.t002                        6.53575e-86
xxtrim.xru2.dt                               0
xxtrim.t003                        6.53575e-86
xxtrim.xru3.dt                               0
xxtrim.t004                        6.53575e-86
xxtrim.xru4.dt                               0
xxtrim.t005                        6.53575e-86
xxtrim.xru5.dt                               0
xxtrim.t006                        6.53575e-86
xxtrim.xru6.dt                               0
xxtrim.t007                        6.53575e-86
xxtrim.xru7.dt                               0
xxtrim.t008                        6.53575e-86
xxtrim.xru8.dt                               0
xxtrim.t009                        6.53575e-86
xxtrim.xru9.dt                               0
xxtrim.t010                        6.53575e-86
xxtrim.xru10.dt                              0
xxtrim.t011                        6.53575e-86
xxtrim.xru11.dt                              0
xxtrim.t012                        6.53575e-86
xxtrim.xru12.dt                              0
xxtrim.t013                        6.53575e-86
xxtrim.xru13.dt                              0
xxtrim.t014                        6.53575e-86
xxtrim.xru14.dt                              0
xxtrim.t015                        6.53575e-86
xxtrim.xru15.dt                              0
xxtrim.t016                        6.53575e-86
xxtrim.xru16.dt                              0
xxtrim.t017                        6.53575e-86
xxtrim.xru17.dt                              0
xxtrim.t018                        6.53575e-86
xxtrim.xru18.dt                              0
xxtrim.t019                        6.53575e-86
xxtrim.xru19.dt                              0
xxtrim.t020                        6.53575e-86
xxtrim.xru20.dt                              0
xxtrim.t021                        6.53575e-86
xxtrim.xru21.dt                              0
xxtrim.t022                        6.53575e-86
xxtrim.xru22.dt                              0
xxtrim.t023                        6.53575e-86
xxtrim.xru23.dt                              0
xxtrim.t024                        6.53575e-86
xxtrim.xru24.dt                              0
xxtrim.t025                        6.53575e-86
xxtrim.xru25.dt                              0
xxtrim.t026                        6.53575e-86
xxtrim.xru26.dt                              0
xxtrim.t027                        6.53575e-86
xxtrim.xru27.dt                              0
xxtrim.t028                        6.53575e-86
xxtrim.xru28.dt                              0
xxtrim.t029                        6.53575e-86
xxtrim.xru29.dt                              0
xxtrim.t030                        6.53575e-86
xxtrim.xru30.dt                              0
xxtrim.t031                        6.53575e-86
xxtrim.xru31.dt                              0
xxtrim.t032                        6.53575e-86
xxtrim.xru32.dt                              0
xxtrim.t033                        6.53575e-86
xxtrim.xru33.dt                              0
xxtrim.t034                        6.53575e-86
xxtrim.xru34.dt                              0
xxtrim.t035                        6.53575e-86
xxtrim.xru35.dt                              0
xxtrim.t036                        6.53575e-86
xxtrim.xru36.dt                              0
xxtrim.t037                        6.53575e-86
xxtrim.xru37.dt                              0
xxtrim.t038                        6.53575e-86
xxtrim.xru38.dt                              0
xxtrim.t039                        6.53575e-86
xxtrim.xru39.dt                              0
xxtrim.t040                        6.53575e-86
xxtrim.xru40.dt                              0
xxtrim.t041                        6.53575e-86
xxtrim.xru41.dt                              0
xxtrim.t042                        6.53575e-86
xxtrim.xru42.dt                              0
xxtrim.t043                        6.53575e-86
xxtrim.xru43.dt                              0
xxtrim.t044                        6.53575e-86
xxtrim.xru44.dt                              0
xxtrim.t045                        6.53575e-86
xxtrim.xru45.dt                              0
xxtrim.t046                        6.53575e-86
xxtrim.xru46.dt                              0
xxtrim.t047                        6.53575e-86
xxtrim.xru47.dt                              0
xxtrim.t048                        6.53575e-86
xxtrim.xru48.dt                              0
xxtrim.t049                        6.53575e-86
xxtrim.xru49.dt                              0
xxtrim.t050                        6.53575e-86
xxtrim.xru50.dt                              0
xxtrim.t051                        6.53575e-86
xxtrim.xru51.dt                              0
xxtrim.t052                        6.53575e-86
xxtrim.xru52.dt                              0
xxtrim.t053                        6.53575e-86
xxtrim.xru53.dt                              0
xxtrim.t054                        6.53575e-86
xxtrim.xru54.dt                              0
xxtrim.t055                        6.53575e-86
xxtrim.xru55.dt                              0
xxtrim.t056                        6.53575e-86
xxtrim.xru56.dt                              0
xxtrim.t057                        6.53575e-86
xxtrim.xru57.dt                              0
xxtrim.t058                        6.53575e-86
xxtrim.xru58.dt                              0
xxtrim.t059                        6.53575e-86
xxtrim.xru59.dt                              0
xxtrim.t060                        6.53575e-86
xxtrim.xru60.dt                              0
xxtrim.t061                        6.53575e-86
xxtrim.xru61.dt                              0
xxtrim.t062                        6.53575e-86
xxtrim.xru62.dt                              0
xxtrim.t063                        6.53575e-86
xxtrim.xru63.dt                              0
xxtrim.t064                        6.53575e-86
xxtrim.xru64.dt                              0
xxtrim.t065                        6.53575e-86
xxtrim.xru65.dt                              0
xxtrim.t066                        6.53575e-86
xxtrim.xru66.dt                              0
xxtrim.t067                        6.53575e-86
xxtrim.xru67.dt                              0
xxtrim.t068                        6.53575e-86
xxtrim.xru68.dt                              0
xxtrim.t069                        6.53575e-86
xxtrim.xru69.dt                              0
xxtrim.t070                        6.53575e-86
xxtrim.xru70.dt                              0
xxtrim.t071                        6.53575e-86
xxtrim.xru71.dt                              0
xxtrim.t072                        6.53575e-86
xxtrim.xru72.dt                              0
xxtrim.t073                        6.53575e-86
xxtrim.xru73.dt                              0
xxtrim.t074                        6.53575e-86
xxtrim.xru74.dt                              0
xxtrim.t075                        6.53575e-86
xxtrim.xru75.dt                              0
xxtrim.t076                        6.53575e-86
xxtrim.xru76.dt                              0
xxtrim.t077                        6.53575e-86
xxtrim.xru77.dt                              0
xxtrim.t078                        6.53575e-86
xxtrim.xru78.dt                              0
xxtrim.t079                        6.53575e-86
xxtrim.xru79.dt                              0
xxtrim.t080                        6.53575e-86
xxtrim.xru80.dt                              0
xxtrim.t081                        6.53575e-86
xxtrim.xru81.dt                              0
xxtrim.t082                        6.53575e-86
xxtrim.xru82.dt                              0
xxtrim.t083                        6.53575e-86
xxtrim.xru83.dt                              0
xxtrim.t084                        6.53575e-86
xxtrim.xru84.dt                              0
xxtrim.t085                        6.53575e-86
xxtrim.xru85.dt                              0
xxtrim.t086                        6.53575e-86
xxtrim.xru86.dt                              0
xxtrim.t087                        6.53575e-86
xxtrim.xru87.dt                              0
xxtrim.t088                        6.53575e-86
xxtrim.xru88.dt                              0
xxtrim.t089                        6.53575e-86
xxtrim.xru89.dt                              0
xxtrim.t090                        6.53575e-86
xxtrim.xru90.dt                              0
xxtrim.t091                        6.53575e-86
xxtrim.xru91.dt                              0
xxtrim.t092                        6.53575e-86
xxtrim.xru92.dt                              0
xxtrim.t093                        6.53575e-86
xxtrim.xru93.dt                              0
xxtrim.t094                        6.53575e-86
xxtrim.xru94.dt                              0
xxtrim.t095                        6.53575e-86
xxtrim.xru95.dt                              0
xxtrim.t096                        6.53575e-86
xxtrim.xru96.dt                              0
xxtrim.t097                        6.53575e-86
xxtrim.xru97.dt                              0
xxtrim.t098                        6.53575e-86
xxtrim.xru98.dt                              0
xxtrim.t099                        6.53575e-86
xxtrim.xru99.dt                              0
xxtrim.t100                        6.53575e-86
xxtrim.xru100.dt                             0
xxtrim.t101                        6.53575e-86
xxtrim.xru101.dt                             0
xxtrim.t102                        6.53575e-86
xxtrim.xru102.dt                             0
xxtrim.t103                        6.53575e-86
xxtrim.xru103.dt                             0
xxtrim.t104                        6.53575e-86
xxtrim.xru104.dt                             0
xxtrim.t105                        6.53575e-86
xxtrim.xru105.dt                             0
xxtrim.t106                        6.53575e-86
xxtrim.xru106.dt                             0
xxtrim.t107                        6.53575e-86
xxtrim.xru107.dt                             0
xxtrim.t108                        6.53575e-86
xxtrim.xru108.dt                             0
xxtrim.t109                        6.53575e-86
xxtrim.xru109.dt                             0
xxtrim.t110                        6.53575e-86
xxtrim.xru110.dt                             0
xxtrim.t111                        6.53575e-86
xxtrim.xru111.dt                             0
xxtrim.t112                        6.53575e-86
xxtrim.xru112.dt                             0
xxtrim.t113                        6.53575e-86
xxtrim.xru113.dt                             0
xxtrim.t114                        6.53575e-86
xxtrim.xru114.dt                             0
xxtrim.t115                        6.53575e-86
xxtrim.xru115.dt                             0
xxtrim.t116                        6.53575e-86
xxtrim.xru116.dt                             0
xxtrim.t117                        6.53575e-86
xxtrim.xru117.dt                             0
xxtrim.t118                        6.53575e-86
xxtrim.xru118.dt                             0
xxtrim.t119                        6.53575e-86
xxtrim.xru119.dt                             0
xxtrim.t120                        6.53575e-86
xxtrim.xru120.dt                             0
xxtrim.t121                        6.53575e-86
xxtrim.xru121.dt                             0
xxtrim.t122                        6.53575e-86
xxtrim.xru122.dt                             0
xxtrim.t123                        6.53575e-86
xxtrim.xru123.dt                             0
xxtrim.t124                        6.53575e-86
xxtrim.xru124.dt                             0
xxtrim.t125                        6.53575e-86
xxtrim.xru125.dt                             0
xxtrim.t126                        6.53575e-86
xxtrim.xru126.dt                             0
xxtrim.t127                        6.53575e-86
xxtrim.xru127.dt                             0
xxtrim.t128                        6.53575e-86
xxtrim.xru128.dt                             0
xxtrim.t129                        6.53575e-86
xxtrim.xru129.dt                             0
xxtrim.t130                        6.53575e-86
xxtrim.xru130.dt                             0
xxtrim.t131                        6.53575e-86
xxtrim.xru131.dt                             0
xxtrim.t132                        6.53575e-86
xxtrim.xru132.dt                             0
xxtrim.t133                        6.53575e-86
xxtrim.xru133.dt                             0
xxtrim.t134                        6.53575e-86
xxtrim.xru134.dt                             0
xxtrim.t135                        6.53575e-86
xxtrim.xru135.dt                             0
xxtrim.t136                        6.53575e-86
xxtrim.xru136.dt                             0
xxtrim.t137                        6.53575e-86
xxtrim.xru137.dt                             0
xxtrim.t138                        6.53575e-86
xxtrim.xru138.dt                             0
xxtrim.t139                        6.53575e-86
xxtrim.xru139.dt                             0
xxtrim.t140                        6.53575e-86
xxtrim.xru140.dt                             0
xxtrim.t141                        6.53575e-86
xxtrim.xru141.dt                             0
xxtrim.t142                        6.53575e-86
xxtrim.xru142.dt                             0
xxtrim.t143                        6.53575e-86
xxtrim.xru143.dt                             0
xxtrim.t144                        6.53575e-86
xxtrim.xru144.dt                             0
xxtrim.t145                        6.53575e-86
xxtrim.xru145.dt                             0
xxtrim.t146                        6.53575e-86
xxtrim.xru146.dt                             0
xxtrim.t147                        6.53575e-86
xxtrim.xru147.dt                             0
xxtrim.t148                        6.53575e-86
xxtrim.xru148.dt                             0
xxtrim.t149                        6.53575e-86
xxtrim.xru149.dt                             0
xxtrim.t150                        6.53575e-86
xxtrim.xru150.dt                             0
xxtrim.t151                        6.53575e-86
xxtrim.xru151.dt                             0
xxtrim.t152                        6.53575e-86
xxtrim.xru152.dt                             0
xxtrim.t153                        6.53575e-86
xxtrim.xru153.dt                             0
xxtrim.t154                        6.53575e-86
xxtrim.xru154.dt                             0
xxtrim.t155                        6.53575e-86
xxtrim.xru155.dt                             0
xxtrim.t156                        6.53575e-86
xxtrim.xru156.dt                             0
xxtrim.t157                        6.53575e-86
xxtrim.xru157.dt                             0
xxtrim.t158                        6.53575e-86
xxtrim.xru158.dt                             0
xxtrim.t159                        6.53575e-86
xxtrim.xru159.dt                             0
xxtrim.t160                        6.53575e-86
xxtrim.xru160.dt                             0
xxtrim.t161                        6.53575e-86
xxtrim.xru161.dt                             0
xxtrim.t162                        6.53575e-86
xxtrim.xru162.dt                             0
xxtrim.t163                        6.53575e-86
xxtrim.xru163.dt                             0
xxtrim.t164                        6.53575e-86
xxtrim.xru164.dt                             0
xxtrim.t165                        6.53575e-86
xxtrim.xru165.dt                             0
xxtrim.t166                        6.53575e-86
xxtrim.xru166.dt                             0
xxtrim.t167                        6.53575e-86
xxtrim.xru167.dt                             0
xxtrim.t168                        6.53575e-86
xxtrim.xru168.dt                             0
xxtrim.t169                        6.53575e-86
xxtrim.xru169.dt                             0
xxtrim.t170                        6.53575e-86
xxtrim.xru170.dt                             0
xxtrim.t171                        6.53575e-86
xxtrim.xru171.dt                             0
xxtrim.t172                        6.53575e-86
xxtrim.xru172.dt                             0
xxtrim.t173                        6.53575e-86
xxtrim.xru173.dt                             0
xxtrim.t174                        6.53575e-86
xxtrim.xru174.dt                             0
xxtrim.t175                        6.53575e-86
xxtrim.xru175.dt                             0
xxtrim.t176                        6.53575e-86
xxtrim.xru176.dt                             0
xxtrim.t177                        6.53575e-86
xxtrim.xru177.dt                             0
xxtrim.t178                        6.53575e-86
xxtrim.xru178.dt                             0
xxtrim.t179                        6.53575e-86
xxtrim.xru179.dt                             0
xxtrim.t180                        6.53575e-86
xxtrim.xru180.dt                             0
xxtrim.t181                        6.53575e-86
xxtrim.xru181.dt                             0
xxtrim.t182                        6.53575e-86
xxtrim.xru182.dt                             0
xxtrim.t183                        6.53575e-86
xxtrim.xru183.dt                             0
xxtrim.t184                        6.53575e-86
xxtrim.xru184.dt                             0
xxtrim.t185                        6.53575e-86
xxtrim.xru185.dt                             0
xxtrim.t186                        6.53575e-86
xxtrim.xru186.dt                             0
xxtrim.t187                        6.53575e-86
xxtrim.xru187.dt                             0
xxtrim.t188                        6.53575e-86
xxtrim.xru188.dt                             0
xxtrim.t189                        6.53575e-86
xxtrim.xru189.dt                             0
xxtrim.t190                        6.53575e-86
xxtrim.xru190.dt                             0
xxtrim.t191                        6.53575e-86
xxtrim.xru191.dt                             0
xxtrim.t192                        6.53575e-86
xxtrim.xru192.dt                             0
xxtrim.t193                        6.53575e-86
xxtrim.xru193.dt                             0
xxtrim.t194                        6.53575e-86
xxtrim.xru194.dt                             0
xxtrim.t195                        6.53575e-86
xxtrim.xru195.dt                             0
xxtrim.t196                        6.53575e-86
xxtrim.xru196.dt                             0
xxtrim.t197                        6.53575e-86
xxtrim.xru197.dt                             0
xxtrim.t198                        6.53575e-86
xxtrim.xru198.dt                             0
xxtrim.t199                        6.53575e-86
xxtrim.xru199.dt                             0
xxtrim.t200                        6.53575e-86
xxtrim.xru200.dt                             0
xxtrim.t201                        6.53575e-86
xxtrim.xru201.dt                             0
xxtrim.t202                        6.53575e-86
xxtrim.xru202.dt                             0
xxtrim.t203                        6.53575e-86
xxtrim.xru203.dt                             0
xxtrim.t204                        6.53575e-86
xxtrim.xru204.dt                             0
xxtrim.t205                        6.53575e-86
xxtrim.xru205.dt                             0
xxtrim.t206                        6.53575e-86
xxtrim.xru206.dt                             0
xxtrim.t207                        6.53575e-86
xxtrim.xru207.dt                             0
xxtrim.t208                        6.53575e-86
xxtrim.xru208.dt                             0
xxtrim.t209                        6.53575e-86
xxtrim.xru209.dt                             0
xxtrim.t210                        6.53575e-86
xxtrim.xru210.dt                             0
xxtrim.t211                        6.53575e-86
xxtrim.xru211.dt                             0
xxtrim.t212                        6.53575e-86
xxtrim.xru212.dt                             0
xxtrim.t213                        6.53575e-86
xxtrim.xru213.dt                             0
xxtrim.t214                        6.53575e-86
xxtrim.xru214.dt                             0
xxtrim.t215                        6.53575e-86
xxtrim.xru215.dt                             0
xxtrim.t216                        6.53575e-86
xxtrim.xru216.dt                             0
xxtrim.t217                        6.53575e-86
xxtrim.xru217.dt                             0
xxtrim.t218                        6.53575e-86
xxtrim.xru218.dt                             0
xxtrim.t219                        6.53575e-86
xxtrim.xru219.dt                             0
xxtrim.t220                        6.53575e-86
xxtrim.xru220.dt                             0
xxtrim.t221                        6.53575e-86
xxtrim.xru221.dt                             0
xxtrim.t222                        6.53575e-86
xxtrim.xru222.dt                             0
xxtrim.t223                        6.53575e-86
xxtrim.xru223.dt                             0
xxtrim.t224                        6.53575e-86
xxtrim.xru224.dt                             0
xxtrim.t225                        6.53575e-86
xxtrim.xru225.dt                             0
xxtrim.t226                        6.53575e-86
xxtrim.xru226.dt                             0
xxtrim.t227                        6.53575e-86
xxtrim.xru227.dt                             0
xxtrim.t228                        6.53575e-86
xxtrim.xru228.dt                             0
xxtrim.t229                        6.53575e-86
xxtrim.xru229.dt                             0
xxtrim.t230                        6.53575e-86
xxtrim.xru230.dt                             0
xxtrim.t231                        6.53575e-86
xxtrim.xru231.dt                             0
xxtrim.t232                        6.53575e-86
xxtrim.xru232.dt                             0
xxtrim.t233                        6.53575e-86
xxtrim.xru233.dt                             0
xxtrim.t234                        6.53575e-86
xxtrim.xru234.dt                             0
xxtrim.t235                        6.53575e-86
xxtrim.xru235.dt                             0
xxtrim.t236                        6.53575e-86
xxtrim.xru236.dt                             0
xxtrim.t237                        6.53575e-86
xxtrim.xru237.dt                             0
xxtrim.t238                        6.53575e-86
xxtrim.xru238.dt                             0
xxtrim.t239                        6.53575e-86
xxtrim.xru239.dt                             0
xxtrim.t240                        6.53575e-86
xxtrim.xru240.dt                             0
xxtrim.t241                        6.53575e-86
xxtrim.xru241.dt                             0
xxtrim.t242                        6.53575e-86
xxtrim.xru242.dt                             0
xxtrim.t243                        6.53575e-86
xxtrim.xru243.dt                             0
xxtrim.t244                        6.53575e-86
xxtrim.xru244.dt                             0
xxtrim.t245                        6.53575e-86
xxtrim.xru245.dt                             0
xxtrim.t246                        6.53575e-86
xxtrim.xru246.dt                             0
xxtrim.t247                        6.53575e-86
xxtrim.xru247.dt                             0
xxtrim.t248                        6.53575e-86
xxtrim.xru248.dt                             0
xxtrim.t249                        6.53575e-86
xxtrim.xru249.dt                             0
xxtrim.t250                        6.53575e-86
xxtrim.xru250.dt                             0
xxtrim.t251                        6.53575e-86
xxtrim.xru251.dt                             0
xxtrim.t252                        6.53575e-86
xxtrim.xru252.dt                             0
xxtrim.t253                        6.53575e-86
xxtrim.xru253.dt                             0
xxtrim.t254                        6.53575e-86
xxtrim.xru254.dt                             0
cb3                                6.53575e-86
xxtrim.xru255.dt                             0
xq3.s1                              2.6143e-95
xq3.t                             1.47622e-187
det                                          0
xrpu.dt                                      0
fbx                                  -0.529447
vmkfb#branch                      -4.99068e-06
vsub#branch                                  0
vvss#branch                        9.32434e-09
vvdd#branch                       -9.32434e-09

 Reference value :  2.07000e-04 Reference value :  9.57000e-04 Reference value :  1.72100e-03
No. of Data Rows : 1013
v_det_early         =  3.26706e-01
v_fb_early          =  -2.86527e-01
v_det_v             =  2.90957e-03
v_fb_v              =  2.49997e+00
v_sns1_v            =  7.85398e-01
v_vref_v            =  1.10078e+00
i_mkfb_v            =  -1.86991e-14
Note: Simulation executed from .control section 
