

The temperature limiting function received NaN.
Please check your power dissipation and improve your heat sink Rth!
    This message will be shown only once.

Note: Starting dynamic gmin stepping
Note: Dynamic gmin stepping completed

Note: No compatibility mode selected!


Circuit: * sg13g2-bandgap -- bandgap_core + bandgap_startup co-simulated hand-over

Doing analysis at TEMP = -40.000000 and TNOM = 27.000000

Using SPARSE 1.3 as Direct Linear Solver

Initial Transient Solution
--------------------------

Node                                   Voltage
----                                   -------
vdd                                          0
vss                                          0
sub!                                         0
fb                                   -0.599276
sns1                               1.14151e-54
xq1.s1                             4.56603e-64
xq1.t                             5.53889e-125
sns2                               2.09619e-58
cb2                                2.09619e-58
xr2.dt                                       0
xq2.s1                             2.30581e-67
xq2.t                              4.5608e-134
vref                               7.24233e-80
tn0                                7.24233e-80
xr1.dt                                       0
xxtrim.t001                        7.24233e-80
xxtrim.xru1.dt                               0
xxtrim.t002                        7.24233e-80
xxtrim.xru2.dt                               0
xxtrim.t003                        7.24233e-80
xxtrim.xru3.dt                               0
xxtrim.t004                        7.24233e-80
xxtrim.xru4.dt                               0
xxtrim.t005                        7.24233e-80
xxtrim.xru5.dt                               0
xxtrim.t006                        7.24233e-80
xxtrim.xru6.dt                               0
xxtrim.t007                        7.24233e-80
xxtrim.xru7.dt                               0
xxtrim.t008                        7.24233e-80
xxtrim.xru8.dt                               0
xxtrim.t009                        7.24233e-80
xxtrim.xru9.dt                               0
xxtrim.t010                        7.24233e-80
xxtrim.xru10.dt                              0
xxtrim.t011                        7.24233e-80
xxtrim.xru11.dt                              0
xxtrim.t012                        7.24233e-80
xxtrim.xru12.dt                              0
xxtrim.t013                        7.24233e-80
xxtrim.xru13.dt                              0
xxtrim.t014                        7.24233e-80
xxtrim.xru14.dt                              0
xxtrim.t015                        7.24233e-80
xxtrim.xru15.dt                              0
xxtrim.t016                        7.24233e-80
xxtrim.xru16.dt                              0
xxtrim.t017                        7.24233e-80
xxtrim.xru17.dt                              0
xxtrim.t018                        7.24233e-80
xxtrim.xru18.dt                              0
xxtrim.t019                        7.24233e-80
xxtrim.xru19.dt                              0
xxtrim.t020                        7.24233e-80
xxtrim.xru20.dt                              0
xxtrim.t021                        7.24233e-80
xxtrim.xru21.dt                              0
xxtrim.t022                        7.24233e-80
xxtrim.xru22.dt                              0
xxtrim.t023                        7.24233e-80
xxtrim.xru23.dt                              0
xxtrim.t024                        7.24233e-80
xxtrim.xru24.dt                              0
xxtrim.t025                        7.24233e-80
xxtrim.xru25.dt                              0
xxtrim.t026                        7.24233e-80
xxtrim.xru26.dt                              0
xxtrim.t027                        7.24233e-80
xxtrim.xru27.dt                              0
xxtrim.t028                        7.24233e-80
xxtrim.xru28.dt                              0
xxtrim.t029                        7.24233e-80
xxtrim.xru29.dt                              0
xxtrim.t030                        7.24233e-80
xxtrim.xru30.dt                              0
xxtrim.t031                        7.24233e-80
xxtrim.xru31.dt                              0
xxtrim.t032                        7.24233e-80
xxtrim.xru32.dt                              0
xxtrim.t033                        7.24233e-80
xxtrim.xru33.dt                              0
xxtrim.t034                        7.24233e-80
xxtrim.xru34.dt                              0
xxtrim.t035                        7.24233e-80
xxtrim.xru35.dt                              0
xxtrim.t036                        7.24233e-80
xxtrim.xru36.dt                              0
xxtrim.t037                        7.24233e-80
xxtrim.xru37.dt                              0
xxtrim.t038                        7.24233e-80
xxtrim.xru38.dt                              0
xxtrim.t039                        7.24233e-80
xxtrim.xru39.dt                              0
xxtrim.t040                        7.24233e-80
xxtrim.xru40.dt                              0
xxtrim.t041                        7.24233e-80
xxtrim.xru41.dt                              0
xxtrim.t042                        7.24233e-80
xxtrim.xru42.dt                              0
xxtrim.t043                        7.24233e-80
xxtrim.xru43.dt                              0
xxtrim.t044                        7.24233e-80
xxtrim.xru44.dt                              0
xxtrim.t045                        7.24233e-80
xxtrim.xru45.dt                              0
xxtrim.t046                        7.24233e-80
xxtrim.xru46.dt                              0
xxtrim.t047                        7.24233e-80
xxtrim.xru47.dt                              0
xxtrim.t048                        7.24233e-80
xxtrim.xru48.dt                              0
xxtrim.t049                        7.24233e-80
xxtrim.xru49.dt                              0
xxtrim.t050                        7.24233e-80
xxtrim.xru50.dt                              0
xxtrim.t051                        7.24233e-80
xxtrim.xru51.dt                              0
xxtrim.t052                        7.24233e-80
xxtrim.xru52.dt                              0
xxtrim.t053                        7.24233e-80
xxtrim.xru53.dt                              0
xxtrim.t054                        7.24233e-80
xxtrim.xru54.dt                              0
xxtrim.t055                        7.24233e-80
xxtrim.xru55.dt                              0
xxtrim.t056                        7.24233e-80
xxtrim.xru56.dt                              0
xxtrim.t057                        7.24233e-80
xxtrim.xru57.dt                              0
xxtrim.t058                        7.24233e-80
xxtrim.xru58.dt                              0
xxtrim.t059                        7.24233e-80
xxtrim.xru59.dt                              0
xxtrim.t060                        7.24233e-80
xxtrim.xru60.dt                              0
xxtrim.t061                        7.24233e-80
xxtrim.xru61.dt                              0
xxtrim.t062                        7.24233e-80
xxtrim.xru62.dt                              0
xxtrim.t063                        7.24233e-80
xxtrim.xru63.dt                              0
xxtrim.t064                        7.24233e-80
xxtrim.xru64.dt                              0
xxtrim.t065                        7.24233e-80
xxtrim.xru65.dt                              0
xxtrim.t066                        7.24233e-80
xxtrim.xru66.dt                              0
xxtrim.t067                        7.24233e-80
xxtrim.xru67.dt                              0
xxtrim.t068                        7.24233e-80
xxtrim.xru68.dt                              0
xxtrim.t069                        7.24233e-80
xxtrim.xru69.dt                              0
xxtrim.t070                        7.24233e-80
xxtrim.xru70.dt                              0
xxtrim.t071                        7.24233e-80
xxtrim.xru71.dt                              0
xxtrim.t072                        7.24233e-80
xxtrim.xru72.dt                              0
xxtrim.t073                        7.24233e-80
xxtrim.xru73.dt                              0
xxtrim.t074                        7.24233e-80
xxtrim.xru74.dt                              0
xxtrim.t075                        7.24233e-80
xxtrim.xru75.dt                              0
xxtrim.t076                        7.24233e-80
xxtrim.xru76.dt                              0
xxtrim.t077                        7.24233e-80
xxtrim.xru77.dt                              0
xxtrim.t078                        7.24233e-80
xxtrim.xru78.dt                              0
xxtrim.t079                        7.24233e-80
xxtrim.xru79.dt                              0
xxtrim.t080                        7.24233e-80
xxtrim.xru80.dt                              0
xxtrim.t081                        7.24233e-80
xxtrim.xru81.dt                              0
xxtrim.t082                        7.24233e-80
xxtrim.xru82.dt                              0
xxtrim.t083                        7.24233e-80
xxtrim.xru83.dt                              0
xxtrim.t084                        7.24233e-80
xxtrim.xru84.dt                              0
xxtrim.t085                        7.24233e-80
xxtrim.xru85.dt                              0
xxtrim.t086                        7.24233e-80
xxtrim.xru86.dt                              0
xxtrim.t087                        7.24233e-80
xxtrim.xru87.dt                              0
xxtrim.t088                        7.24233e-80
xxtrim.xru88.dt                              0
xxtrim.t089                        7.24233e-80
xxtrim.xru89.dt                              0
xxtrim.t090                        7.24233e-80
xxtrim.xru90.dt                              0
xxtrim.t091                        7.24233e-80
xxtrim.xru91.dt                              0
xxtrim.t092                        7.24233e-80
xxtrim.xru92.dt                              0
xxtrim.t093                        7.24233e-80
xxtrim.xru93.dt                              0
xxtrim.t094                        7.24233e-80
xxtrim.xru94.dt                              0
xxtrim.t095                        7.24233e-80
xxtrim.xru95.dt                              0
xxtrim.t096                        7.24233e-80
xxtrim.xru96.dt                              0
xxtrim.t097                        7.24233e-80
xxtrim.xru97.dt                              0
xxtrim.t098                        7.24233e-80
xxtrim.xru98.dt                              0
xxtrim.t099                        7.24233e-80
xxtrim.xru99.dt                              0
xxtrim.t100                        7.24233e-80
xxtrim.xru100.dt                             0
xxtrim.t101                        7.24233e-80
xxtrim.xru101.dt                             0
xxtrim.t102                        7.24233e-80
xxtrim.xru102.dt                             0
xxtrim.t103                        7.24233e-80
xxtrim.xru103.dt                             0
xxtrim.t104                        7.24233e-80
xxtrim.xru104.dt                             0
xxtrim.t105                        7.24233e-80
xxtrim.xru105.dt                             0
xxtrim.t106                        7.24233e-80
xxtrim.xru106.dt                             0
xxtrim.t107                        7.24233e-80
xxtrim.xru107.dt                             0
xxtrim.t108                        7.24233e-80
xxtrim.xru108.dt                             0
xxtrim.t109                        7.24233e-80
xxtrim.xru109.dt                             0
xxtrim.t110                        7.24233e-80
xxtrim.xru110.dt                             0
xxtrim.t111                        7.24233e-80
xxtrim.xru111.dt                             0
xxtrim.t112                        7.24233e-80
xxtrim.xru112.dt                             0
xxtrim.t113                        7.24233e-80
xxtrim.xru113.dt                             0
xxtrim.t114                        7.24233e-80
xxtrim.xru114.dt                             0
xxtrim.t115                        7.24233e-80
xxtrim.xru115.dt                             0
xxtrim.t116                        7.24233e-80
xxtrim.xru116.dt                             0
xxtrim.t117                        7.24233e-80
xxtrim.xru117.dt                             0
xxtrim.t118                        7.24233e-80
xxtrim.xru118.dt                             0
xxtrim.t119                        7.24233e-80
xxtrim.xru119.dt                             0
xxtrim.t120                        7.24233e-80
xxtrim.xru120.dt                             0
xxtrim.t121                        7.24233e-80
xxtrim.xru121.dt                             0
xxtrim.t122                        7.24233e-80
xxtrim.xru122.dt                             0
xxtrim.t123                        7.24233e-80
xxtrim.xru123.dt                             0
xxtrim.t124                        7.24233e-80
xxtrim.xru124.dt                             0
xxtrim.t125                        7.24233e-80
xxtrim.xru125.dt                             0
xxtrim.t126                        7.24233e-80
xxtrim.xru126.dt                             0
xxtrim.t127                        7.24233e-80
xxtrim.xru127.dt                             0
xxtrim.t128                        7.24233e-80
xxtrim.xru128.dt                             0
xxtrim.t129                        7.24233e-80
xxtrim.xru129.dt                             0
xxtrim.t130                        7.24233e-80
xxtrim.xru130.dt                             0
xxtrim.t131                        7.24233e-80
xxtrim.xru131.dt                             0
xxtrim.t132                        7.24233e-80
xxtrim.xru132.dt                             0
xxtrim.t133                        7.24233e-80
xxtrim.xru133.dt                             0
xxtrim.t134                        7.24233e-80
xxtrim.xru134.dt                             0
xxtrim.t135                        7.24233e-80
xxtrim.xru135.dt                             0
xxtrim.t136                        7.24233e-80
xxtrim.xru136.dt                             0
xxtrim.t137                        7.24233e-80
xxtrim.xru137.dt                             0
xxtrim.t138                        7.24233e-80
xxtrim.xru138.dt                             0
xxtrim.t139                        7.24233e-80
xxtrim.xru139.dt                             0
xxtrim.t140                        7.24233e-80
xxtrim.xru140.dt                             0
xxtrim.t141                        7.24233e-80
xxtrim.xru141.dt                             0
xxtrim.t142                        7.24233e-80
xxtrim.xru142.dt                             0
xxtrim.t143                        7.24233e-80
xxtrim.xru143.dt                             0
xxtrim.t144                        7.24233e-80
xxtrim.xru144.dt                             0
xxtrim.t145                        7.24233e-80
xxtrim.xru145.dt                             0
xxtrim.t146                        7.24233e-80
xxtrim.xru146.dt                             0
xxtrim.t147                        7.24233e-80
xxtrim.xru147.dt                             0
xxtrim.t148                        7.24233e-80
xxtrim.xru148.dt                             0
xxtrim.t149                        7.24233e-80
xxtrim.xru149.dt                             0
xxtrim.t150                        7.24233e-80
xxtrim.xru150.dt                             0
xxtrim.t151                        7.24233e-80
xxtrim.xru151.dt                             0
xxtrim.t152                        7.24233e-80
xxtrim.xru152.dt                             0
xxtrim.t153                        7.24233e-80
xxtrim.xru153.dt                             0
xxtrim.t154                        7.24233e-80
xxtrim.xru154.dt                             0
xxtrim.t155                        7.24233e-80
xxtrim.xru155.dt                             0
xxtrim.t156                        7.24233e-80
xxtrim.xru156.dt                             0
xxtrim.t157                        7.24233e-80
xxtrim.xru157.dt                             0
xxtrim.t158                        7.24233e-80
xxtrim.xru158.dt                             0
xxtrim.t159                        7.24233e-80
xxtrim.xru159.dt                             0
xxtrim.t160                        7.24233e-80
xxtrim.xru160.dt                             0
xxtrim.t161                        7.24233e-80
xxtrim.xru161.dt                             0
xxtrim.t162                        7.24233e-80
xxtrim.xru162.dt                             0
xxtrim.t163                        7.24233e-80
xxtrim.xru163.dt                             0
xxtrim.t164                        7.24233e-80
xxtrim.xru164.dt                             0
xxtrim.t165                        7.24233e-80
xxtrim.xru165.dt                             0
xxtrim.t166                        7.24233e-80
xxtrim.xru166.dt                             0
xxtrim.t167                        7.24233e-80
xxtrim.xru167.dt                             0
xxtrim.t168                        7.24233e-80
xxtrim.xru168.dt                             0
xxtrim.t169                        7.24233e-80
xxtrim.xru169.dt                             0
xxtrim.t170                        7.24233e-80
xxtrim.xru170.dt                             0
xxtrim.t171                        7.24233e-80
xxtrim.xru171.dt                             0
xxtrim.t172                        7.24233e-80
xxtrim.xru172.dt                             0
xxtrim.t173                        7.24233e-80
xxtrim.xru173.dt                             0
xxtrim.t174                        7.24233e-80
xxtrim.xru174.dt                             0
xxtrim.t175                        7.24233e-80
xxtrim.xru175.dt                             0
xxtrim.t176                        7.24233e-80
xxtrim.xru176.dt                             0
xxtrim.t177                        7.24233e-80
xxtrim.xru177.dt                             0
xxtrim.t178                        7.24233e-80
xxtrim.xru178.dt                             0
xxtrim.t179                        7.24233e-80
xxtrim.xru179.dt                             0
xxtrim.t180                        7.24233e-80
xxtrim.xru180.dt                             0
xxtrim.t181                        7.24233e-80
xxtrim.xru181.dt                             0
xxtrim.t182                        7.24233e-80
xxtrim.xru182.dt                             0
xxtrim.t183                        7.24233e-80
xxtrim.xru183.dt                             0
xxtrim.t184                        7.24233e-80
xxtrim.xru184.dt                             0
xxtrim.t185                        7.24233e-80
xxtrim.xru185.dt                             0
xxtrim.t186                        7.24233e-80
xxtrim.xru186.dt                             0
xxtrim.t187                        7.24233e-80
xxtrim.xru187.dt                             0
xxtrim.t188                        7.24233e-80
xxtrim.xru188.dt                             0
xxtrim.t189                        7.24233e-80
xxtrim.xru189.dt                             0
xxtrim.t190                        7.24233e-80
xxtrim.xru190.dt                             0
xxtrim.t191                        7.24233e-80
xxtrim.xru191.dt                             0
xxtrim.t192                        7.24233e-80
xxtrim.xru192.dt                             0
xxtrim.t193                        7.24233e-80
xxtrim.xru193.dt                             0
xxtrim.t194                        7.24233e-80
xxtrim.xru194.dt                             0
xxtrim.t195                        7.24233e-80
xxtrim.xru195.dt                             0
xxtrim.t196                        7.24233e-80
xxtrim.xru196.dt                             0
xxtrim.t197                        7.24233e-80
xxtrim.xru197.dt                             0
xxtrim.t198                        7.24233e-80
xxtrim.xru198.dt                             0
xxtrim.t199                        7.24233e-80
xxtrim.xru199.dt                             0
xxtrim.t200                        7.24233e-80
xxtrim.xru200.dt                             0
xxtrim.t201                        7.24233e-80
xxtrim.xru201.dt                             0
xxtrim.t202                        7.24233e-80
xxtrim.xru202.dt                             0
xxtrim.t203                        7.24233e-80
xxtrim.xru203.dt                             0
xxtrim.t204                        7.24233e-80
xxtrim.xru204.dt                             0
xxtrim.t205                        7.24233e-80
xxtrim.xru205.dt                             0
xxtrim.t206                        7.24233e-80
xxtrim.xru206.dt                             0
xxtrim.t207                        7.24233e-80
xxtrim.xru207.dt                             0
xxtrim.t208                        7.24233e-80
xxtrim.xru208.dt                             0
xxtrim.t209                        7.24233e-80
xxtrim.xru209.dt                             0
xxtrim.t210                        7.24233e-80
xxtrim.xru210.dt                             0
xxtrim.t211                        7.24233e-80
xxtrim.xru211.dt                             0
xxtrim.t212                        7.24233e-80
xxtrim.xru212.dt                             0
xxtrim.t213                        7.24233e-80
xxtrim.xru213.dt                             0
xxtrim.t214                        7.24233e-80
xxtrim.xru214.dt                             0
xxtrim.t215                        7.24233e-80
xxtrim.xru215.dt                             0
xxtrim.t216                        7.24233e-80
xxtrim.xru216.dt                             0
xxtrim.t217                        7.24233e-80
xxtrim.xru217.dt                             0
xxtrim.t218                        7.24233e-80
xxtrim.xru218.dt                             0
xxtrim.t219                        7.24233e-80
xxtrim.xru219.dt                             0
xxtrim.t220                        7.24233e-80
xxtrim.xru220.dt                             0
xxtrim.t221                        7.24233e-80
xxtrim.xru221.dt                             0
xxtrim.t222                        7.24233e-80
xxtrim.xru222.dt                             0
xxtrim.t223                        7.24233e-80
xxtrim.xru223.dt                             0
xxtrim.t224                        7.24233e-80
xxtrim.xru224.dt                             0
xxtrim.t225                        7.24233e-80
xxtrim.xru225.dt                             0
xxtrim.t226                        7.24233e-80
xxtrim.xru226.dt                             0
xxtrim.t227                        7.24233e-80
xxtrim.xru227.dt                             0
xxtrim.t228                        7.24233e-80
xxtrim.xru228.dt                             0
xxtrim.t229                        7.24233e-80
xxtrim.xru229.dt                             0
xxtrim.t230                        7.24233e-80
xxtrim.xru230.dt                             0
xxtrim.t231                        7.24233e-80
xxtrim.xru231.dt                             0
xxtrim.t232                        7.24233e-80
xxtrim.xru232.dt                             0
xxtrim.t233                        7.24233e-80
xxtrim.xru233.dt                             0
xxtrim.t234                        7.24233e-80
xxtrim.xru234.dt                             0
xxtrim.t235                        7.24233e-80
xxtrim.xru235.dt                             0
xxtrim.t236                        7.24233e-80
xxtrim.xru236.dt                             0
xxtrim.t237                        7.24233e-80
xxtrim.xru237.dt                             0
xxtrim.t238                        7.24233e-80
xxtrim.xru238.dt                             0
xxtrim.t239                        7.24233e-80
xxtrim.xru239.dt                             0
xxtrim.t240                        7.24233e-80
xxtrim.xru240.dt                             0
xxtrim.t241                        7.24233e-80
xxtrim.xru241.dt                             0
xxtrim.t242                        7.24233e-80
xxtrim.xru242.dt                             0
xxtrim.t243                        7.24233e-80
xxtrim.xru243.dt                             0
xxtrim.t244                        7.24233e-80
xxtrim.xru244.dt                             0
xxtrim.t245                        7.24233e-80
xxtrim.xru245.dt                             0
xxtrim.t246                        7.24233e-80
xxtrim.xru246.dt                             0
xxtrim.t247                        7.24233e-80
xxtrim.xru247.dt                             0
xxtrim.t248                        7.24233e-80
xxtrim.xru248.dt                             0
xxtrim.t249                        7.24233e-80
xxtrim.xru249.dt                             0
xxtrim.t250                        7.24233e-80
xxtrim.xru250.dt                             0
xxtrim.t251                        7.24233e-80
xxtrim.xru251.dt                             0
xxtrim.t252                        7.24233e-80
xxtrim.xru252.dt                             0
xxtrim.t253                        7.24233e-80
xxtrim.xru253.dt                             0
xxtrim.t254                        7.24233e-80
xxtrim.xru254.dt                             0
cb3                                7.24233e-80
xxtrim.xru255.dt                             0
xq3.s1                             2.89693e-89
xq3.t                             2.14291e-175
det                                          0
xrpu.dt                                      0
fbx                                  -0.599276
vmkfb#branch                      -4.96047e-06
vsub#branch                                  0
vvss#branch                        3.95348e-08
vvdd#branch                       -3.95348e-08

 Reference value :  2.21000e-04 Reference value :  9.61000e-04 Reference value :  1.71500e-03
No. of Data Rows : 1012
v_det_early         =  2.93251e-01
v_fb_early          =  -3.82567e-01
v_det_v             =  4.75945e-03
v_fb_v              =  2.14187e+00
v_sns1_v            =  7.90058e-01
v_vref_v            =  1.13496e+00
i_mkfb_v            =  5.11540e-16
Note: Simulation executed from .control section 
