
Note: No compatibility mode selected!


Circuit: * sg13g2-bandgap -- bandgap_core + bandgap_startup co-simulated hand-over

Doing analysis at TEMP = 27.000000 and TNOM = 27.000000

Using SPARSE 1.3 as Direct Linear Solver

Initial Transient Solution
--------------------------

Node                                   Voltage
----                                   -------
vdd                                          0
vss                                          0
sub!                                         0
fb                                   -0.573784
sns1                               1.35882e-18
xq1.s1                             5.43528e-28
xq1.t                              5.31034e-52
sns2                                3.1234e-19
cb2                                 3.1234e-19
xr2.dt                                       0
xq2.s1                             3.43574e-28
xq2.t                              2.63071e-53
vref                               1.20764e-18
tn0                                1.20764e-18
xr1.dt                                       0
xxtrim.t001                        1.20764e-18
xxtrim.xru1.dt                               0
xxtrim.t002                        1.20764e-18
xxtrim.xru2.dt                               0
xxtrim.t003                        1.20764e-18
xxtrim.xru3.dt                               0
xxtrim.t004                        1.20764e-18
xxtrim.xru4.dt                               0
xxtrim.t005                        1.20764e-18
xxtrim.xru5.dt                               0
xxtrim.t006                        1.20764e-18
xxtrim.xru6.dt                               0
xxtrim.t007                        1.20764e-18
xxtrim.xru7.dt                               0
xxtrim.t008                        1.20764e-18
xxtrim.xru8.dt                               0
xxtrim.t009                        1.20764e-18
xxtrim.xru9.dt                               0
xxtrim.t010                        1.20764e-18
xxtrim.xru10.dt                              0
xxtrim.t011                        1.20764e-18
xxtrim.xru11.dt                              0
xxtrim.t012                        1.20764e-18
xxtrim.xru12.dt                              0
xxtrim.t013                        1.20764e-18
xxtrim.xru13.dt                              0
xxtrim.t014                        1.20764e-18
xxtrim.xru14.dt                              0
xxtrim.t015                        1.20764e-18
xxtrim.xru15.dt                              0
xxtrim.t016                        1.20764e-18
xxtrim.xru16.dt                              0
xxtrim.t017                        1.20764e-18
xxtrim.xru17.dt                              0
xxtrim.t018                        1.20764e-18
xxtrim.xru18.dt                              0
xxtrim.t019                        1.20764e-18
xxtrim.xru19.dt                              0
xxtrim.t020                        1.20764e-18
xxtrim.xru20.dt                              0
xxtrim.t021                        1.20764e-18
xxtrim.xru21.dt                              0
xxtrim.t022                        1.20764e-18
xxtrim.xru22.dt                              0
xxtrim.t023                        1.20764e-18
xxtrim.xru23.dt                              0
xxtrim.t024                        1.20764e-18
xxtrim.xru24.dt                              0
xxtrim.t025                        1.20764e-18
xxtrim.xru25.dt                              0
xxtrim.t026                        1.20764e-18
xxtrim.xru26.dt                              0
xxtrim.t027                        1.20764e-18
xxtrim.xru27.dt                              0
xxtrim.t028                        1.20764e-18
xxtrim.xru28.dt                              0
xxtrim.t029                        1.20764e-18
xxtrim.xru29.dt                              0
xxtrim.t030                        1.20764e-18
xxtrim.xru30.dt                              0
xxtrim.t031                        1.20764e-18
xxtrim.xru31.dt                              0
xxtrim.t032                        1.20764e-18
xxtrim.xru32.dt                              0
xxtrim.t033                        1.20764e-18
xxtrim.xru33.dt                              0
xxtrim.t034                        1.20764e-18
xxtrim.xru34.dt                              0
xxtrim.t035                        1.20764e-18
xxtrim.xru35.dt                              0
xxtrim.t036                        1.20764e-18
xxtrim.xru36.dt                              0
xxtrim.t037                        1.20764e-18
xxtrim.xru37.dt                              0
xxtrim.t038                        1.20764e-18
xxtrim.xru38.dt                              0
xxtrim.t039                        1.20764e-18
xxtrim.xru39.dt                              0
xxtrim.t040                        1.20764e-18
xxtrim.xru40.dt                              0
xxtrim.t041                        1.20764e-18
xxtrim.xru41.dt                              0
xxtrim.t042                        1.20764e-18
xxtrim.xru42.dt                              0
xxtrim.t043                        1.20764e-18
xxtrim.xru43.dt                              0
xxtrim.t044                        1.20764e-18
xxtrim.xru44.dt                              0
xxtrim.t045                        1.20764e-18
xxtrim.xru45.dt                              0
xxtrim.t046                        1.20764e-18
xxtrim.xru46.dt                              0
xxtrim.t047                        1.20764e-18
xxtrim.xru47.dt                              0
xxtrim.t048                        1.20764e-18
xxtrim.xru48.dt                              0
xxtrim.t049                        1.20764e-18
xxtrim.xru49.dt                              0
xxtrim.t050                        1.20764e-18
xxtrim.xru50.dt                              0
xxtrim.t051                        1.20764e-18
xxtrim.xru51.dt                              0
xxtrim.t052                        1.20764e-18
xxtrim.xru52.dt                              0
xxtrim.t053                        1.20764e-18
xxtrim.xru53.dt                              0
xxtrim.t054                        1.20764e-18
xxtrim.xru54.dt                              0
xxtrim.t055                        1.20764e-18
xxtrim.xru55.dt                              0
xxtrim.t056                        1.20764e-18
xxtrim.xru56.dt                              0
xxtrim.t057                        1.20764e-18
xxtrim.xru57.dt                              0
xxtrim.t058                        1.20764e-18
xxtrim.xru58.dt                              0
xxtrim.t059                        1.20764e-18
xxtrim.xru59.dt                              0
xxtrim.t060                        1.20764e-18
xxtrim.xru60.dt                              0
xxtrim.t061                        1.20764e-18
xxtrim.xru61.dt                              0
xxtrim.t062                        1.20764e-18
xxtrim.xru62.dt                              0
xxtrim.t063                        1.20764e-18
xxtrim.xru63.dt                              0
xxtrim.t064                        1.20764e-18
xxtrim.xru64.dt                              0
xxtrim.t065                        1.20764e-18
xxtrim.xru65.dt                              0
xxtrim.t066                        1.20764e-18
xxtrim.xru66.dt                              0
xxtrim.t067                        1.20764e-18
xxtrim.xru67.dt                              0
xxtrim.t068                        1.20764e-18
xxtrim.xru68.dt                              0
xxtrim.t069                        1.20764e-18
xxtrim.xru69.dt                              0
xxtrim.t070                        1.20764e-18
xxtrim.xru70.dt                              0
xxtrim.t071                        1.20764e-18
xxtrim.xru71.dt                              0
xxtrim.t072                        1.20764e-18
xxtrim.xru72.dt                              0
xxtrim.t073                        1.20764e-18
xxtrim.xru73.dt                              0
xxtrim.t074                        1.20764e-18
xxtrim.xru74.dt                              0
xxtrim.t075                        1.20764e-18
xxtrim.xru75.dt                              0
xxtrim.t076                        1.20764e-18
xxtrim.xru76.dt                              0
xxtrim.t077                        1.20764e-18
xxtrim.xru77.dt                              0
xxtrim.t078                        1.20764e-18
xxtrim.xru78.dt                              0
xxtrim.t079                        1.20764e-18
xxtrim.xru79.dt                              0
xxtrim.t080                        1.20764e-18
xxtrim.xru80.dt                              0
xxtrim.t081                        1.20764e-18
xxtrim.xru81.dt                              0
xxtrim.t082                        1.20764e-18
xxtrim.xru82.dt                              0
xxtrim.t083                        1.20764e-18
xxtrim.xru83.dt                              0
xxtrim.t084                        1.20764e-18
xxtrim.xru84.dt                              0
xxtrim.t085                        1.20764e-18
xxtrim.xru85.dt                              0
xxtrim.t086                        1.20764e-18
xxtrim.xru86.dt                              0
xxtrim.t087                        1.20764e-18
xxtrim.xru87.dt                              0
xxtrim.t088                        1.20764e-18
xxtrim.xru88.dt                              0
xxtrim.t089                        1.20764e-18
xxtrim.xru89.dt                              0
xxtrim.t090                        1.20764e-18
xxtrim.xru90.dt                              0
xxtrim.t091                        1.20764e-18
xxtrim.xru91.dt                              0
xxtrim.t092                        1.20764e-18
xxtrim.xru92.dt                              0
xxtrim.t093                        1.20764e-18
xxtrim.xru93.dt                              0
xxtrim.t094                        1.20764e-18
xxtrim.xru94.dt                              0
xxtrim.t095                        1.20764e-18
xxtrim.xru95.dt                              0
xxtrim.t096                        1.20764e-18
xxtrim.xru96.dt                              0
xxtrim.t097                        1.20764e-18
xxtrim.xru97.dt                              0
xxtrim.t098                        1.20764e-18
xxtrim.xru98.dt                              0
xxtrim.t099                        1.20764e-18
xxtrim.xru99.dt                              0
xxtrim.t100                        1.20764e-18
xxtrim.xru100.dt                             0
xxtrim.t101                        1.20764e-18
xxtrim.xru101.dt                             0
xxtrim.t102                        1.20764e-18
xxtrim.xru102.dt                             0
xxtrim.t103                        1.20764e-18
xxtrim.xru103.dt                             0
xxtrim.t104                        1.20764e-18
xxtrim.xru104.dt                             0
xxtrim.t105                        1.20764e-18
xxtrim.xru105.dt                             0
xxtrim.t106                        1.20764e-18
xxtrim.xru106.dt                             0
xxtrim.t107                        1.20764e-18
xxtrim.xru107.dt                             0
xxtrim.t108                        1.20764e-18
xxtrim.xru108.dt                             0
xxtrim.t109                        1.20764e-18
xxtrim.xru109.dt                             0
xxtrim.t110                        1.20764e-18
xxtrim.xru110.dt                             0
xxtrim.t111                        1.20764e-18
xxtrim.xru111.dt                             0
xxtrim.t112                        1.20764e-18
xxtrim.xru112.dt                             0
xxtrim.t113                        1.20764e-18
xxtrim.xru113.dt                             0
xxtrim.t114                        1.20764e-18
xxtrim.xru114.dt                             0
xxtrim.t115                        1.20764e-18
xxtrim.xru115.dt                             0
xxtrim.t116                        1.20764e-18
xxtrim.xru116.dt                             0
xxtrim.t117                        1.20764e-18
xxtrim.xru117.dt                             0
xxtrim.t118                        1.20764e-18
xxtrim.xru118.dt                             0
xxtrim.t119                        1.20764e-18
xxtrim.xru119.dt                             0
xxtrim.t120                        1.20764e-18
xxtrim.xru120.dt                             0
xxtrim.t121                        1.20764e-18
xxtrim.xru121.dt                             0
xxtrim.t122                        1.20764e-18
xxtrim.xru122.dt                             0
xxtrim.t123                        1.20764e-18
xxtrim.xru123.dt                             0
xxtrim.t124                        1.20764e-18
xxtrim.xru124.dt                             0
xxtrim.t125                        1.20764e-18
xxtrim.xru125.dt                             0
xxtrim.t126                        1.20764e-18
xxtrim.xru126.dt                             0
xxtrim.t127                        1.20764e-18
xxtrim.xru127.dt                             0
xxtrim.t128                        1.20764e-18
xxtrim.xru128.dt                             0
xxtrim.t129                        1.20764e-18
xxtrim.xru129.dt                             0
xxtrim.t130                        1.20764e-18
xxtrim.xru130.dt                             0
xxtrim.t131                        1.20764e-18
xxtrim.xru131.dt                             0
xxtrim.t132                        1.20764e-18
xxtrim.xru132.dt                             0
xxtrim.t133                        1.20764e-18
xxtrim.xru133.dt                             0
xxtrim.t134                        1.20764e-18
xxtrim.xru134.dt                             0
xxtrim.t135                        1.20764e-18
xxtrim.xru135.dt                             0
xxtrim.t136                        1.20764e-18
xxtrim.xru136.dt                             0
xxtrim.t137                        1.20764e-18
xxtrim.xru137.dt                             0
xxtrim.t138                        1.20764e-18
xxtrim.xru138.dt                             0
xxtrim.t139                        1.20764e-18
xxtrim.xru139.dt                             0
xxtrim.t140                        1.20764e-18
xxtrim.xru140.dt                             0
xxtrim.t141                        1.20764e-18
xxtrim.xru141.dt                             0
xxtrim.t142                        1.20764e-18
xxtrim.xru142.dt                             0
xxtrim.t143                        1.20764e-18
xxtrim.xru143.dt                             0
xxtrim.t144                        1.20764e-18
xxtrim.xru144.dt                             0
xxtrim.t145                        1.20764e-18
xxtrim.xru145.dt                             0
xxtrim.t146                        1.20764e-18
xxtrim.xru146.dt                             0
xxtrim.t147                        1.20764e-18
xxtrim.xru147.dt                             0
xxtrim.t148                        1.20764e-18
xxtrim.xru148.dt                             0
xxtrim.t149                        1.20764e-18
xxtrim.xru149.dt                             0
xxtrim.t150                        1.20764e-18
xxtrim.xru150.dt                             0
xxtrim.t151                        1.20764e-18
xxtrim.xru151.dt                             0
xxtrim.t152                        1.20764e-18
xxtrim.xru152.dt                             0
xxtrim.t153                        1.20764e-18
xxtrim.xru153.dt                             0
xxtrim.t154                        1.20764e-18
xxtrim.xru154.dt                             0
xxtrim.t155                        1.20764e-18
xxtrim.xru155.dt                             0
xxtrim.t156                        1.20764e-18
xxtrim.xru156.dt                             0
xxtrim.t157                        1.20764e-18
xxtrim.xru157.dt                             0
xxtrim.t158                        1.20764e-18
xxtrim.xru158.dt                             0
xxtrim.t159                        1.20764e-18
xxtrim.xru159.dt                             0
xxtrim.t160                        1.20764e-18
xxtrim.xru160.dt                             0
xxtrim.t161                        1.20764e-18
xxtrim.xru161.dt                             0
xxtrim.t162                        1.20764e-18
xxtrim.xru162.dt                             0
xxtrim.t163                        1.20764e-18
xxtrim.xru163.dt                             0
xxtrim.t164                        1.20764e-18
xxtrim.xru164.dt                             0
xxtrim.t165                        1.20764e-18
xxtrim.xru165.dt                             0
xxtrim.t166                        1.20764e-18
xxtrim.xru166.dt                             0
xxtrim.t167                        1.20764e-18
xxtrim.xru167.dt                             0
xxtrim.t168                        1.20764e-18
xxtrim.xru168.dt                             0
xxtrim.t169                        1.20764e-18
xxtrim.xru169.dt                             0
xxtrim.t170                        1.20764e-18
xxtrim.xru170.dt                             0
xxtrim.t171                        1.20764e-18
xxtrim.xru171.dt                             0
xxtrim.t172                        1.20764e-18
xxtrim.xru172.dt                             0
xxtrim.t173                        1.20764e-18
xxtrim.xru173.dt                             0
xxtrim.t174                        1.20764e-18
xxtrim.xru174.dt                             0
xxtrim.t175                        1.20764e-18
xxtrim.xru175.dt                             0
xxtrim.t176                        1.20764e-18
xxtrim.xru176.dt                             0
xxtrim.t177                        1.20764e-18
xxtrim.xru177.dt                             0
xxtrim.t178                        1.20764e-18
xxtrim.xru178.dt                             0
xxtrim.t179                        1.20764e-18
xxtrim.xru179.dt                             0
xxtrim.t180                        1.20764e-18
xxtrim.xru180.dt                             0
xxtrim.t181                        1.20764e-18
xxtrim.xru181.dt                             0
xxtrim.t182                        1.20764e-18
xxtrim.xru182.dt                             0
xxtrim.t183                        1.20764e-18
xxtrim.xru183.dt                             0
xxtrim.t184                        1.20764e-18
xxtrim.xru184.dt                             0
xxtrim.t185                        1.20764e-18
xxtrim.xru185.dt                             0
xxtrim.t186                        1.20764e-18
xxtrim.xru186.dt                             0
xxtrim.t187                        1.20764e-18
xxtrim.xru187.dt                             0
xxtrim.t188                        1.20764e-18
xxtrim.xru188.dt                             0
xxtrim.t189                        1.20764e-18
xxtrim.xru189.dt                             0
xxtrim.t190                        1.20764e-18
xxtrim.xru190.dt                             0
xxtrim.t191                        1.20764e-18
xxtrim.xru191.dt                             0
xxtrim.t192                        1.20764e-18
xxtrim.xru192.dt                             0
xxtrim.t193                        1.20764e-18
xxtrim.xru193.dt                             0
xxtrim.t194                        1.20764e-18
xxtrim.xru194.dt                             0
xxtrim.t195                        1.20764e-18
xxtrim.xru195.dt                             0
xxtrim.t196                        1.20764e-18
xxtrim.xru196.dt                             0
xxtrim.t197                        1.20764e-18
xxtrim.xru197.dt                             0
xxtrim.t198                        1.20764e-18
xxtrim.xru198.dt                             0
xxtrim.t199                        1.20764e-18
xxtrim.xru199.dt                             0
xxtrim.t200                        1.20764e-18
xxtrim.xru200.dt                             0
xxtrim.t201                        1.20764e-18
xxtrim.xru201.dt                             0
xxtrim.t202                        1.20764e-18
xxtrim.xru202.dt                             0
xxtrim.t203                        1.20764e-18
xxtrim.xru203.dt                             0
xxtrim.t204                        1.20764e-18
xxtrim.xru204.dt                             0
xxtrim.t205                        1.20764e-18
xxtrim.xru205.dt                             0
xxtrim.t206                        1.20764e-18
xxtrim.xru206.dt                             0
xxtrim.t207                        1.20764e-18
xxtrim.xru207.dt                             0
xxtrim.t208                        1.20764e-18
xxtrim.xru208.dt                             0
xxtrim.t209                        1.20764e-18
xxtrim.xru209.dt                             0
xxtrim.t210                        1.20764e-18
xxtrim.xru210.dt                             0
xxtrim.t211                        1.20764e-18
xxtrim.xru211.dt                             0
xxtrim.t212                        1.20764e-18
xxtrim.xru212.dt                             0
xxtrim.t213                        1.20764e-18
xxtrim.xru213.dt                             0
xxtrim.t214                        1.20764e-18
xxtrim.xru214.dt                             0
xxtrim.t215                        1.20764e-18
xxtrim.xru215.dt                             0
xxtrim.t216                        1.20764e-18
xxtrim.xru216.dt                             0
xxtrim.t217                        1.20764e-18
xxtrim.xru217.dt                             0
xxtrim.t218                        1.20764e-18
xxtrim.xru218.dt                             0
xxtrim.t219                        1.20764e-18
xxtrim.xru219.dt                             0
xxtrim.t220                        1.20764e-18
xxtrim.xru220.dt                             0
xxtrim.t221                        1.20764e-18
xxtrim.xru221.dt                             0
xxtrim.t222                        1.20764e-18
xxtrim.xru222.dt                             0
xxtrim.t223                        1.20764e-18
xxtrim.xru223.dt                             0
xxtrim.t224                        1.20764e-18
xxtrim.xru224.dt                             0
xxtrim.t225                        1.20764e-18
xxtrim.xru225.dt                             0
xxtrim.t226                        1.20764e-18
xxtrim.xru226.dt                             0
xxtrim.t227                        1.20764e-18
xxtrim.xru227.dt                             0
xxtrim.t228                        1.20764e-18
xxtrim.xru228.dt                             0
xxtrim.t229                        1.20764e-18
xxtrim.xru229.dt                             0
xxtrim.t230                        1.20764e-18
xxtrim.xru230.dt                             0
xxtrim.t231                        1.20764e-18
xxtrim.xru231.dt                             0
xxtrim.t232                        1.20764e-18
xxtrim.xru232.dt                             0
xxtrim.t233                        1.20764e-18
xxtrim.xru233.dt                             0
xxtrim.t234                        1.20764e-18
xxtrim.xru234.dt                             0
xxtrim.t235                        1.20764e-18
xxtrim.xru235.dt                             0
xxtrim.t236                        1.20764e-18
xxtrim.xru236.dt                             0
xxtrim.t237                        1.20764e-18
xxtrim.xru237.dt                             0
xxtrim.t238                        1.20764e-18
xxtrim.xru238.dt                             0
xxtrim.t239                        1.20764e-18
xxtrim.xru239.dt                             0
xxtrim.t240                        1.20764e-18
xxtrim.xru240.dt                             0
xxtrim.t241                        1.20764e-18
xxtrim.xru241.dt                             0
xxtrim.t242                        1.20764e-18
xxtrim.xru242.dt                             0
xxtrim.t243                        1.20764e-18
xxtrim.xru243.dt                             0
xxtrim.t244                        1.20764e-18
xxtrim.xru244.dt                             0
xxtrim.t245                        1.20764e-18
xxtrim.xru245.dt                             0
xxtrim.t246                        1.20764e-18
xxtrim.xru246.dt                             0
xxtrim.t247                        1.20764e-18
xxtrim.xru247.dt                             0
xxtrim.t248                        1.20764e-18
xxtrim.xru248.dt                             0
xxtrim.t249                        1.20764e-18
xxtrim.xru249.dt                             0
xxtrim.t250                        1.20764e-18
xxtrim.xru250.dt                             0
xxtrim.t251                        1.20764e-18
xxtrim.xru251.dt                             0
xxtrim.t252                        1.20764e-18
xxtrim.xru252.dt                             0
xxtrim.t253                        1.20764e-18
xxtrim.xru253.dt                             0
xxtrim.t254                        1.20764e-18
xxtrim.xru254.dt                             0
cb3                                1.20764e-18
xxtrim.xru255.dt                             0
xq3.s1                             4.83057e-28
xq3.t                              9.15649e-53
det                                          0
xrpu.dt                                      0
fbx                                  -0.573784
vmkfb#branch                      -4.76636e-06
vsub#branch                                  0
vvss#branch                        2.33641e-07
vvdd#branch                       -2.33641e-07

 Reference value :  1.92591e-04 Reference value :  9.91000e-04 Reference value :  1.78500e-03
No. of Data Rows : 1012
v_det_early         =  3.57730e-01
v_fb_early          =  -3.05668e-01
v_det_v             =  1.49801e-02
v_fb_v              =  2.85313e+00
v_sns1_v            =  7.08625e-01
v_vref_v            =  1.05493e+00
i_mkfb_v            =  2.60347e-14
Note: Simulation executed from .control section 
