
Note: No compatibility mode selected!


Circuit: * sg13g2-bandgap -- bandgap_core + bandgap_startup co-simulated hand-over

Doing analysis at TEMP = 27.000000 and TNOM = 27.000000

Using SPARSE 1.3 as Direct Linear Solver

Initial Transient Solution
--------------------------

Node                                   Voltage
----                                   -------
vdd                                          0
vss                                          0
sub!                                         0
fb                                   -0.598379
sns1                               1.08126e-18
xq1.s1                             4.32506e-28
xq1.t                              1.01884e-51
sns2                               1.23298e-19
cb2                                1.23298e-19
xr2.dt                                       0
xq2.s1                             1.35628e-28
xq2.t                              1.26147e-53
vref                               5.58014e-19
tn0                                5.58014e-19
xr1.dt                                       0
xxtrim.t001                        5.58014e-19
xxtrim.xru1.dt                               0
xxtrim.t002                        5.58014e-19
xxtrim.xru2.dt                               0
xxtrim.t003                        5.58014e-19
xxtrim.xru3.dt                               0
xxtrim.t004                        5.58014e-19
xxtrim.xru4.dt                               0
xxtrim.t005                        5.58014e-19
xxtrim.xru5.dt                               0
xxtrim.t006                        5.58014e-19
xxtrim.xru6.dt                               0
xxtrim.t007                        5.58014e-19
xxtrim.xru7.dt                               0
xxtrim.t008                        5.58014e-19
xxtrim.xru8.dt                               0
xxtrim.t009                        5.58014e-19
xxtrim.xru9.dt                               0
xxtrim.t010                        5.58014e-19
xxtrim.xru10.dt                              0
xxtrim.t011                        5.58014e-19
xxtrim.xru11.dt                              0
xxtrim.t012                        5.58014e-19
xxtrim.xru12.dt                              0
xxtrim.t013                        5.58014e-19
xxtrim.xru13.dt                              0
xxtrim.t014                        5.58014e-19
xxtrim.xru14.dt                              0
xxtrim.t015                        5.58014e-19
xxtrim.xru15.dt                              0
xxtrim.t016                        5.58014e-19
xxtrim.xru16.dt                              0
xxtrim.t017                        5.58014e-19
xxtrim.xru17.dt                              0
xxtrim.t018                        5.58014e-19
xxtrim.xru18.dt                              0
xxtrim.t019                        5.58014e-19
xxtrim.xru19.dt                              0
xxtrim.t020                        5.58014e-19
xxtrim.xru20.dt                              0
xxtrim.t021                        5.58014e-19
xxtrim.xru21.dt                              0
xxtrim.t022                        5.58014e-19
xxtrim.xru22.dt                              0
xxtrim.t023                        5.58014e-19
xxtrim.xru23.dt                              0
xxtrim.t024                        5.58014e-19
xxtrim.xru24.dt                              0
xxtrim.t025                        5.58014e-19
xxtrim.xru25.dt                              0
xxtrim.t026                        5.58014e-19
xxtrim.xru26.dt                              0
xxtrim.t027                        5.58014e-19
xxtrim.xru27.dt                              0
xxtrim.t028                        5.58014e-19
xxtrim.xru28.dt                              0
xxtrim.t029                        5.58014e-19
xxtrim.xru29.dt                              0
xxtrim.t030                        5.58014e-19
xxtrim.xru30.dt                              0
xxtrim.t031                        5.58014e-19
xxtrim.xru31.dt                              0
xxtrim.t032                        5.58014e-19
xxtrim.xru32.dt                              0
xxtrim.t033                        5.58014e-19
xxtrim.xru33.dt                              0
xxtrim.t034                        5.58014e-19
xxtrim.xru34.dt                              0
xxtrim.t035                        5.58014e-19
xxtrim.xru35.dt                              0
xxtrim.t036                        5.58014e-19
xxtrim.xru36.dt                              0
xxtrim.t037                        5.58014e-19
xxtrim.xru37.dt                              0
xxtrim.t038                        5.58014e-19
xxtrim.xru38.dt                              0
xxtrim.t039                        5.58014e-19
xxtrim.xru39.dt                              0
xxtrim.t040                        5.58014e-19
xxtrim.xru40.dt                              0
xxtrim.t041                        5.58014e-19
xxtrim.xru41.dt                              0
xxtrim.t042                        5.58014e-19
xxtrim.xru42.dt                              0
xxtrim.t043                        5.58014e-19
xxtrim.xru43.dt                              0
xxtrim.t044                        5.58014e-19
xxtrim.xru44.dt                              0
xxtrim.t045                        5.58014e-19
xxtrim.xru45.dt                              0
xxtrim.t046                        5.58014e-19
xxtrim.xru46.dt                              0
xxtrim.t047                        5.58014e-19
xxtrim.xru47.dt                              0
xxtrim.t048                        5.58014e-19
xxtrim.xru48.dt                              0
xxtrim.t049                        5.58014e-19
xxtrim.xru49.dt                              0
xxtrim.t050                        5.58014e-19
xxtrim.xru50.dt                              0
xxtrim.t051                        5.58014e-19
xxtrim.xru51.dt                              0
xxtrim.t052                        5.58014e-19
xxtrim.xru52.dt                              0
xxtrim.t053                        5.58014e-19
xxtrim.xru53.dt                              0
xxtrim.t054                        5.58014e-19
xxtrim.xru54.dt                              0
xxtrim.t055                        5.58014e-19
xxtrim.xru55.dt                              0
xxtrim.t056                        5.58014e-19
xxtrim.xru56.dt                              0
xxtrim.t057                        5.58014e-19
xxtrim.xru57.dt                              0
xxtrim.t058                        5.58014e-19
xxtrim.xru58.dt                              0
xxtrim.t059                        5.58014e-19
xxtrim.xru59.dt                              0
xxtrim.t060                        5.58014e-19
xxtrim.xru60.dt                              0
xxtrim.t061                        5.58014e-19
xxtrim.xru61.dt                              0
xxtrim.t062                        5.58014e-19
xxtrim.xru62.dt                              0
xxtrim.t063                        5.58014e-19
xxtrim.xru63.dt                              0
xxtrim.t064                        5.58014e-19
xxtrim.xru64.dt                              0
xxtrim.t065                        5.58014e-19
xxtrim.xru65.dt                              0
xxtrim.t066                        5.58014e-19
xxtrim.xru66.dt                              0
xxtrim.t067                        5.58014e-19
xxtrim.xru67.dt                              0
xxtrim.t068                        5.58014e-19
xxtrim.xru68.dt                              0
xxtrim.t069                        5.58014e-19
xxtrim.xru69.dt                              0
xxtrim.t070                        5.58014e-19
xxtrim.xru70.dt                              0
xxtrim.t071                        5.58014e-19
xxtrim.xru71.dt                              0
xxtrim.t072                        5.58014e-19
xxtrim.xru72.dt                              0
xxtrim.t073                        5.58014e-19
xxtrim.xru73.dt                              0
xxtrim.t074                        5.58014e-19
xxtrim.xru74.dt                              0
xxtrim.t075                        5.58014e-19
xxtrim.xru75.dt                              0
xxtrim.t076                        5.58014e-19
xxtrim.xru76.dt                              0
xxtrim.t077                        5.58014e-19
xxtrim.xru77.dt                              0
xxtrim.t078                        5.58014e-19
xxtrim.xru78.dt                              0
xxtrim.t079                        5.58014e-19
xxtrim.xru79.dt                              0
xxtrim.t080                        5.58014e-19
xxtrim.xru80.dt                              0
xxtrim.t081                        5.58014e-19
xxtrim.xru81.dt                              0
xxtrim.t082                        5.58014e-19
xxtrim.xru82.dt                              0
xxtrim.t083                        5.58014e-19
xxtrim.xru83.dt                              0
xxtrim.t084                        5.58014e-19
xxtrim.xru84.dt                              0
xxtrim.t085                        5.58014e-19
xxtrim.xru85.dt                              0
xxtrim.t086                        5.58014e-19
xxtrim.xru86.dt                              0
xxtrim.t087                        5.58014e-19
xxtrim.xru87.dt                              0
xxtrim.t088                        5.58014e-19
xxtrim.xru88.dt                              0
xxtrim.t089                        5.58014e-19
xxtrim.xru89.dt                              0
xxtrim.t090                        5.58014e-19
xxtrim.xru90.dt                              0
xxtrim.t091                        5.58014e-19
xxtrim.xru91.dt                              0
xxtrim.t092                        5.58014e-19
xxtrim.xru92.dt                              0
xxtrim.t093                        5.58014e-19
xxtrim.xru93.dt                              0
xxtrim.t094                        5.58014e-19
xxtrim.xru94.dt                              0
xxtrim.t095                        5.58014e-19
xxtrim.xru95.dt                              0
xxtrim.t096                        5.58014e-19
xxtrim.xru96.dt                              0
xxtrim.t097                        5.58014e-19
xxtrim.xru97.dt                              0
xxtrim.t098                        5.58014e-19
xxtrim.xru98.dt                              0
xxtrim.t099                        5.58014e-19
xxtrim.xru99.dt                              0
xxtrim.t100                        5.58014e-19
xxtrim.xru100.dt                             0
xxtrim.t101                        5.58014e-19
xxtrim.xru101.dt                             0
xxtrim.t102                        5.58014e-19
xxtrim.xru102.dt                             0
xxtrim.t103                        5.58014e-19
xxtrim.xru103.dt                             0
xxtrim.t104                        5.58014e-19
xxtrim.xru104.dt                             0
xxtrim.t105                        5.58014e-19
xxtrim.xru105.dt                             0
xxtrim.t106                        5.58014e-19
xxtrim.xru106.dt                             0
xxtrim.t107                        5.58014e-19
xxtrim.xru107.dt                             0
xxtrim.t108                        5.58014e-19
xxtrim.xru108.dt                             0
xxtrim.t109                        5.58014e-19
xxtrim.xru109.dt                             0
xxtrim.t110                        5.58014e-19
xxtrim.xru110.dt                             0
xxtrim.t111                        5.58014e-19
xxtrim.xru111.dt                             0
xxtrim.t112                        5.58014e-19
xxtrim.xru112.dt                             0
xxtrim.t113                        5.58014e-19
xxtrim.xru113.dt                             0
xxtrim.t114                        5.58014e-19
xxtrim.xru114.dt                             0
xxtrim.t115                        5.58014e-19
xxtrim.xru115.dt                             0
xxtrim.t116                        5.58014e-19
xxtrim.xru116.dt                             0
xxtrim.t117                        5.58014e-19
xxtrim.xru117.dt                             0
xxtrim.t118                        5.58014e-19
xxtrim.xru118.dt                             0
xxtrim.t119                        5.58014e-19
xxtrim.xru119.dt                             0
xxtrim.t120                        5.58014e-19
xxtrim.xru120.dt                             0
xxtrim.t121                        5.58014e-19
xxtrim.xru121.dt                             0
xxtrim.t122                        5.58014e-19
xxtrim.xru122.dt                             0
xxtrim.t123                        5.58014e-19
xxtrim.xru123.dt                             0
xxtrim.t124                        5.58014e-19
xxtrim.xru124.dt                             0
xxtrim.t125                        5.58014e-19
xxtrim.xru125.dt                             0
xxtrim.t126                        5.58014e-19
xxtrim.xru126.dt                             0
xxtrim.t127                        5.58014e-19
xxtrim.xru127.dt                             0
xxtrim.t128                        5.58014e-19
xxtrim.xru128.dt                             0
xxtrim.t129                        5.58014e-19
xxtrim.xru129.dt                             0
xxtrim.t130                        5.58014e-19
xxtrim.xru130.dt                             0
xxtrim.t131                        5.58014e-19
xxtrim.xru131.dt                             0
xxtrim.t132                        5.58014e-19
xxtrim.xru132.dt                             0
xxtrim.t133                        5.58014e-19
xxtrim.xru133.dt                             0
xxtrim.t134                        5.58014e-19
xxtrim.xru134.dt                             0
xxtrim.t135                        5.58014e-19
xxtrim.xru135.dt                             0
xxtrim.t136                        5.58014e-19
xxtrim.xru136.dt                             0
xxtrim.t137                        5.58014e-19
xxtrim.xru137.dt                             0
xxtrim.t138                        5.58014e-19
xxtrim.xru138.dt                             0
xxtrim.t139                        5.58014e-19
xxtrim.xru139.dt                             0
xxtrim.t140                        5.58014e-19
xxtrim.xru140.dt                             0
xxtrim.t141                        5.58014e-19
xxtrim.xru141.dt                             0
xxtrim.t142                        5.58014e-19
xxtrim.xru142.dt                             0
xxtrim.t143                        5.58014e-19
xxtrim.xru143.dt                             0
xxtrim.t144                        5.58014e-19
xxtrim.xru144.dt                             0
xxtrim.t145                        5.58014e-19
xxtrim.xru145.dt                             0
xxtrim.t146                        5.58014e-19
xxtrim.xru146.dt                             0
xxtrim.t147                        5.58014e-19
xxtrim.xru147.dt                             0
xxtrim.t148                        5.58014e-19
xxtrim.xru148.dt                             0
xxtrim.t149                        5.58014e-19
xxtrim.xru149.dt                             0
xxtrim.t150                        5.58014e-19
xxtrim.xru150.dt                             0
xxtrim.t151                        5.58014e-19
xxtrim.xru151.dt                             0
xxtrim.t152                        5.58014e-19
xxtrim.xru152.dt                             0
xxtrim.t153                        5.58014e-19
xxtrim.xru153.dt                             0
xxtrim.t154                        5.58014e-19
xxtrim.xru154.dt                             0
xxtrim.t155                        5.58014e-19
xxtrim.xru155.dt                             0
xxtrim.t156                        5.58014e-19
xxtrim.xru156.dt                             0
xxtrim.t157                        5.58014e-19
xxtrim.xru157.dt                             0
xxtrim.t158                        5.58014e-19
xxtrim.xru158.dt                             0
xxtrim.t159                        5.58014e-19
xxtrim.xru159.dt                             0
xxtrim.t160                        5.58014e-19
xxtrim.xru160.dt                             0
xxtrim.t161                        5.58014e-19
xxtrim.xru161.dt                             0
xxtrim.t162                        5.58014e-19
xxtrim.xru162.dt                             0
xxtrim.t163                        5.58014e-19
xxtrim.xru163.dt                             0
xxtrim.t164                        5.58014e-19
xxtrim.xru164.dt                             0
xxtrim.t165                        5.58014e-19
xxtrim.xru165.dt                             0
xxtrim.t166                        5.58014e-19
xxtrim.xru166.dt                             0
xxtrim.t167                        5.58014e-19
xxtrim.xru167.dt                             0
xxtrim.t168                        5.58014e-19
xxtrim.xru168.dt                             0
xxtrim.t169                        5.58014e-19
xxtrim.xru169.dt                             0
xxtrim.t170                        5.58014e-19
xxtrim.xru170.dt                             0
xxtrim.t171                        5.58014e-19
xxtrim.xru171.dt                             0
xxtrim.t172                        5.58014e-19
xxtrim.xru172.dt                             0
xxtrim.t173                        5.58014e-19
xxtrim.xru173.dt                             0
xxtrim.t174                        5.58014e-19
xxtrim.xru174.dt                             0
xxtrim.t175                        5.58014e-19
xxtrim.xru175.dt                             0
xxtrim.t176                        5.58014e-19
xxtrim.xru176.dt                             0
xxtrim.t177                        5.58014e-19
xxtrim.xru177.dt                             0
xxtrim.t178                        5.58014e-19
xxtrim.xru178.dt                             0
xxtrim.t179                        5.58014e-19
xxtrim.xru179.dt                             0
xxtrim.t180                        5.58014e-19
xxtrim.xru180.dt                             0
xxtrim.t181                        5.58014e-19
xxtrim.xru181.dt                             0
xxtrim.t182                        5.58014e-19
xxtrim.xru182.dt                             0
xxtrim.t183                        5.58014e-19
xxtrim.xru183.dt                             0
xxtrim.t184                        5.58014e-19
xxtrim.xru184.dt                             0
xxtrim.t185                        5.58014e-19
xxtrim.xru185.dt                             0
xxtrim.t186                        5.58014e-19
xxtrim.xru186.dt                             0
xxtrim.t187                        5.58014e-19
xxtrim.xru187.dt                             0
xxtrim.t188                        5.58014e-19
xxtrim.xru188.dt                             0
xxtrim.t189                        5.58014e-19
xxtrim.xru189.dt                             0
xxtrim.t190                        5.58014e-19
xxtrim.xru190.dt                             0
xxtrim.t191                        5.58014e-19
xxtrim.xru191.dt                             0
xxtrim.t192                        5.58014e-19
xxtrim.xru192.dt                             0
xxtrim.t193                        5.58014e-19
xxtrim.xru193.dt                             0
xxtrim.t194                        5.58014e-19
xxtrim.xru194.dt                             0
xxtrim.t195                        5.58014e-19
xxtrim.xru195.dt                             0
xxtrim.t196                        5.58014e-19
xxtrim.xru196.dt                             0
xxtrim.t197                        5.58014e-19
xxtrim.xru197.dt                             0
xxtrim.t198                        5.58014e-19
xxtrim.xru198.dt                             0
xxtrim.t199                        5.58014e-19
xxtrim.xru199.dt                             0
xxtrim.t200                        5.58014e-19
xxtrim.xru200.dt                             0
xxtrim.t201                        5.58014e-19
xxtrim.xru201.dt                             0
xxtrim.t202                        5.58014e-19
xxtrim.xru202.dt                             0
xxtrim.t203                        5.58014e-19
xxtrim.xru203.dt                             0
xxtrim.t204                        5.58014e-19
xxtrim.xru204.dt                             0
xxtrim.t205                        5.58014e-19
xxtrim.xru205.dt                             0
xxtrim.t206                        5.58014e-19
xxtrim.xru206.dt                             0
xxtrim.t207                        5.58014e-19
xxtrim.xru207.dt                             0
xxtrim.t208                        5.58014e-19
xxtrim.xru208.dt                             0
xxtrim.t209                        5.58014e-19
xxtrim.xru209.dt                             0
xxtrim.t210                        5.58014e-19
xxtrim.xru210.dt                             0
xxtrim.t211                        5.58014e-19
xxtrim.xru211.dt                             0
xxtrim.t212                        5.58014e-19
xxtrim.xru212.dt                             0
xxtrim.t213                        5.58014e-19
xxtrim.xru213.dt                             0
xxtrim.t214                        5.58014e-19
xxtrim.xru214.dt                             0
xxtrim.t215                        5.58014e-19
xxtrim.xru215.dt                             0
xxtrim.t216                        5.58014e-19
xxtrim.xru216.dt                             0
xxtrim.t217                        5.58014e-19
xxtrim.xru217.dt                             0
xxtrim.t218                        5.58014e-19
xxtrim.xru218.dt                             0
xxtrim.t219                        5.58014e-19
xxtrim.xru219.dt                             0
xxtrim.t220                        5.58014e-19
xxtrim.xru220.dt                             0
xxtrim.t221                        5.58014e-19
xxtrim.xru221.dt                             0
xxtrim.t222                        5.58014e-19
xxtrim.xru222.dt                             0
xxtrim.t223                        5.58014e-19
xxtrim.xru223.dt                             0
xxtrim.t224                        5.58014e-19
xxtrim.xru224.dt                             0
xxtrim.t225                        5.58014e-19
xxtrim.xru225.dt                             0
xxtrim.t226                        5.58014e-19
xxtrim.xru226.dt                             0
xxtrim.t227                        5.58014e-19
xxtrim.xru227.dt                             0
xxtrim.t228                        5.58014e-19
xxtrim.xru228.dt                             0
xxtrim.t229                        5.58014e-19
xxtrim.xru229.dt                             0
xxtrim.t230                        5.58014e-19
xxtrim.xru230.dt                             0
xxtrim.t231                        5.58014e-19
xxtrim.xru231.dt                             0
xxtrim.t232                        5.58014e-19
xxtrim.xru232.dt                             0
xxtrim.t233                        5.58014e-19
xxtrim.xru233.dt                             0
xxtrim.t234                        5.58014e-19
xxtrim.xru234.dt                             0
xxtrim.t235                        5.58014e-19
xxtrim.xru235.dt                             0
xxtrim.t236                        5.58014e-19
xxtrim.xru236.dt                             0
xxtrim.t237                        5.58014e-19
xxtrim.xru237.dt                             0
xxtrim.t238                        5.58014e-19
xxtrim.xru238.dt                             0
xxtrim.t239                        5.58014e-19
xxtrim.xru239.dt                             0
xxtrim.t240                        5.58014e-19
xxtrim.xru240.dt                             0
xxtrim.t241                        5.58014e-19
xxtrim.xru241.dt                             0
xxtrim.t242                        5.58014e-19
xxtrim.xru242.dt                             0
xxtrim.t243                        5.58014e-19
xxtrim.xru243.dt                             0
xxtrim.t244                        5.58014e-19
xxtrim.xru244.dt                             0
xxtrim.t245                        5.58014e-19
xxtrim.xru245.dt                             0
xxtrim.t246                        5.58014e-19
xxtrim.xru246.dt                             0
xxtrim.t247                        5.58014e-19
xxtrim.xru247.dt                             0
xxtrim.t248                        5.58014e-19
xxtrim.xru248.dt                             0
xxtrim.t249                        5.58014e-19
xxtrim.xru249.dt                             0
xxtrim.t250                        5.58014e-19
xxtrim.xru250.dt                             0
xxtrim.t251                        5.58014e-19
xxtrim.xru251.dt                             0
xxtrim.t252                        5.58014e-19
xxtrim.xru252.dt                             0
xxtrim.t253                        5.58014e-19
xxtrim.xru253.dt                             0
xxtrim.t254                        5.58014e-19
xxtrim.xru254.dt                             0
cb3                                5.58014e-19
xxtrim.xru255.dt                             0
xq3.s1                             2.23205e-28
xq3.t                              4.40409e-52
det                                          0
xrpu.dt                                      0
fbx                                  -0.598379
vmkfb#branch                      -4.93128e-06
vsub#branch                                  0
vvss#branch                        6.87189e-08
vvdd#branch                       -6.87189e-08

 Reference value :  3.59000e-04 Reference value :  1.19500e-03
No. of Data Rows : 1012
v_det_early         =  3.25252e-01
v_fb_early          =  -3.64669e-01
v_det_v             =  1.60251e-02
v_fb_v              =  2.43941e+00
v_sns1_v            =  7.16492e-01
v_vref_v            =  1.09011e+00
i_mkfb_v            =  1.57374e-14
Note: Simulation executed from .control section 
