
Note: Compatibility modes selected: hs a


Circuit: * sg13g2-bandgap -- bandgap_core open-loop pvt testbench (issue #10)

Doing analysis at TEMP = 27.000000 and TNOM = 27.000000

Using SPARSE 1.3 as Direct Linear Solver

No. of Data Rows : 1
v(vref) = 1.158136e+00
v(sns1) = 7.080614e-01
v(sns2) = 7.064883e-01
v(cb2) = 6.528940e-01
v(cb3) = 7.080614e-01
@r1[resistance] = 9.001496e+04
@r2[resistance] = 1.071884e+04
Doing analysis at TEMP = 27.000000 and TNOM = 27.000000

Using SPARSE 1.3 as Direct Linear Solver

No. of Data Rows : 1
	Node                                  Voltage
	----                                  -------
	----	-------
	q.xq1.qnpn13g2#collCI            7.075441e-01
	q.xq1.qnpn13g2#substrate         2.846378e-10
	q.xq2.qnpn13g2#collCI            6.528294e-01
	q.xq2.qnpn13g2#substrate         7.333975e-10
	q.xq3.qnpn13g2#collCI            7.075441e-01
	q.xq3.qnpn13g2#substrate         2.846378e-10
	xq3.t                            4.018902e-02
	xq3.s1                           2.839278e-10
	cb3                              7.080614e-01
	xq2.t                            5.702987e-03
	xq2.s1                           7.327314e-10
	cb2                              6.528940e-01
	xq1.t                            4.018902e-02
	xq1.s1                           2.839278e-10
	vref                             1.158136e+00
	sns2                             7.064883e-01
	sns1                             7.080614e-01
	vss                              0.000000e+00
	vdd                              2.970000e+00

	Source	Current
	------	-------

	vvdd#branch                      -1.50000e-05
	vvss#branch                      1.500000e-05

 Capacitor models (Fixed capacitor)
      model                     C

        cap                     0
         cj                     0
       cjsw                     0
       defw                 1e-05
       defl                     0
     narrow                     0
      short                     0
        del                     0
        tc1                     0
        tc2                     0
         di                     0
      thick                     0
     bv_max                 1e+99

 Resistor models (Simple linear resistor)
      model                     R

        rsh                     0
     narrow                     0
      short                     0
        tc1                     0
        tc2                     0
        tce                     0
       defw                 1e-05
          l                 1e-05
         kf                     0
         af                     0
          r                     0
     bv_max                 1e+99
         lf                     1
         wf                     1
         ef                     1

 VBIC models (Vertical Bipolar Inter-Company Model)
      model   xq3:npn13g2_nx_vbic   xq2:npn13g2_nx_vbic   xq1:npn13g2_nx_vbic

       type                   npn                   npn                   npn
      selft                     0                     0                     0
       tnom                    27                    27                    27
        rcx                    52                   6.5                    52
        rci                  51.6                  6.45                  51.6
         vo                   0.8                   0.8                   0.8
       gamm              2.25e-14              2.25e-14              2.25e-14
       hrcf                  1000                  1000                  1000
        rbx               25.8637               3.58719               25.8637
        rbi               82.1069               11.3879               82.1069
         re                 28.52                 3.565                 28.52
         rs                     1                     1                     1
        rbp                    22                  2.75                    22
         is            1.2025e-17              9.62e-17            1.2025e-17
         nf                 1.018                 1.018                 1.018
         nr                  1.01                  1.01                  1.01
         fc                   0.8                   0.8                   0.8
       cbeo           2.07053e-16           1.57251e-15           2.07053e-16
        cje           2.17872e-15           1.65468e-14           2.17872e-15
         pe                  0.92                  0.92                  0.92
         me                  0.12                  0.12                  0.12
        aje                  -0.5                  -0.5                  -0.5
       cbco               5.9e-16              4.72e-15               5.9e-16
        cjc             3.825e-16              3.06e-15             3.825e-16
        qco                 1e-18                 1e-18                 1e-18
       cjep               8.9e-16              7.12e-15               8.9e-16
         pc                 0.558                 0.558                 0.558
         mc                  0.12                  0.12                  0.12
        ajc                  -0.5                  -0.5                  -0.5
       cjcp           1.50424e-15           7.93942e-15           1.50424e-15
         ps                  0.46                  0.46                  0.46
         ms                  0.23                  0.23                  0.23
        ajs                  -0.5                  -0.5                  -0.5
       ibei              4.75e-20               3.8e-19              4.75e-20
        wbe                     1                     1                     1
        nei                 1.066                 1.066                 1.066
       iben                 1e-16                 8e-16                 1e-16
        nen                     2                     2                     2
       ibci              3.75e-21                 3e-20              3.75e-21
        nci                 1.103                 1.103                 1.103
       ibcn               2.5e-16                 2e-15               2.5e-16
        ncn                  1.96                  1.96                  1.96
       avc1                   2.4                   2.4                   2.4
       avc2                 10.81                 10.81                 10.81
        isp                 1e-20                 8e-20                 1e-20
        wsp                     1                     1                     1
        nfp                  1.04                  1.04                  1.04
      ibeip                 1e-19                 8e-19                 1e-19
      ibenp                 5e-15                 4e-14                 5e-15
      ibcip           7.57858e-16           3.24901e-15           7.57858e-16
       ncip                     1                     1                     1
      ibcnp              1.25e-15                 1e-14              1.25e-15
       ncnp                   1.5                   1.5                   1.5
        vef                   189                   189                   189
        ver                   5.3                   5.3                   5.3
        ikf               0.00225                 0.018               0.00225
        ikr                0.0025                  0.02                0.0025
        ikp                     0                     0                     0
         tf              2.08e-13              2.08e-13              2.08e-13
        qtf                 1e-18                 1e-18                 1e-18
        xtf                    10                    10                    10
        vtf                    20                    20                    20
        itf               0.14625                  1.17               0.14625
         tr               3.5e-13               3.5e-13               3.5e-13
         td                     0                     0                     0
        kfn               2.4e-08                 3e-09               2.4e-08
        afn                   1.8                   1.8                   1.8
        bfn                     1                     1                     1
        xre                 -0.42                 -0.42                 -0.42
       xrbi                     0                     0                     0
       xrci                     0                     0                     0
        xrs                   1.5                   1.5                   1.5
        xvo                   1.5                   1.5                   1.5
         ea                 1.056                 1.056                 1.056
       eaie                 1.056                 1.056                 1.056
       eaic                  1.12                  1.12                  1.12
       eais                  1.12                  1.12                  1.12
       eane                  1.12                  1.12                  1.12
       eanc                  1.12                  1.12                  1.12
       eans                  1.12                  1.12                  1.12
        xis                   2.3                   2.3                   2.3
        xii                   3.3                   3.3                   3.3
        xin                   3.3                   3.3                   3.3
        tnf               0.00015               0.00015               0.00015
       tavc              -0.00188              -0.00188              -0.00188
        rth                 11352               1746.99                 11352
        cth                 1e-12             3.091e-12                 1e-12
        vrt                     0                     0                     0
        art                   0.1                   0.1                   0.1
       ccso                     0                     0                     0
        qbm                     0                     0                     0
        nkf                   0.5                   0.5                   0.5
       xikf                     0                     0                     0
       xrcx                 0.245                 0.245                 0.245
       xrbx                   0.9                   0.9                   0.9
       xrbp                     0                     0                     0
       isrr                     1                     1                     1
       xisr                     0                     0                     0
       dear                     0                     0                     0
        eap                  1.12                  1.12                  1.12
       vbbe                     0                     0                     0
       nbbe                     1                     1                     1
       ibbe                 1e-06                 1e-06                 1e-06
     tvbbe1                     0                     0                     0
     tvbbe2                     0                     0                     0
      tnbbe                     0                     0                     0
       ebbe                     0                     0                     0
      dtemp                     0                     0                     0
       vers                   1.2                   1.2                   1.2
       vref                     0                     0                     0
    vbe_max                   1.6                   1.6                   1.6
    vbc_max                   5.1                   5.1                   5.1
    vce_max                   1.6                   1.6                   1.6
   vsub_max                 1e+99                 1e+99                 1e+99
     vbefwd                   0.2                   0.2                   0.2
     vbcfwd                   0.2                   0.2                   0.2
    vsubfwd                   0.2                   0.2                   0.2

 Capacitor: Fixed capacitor
     device            c.xq3.csub            c.xq2.csub            c.xq1.csub
      model                     C                     C                     C
capacitance              2.15e-14               1.1e-14              2.15e-14
      dtemp                     0                     0                     0
     bv_max                 1e+99                 1e+99                 1e+99
          i                     0                     0                     0
          p                     0                     0                     0

 Isource: Independent current source
     device                 ileg3                 ileg2                 ileg1
         dc                 5e-06                 5e-06                 5e-06
          m                     1                     1                     1
      acmag                     0                     0                     0
      pulse                     -                     -                     -
        sin                     -                     -                     -
        exp                     -                     -                     -
        pwl                     -                     -                     -
       sffm                     -                     -                     -
         am                     -                     -                     -
    trnoise                     -                     -                     -
   trrandom                     -                     -                     -
          v              -1.81186              -2.26351              -2.26194
          p           9.05932e-06           1.13176e-05           1.13097e-05
    current                 5e-06                 5e-06                 5e-06

 Resistor: Simple linear resistor
     device              r.xq3.rt            r.xq3.rsub                    r1
      model                     R                     R                     R
 resistance                 1e+09                   400                 90015
         ac                 1e+09                   400                 90015
      dtemp                     0                     0                     0
     bv_max                 1e+99                 1e+99                 1e+99
      noisy                     1                     1                     1
          i            4.0189e-11            7.0982e-13                 5e-06
          p           1.61516e-12           2.01538e-22           2.25037e-06

 Resistor: Simple linear resistor
     device              r.xq2.rt            r.xq2.rsub                    r2
      model                     R                     R                     R
 resistance                 1e+09                  1100               10718.8
         ac                 1e+09                  1100               10718.8
      dtemp                     0                     0                     0
     bv_max                 1e+99                 1e+99                 1e+99
      noisy                     1                     1                     1
          i           5.70299e-12           6.66119e-13                 5e-06
          p           3.25241e-14           4.88087e-22           2.67971e-07

 Resistor: Simple linear resistor
     device              r.xq1.rt            r.xq1.rsub
      model                     R                     R
 resistance                 1e+09                   400
         ac                 1e+09                   400
      dtemp                     0                     0
     bv_max                 1e+99                 1e+99
      noisy                     1                     1
          i            4.0189e-11            7.0982e-13
          p           1.61516e-12           2.01538e-22

 VBIC: Vertical Bipolar Inter-Company Model
     device        q.xq3.qnpn13g2        q.xq2.qnpn13g2        q.xq1.qnpn13g2
      model   xq3:npn13g2_nx_vbic   xq2:npn13g2_nx_vbic   xq1:npn13g2_nx_vbic
        vbe              0.707918              0.652876              0.707918
        vbc           0.000516636           6.45494e-05           0.000516636
         ic           4.99318e-06           4.99245e-06           4.99318e-06
         ib           6.82213e-09           7.54726e-09           6.82213e-09
         ie                -5e-06                -5e-06                -5e-06
         is            7.0982e-13           6.66119e-13            7.0982e-13
          p           3.54031e-06           3.26447e-06           3.54031e-06
       beta               731.909               661.492               731.909
         gm           0.000188262           0.000188591           0.000188262
         go          -2.30262e-08          -2.33481e-08          -2.30262e-08
        gpi           2.45861e-07           2.69577e-07           2.45861e-07
        gmu           4.19474e-12           4.26988e-12           4.19474e-12
         gx             0.0139483             0.0993244             0.0139483
        cbe           2.63741e-15           1.92331e-14           2.63741e-15
       cbex                     0                     0                     0
        cbc            3.8255e-16           3.06005e-15            3.8255e-16
       cbcx           4.41813e-31           4.35844e-31           4.41813e-31
       cbep           8.90066e-16           7.12007e-15           8.90066e-16
       cbcp           1.21413e-15           6.47952e-15           1.21413e-15

 Vsource: Independent voltage source
     device                  vvss                  vvdd
         dc                     0                  2.97
      acmag                     0                     0
      pulse                     -                     -
        sin                     -                     -
        exp                     -                     -
        pwl                     -                     -
       sffm                     -                     -
         am                     -                     -
    trnoise                     -                     -
   trrandom                     -                     -
    portnum                     0                     0
         z0                     0                     0
        pwr                     0                     0
       freq                     0                     0
      phase                     0                     0
          i               1.5e-05              -1.5e-05
          p                     0            -4.455e-05


Total analysis time (seconds) = 0.004603

Total elapsed time (seconds) = 0.048 

Total DRAM available = 49152.000 MB.
DRAM currently available = 31011.328 MB.
Maximum ngspice program size =   10.781 MB.
Current ngspice program size =   10.781 MB.

