
Note: No compatibility mode selected!


Circuit: * sg13g2-bandgap -- bandgap_core + bandgap_amp + bandgap_startup

Doing analysis at TEMP = -40.000000 and TNOM = 27.000000

Using SPARSE 1.3 as Direct Linear Solver

Initial Transient Solution
--------------------------

Node                                   Voltage
----                                   -------
vdd                                          0
vss                                          0
sub!                                         0
sns1                                1.0787e-22
fb                                           0
xq1.s1                             4.31478e-29
xq1.t                               2.9124e-20
sns2                              -6.57373e-26
cb2                               -6.57302e-26
xr2.dt                                       0
xq2.s1                            -2.39692e-32
xq2.t                              9.57171e-31
vref                               3.22588e-24
cb3                                3.22812e-24
xr1.dt                                       0
xq3.s1                             1.28884e-30
xq3.t                              2.25662e-21
tail                                         0
d1                                           0
d2                                           0
pn                                           0
det                                          0
xrpu.dt                                      0
fbx                                          0
vmkfb#branch                                 0
vsub#branch                                  0
vvss#branch                       -2.78678e-31
vvdd#branch                       -8.20719e-34

 Reference value :  4.56000e-06 Reference value :  1.25600e-05 Reference value :  4.33262e-05 Reference value :  3.41000e-04 Reference value :  7.83000e-04 Reference value :  1.13700e-03 Reference value :  1.56900e-03 Reference value :  1.91700e-03 Reference value :  1.92700e-03 Reference value :  1.93100e-03 Reference value :  1.93500e-03 Reference value :  2.02100e-03 Reference value :  2.10100e-03 Reference value :  2.23300e-03 Reference value :  2.25300e-03 Reference value :  2.32500e-03 Reference value :  2.33500e-03 Reference value :  2.55300e-03 Reference value :  2.63700e-03 Reference value :  2.82100e-03
No. of Data Rows : 1513
v_fb_v              =  2.41667e+00
v_sns1_v            =  7.89249e-01
v_sns2_v            =  7.89140e-01
v_det_v             =  6.64154e-03
i_mkfb_v            =  2.41653e-09
v_vref_2ms          =  1.04915e+00
v_vref_3ms          =  1.04915e+00
Note: Simulation executed from .control section 
