
Note: No compatibility mode selected!


Circuit: * sg13g2-bandgap -- sg13cmos5l bandgap_top pex (post-layout) closed-loop

Doing analysis at TEMP = 125.000000 and TNOM = 27.000000

Using SPARSE 1.3 as Direct Linear Solver

Initial Transient Solution
--------------------------

Node                                   Voltage
----                                   -------
vdd                                          0
vss                                          0
sub!                                         0
sns1                               4.23196e-17
fb                                           0
sns2                               2.36565e-18
e2                                 2.36555e-18
xr2.dt                                       0
vref                               5.54906e-17
e3                                 5.54717e-17
xr1.dt                                       0
tail                                         0
d1                                           0
d2                                           0
pn                                           0
det                                          0
xrpu.dt                                      0
fbx                                          0
vmkfb#branch                                 0
vsub#branch                                  0
vvss#branch                        9.93679e-26
vvdd#branch                       -5.60236e-25

 Reference value :  3.19000e-04 Reference value :  8.47000e-04 Reference value :  1.34700e-03 Reference value :  1.85700e-03
No. of Data Rows : 1011
v_det_early         =  1.97097e-01
v_fb_early          =  3.88148e-02
v_fb_v              =  2.86253e+00
v_sns1_v            =  6.40880e-01
v_sns2_v            =  6.40448e-01
v_vref_v            =  1.19095e+00
v_det_v             =  1.07168e-02
i_mkfb_v            =  2.94493e-09
Note: Simulation executed from .control section 
