
Note: No compatibility mode selected!


Circuit: * sg13g2-bandgap -- sg13cmos5l bandgap_top pex (post-layout) closed-loop

Doing analysis at TEMP = 125.000000 and TNOM = 27.000000

Using SPARSE 1.3 as Direct Linear Solver

Initial Transient Solution
--------------------------

Node                                   Voltage
----                                   -------
vdd                                          0
vss                                          0
sub!                                         0
sns1                              -4.33799e-19
fb                                           0
sns2                                2.2006e-19
e2                                 2.20036e-19
xr2.dt                                       0
vref                               2.33172e-19
e3                                   2.331e-19
xr1.dt                                       0
tail                                         0
d1                                           0
d2                                           0
pn                                           0
det                                          0
xrpu.dt                                      0
fbx                                          0
vmkfb#branch                                 0
vsub#branch                                  0
vvss#branch                        1.48647e-27
vvdd#branch                       -2.23722e-27

 Reference value :  2.07000e-04 Reference value :  7.79000e-04 Reference value :  1.26500e-03 Reference value :  1.80100e-03
No. of Data Rows : 1011
v_det_early         =  1.90744e-01
v_fb_early          =  3.46206e-02
v_fb_v              =  2.60038e+00
v_sns1_v            =  6.42465e-01
v_sns2_v            =  6.42006e-01
v_vref_v            =  1.19233e+00
v_det_v             =  9.86229e-03
i_mkfb_v            =  2.74130e-09
Note: Simulation executed from .control section 
