
Note: No compatibility mode selected!


Circuit: * sg13g2-bandgap -- sg13cmos5l bandgap_top pex (post-layout) closed-loop

Doing analysis at TEMP = -40.000000 and TNOM = 27.000000

Using SPARSE 1.3 as Direct Linear Solver

Initial Transient Solution
--------------------------

Node                                   Voltage
----                                   -------
vdd                                          0
vss                                          0
sub!                                         0
sns1                               1.42683e-30
fb                                           0
sns2                               5.07029e-25
e2                                 5.06976e-25
xr2.dt                                       0
vref                               1.30509e-30
e3                                  1.3047e-30
xr1.dt                                       0
tail                                         0
d1                                           0
d2                                           0
pn                                           0
det                                          0
xrpu.dt                                      0
fbx                                          0
vmkfb#branch                                 0
vsub#branch                                  0
vvss#branch                         4.0558e-33
vvdd#branch                       -7.09782e-33

 Reference value :  1.38875e-04 Reference value :  1.68875e-04 Reference value :  5.29000e-04 Reference value :  1.11300e-03 Reference value :  1.66500e-03
No. of Data Rows : 1012
v_det_early         =  2.92495e-01
v_fb_early          =  1.41417e-01
v_fb_v              =  2.18295e+00
v_sns1_v            =  8.75018e-01
v_sns2_v            =  8.74848e-01
v_vref_v            =  1.19943e+00
v_det_v             =  1.54110e-03
i_mkfb_v            =  2.18307e-09
Note: Simulation executed from .control section 
