
Note: No compatibility mode selected!


Circuit: * sg13g2-bandgap -- sg13cmos5l bandgap_top pex (post-layout) closed-loop

Doing analysis at TEMP = -40.000000 and TNOM = 27.000000

Using SPARSE 1.3 as Direct Linear Solver

Initial Transient Solution
--------------------------

Node                                   Voltage
----                                   -------
vdd                                          0
vss                                          0
sub!                                         0
sns1                               3.13308e-33
fb                                           0
sns2                               1.54544e-26
e2                                 1.54525e-26
xr2.dt                                       0
vref                               6.24063e-32
e3                                 6.23856e-32
xr1.dt                                       0
tail                                         0
d1                                           0
d2                                           0
pn                                           0
det                                          0
xrpu.dt                                      0
fbx                                          0
vmkfb#branch                                 0
vsub#branch                                  0
vvss#branch                        1.23619e-34
vvdd#branch                       -2.16339e-34

 Reference value :  2.75000e-04 Reference value :  7.95000e-04 Reference value :  1.20700e-03 Reference value :  1.32100e-03 Reference value :  1.50700e-03
No. of Data Rows : 1012
v_det_early         =  3.23345e-01
v_fb_early          =  1.56466e-01
v_fb_v              =  2.43782e+00
v_sns1_v            =  8.72739e-01
v_sns2_v            =  8.72618e-01
v_vref_v            =  1.19766e+00
v_det_v             =  1.56739e-03
i_mkfb_v            =  2.43800e-09
Note: Simulation executed from .control section 
