
Note: No compatibility mode selected!


Circuit: * sg13g2-bandgap -- sg13cmos5l bandgap_top pex (post-layout) closed-loop

Doing analysis at TEMP = 125.000000 and TNOM = 27.000000

Using SPARSE 1.3 as Direct Linear Solver

Initial Transient Solution
--------------------------

Node                                   Voltage
----                                   -------
vdd                                          0
vss                                          0
sub!                                         0
sns1                               7.51107e-20
fb                                           0
sns2                               1.49705e-19
e2                                 1.49686e-19
xr2.dt                                       0
vref                              -4.15283e-19
e3                                -4.15141e-19
xr1.dt                                       0
tail                                         0
d1                                           0
d2                                           0
pn                                           0
det                                          0
xrpu.dt                                      0
fbx                                          0
vmkfb#branch                                 0
vsub#branch                                  0
vvss#branch                        9.01916e-28
vvdd#branch                       -2.45152e-29

 Reference value :  1.58560e-04 Reference value :  7.25000e-04 Reference value :  1.29500e-03 Reference value :  1.81300e-03
No. of Data Rows : 1011
v_det_early         =  2.43693e-01
v_fb_early          =  2.51248e-02
v_fb_v              =  2.53217e+00
v_sns1_v            =  6.40887e-01
v_sns2_v            =  6.40449e-01
v_vref_v            =  1.19106e+00
v_det_v             =  9.68580e-03
i_mkfb_v            =  2.60482e-09
Note: Simulation executed from .control section 
