
Note: No compatibility mode selected!


Circuit: * sg13g2-bandgap -- sg13cmos5l bandgap_top pex (post-layout) closed-loop

Doing analysis at TEMP = 27.000000 and TNOM = 27.000000

Using SPARSE 1.3 as Direct Linear Solver

Initial Transient Solution
--------------------------

Node                                   Voltage
----                                   -------
vdd                                          0
vss                                          0
sub!                                         0
sns1                               1.42408e-25
fb                                           0
sns2                               3.50663e-21
e2                                 3.50623e-21
xr2.dt                                       0
vref                               3.05069e-22
e3                                 3.04966e-22
xr1.dt                                       0
tail                                         0
d1                                           0
d2                                           0
pn                                           0
det                                          0
xrpu.dt                                      0
fbx                                          0
vmkfb#branch                                 0
vsub#branch                                  0
vvss#branch                        2.83499e-29
vvdd#branch                       -5.09142e-29

 Reference value :  3.11000e-04 Reference value :  8.25000e-04 Reference value :  9.95000e-04 Reference value :  1.24500e-03 Reference value :  1.77300e-03
No. of Data Rows : 1013
v_det_early         =  3.56671e-01
v_fb_early          =  1.52900e-01
v_fb_v              =  2.79939e+00
v_sns1_v            =  7.80539e-01
v_sns2_v            =  7.80328e-01
v_vref_v            =  1.19731e+00
v_det_v             =  3.59929e-03
i_mkfb_v            =  2.79955e-09
Note: Simulation executed from .control section 
