
Note: No compatibility mode selected!


Circuit: * sg13g2-bandgap -- sg13cmos5l bandgap_top pex (post-layout) closed-loop

Doing analysis at TEMP = -40.000000 and TNOM = 27.000000

Using SPARSE 1.3 as Direct Linear Solver

Initial Transient Solution
--------------------------

Node                                   Voltage
----                                   -------
vdd                                          0
vss                                          0
sub!                                         0
sns1                               2.12401e-30
fb                                           0
sns2                              -5.68054e-25
e2                                -5.68007e-25
xr2.dt                                       0
vref                               1.57832e-30
e3                                  1.5778e-30
xr1.dt                                       0
tail                                         0
d1                                           0
d2                                           0
pn                                           0
det                                          0
xrpu.dt                                      0
fbx                                          0
vmkfb#branch                                 0
vsub#branch                                  0
vvss#branch                       -4.54405e-33
vvdd#branch                        7.95222e-33

 Reference value :  3.85600e-05 Reference value :  5.03000e-04 Reference value :  1.06300e-03 Reference value :  1.52500e-03
No. of Data Rows : 1012
v_det_early         =  3.23339e-01
v_fb_early          =  1.56601e-01
v_fb_v              =  2.49384e+00
v_sns1_v            =  8.72745e-01
v_sns2_v            =  8.72635e-01
v_vref_v            =  1.19773e+00
v_det_v             =  2.44572e-03
i_mkfb_v            =  2.49392e-09
Note: Simulation executed from .control section 
