
Note: No compatibility mode selected!


Circuit: * sg13g2-bandgap -- sg13cmos5l bandgap_top pex (post-layout) closed-loop

Doing analysis at TEMP = 125.000000 and TNOM = 27.000000

Using SPARSE 1.3 as Direct Linear Solver

Initial Transient Solution
--------------------------

Node                                   Voltage
----                                   -------
vdd                                          0
vss                                          0
sub!                                         0
sns1                              -2.17174e-19
fb                                           0
sns2                               4.48735e-18
e2                                  4.4868e-18
xr2.dt                                       0
vref                               2.91493e-19
e3                                 2.91394e-19
xr1.dt                                       0
tail                                         0
d1                                           0
d2                                           0
pn                                           0
det                                          0
xrpu.dt                                      0
fbx                                          0
vmkfb#branch                                 0
vsub#branch                                  0
vvss#branch                        3.57371e-26
vvdd#branch                        -6.3248e-26

 Reference value :  3.23000e-04 Reference value :  8.97000e-04 Reference value :  1.46100e-03 Reference value :  1.94300e-03
No. of Data Rows : 1011
v_det_early         =  3.15384e-01
v_fb_early          =  8.91107e-02
v_fb_v              =  2.91789e+00
v_sns1_v            =  6.40895e-01
v_sns2_v            =  6.40472e-01
v_vref_v            =  1.19116e+00
v_det_v             =  2.19434e-02
i_mkfb_v            =  2.94712e-09
Note: Simulation executed from .control section 
