
Note: No compatibility mode selected!


Circuit: * sg13g2-bandgap -- sg13cmos5l bandgap_top pex (post-layout) closed-loop

Doing analysis at TEMP = 27.000000 and TNOM = 27.000000

Using SPARSE 1.3 as Direct Linear Solver

Initial Transient Solution
--------------------------

Node                                   Voltage
----                                   -------
vdd                                          0
vss                                          0
sub!                                         0
sns1                               1.27446e-23
fb                                           0
sns2                               1.46309e-19
e2                                 1.46291e-19
xr2.dt                                       0
vref                               9.67655e-22
e3                                 9.67332e-22
xr1.dt                                       0
tail                                         0
d1                                           0
d2                                           0
pn                                           0
det                                          0
xrpu.dt                                      0
fbx                                          0
vmkfb#branch                                 0
vsub#branch                                  0
vvss#branch                        1.17122e-27
vvdd#branch                       -2.05391e-27

 Reference value :  2.00000e-08 Reference value :  8.00000e-08 Reference value :  4.05000e-04 Reference value :  9.69000e-04 Reference value :  1.49100e-03
No. of Data Rows : 1012
v_det_early         =  3.24261e-01
v_fb_early          =  1.54734e-01
v_fb_v              =  2.49704e+00
v_sns1_v            =  7.80528e-01
v_sns2_v            =  7.80294e-01
v_vref_v            =  1.19709e+00
v_det_v             =  4.18792e-03
i_mkfb_v            =  2.49702e-09
Note: Simulation executed from .control section 
