
Note: No compatibility mode selected!


Circuit: * sg13g2-bandgap -- sg13cmos5l bandgap_top pex (post-layout) closed-loop

Doing analysis at TEMP = -40.000000 and TNOM = 27.000000

Using SPARSE 1.3 as Direct Linear Solver

Initial Transient Solution
--------------------------

Node                                   Voltage
----                                   -------
vdd                                          0
vss                                          0
sub!                                         0
sns1                               1.42855e-31
fb                                           0
sns2                               1.34834e-25
e2                                  1.3482e-25
xr2.dt                                       0
vref                               3.86184e-31
e3                                 3.86056e-31
xr1.dt                                       0
tail                                         0
d1                                           0
d2                                           0
pn                                           0
det                                          0
xrpu.dt                                      0
fbx                                          0
vmkfb#branch                                 0
vsub#branch                                  0
vvss#branch                        1.07855e-33
vvdd#branch                       -1.88752e-33

 Reference value :  1.60745e-04 Reference value :  2.47000e-04 Reference value :  7.81000e-04 Reference value :  1.31300e-03 Reference value :  1.82500e-03
No. of Data Rows : 1012
v_det_early         =  3.23342e-01
v_fb_early          =  1.56579e-01
v_fb_v              =  2.46582e+00
v_sns1_v            =  8.72742e-01
v_sns2_v            =  8.72627e-01
v_vref_v            =  1.19770e+00
v_det_v             =  1.93581e-03
i_mkfb_v            =  2.46590e-09
Note: Simulation executed from .control section 
