
Note: No compatibility mode selected!


Circuit: * sg13g2-bandgap -- sg13cmos5l bandgap_top pex (post-layout) closed-loop

Doing analysis at TEMP = 125.000000 and TNOM = 27.000000

Using SPARSE 1.3 as Direct Linear Solver

Initial Transient Solution
--------------------------

Node                                   Voltage
----                                   -------
vdd                                          0
vss                                          0
sub!                                         0
sns1                              -2.62484e-20
fb                                           0
sns2                               1.29675e-18
e2                                  1.2966e-18
xr2.dt                                       0
vref                              -1.38461e-20
e3                                -1.38409e-20
xr1.dt                                       0
tail                                         0
d1                                           0
d2                                           0
pn                                           0
det                                          0
xrpu.dt                                      0
fbx                                          0
vmkfb#branch                                 0
vsub#branch                                  0
vvss#branch                        1.01518e-26
vvdd#branch                       -1.77577e-26

 Reference value :  3.49000e-04 Reference value :  9.21000e-04 Reference value :  1.44900e-03
No. of Data Rows : 1011
v_det_early         =  2.88035e-01
v_fb_early          =  5.41410e-02
v_fb_v              =  2.55987e+00
v_sns1_v            =  6.40891e-01
v_sns2_v            =  6.40460e-01
v_vref_v            =  1.19110e+00
v_det_v             =  1.33320e-02
i_mkfb_v            =  2.60130e-09
Note: Simulation executed from .control section 
