
Note: No compatibility mode selected!


Circuit: * sg13g2-bandgap -- sg13cmos5l bandgap_top pex (post-layout) closed-loop

Doing analysis at TEMP = 125.000000 and TNOM = 27.000000

Using SPARSE 1.3 as Direct Linear Solver

Initial Transient Solution
--------------------------

Node                                   Voltage
----                                   -------
vdd                                          0
vss                                          0
sub!                                         0
sns1                               9.77488e-20
fb                                           0
sns2                               7.32002e-18
e2                                 7.31904e-18
xr2.dt                                       0
vref                              -5.97083e-20
e3                                -5.96859e-20
xr1.dt                                       0
tail                                         0
d1                                           0
d2                                           0
pn                                           0
det                                          0
xrpu.dt                                      0
fbx                                          0
vmkfb#branch                                 0
vsub#branch                                  0
vvss#branch                        5.73013e-26
vvdd#branch                       -1.01311e-25

 Reference value :  2.83000e-04 Reference value :  7.27000e-04 Reference value :  1.23500e-03 Reference value :  1.76500e-03
No. of Data Rows : 1011
v_det_early         =  3.23560e-01
v_fb_early          =  1.23712e-01
v_fb_v              =  2.51771e+00
v_sns1_v            =  6.39196e-01
v_sns2_v            =  6.38789e-01
v_vref_v            =  1.18992e+00
v_det_v             =  2.50069e-02
i_mkfb_v            =  2.53234e-09
Note: Simulation executed from .control section 
