
Note: No compatibility mode selected!


Circuit: * sg13g2-bandgap -- sg13cmos5l bandgap_top pex (post-layout) closed-loop

Doing analysis at TEMP = 27.000000 and TNOM = 27.000000

Using SPARSE 1.3 as Direct Linear Solver

Initial Transient Solution
--------------------------

Node                                   Voltage
----                                   -------
vdd                                          0
vss                                          0
sub!                                         0
sns1                               5.52348e-24
fb                                           0
sns2                               1.18315e-18
e2                                 1.18299e-18
xr2.dt                                       0
vref                               7.39576e-23
e3                                 7.39304e-23
xr1.dt                                       0
tail                                         0
d1                                           0
d2                                           0
pn                                           0
det                                          0
xrpu.dt                                      0
fbx                                          0
vmkfb#branch                                 0
vsub#branch                                  0
vvss#branch                        9.46184e-27
vvdd#branch                       -1.65607e-26

 Reference value :  0.00000e+00 Reference value :  2.59000e-04 Reference value :  4.81000e-04 Reference value :  9.87000e-04 Reference value :  1.55300e-03
No. of Data Rows : 1012
v_det_early         =  3.22843e-01
v_fb_early          =  1.57098e-01
v_fb_v              =  2.45106e+00
v_sns1_v            =  7.78049e-01
v_sns2_v            =  7.77829e-01
v_vref_v            =  1.19501e+00
v_det_v             =  6.33507e-03
i_mkfb_v            =  2.45095e-09
Note: Simulation executed from .control section 
