
Note: No compatibility mode selected!


Circuit: * sg13g2-bandgap -- bandgap_core + bandgap_amp + bandgap_startup

Doing analysis at TEMP = -40.000000 and TNOM = 27.000000

Using SPARSE 1.3 as Direct Linear Solver

Initial Transient Solution
--------------------------

Node                                   Voltage
----                                   -------
vdd                                          0
vss                                          0
sub!                                         0
sns1                               7.05096e-25
fb                                           0
xq1.s1                             2.79517e-31
xq1.t                               1.6669e-29
sns2                               3.24623e-30
cb2                                3.24589e-30
xr2.dt                                       0
xq2.s1                             3.26817e-36
xq2.t                               1.8028e-43
vref                              -2.16816e-25
cb3                               -2.16623e-25
xr1.dt                                       0
xq3.s1                            -8.84354e-32
xq3.t                              1.52143e-31
tail                                         0
d1                                           0
d2                                           0
pn                                           0
det                                          0
xrpu.dt                                      0
fbx                                          0
vmkfb#branch                                 0
vsub#branch                                  0
vvss#branch                        1.44849e-33
vvdd#branch                        -5.1393e-33

 Reference value :  1.75846e-04 Reference value :  6.53000e-04 Reference value :  9.63000e-04 Reference value :  1.45900e-03 Reference value :  1.92700e-03 Reference value :  2.43100e-03 Reference value :  2.85900e-03
No. of Data Rows : 1513
v_fb_v              =  2.49303e+00
v_sns1_v            =  7.85041e-01
v_sns2_v            =  7.84928e-01
v_det_v             =  5.65203e-03
i_mkfb_v            =  2.49295e-09
v_vref_2ms          =  1.13757e+00
v_vref_3ms          =  1.13757e+00
Note: Simulation executed from .control section 
