
Note: No compatibility mode selected!


Circuit: * sg13g2-bandgap -- bandgap_core + bandgap_amp + bandgap_startup

Doing analysis at TEMP = 27.000000 and TNOM = 27.000000

Using SPARSE 1.3 as Direct Linear Solver

Initial Transient Solution
--------------------------

Node                                   Voltage
----                                   -------
vdd                                          0
vss                                          0
sub!                                         0
sns1                              -7.27737e-29
fb                                           0
xq1.s1                            -2.64216e-35
xq1.t                               9.3854e-60
sns2                              -6.94453e-22
cb2                               -6.94376e-22
xr2.dt                                       0
xq2.s1                            -9.74492e-28
xq2.t                              1.06296e-33
vref                               1.55891e-25
cb3                                1.55753e-25
xr1.dt                                       0
xq3.s1                             5.60302e-32
xq3.t                              5.13642e-53
tail                                         0
d1                                           0
d2                                           0
pn                                           0
det                                          0
xrpu.dt                                      0
fbx                                          0
vmkfb#branch                                 0
vsub#branch                                  0
vvss#branch                       -2.30719e-30
vvdd#branch                        9.24978e-30

 Reference value :  1.16577e-04 Reference value :  5.71000e-04 Reference value :  1.04500e-03 Reference value :  1.53300e-03 Reference value :  2.02900e-03 Reference value :  2.47900e-03 Reference value :  2.97700e-03
No. of Data Rows : 1512
v_fb_v              =  2.85269e+00
v_sns1_v            =  7.08697e-01
v_sns2_v            =  7.08488e-01
v_det_v             =  1.49616e-02
i_mkfb_v            =  2.85280e-09
v_vref_2ms          =  1.16705e+00
v_vref_3ms          =  1.16705e+00
Note: Simulation executed from .control section 
