

The temperature limiting function received NaN.
Please check your power dissipation and improve your heat sink Rth!
    This message will be shown only once.

Note: Starting dynamic gmin stepping
Note: Dynamic gmin stepping completed

Note: No compatibility mode selected!


Circuit: * sg13g2-bandgap -- bandgap_core + bandgap_amp + bandgap_startup

Doing analysis at TEMP = 125.000000 and TNOM = 27.000000

Using SPARSE 1.3 as Direct Linear Solver
OSDI(debug) n.xr1.nr1: WARNING: V(i2,c) voltage is greater than specified by vmax

Initial Transient Solution
--------------------------

Node                                   Voltage
----                                   -------
vdd                                          0
vss                                          0
sub!                                         0
sns1                                         0
fb                                           0
xq1.s1                                       0
xq1.t                                        0
sns2                                         0
cb2                                          0
xr2.dt                                       0
xq2.s1                                       0
xq2.t                                        0
vref                                         0
cb3                                          0
xr1.dt                                       0
xq3.s1                                       0
xq3.t                                        0
tail                                         0
d1                                           0
d2                                           0
pn                                           0
det                                          0
xrpu.dt                                      0
fbx                                          0
vmkfb#branch                                 0
vsub#branch                                  0
vvss#branch                                  0
vvdd#branch                                  0

 Reference value :  7.65600e-05 Reference value :  4.91000e-04 Reference value :  9.43000e-04 Reference value :  1.37500e-03 Reference value :  1.82900e-03 Reference value :  2.30500e-03 Reference value :  2.78500e-03
No. of Data Rows : 1511
v_fb_v              =  2.84197e+00
v_sns1_v            =  5.97789e-01
v_sns2_v            =  5.97371e-01
v_det_v             =  1.04693e-01
i_mkfb_v            =  2.91191e-09
v_vref_2ms          =  1.21494e+00
v_vref_3ms          =  1.21494e+00
Note: Simulation executed from .control section 
