
Note: No compatibility mode selected!


Circuit: * sg13g2-bandgap -- bandgap_core + bandgap_amp + bandgap_startup

Doing analysis at TEMP = 27.000000 and TNOM = 27.000000

Using SPARSE 1.3 as Direct Linear Solver

Initial Transient Solution
--------------------------

Node                                   Voltage
----                                   -------
vdd                                          0
vss                                          0
sub!                                         0
sns1                              -1.75578e-26
fb                                           0
xq1.s1                            -3.88344e-33
xq1.t                              1.29387e-53
sns2                               3.18662e-17
cb2                                3.18612e-17
xr2.dt                                       0
xq2.s1                             1.52043e-22
xq2.t                              1.24122e-22
vref                                2.5594e-23
cb3                                  2.557e-23
xr1.dt                                       0
xq3.s1                             5.24396e-30
xq3.t                              1.50277e-40
tail                                         0
d1                                           0
d2                                           0
pn                                           0
det                                          0
xrpu.dt                                      0
fbx                                          0
vmkfb#branch                                 0
vsub#branch                                  0
vvss#branch                        1.98222e-25
vvdd#branch                       -5.16838e-25

 Reference value :  1.66251e-04 Reference value :  6.31000e-04 Reference value :  1.12100e-03 Reference value :  1.62300e-03 Reference value :  2.06500e-03 Reference value :  2.56700e-03
No. of Data Rows : 1512
v_fb_v              =  2.44858e+00
v_sns1_v            =  7.14147e-01
v_sns2_v            =  7.13919e-01
v_det_v             =  1.68269e-02
i_mkfb_v            =  2.44860e-09
v_vref_2ms          =  1.17264e+00
v_vref_3ms          =  1.17264e+00
Note: Simulation executed from .control section 
