
Note: No compatibility mode selected!


Circuit: * klt sim -- generated corner deck, do not edit

Doing analysis at TEMP = 125.000000 and TNOM = 27.000000

Using SPARSE 1.3 as Direct Linear Solver


The temperature limiting function received NaN.
Please check your power dissipation and improve your heat sink Rth!
    This message will be shown only once.

Note: Starting dynamic gmin stepping
Note: Dynamic gmin stepping completed

Initial Transient Solution
--------------------------

Node                                   Voltage
----                                   -------
vdd                                       3.63
vss                                          0
fb                                     2.97688
vdd__t0                                3.62997
vm1_p                                 0.572258
vdd__t1                                   3.63
sns1__t0                              0.572258
vdd__t2                                3.62999
vm2a_p                                0.549327
vdd__t3                                   3.63
sns2__t0                              0.549327
vdd__t4                                   3.63
vm2b_p                                0.549316
vdd__t5                                   3.63
sns2__t1                              0.549316
vdd__t6                                3.62999
vm3a_p                                0.889142
vdd__t7                                   3.63
vref__t0                              0.889142
vdd__t10                                  3.63
vm3b_p                                0.889128
vdd__t8                                   3.63
vref__t2                              0.889128
vdd__t11                                  3.63
vm3c_p                                0.889131
vdd__t9                                   3.63
vref__t3                              0.889131
sns2__t2                              0.549291
vsubs                                        0
cb2__t0                               0.498391
xr2.dt                                       0
vref__t1                              0.889099
tn0__t2                               0.865925
xr1.dt                                       0
tn0__t0                               0.865906
tn0__t1                               0.865906
xru1.dt                                      0
tn0__t8                               0.865906
t002__t1                              0.865906
xru2.dt                                      0
t002__t0                              0.865906
tn0__t13                              0.865906
xru3.dt                                      0
tn0__t15                              0.865906
t004__t0                              0.865906
xru4.dt                                      0
t004__t1                              0.865906
t005__t0                              0.865906
xru5.dt                                      0
t005__t1                              0.865906
t006__t0                              0.865906
xru6.dt                                      0
t006__t1                              0.865906
tn0__t9                               0.865906
xru7.dt                                      0
tn0__t11                              0.865906
t008__t0                              0.865906
xru8.dt                                      0
t008__t1                              0.865906
t009__t0                              0.865906
xru9.dt                                      0
t009__t1                              0.865906
t010__t0                              0.865906
xru10.dt                                     0
t010__t1                              0.865906
t011__t0                              0.865906
xru11.dt                                     0
t011__t1                              0.865906
t012__t0                              0.865906
xru12.dt                                     0
t012__t1                              0.865906
t013__t0                              0.865906
xru13.dt                                     0
t013__t1                              0.865906
t014__t0                              0.865906
xru14.dt                                     0
t014__t1                              0.865906
tn0__t3                               0.865906
xru15.dt                                     0
tn0__t4                               0.865906
t016__t1                              0.865906
xru16.dt                                     0
t016__t0                              0.865906
t017__t1                              0.865906
xru17.dt                                     0
t017__t0                              0.865906
t018__t1                              0.865906
xru18.dt                                     0
t018__t0                              0.865906
t019__t1                              0.865906
xru19.dt                                     0
t019__t0                              0.865906
t020__t1                              0.865906
xru20.dt                                     0
t020__t0                              0.865906
t021__t1                              0.865906
xru21.dt                                     0
t021__t0                              0.865906
t022__t1                              0.865906
xru22.dt                                     0
t022__t0                              0.865906
t023__t1                              0.865906
xru23.dt                                     0
t023__t0                              0.865906
t024__t1                              0.865906
xru24.dt                                     0
t024__t0                              0.865906
t025__t1                              0.865906
xru25.dt                                     0
t025__t0                              0.865906
t026__t1                              0.865906
xru26.dt                                     0
t026__t0                              0.865906
t027__t1                              0.865906
xru27.dt                                     0
t027__t0                              0.865906
t028__t1                              0.865906
xru28.dt                                     0
t028__t0                              0.865906
t029__t1                              0.865906
xru29.dt                                     0
t029__t0                              0.865906
t030__t1                              0.865906
xru30.dt                                     0
t030__t0                              0.865906
tn0__t6                               0.865906
xru31.dt                                     0
tn0__t12                              0.865906
t032__t0                              0.865906
xru32.dt                                     0
t032__t1                              0.865906
t033__t0                              0.865906
xru33.dt                                     0
t033__t1                              0.865906
t034__t0                              0.865906
xru34.dt                                     0
t034__t1                              0.865906
t035__t0                              0.865906
xru35.dt                                     0
t035__t1                              0.865906
t036__t0                              0.865906
xru36.dt                                     0
t036__t1                              0.865906
t037__t0                              0.865906
xru37.dt                                     0
t037__t1                              0.865906
t038__t0                              0.865906
xru38.dt                                     0
t038__t1                              0.865906
t039__t0                              0.865906
xru39.dt                                     0
t039__t1                              0.865906
t040__t0                              0.865906
xru40.dt                                     0
t040__t1                              0.865906
t041__t0                              0.865906
xru41.dt                                     0
t041__t1                              0.865906
t042__t0                              0.865906
xru42.dt                                     0
t042__t1                              0.865906
t043__t0                              0.865906
xru43.dt                                     0
t043__t1                              0.865906
t044__t0                              0.865906
xru44.dt                                     0
t044__t1                              0.865906
t045__t0                              0.865906
xru45.dt                                     0
t045__t1                              0.865906
t046__t1                              0.865906
xru46.dt                                     0
t046__t0                              0.865906
t047__t1                              0.865906
xru47.dt                                     0
t047__t0                              0.865906
t048__t1                              0.865906
xru48.dt                                     0
t048__t0                              0.865906
t049__t1                              0.865906
xru49.dt                                     0
t049__t0                              0.865906
t050__t1                              0.865906
xru50.dt                                     0
t050__t0                              0.865906
t051__t1                              0.865906
xru51.dt                                     0
t051__t0                              0.865906
t052__t1                              0.865906
xru52.dt                                     0
t052__t0                              0.865906
t053__t1                              0.865906
xru53.dt                                     0
t053__t0                              0.865906
t054__t1                              0.865906
xru54.dt                                     0
t054__t0                              0.865906
t055__t1                              0.865906
xru55.dt                                     0
t055__t0                              0.865906
t056__t1                              0.865906
xru56.dt                                     0
t056__t0                              0.865906
t057__t1                              0.865906
xru57.dt                                     0
t057__t0                              0.865906
t058__t1                              0.865906
xru58.dt                                     0
t058__t0                              0.865906
t059__t1                              0.865906
xru59.dt                                     0
t059__t0                              0.865906
t060__t1                              0.865906
xru60.dt                                     0
t060__t0                              0.865906
t061__t0                              0.865906
xru61.dt                                     0
t061__t1                              0.865906
t062__t0                              0.865906
xru62.dt                                     0
t062__t1                              0.865906
tn0__t7                               0.865906
xru63.dt                                     0
tn0__t14                              0.865906
t064__t0                              0.865906
xru64.dt                                     0
t064__t1                              0.865906
t065__t0                              0.865906
xru65.dt                                     0
t065__t1                              0.865906
t066__t0                              0.865906
xru66.dt                                     0
t066__t1                              0.865906
t067__t0                              0.865906
xru67.dt                                     0
t067__t1                              0.865906
t068__t0                              0.865906
xru68.dt                                     0
t068__t1                              0.865906
t069__t0                              0.865906
xru69.dt                                     0
t069__t1                              0.865906
t070__t0                              0.865906
xru70.dt                                     0
t070__t1                              0.865906
t071__t0                              0.865906
xru71.dt                                     0
t071__t1                              0.865906
t072__t0                              0.865906
xru72.dt                                     0
t072__t1                              0.865906
t073__t0                              0.865906
xru73.dt                                     0
t073__t1                              0.865906
t074__t0                              0.865906
xru74.dt                                     0
t074__t1                              0.865906
t075__t0                              0.865906
xru75.dt                                     0
t075__t1                              0.865906
t076__t1                              0.865906
xru76.dt                                     0
t076__t0                              0.865906
t077__t1                              0.865906
xru77.dt                                     0
t077__t0                              0.865906
t078__t1                              0.865906
xru78.dt                                     0
t078__t0                              0.865906
t079__t1                              0.865906
xru79.dt                                     0
t079__t0                              0.865906
t080__t1                              0.865906
xru80.dt                                     0
t080__t0                              0.865906
t081__t1                              0.865906
xru81.dt                                     0
t081__t0                              0.865906
t082__t1                              0.865906
xru82.dt                                     0
t082__t0                              0.865906
t083__t1                              0.865906
xru83.dt                                     0
t083__t0                              0.865906
t084__t1                              0.865906
xru84.dt                                     0
t084__t0                              0.865906
t085__t1                              0.865906
xru85.dt                                     0
t085__t0                              0.865906
t086__t1                              0.865906
xru86.dt                                     0
t086__t0                              0.865906
t087__t1                              0.865906
xru87.dt                                     0
t087__t0                              0.865906
t088__t1                              0.865906
xru88.dt                                     0
t088__t0                              0.865906
t089__t1                              0.865906
xru89.dt                                     0
t089__t0                              0.865906
t090__t1                              0.865906
xru90.dt                                     0
t090__t0                              0.865906
t091__t0                              0.865906
xru91.dt                                     0
t091__t1                              0.865906
t092__t0                              0.865906
xru92.dt                                     0
t092__t1                              0.865906
t093__t0                              0.865906
xru93.dt                                     0
t093__t1                              0.865906
t094__t0                              0.865906
xru94.dt                                     0
t094__t1                              0.865906
t095__t0                              0.865906
xru95.dt                                     0
t095__t1                              0.865906
t096__t0                              0.865906
xru96.dt                                     0
t096__t1                              0.865906
t097__t0                              0.865906
xru97.dt                                     0
t097__t1                              0.865906
t098__t0                              0.865906
xru98.dt                                     0
t098__t1                              0.865906
t099__t0                              0.865906
xru99.dt                                     0
t099__t1                              0.865906
t100__t0                              0.865906
xru100.dt                                    0
t100__t1                              0.865906
t101__t0                              0.865906
xru101.dt                                    0
t101__t1                              0.865906
t102__t0                              0.865906
xru102.dt                                    0
t102__t1                              0.865906
t103__t0                              0.865906
xru103.dt                                    0
t103__t1                              0.865906
t104__t0                              0.865906
xru104.dt                                    0
t104__t1                              0.865906
t105__t0                              0.865906
xru105.dt                                    0
t105__t1                              0.865906
t106__t1                              0.865906
xru106.dt                                    0
t106__t0                              0.865906
t107__t1                              0.865906
xru107.dt                                    0
t107__t0                              0.865906
t108__t1                              0.865906
xru108.dt                                    0
t108__t0                              0.865906
t109__t1                              0.865906
xru109.dt                                    0
t109__t0                              0.865906
t110__t1                              0.865906
xru110.dt                                    0
t110__t0                              0.865906
t111__t1                              0.865906
xru111.dt                                    0
t111__t0                              0.865906
t112__t1                              0.865906
xru112.dt                                    0
t112__t0                              0.865906
t113__t1                              0.865906
xru113.dt                                    0
t113__t0                              0.865906
t114__t1                              0.865906
xru114.dt                                    0
t114__t0                              0.865906
t115__t1                              0.865906
xru115.dt                                    0
t115__t0                              0.865906
t116__t1                              0.865906
xru116.dt                                    0
t116__t0                              0.865906
t117__t1                              0.865906
xru117.dt                                    0
t117__t0                              0.865906
t118__t1                              0.865906
xru118.dt                                    0
t118__t0                              0.865906
t119__t1                              0.865906
xru119.dt                                    0
t119__t0                              0.865906
t120__t1                              0.865906
xru120.dt                                    0
t120__t0                              0.865906
t121__t0                              0.865906
xru121.dt                                    0
t121__t1                              0.865906
t122__t0                              0.865906
xru122.dt                                    0
t122__t1                              0.865906
t123__t0                              0.865906
xru123.dt                                    0
t123__t1                              0.865906
t124__t0                              0.865906
xru124.dt                                    0
t124__t1                              0.865906
t125__t0                              0.865906
xru125.dt                                    0
t125__t1                              0.865906
t126__t0                              0.865906
xru126.dt                                    0
t126__t1                              0.865906
tn0__t5                               0.865906
xru127.dt                                    0
tn0__t10                              0.865895
t128__t0                              0.863608
xru128.dt                                    0
t128__t1                              0.863607
t129__t0                              0.861321
xru129.dt                                    0
t129__t1                               0.86132
t130__t0                              0.859033
xru130.dt                                    0
t130__t1                              0.859033
t131__t0                              0.856746
xru131.dt                                    0
t131__t1                              0.856746
t132__t0                              0.854459
xru132.dt                                    0
t132__t1                              0.854459
t133__t0                              0.852172
xru133.dt                                    0
t133__t1                              0.852171
t134__t0                              0.849884
xru134.dt                                    0
t134__t1                              0.849884
t135__t0                              0.847597
xru135.dt                                    0
t135__t1                              0.847591
t136__t1                              0.845304
xru136.dt                                    0
t136__t0                              0.845304
t137__t1                              0.843017
xru137.dt                                    0
t137__t0                              0.843017
t138__t1                               0.84073
xru138.dt                                    0
t138__t0                               0.84073
t139__t1                              0.838443
xru139.dt                                    0
t139__t0                              0.838443
t140__t1                              0.836156
xru140.dt                                    0
t140__t0                              0.836155
t141__t1                              0.833868
xru141.dt                                    0
t141__t0                              0.833868
t142__t1                              0.831581
xru142.dt                                    0
t142__t0                              0.831581
t143__t1                              0.829294
xru143.dt                                    0
t143__t0                              0.829294
t144__t1                              0.827007
xru144.dt                                    0
t144__t0                              0.827006
t145__t1                               0.82472
xru145.dt                                    0
t145__t0                              0.824719
t146__t1                              0.822432
xru146.dt                                    0
t146__t0                              0.822432
t147__t1                              0.820145
xru147.dt                                    0
t147__t0                              0.820145
t148__t1                              0.817858
xru148.dt                                    0
t148__t0                              0.817858
t149__t1                              0.815571
xru149.dt                                    0
t149__t0                               0.81557
t150__t1                              0.813283
xru150.dt                                    0
t150__t0                              0.813278
t151__t0                              0.810991
xru151.dt                                    0
t151__t1                               0.81099
t152__t0                              0.808703
xru152.dt                                    0
t152__t1                              0.808703
t153__t0                              0.806416
xru153.dt                                    0
t153__t1                              0.806416
t154__t0                              0.804129
xru154.dt                                    0
t154__t1                              0.804129
t155__t0                              0.801842
xru155.dt                                    0
t155__t1                              0.801842
t156__t0                              0.799555
xru156.dt                                    0
t156__t1                              0.799554
t157__t0                              0.797267
xru157.dt                                    0
t157__t1                              0.797267
t158__t0                               0.79498
xru158.dt                                    0
t158__t1                               0.79498
t159__t0                              0.792693
xru159.dt                                    0
t159__t1                              0.792693
t160__t0                              0.790406
xru160.dt                                    0
t160__t1                              0.790405
t161__t0                              0.788119
xru161.dt                                    0
t161__t1                              0.788118
t162__t0                              0.785831
xru162.dt                                    0
t162__t1                              0.785831
t163__t0                              0.783544
xru163.dt                                    0
t163__t1                              0.783544
t164__t0                              0.781257
xru164.dt                                    0
t164__t1                              0.781257
t165__t0                               0.77897
xru165.dt                                    0
t165__t1                              0.778964
t166__t1                              0.776677
xru166.dt                                    0
t166__t0                              0.776677
t167__t1                               0.77439
xru167.dt                                    0
t167__t0                              0.774389
t168__t1                              0.772102
xru168.dt                                    0
t168__t0                              0.772102
t169__t1                              0.769815
xru169.dt                                    0
t169__t0                              0.769815
t170__t1                              0.767528
xru170.dt                                    0
t170__t0                              0.767528
t171__t1                              0.765241
xru171.dt                                    0
t171__t0                              0.765241
t172__t1                              0.762954
xru172.dt                                    0
t172__t0                              0.762953
t173__t1                              0.760666
xru173.dt                                    0
t173__t0                              0.760666
t174__t1                              0.758379
xru174.dt                                    0
t174__t0                              0.758379
t175__t1                              0.756092
xru175.dt                                    0
t175__t0                              0.756092
t176__t1                              0.753805
xru176.dt                                    0
t176__t0                              0.753804
t177__t1                              0.751518
xru177.dt                                    0
t177__t0                              0.751517
t178__t1                               0.74923
xru178.dt                                    0
t178__t0                               0.74923
t179__t1                              0.746943
xru179.dt                                    0
t179__t0                              0.746943
t180__t1                              0.744656
xru180.dt                                    0
t180__t0                               0.74465
t181__t0                              0.742363
xru181.dt                                    0
t181__t1                              0.742363
t182__t0                              0.740076
xru182.dt                                    0
t182__t1                              0.740076
t183__t0                              0.737789
xru183.dt                                    0
t183__t1                              0.737788
t184__t0                              0.735501
xru184.dt                                    0
t184__t1                              0.735501
t185__t0                              0.733214
xru185.dt                                    0
t185__t1                              0.733214
t186__t0                              0.730927
xru186.dt                                    0
t186__t1                              0.730927
t187__t0                               0.72864
xru187.dt                                    0
t187__t1                               0.72864
t188__t0                              0.726353
xru188.dt                                    0
t188__t1                              0.726352
t189__t0                              0.724065
xru189.dt                                    0
t189__t1                              0.724065
t190__t0                              0.721778
xru190.dt                                    0
t190__t1                              0.721778
t191__t0                              0.719491
xru191.dt                                    0
t191__t1                              0.719491
t192__t0                              0.717204
xru192.dt                                    0
t192__t1                              0.717203
t193__t0                              0.714917
xru193.dt                                    0
t193__t1                              0.714916
t194__t0                              0.712629
xru194.dt                                    0
t194__t1                              0.712629
t195__t0                              0.710342
xru195.dt                                    0
t195__t1                              0.710336
t196__t1                              0.708049
xru196.dt                                    0
t196__t0                              0.708049
t197__t1                              0.705762
xru197.dt                                    0
t197__t0                              0.705762
t198__t1                              0.703475
xru198.dt                                    0
t198__t0                              0.703475
t199__t1                              0.701188
xru199.dt                                    0
t199__t0                              0.701187
t200__t1                                0.6989
xru200.dt                                    0
t200__t0                                0.6989
t201__t1                              0.696613
xru201.dt                                    0
t201__t0                              0.696613
t202__t1                              0.694326
xru202.dt                                    0
t202__t0                              0.694326
t203__t1                              0.692039
xru203.dt                                    0
t203__t0                              0.692039
t204__t1                              0.689752
xru204.dt                                    0
t204__t0                              0.689751
t205__t1                              0.687464
xru205.dt                                    0
t205__t0                              0.687464
t206__t1                              0.685177
xru206.dt                                    0
t206__t0                              0.685177
t207__t1                               0.68289
xru207.dt                                    0
t207__t0                               0.68289
t208__t1                              0.680603
xru208.dt                                    0
t208__t0                              0.680602
t209__t1                              0.678316
xru209.dt                                    0
t209__t0                              0.678315
t210__t1                              0.676028
xru210.dt                                    0
t210__t0                              0.676022
t211__t0                              0.673736
xru211.dt                                    0
t211__t1                              0.673735
t212__t0                              0.671448
xru212.dt                                    0
t212__t1                              0.671448
t213__t0                              0.669161
xru213.dt                                    0
t213__t1                              0.669161
t214__t0                              0.666874
xru214.dt                                    0
t214__t1                              0.666874
t215__t0                              0.664587
xru215.dt                                    0
t215__t1                              0.664586
t216__t0                              0.662299
xru216.dt                                    0
t216__t1                              0.662299
t217__t0                              0.660012
xru217.dt                                    0
t217__t1                              0.660012
t218__t0                              0.657725
xru218.dt                                    0
t218__t1                              0.657725
t219__t0                              0.655438
xru219.dt                                    0
t219__t1                              0.655438
t220__t0                              0.653151
xru220.dt                                    0
t220__t1                               0.65315
t221__t0                              0.650863
xru221.dt                                    0
t221__t1                              0.650863
t222__t0                              0.648576
xru222.dt                                    0
t222__t1                              0.648576
t223__t0                              0.646289
xru223.dt                                    0
t223__t1                              0.646289
t224__t0                              0.644002
xru224.dt                                    0
t224__t1                              0.644001
t225__t0                              0.641715
xru225.dt                                    0
t225__t1                              0.641709
t226__t1                              0.639422
xru226.dt                                    0
t226__t0                              0.639421
t227__t1                              0.637135
xru227.dt                                    0
t227__t0                              0.637134
t228__t1                              0.634847
xru228.dt                                    0
t228__t0                              0.634847
t229__t1                               0.63256
xru229.dt                                    0
t229__t0                               0.63256
t230__t1                              0.630273
xru230.dt                                    0
t230__t0                              0.630273
t231__t1                              0.627986
xru231.dt                                    0
t231__t0                              0.627985
t232__t1                              0.625698
xru232.dt                                    0
t232__t0                              0.625698
t233__t1                              0.623411
xru233.dt                                    0
t233__t0                              0.623411
t234__t1                              0.621124
xru234.dt                                    0
t234__t0                              0.621124
t235__t1                              0.618837
xru235.dt                                    0
t235__t0                              0.618837
t236__t1                               0.61655
xru236.dt                                    0
t236__t0                              0.616549
t237__t1                              0.614262
xru237.dt                                    0
t237__t0                              0.614262
t238__t1                              0.611975
xru238.dt                                    0
t238__t0                              0.611975
t239__t1                              0.609688
xru239.dt                                    0
t239__t0                              0.609688
t240__t1                              0.607401
xru240.dt                                    0
t240__t0                              0.607395
t241__t0                              0.605108
xru241.dt                                    0
t241__t1                              0.605108
t242__t0                              0.602821
xru242.dt                                    0
t242__t1                               0.60282
t243__t0                              0.600534
xru243.dt                                    0
t243__t1                              0.600533
t244__t0                              0.598246
xru244.dt                                    0
t244__t1                              0.598246
t245__t0                              0.595959
xru245.dt                                    0
t245__t1                              0.595959
t246__t0                              0.593672
xru246.dt                                    0
t246__t1                              0.593672
t247__t0                              0.591385
xru247.dt                                    0
t247__t1                              0.591384
t248__t0                              0.589098
xru248.dt                                    0
t248__t1                              0.589097
t249__t0                               0.58681
xru249.dt                                    0
t249__t1                               0.58681
t250__t0                              0.584523
xru250.dt                                    0
t250__t1                              0.584523
t251__t0                              0.582236
xru251.dt                                    0
t251__t1                              0.582236
t252__t0                              0.579949
xru252.dt                                    0
t252__t1                              0.579948
t253__t0                              0.577661
xru253.dt                                    0
t253__t1                              0.577661
t254__t0                              0.575374
xru254.dt                                    0
t254__t1                              0.575374
cb3__t0                               0.573087
xru255.dt                                    0
sns1                                   0.57218
xq1.s1                             3.42282e-08
xq1.t                                0.0331908
cb2                                   0.498272
xq2.s1                             4.11947e-07
xq2.t                               0.00449949
cb3                                   0.572884
xq3.s1                             3.42306e-08
xq3.t                                0.0338773
sns2                                  0.549314
tn0                                   0.865906
t002                                  0.865906
t004                                  0.865906
t005                                  0.865906
t006                                  0.865906
t008                                  0.865906
t009                                  0.865906
t010                                  0.865906
t011                                  0.865906
t012                                  0.865906
t013                                  0.865906
t014                                  0.865906
t016                                  0.865906
t017                                  0.865906
t018                                  0.865906
t019                                  0.865906
t020                                  0.865906
t021                                  0.865906
t022                                  0.865906
t023                                  0.865906
t024                                  0.865906
t025                                  0.865906
t026                                  0.865906
t027                                  0.865906
t028                                  0.865906
t029                                  0.865906
t030                                  0.865906
t032                                  0.865906
t033                                  0.865906
t034                                  0.865906
t035                                  0.865906
t036                                  0.865906
t037                                  0.865906
t038                                  0.865906
t039                                  0.865906
t040                                  0.865906
t041                                  0.865906
t042                                  0.865906
t043                                  0.865906
t044                                  0.865906
t045                                  0.865906
t046                                  0.865906
t047                                  0.865906
t048                                  0.865906
t049                                  0.865906
t050                                  0.865906
t051                                  0.865906
t052                                  0.865906
t053                                  0.865906
t054                                  0.865906
t055                                  0.865906
t056                                  0.865906
t057                                  0.865906
t058                                  0.865906
t059                                  0.865906
t060                                  0.865906
t061                                  0.865906
t062                                  0.865906
t064                                  0.865906
t065                                  0.865906
t066                                  0.865906
t067                                  0.865906
t068                                  0.865906
t069                                  0.865906
t070                                  0.865906
t071                                  0.865906
t072                                  0.865906
t073                                  0.865906
t074                                  0.865906
t075                                  0.865906
t076                                  0.865906
t077                                  0.865906
t078                                  0.865906
t079                                  0.865906
t080                                  0.865906
t081                                  0.865906
t082                                  0.865906
t083                                  0.865906
t084                                  0.865906
t085                                  0.865906
t086                                  0.865906
t087                                  0.865906
t088                                  0.865906
t089                                  0.865906
t090                                  0.865906
t091                                  0.865906
t092                                  0.865906
t093                                  0.865906
t094                                  0.865906
t095                                  0.865906
t096                                  0.865906
t097                                  0.865906
t098                                  0.865906
t099                                  0.865906
t100                                  0.865906
t101                                  0.865906
t102                                  0.865906
t103                                  0.865906
t104                                  0.865906
t105                                  0.865906
t106                                  0.865906
t107                                  0.865906
t108                                  0.865906
t109                                  0.865906
t110                                  0.865906
t111                                  0.865906
t112                                  0.865906
t113                                  0.865906
t114                                  0.865906
t115                                  0.865906
t116                                  0.865906
t117                                  0.865906
t118                                  0.865906
t119                                  0.865906
t120                                  0.865906
t121                                  0.865906
t122                                  0.865906
t123                                  0.865906
t124                                  0.865906
t125                                  0.865906
t126                                  0.865906
t128                                  0.863608
t129                                   0.86132
t130                                  0.859033
t131                                  0.856746
t132                                  0.854459
t133                                  0.852172
t134                                  0.849884
t135                                  0.847594
t136                                  0.845304
t137                                  0.843017
t138                                   0.84073
t139                                  0.838443
t140                                  0.836155
t141                                  0.833868
t142                                  0.831581
t143                                  0.829294
t144                                  0.827007
t145                                  0.824719
t146                                  0.822432
t147                                  0.820145
t148                                  0.817858
t149                                  0.815571
t150                                  0.813281
t151                                  0.810991
t152                                  0.808703
t153                                  0.806416
t154                                  0.804129
t155                                  0.801842
t156                                  0.799554
t157                                  0.797267
t158                                   0.79498
t159                                  0.792693
t160                                  0.790406
t161                                  0.788118
t162                                  0.785831
t163                                  0.783544
t164                                  0.781257
t165                                  0.778967
t166                                  0.776677
t167                                   0.77439
t168                                  0.772102
t169                                  0.769815
t170                                  0.767528
t171                                  0.765241
t172                                  0.762953
t173                                  0.760666
t174                                  0.758379
t175                                  0.756092
t176                                  0.753805
t177                                  0.751517
t178                                   0.74923
t179                                  0.746943
t180                                  0.744653
t181                                  0.742363
t182                                  0.740076
t183                                  0.737789
t184                                  0.735501
t185                                  0.733214
t186                                  0.730927
t187                                   0.72864
t188                                  0.726352
t189                                  0.724065
t190                                  0.721778
t191                                  0.719491
t192                                  0.717204
t193                                  0.714916
t194                                  0.712629
t195                                  0.710339
t196                                  0.708049
t197                                  0.705762
t198                                  0.703475
t199                                  0.701188
t200                                    0.6989
t201                                  0.696613
t202                                  0.694326
t203                                  0.692039
t204                                  0.689751
t205                                  0.687464
t206                                  0.685177
t207                                   0.68289
t208                                  0.680603
t209                                  0.678315
t210                                  0.676025
t211                                  0.673735
t212                                  0.671448
t213                                  0.669161
t214                                  0.666874
t215                                  0.664587
t216                                  0.662299
t217                                  0.660012
t218                                  0.657725
t219                                  0.655438
t220                                   0.65315
t221                                  0.650863
t222                                  0.648576
t223                                  0.646289
t224                                  0.644002
t225                                  0.641712
t226                                  0.639422
t227                                  0.637134
t228                                  0.634847
t229                                   0.63256
t230                                  0.630273
t231                                  0.627986
t232                                  0.625698
t233                                  0.623411
t234                                  0.621124
t235                                  0.618837
t236                                  0.616549
t237                                  0.614262
t238                                  0.611975
t239                                  0.609688
t240                                  0.607398
t241                                  0.605108
t242                                  0.602821
t243                                  0.600533
t244                                  0.598246
t245                                  0.595959
t246                                  0.593672
t247                                  0.591385
t248                                  0.589097
t249                                   0.58681
t250                                  0.584523
t251                                  0.582236
t252                                  0.579949
t253                                  0.577661
t254                                  0.575374
vref                                  0.889127
vss__par                                     0
pa_00                                0.0739079
pa_01                              5.16896e-06
pa_02                              5.21133e-06
pa_03                                  60683.7
pa_04                                  9874.59
bpa_04#branch                                0
vm2a#branch                         4.6068e-06
vm2b#branch                         5.6216e-07
bpa_03#branch                                0
vm3a#branch                        4.09063e-06
vm3b#branch                        5.60354e-07
vm3c#branch                         5.6035e-07
bpa_02#branch                                0
bpa_01#branch                                0
bpa_00#branch                                0
vm1#branch                         5.10992e-06
vvss#branch                        2.04902e-05
vvdd#branch                       -2.04902e-05


No. of Data Rows : 59

  Measurements for Transient Analysis

vref_v              =  8.89127e-01
vpexfb_v            =  2.97688e+00
vbe_q1_v            =  5.72180e-01
vbe_q2_v            =  4.98272e-01
vbe_q3_v            =  5.72884e-01
dvbe_ptat_v         =  7.39079e-02
i_leg1_a            =  5.10992e-06
i_leg2_a            =  5.16896e-06
i_leg3_a            =  5.21133e-06
r1_ohm              =  6.06837e+04
r2_ohm              =  9.87459e+03

ngspice-46 done
