
Note: No compatibility mode selected!


Circuit: * klt sim -- generated corner deck, do not edit

Doing analysis at TEMP = 125.000000 and TNOM = 27.000000

Using SPARSE 1.3 as Direct Linear Solver


The temperature limiting function received NaN.
Please check your power dissipation and improve your heat sink Rth!
    This message will be shown only once.

Note: Starting dynamic gmin stepping
Note: Dynamic gmin stepping completed

Initial Transient Solution
--------------------------

Node                                   Voltage
----                                   -------
vdd                                       2.97
vss                                          0
fb                                     2.31688
vdd__t0                                2.96997
vm1_p                                 0.572078
vdd__t1                                   2.97
sns1__t0                              0.572078
vdd__t2                                2.96999
vm2a_p                                0.548881
vdd__t3                                   2.97
sns2__t0                              0.548881
vdd__t4                                   2.97
vm2b_p                                 0.54887
vdd__t5                                   2.97
sns2__t1                               0.54887
vdd__t6                                2.96999
vm3a_p                                0.887319
vdd__t7                                   2.97
vref__t0                              0.887319
vdd__t10                                  2.97
vm3b_p                                0.887305
vdd__t8                                   2.97
vref__t2                              0.887305
vdd__t11                                  2.97
vm3c_p                                0.887307
vdd__t9                                   2.97
vref__t3                              0.887307
sns2__t2                              0.548845
vsubs                                        0
cb2__t0                               0.498207
xr2.dt                                       0
vref__t1                              0.887276
tn0__t2                               0.864222
xr1.dt                                       0
tn0__t0                               0.864203
tn0__t1                               0.864203
xru1.dt                                      0
tn0__t8                               0.864203
t002__t1                              0.864203
xru2.dt                                      0
t002__t0                              0.864203
tn0__t13                              0.864203
xru3.dt                                      0
tn0__t15                              0.864203
t004__t0                              0.864203
xru4.dt                                      0
t004__t1                              0.864203
t005__t0                              0.864203
xru5.dt                                      0
t005__t1                              0.864203
t006__t0                              0.864203
xru6.dt                                      0
t006__t1                              0.864203
tn0__t9                               0.864203
xru7.dt                                      0
tn0__t11                              0.864203
t008__t0                              0.864203
xru8.dt                                      0
t008__t1                              0.864203
t009__t0                              0.864203
xru9.dt                                      0
t009__t1                              0.864203
t010__t0                              0.864203
xru10.dt                                     0
t010__t1                              0.864203
t011__t0                              0.864203
xru11.dt                                     0
t011__t1                              0.864203
t012__t0                              0.864203
xru12.dt                                     0
t012__t1                              0.864203
t013__t0                              0.864203
xru13.dt                                     0
t013__t1                              0.864203
t014__t0                              0.864203
xru14.dt                                     0
t014__t1                              0.864203
tn0__t3                               0.864203
xru15.dt                                     0
tn0__t4                               0.864203
t016__t1                              0.864203
xru16.dt                                     0
t016__t0                              0.864203
t017__t1                              0.864203
xru17.dt                                     0
t017__t0                              0.864203
t018__t1                              0.864203
xru18.dt                                     0
t018__t0                              0.864203
t019__t1                              0.864203
xru19.dt                                     0
t019__t0                              0.864203
t020__t1                              0.864203
xru20.dt                                     0
t020__t0                              0.864203
t021__t1                              0.864203
xru21.dt                                     0
t021__t0                              0.864203
t022__t1                              0.864203
xru22.dt                                     0
t022__t0                              0.864203
t023__t1                              0.864203
xru23.dt                                     0
t023__t0                              0.864203
t024__t1                              0.864203
xru24.dt                                     0
t024__t0                              0.864203
t025__t1                              0.864203
xru25.dt                                     0
t025__t0                              0.864203
t026__t1                              0.864203
xru26.dt                                     0
t026__t0                              0.864203
t027__t1                              0.864203
xru27.dt                                     0
t027__t0                              0.864203
t028__t1                              0.864203
xru28.dt                                     0
t028__t0                              0.864203
t029__t1                              0.864203
xru29.dt                                     0
t029__t0                              0.864203
t030__t1                              0.864203
xru30.dt                                     0
t030__t0                              0.864203
tn0__t6                               0.864203
xru31.dt                                     0
tn0__t12                              0.864203
t032__t0                              0.864203
xru32.dt                                     0
t032__t1                              0.864203
t033__t0                              0.864203
xru33.dt                                     0
t033__t1                              0.864203
t034__t0                              0.864203
xru34.dt                                     0
t034__t1                              0.864203
t035__t0                              0.864203
xru35.dt                                     0
t035__t1                              0.864203
t036__t0                              0.864203
xru36.dt                                     0
t036__t1                              0.864203
t037__t0                              0.864203
xru37.dt                                     0
t037__t1                              0.864203
t038__t0                              0.864203
xru38.dt                                     0
t038__t1                              0.864203
t039__t0                              0.864203
xru39.dt                                     0
t039__t1                              0.864203
t040__t0                              0.864203
xru40.dt                                     0
t040__t1                              0.864203
t041__t0                              0.864203
xru41.dt                                     0
t041__t1                              0.864203
t042__t0                              0.864203
xru42.dt                                     0
t042__t1                              0.864203
t043__t0                              0.864203
xru43.dt                                     0
t043__t1                              0.864203
t044__t0                              0.864203
xru44.dt                                     0
t044__t1                              0.864203
t045__t0                              0.864203
xru45.dt                                     0
t045__t1                              0.864203
t046__t1                              0.864203
xru46.dt                                     0
t046__t0                              0.864203
t047__t1                              0.864203
xru47.dt                                     0
t047__t0                              0.864203
t048__t1                              0.864203
xru48.dt                                     0
t048__t0                              0.864203
t049__t1                              0.864203
xru49.dt                                     0
t049__t0                              0.864203
t050__t1                              0.864203
xru50.dt                                     0
t050__t0                              0.864203
t051__t1                              0.864203
xru51.dt                                     0
t051__t0                              0.864203
t052__t1                              0.864203
xru52.dt                                     0
t052__t0                              0.864203
t053__t1                              0.864203
xru53.dt                                     0
t053__t0                              0.864203
t054__t1                              0.864203
xru54.dt                                     0
t054__t0                              0.864203
t055__t1                              0.864203
xru55.dt                                     0
t055__t0                              0.864203
t056__t1                              0.864203
xru56.dt                                     0
t056__t0                              0.864203
t057__t1                              0.864203
xru57.dt                                     0
t057__t0                              0.864203
t058__t1                              0.864203
xru58.dt                                     0
t058__t0                              0.864203
t059__t1                              0.864203
xru59.dt                                     0
t059__t0                              0.864203
t060__t1                              0.864203
xru60.dt                                     0
t060__t0                              0.864203
t061__t0                              0.864203
xru61.dt                                     0
t061__t1                              0.864203
t062__t0                              0.864203
xru62.dt                                     0
t062__t1                              0.864203
tn0__t7                               0.864203
xru63.dt                                     0
tn0__t14                              0.864203
t064__t0                              0.864203
xru64.dt                                     0
t064__t1                              0.864203
t065__t0                              0.864203
xru65.dt                                     0
t065__t1                              0.864203
t066__t0                              0.864203
xru66.dt                                     0
t066__t1                              0.864203
t067__t0                              0.864203
xru67.dt                                     0
t067__t1                              0.864203
t068__t0                              0.864203
xru68.dt                                     0
t068__t1                              0.864203
t069__t0                              0.864203
xru69.dt                                     0
t069__t1                              0.864203
t070__t0                              0.864203
xru70.dt                                     0
t070__t1                              0.864203
t071__t0                              0.864203
xru71.dt                                     0
t071__t1                              0.864203
t072__t0                              0.864203
xru72.dt                                     0
t072__t1                              0.864203
t073__t0                              0.864203
xru73.dt                                     0
t073__t1                              0.864203
t074__t0                              0.864203
xru74.dt                                     0
t074__t1                              0.864203
t075__t0                              0.864203
xru75.dt                                     0
t075__t1                              0.864203
t076__t1                              0.864203
xru76.dt                                     0
t076__t0                              0.864203
t077__t1                              0.864203
xru77.dt                                     0
t077__t0                              0.864203
t078__t1                              0.864203
xru78.dt                                     0
t078__t0                              0.864203
t079__t1                              0.864203
xru79.dt                                     0
t079__t0                              0.864203
t080__t1                              0.864203
xru80.dt                                     0
t080__t0                              0.864203
t081__t1                              0.864203
xru81.dt                                     0
t081__t0                              0.864203
t082__t1                              0.864203
xru82.dt                                     0
t082__t0                              0.864203
t083__t1                              0.864203
xru83.dt                                     0
t083__t0                              0.864203
t084__t1                              0.864203
xru84.dt                                     0
t084__t0                              0.864203
t085__t1                              0.864203
xru85.dt                                     0
t085__t0                              0.864203
t086__t1                              0.864203
xru86.dt                                     0
t086__t0                              0.864203
t087__t1                              0.864203
xru87.dt                                     0
t087__t0                              0.864203
t088__t1                              0.864203
xru88.dt                                     0
t088__t0                              0.864203
t089__t1                              0.864203
xru89.dt                                     0
t089__t0                              0.864203
t090__t1                              0.864203
xru90.dt                                     0
t090__t0                              0.864203
t091__t0                              0.864203
xru91.dt                                     0
t091__t1                              0.864203
t092__t0                              0.864203
xru92.dt                                     0
t092__t1                              0.864203
t093__t0                              0.864203
xru93.dt                                     0
t093__t1                              0.864203
t094__t0                              0.864203
xru94.dt                                     0
t094__t1                              0.864203
t095__t0                              0.864203
xru95.dt                                     0
t095__t1                              0.864203
t096__t0                              0.864203
xru96.dt                                     0
t096__t1                              0.864203
t097__t0                              0.864203
xru97.dt                                     0
t097__t1                              0.864203
t098__t0                              0.864203
xru98.dt                                     0
t098__t1                              0.864203
t099__t0                              0.864203
xru99.dt                                     0
t099__t1                              0.864203
t100__t0                              0.864203
xru100.dt                                    0
t100__t1                              0.864203
t101__t0                              0.864203
xru101.dt                                    0
t101__t1                              0.864203
t102__t0                              0.864203
xru102.dt                                    0
t102__t1                              0.864203
t103__t0                              0.864203
xru103.dt                                    0
t103__t1                              0.864203
t104__t0                              0.864203
xru104.dt                                    0
t104__t1                              0.864203
t105__t0                              0.864203
xru105.dt                                    0
t105__t1                              0.864203
t106__t1                              0.864203
xru106.dt                                    0
t106__t0                              0.864203
t107__t1                              0.864203
xru107.dt                                    0
t107__t0                              0.864203
t108__t1                              0.864203
xru108.dt                                    0
t108__t0                              0.864203
t109__t1                              0.864203
xru109.dt                                    0
t109__t0                              0.864203
t110__t1                              0.864203
xru110.dt                                    0
t110__t0                              0.864203
t111__t1                              0.864203
xru111.dt                                    0
t111__t0                              0.864203
t112__t1                              0.864203
xru112.dt                                    0
t112__t0                              0.864203
t113__t1                              0.864203
xru113.dt                                    0
t113__t0                              0.864203
t114__t1                              0.864203
xru114.dt                                    0
t114__t0                              0.864203
t115__t1                              0.864203
xru115.dt                                    0
t115__t0                              0.864203
t116__t1                              0.864203
xru116.dt                                    0
t116__t0                              0.864203
t117__t1                              0.864203
xru117.dt                                    0
t117__t0                              0.864203
t118__t1                              0.864203
xru118.dt                                    0
t118__t0                              0.864203
t119__t1                              0.864203
xru119.dt                                    0
t119__t0                              0.864203
t120__t1                              0.864203
xru120.dt                                    0
t120__t0                              0.864203
t121__t0                              0.864203
xru121.dt                                    0
t121__t1                              0.864203
t122__t0                              0.864203
xru122.dt                                    0
t122__t1                              0.864203
t123__t0                              0.864203
xru123.dt                                    0
t123__t1                              0.864203
t124__t0                              0.864203
xru124.dt                                    0
t124__t1                              0.864203
t125__t0                              0.864203
xru125.dt                                    0
t125__t1                              0.864203
t126__t0                              0.864203
xru126.dt                                    0
t126__t1                              0.864203
tn0__t5                               0.864203
xru127.dt                                    0
tn0__t10                              0.864192
t128__t0                              0.861917
xru128.dt                                    0
t128__t1                              0.861916
t129__t0                              0.859641
xru129.dt                                    0
t129__t1                              0.859641
t130__t0                              0.857366
xru130.dt                                    0
t130__t1                              0.857366
t131__t0                               0.85509
xru131.dt                                    0
t131__t1                               0.85509
t132__t0                              0.852815
xru132.dt                                    0
t132__t1                              0.852815
t133__t0                               0.85054
xru133.dt                                    0
t133__t1                              0.850539
t134__t0                              0.848264
xru134.dt                                    0
t134__t1                              0.848264
t135__t0                              0.845989
xru135.dt                                    0
t135__t1                              0.845983
t136__t1                              0.843708
xru136.dt                                    0
t136__t0                              0.843708
t137__t1                              0.841433
xru137.dt                                    0
t137__t0                              0.841432
t138__t1                              0.839157
xru138.dt                                    0
t138__t0                              0.839157
t139__t1                              0.836882
xru139.dt                                    0
t139__t0                              0.836882
t140__t1                              0.834607
xru140.dt                                    0
t140__t0                              0.834606
t141__t1                              0.832331
xru141.dt                                    0
t141__t0                              0.832331
t142__t1                              0.830056
xru142.dt                                    0
t142__t0                              0.830056
t143__t1                               0.82778
xru143.dt                                    0
t143__t0                               0.82778
t144__t1                              0.825505
xru144.dt                                    0
t144__t0                              0.825505
t145__t1                               0.82323
xru145.dt                                    0
t145__t0                              0.823229
t146__t1                              0.820954
xru146.dt                                    0
t146__t0                              0.820954
t147__t1                              0.818679
xru147.dt                                    0
t147__t0                              0.818679
t148__t1                              0.816404
xru148.dt                                    0
t148__t0                              0.816403
t149__t1                              0.814128
xru149.dt                                    0
t149__t0                              0.814128
t150__t1                              0.811853
xru150.dt                                    0
t150__t0                              0.811847
t151__t0                              0.809572
xru151.dt                                    0
t151__t1                              0.809572
t152__t0                              0.807297
xru152.dt                                    0
t152__t1                              0.807296
t153__t0                              0.805021
xru153.dt                                    0
t153__t1                              0.805021
t154__t0                              0.802746
xru154.dt                                    0
t154__t1                              0.802746
t155__t0                               0.80047
xru155.dt                                    0
t155__t1                               0.80047
t156__t0                              0.798195
xru156.dt                                    0
t156__t1                              0.798195
t157__t0                               0.79592
xru157.dt                                    0
t157__t1                              0.795919
t158__t0                              0.793644
xru158.dt                                    0
t158__t1                              0.793644
t159__t0                              0.791369
xru159.dt                                    0
t159__t1                              0.791369
t160__t0                              0.789094
xru160.dt                                    0
t160__t1                              0.789093
t161__t0                              0.786818
xru161.dt                                    0
t161__t1                              0.786818
t162__t0                              0.784543
xru162.dt                                    0
t162__t1                              0.784543
t163__t0                              0.782267
xru163.dt                                    0
t163__t1                              0.782267
t164__t0                              0.779992
xru164.dt                                    0
t164__t1                              0.779992
t165__t0                              0.777717
xru165.dt                                    0
t165__t1                              0.777711
t166__t1                              0.775436
xru166.dt                                    0
t166__t0                              0.775436
t167__t1                               0.77316
xru167.dt                                    0
t167__t0                               0.77316
t168__t1                              0.770885
xru168.dt                                    0
t168__t0                              0.770885
t169__t1                               0.76861
xru169.dt                                    0
t169__t0                              0.768609
t170__t1                              0.766334
xru170.dt                                    0
t170__t0                              0.766334
t171__t1                              0.764059
xru171.dt                                    0
t171__t0                              0.764059
t172__t1                              0.761784
xru172.dt                                    0
t172__t0                              0.761783
t173__t1                              0.759508
xru173.dt                                    0
t173__t0                              0.759508
t174__t1                              0.757233
xru174.dt                                    0
t174__t0                              0.757233
t175__t1                              0.754957
xru175.dt                                    0
t175__t0                              0.754957
t176__t1                              0.752682
xru176.dt                                    0
t176__t0                              0.752682
t177__t1                              0.750407
xru177.dt                                    0
t177__t0                              0.750406
t178__t1                              0.748131
xru178.dt                                    0
t178__t0                              0.748131
t179__t1                              0.745856
xru179.dt                                    0
t179__t0                              0.745856
t180__t1                              0.743581
xru180.dt                                    0
t180__t0                              0.743575
t181__t0                                0.7413
xru181.dt                                    0
t181__t1                              0.741299
t182__t0                              0.739024
xru182.dt                                    0
t182__t1                              0.739024
t183__t0                              0.736749
xru183.dt                                    0
t183__t1                              0.736749
t184__t0                              0.734474
xru184.dt                                    0
t184__t1                              0.734473
t185__t0                              0.732198
xru185.dt                                    0
t185__t1                              0.732198
t186__t0                              0.729923
xru186.dt                                    0
t186__t1                              0.729923
t187__t0                              0.727647
xru187.dt                                    0
t187__t1                              0.727647
t188__t0                              0.725372
xru188.dt                                    0
t188__t1                              0.725372
t189__t0                              0.723097
xru189.dt                                    0
t189__t1                              0.723096
t190__t0                              0.720821
xru190.dt                                    0
t190__t1                              0.720821
t191__t0                              0.718546
xru191.dt                                    0
t191__t1                              0.718546
t192__t0                              0.716271
xru192.dt                                    0
t192__t1                               0.71627
t193__t0                              0.713995
xru193.dt                                    0
t193__t1                              0.713995
t194__t0                               0.71172
xru194.dt                                    0
t194__t1                               0.71172
t195__t0                              0.709444
xru195.dt                                    0
t195__t1                              0.709439
t196__t1                              0.707164
xru196.dt                                    0
t196__t0                              0.707163
t197__t1                              0.704888
xru197.dt                                    0
t197__t0                              0.704888
t198__t1                              0.702613
xru198.dt                                    0
t198__t0                              0.702613
t199__t1                              0.700337
xru199.dt                                    0
t199__t0                              0.700337
t200__t1                              0.698062
xru200.dt                                    0
t200__t0                              0.698062
t201__t1                              0.695787
xru201.dt                                    0
t201__t0                              0.695786
t202__t1                              0.693511
xru202.dt                                    0
t202__t0                              0.693511
t203__t1                              0.691236
xru203.dt                                    0
t203__t0                              0.691236
t204__t1                              0.688961
xru204.dt                                    0
t204__t0                               0.68896
t205__t1                              0.686685
xru205.dt                                    0
t205__t0                              0.686685
t206__t1                               0.68441
xru206.dt                                    0
t206__t0                               0.68441
t207__t1                              0.682134
xru207.dt                                    0
t207__t0                              0.682134
t208__t1                              0.679859
xru208.dt                                    0
t208__t0                              0.679859
t209__t1                              0.677584
xru209.dt                                    0
t209__t0                              0.677583
t210__t1                              0.675308
xru210.dt                                    0
t210__t0                              0.675303
t211__t0                              0.673027
xru211.dt                                    0
t211__t1                              0.673027
t212__t0                              0.670752
xru212.dt                                    0
t212__t1                              0.670752
t213__t0                              0.668477
xru213.dt                                    0
t213__t1                              0.668476
t214__t0                              0.666201
xru214.dt                                    0
t214__t1                              0.666201
t215__t0                              0.663926
xru215.dt                                    0
t215__t1                              0.663926
t216__t0                              0.661651
xru216.dt                                    0
t216__t1                               0.66165
t217__t0                              0.659375
xru217.dt                                    0
t217__t1                              0.659375
t218__t0                                0.6571
xru218.dt                                    0
t218__t1                                0.6571
t219__t0                              0.654824
xru219.dt                                    0
t219__t1                              0.654824
t220__t0                              0.652549
xru220.dt                                    0
t220__t1                              0.652549
t221__t0                              0.650274
xru221.dt                                    0
t221__t1                              0.650273
t222__t0                              0.647998
xru222.dt                                    0
t222__t1                              0.647998
t223__t0                              0.645723
xru223.dt                                    0
t223__t1                              0.645723
t224__t0                              0.643448
xru224.dt                                    0
t224__t1                              0.643447
t225__t0                              0.641172
xru225.dt                                    0
t225__t1                              0.641166
t226__t1                              0.638891
xru226.dt                                    0
t226__t0                              0.638891
t227__t1                              0.636616
xru227.dt                                    0
t227__t0                              0.636616
t228__t1                              0.634341
xru228.dt                                    0
t228__t0                               0.63434
t229__t1                              0.632065
xru229.dt                                    0
t229__t0                              0.632065
t230__t1                               0.62979
xru230.dt                                    0
t230__t0                               0.62979
t231__t1                              0.627514
xru231.dt                                    0
t231__t0                              0.627514
t232__t1                              0.625239
xru232.dt                                    0
t232__t0                              0.625239
t233__t1                              0.622964
xru233.dt                                    0
t233__t0                              0.622963
t234__t1                              0.620688
xru234.dt                                    0
t234__t0                              0.620688
t235__t1                              0.618413
xru235.dt                                    0
t235__t0                              0.618413
t236__t1                              0.616138
xru236.dt                                    0
t236__t0                              0.616137
t237__t1                              0.613862
xru237.dt                                    0
t237__t0                              0.613862
t238__t1                              0.611587
xru238.dt                                    0
t238__t0                              0.611587
t239__t1                              0.609312
xru239.dt                                    0
t239__t0                              0.609311
t240__t1                              0.607036
xru240.dt                                    0
t240__t0                               0.60703
t241__t0                              0.604755
xru241.dt                                    0
t241__t1                              0.604755
t242__t0                               0.60248
xru242.dt                                    0
t242__t1                               0.60248
t243__t0                              0.600205
xru243.dt                                    0
t243__t1                              0.600204
t244__t0                              0.597929
xru244.dt                                    0
t244__t1                              0.597929
t245__t0                              0.595654
xru245.dt                                    0
t245__t1                              0.595653
t246__t0                              0.593378
xru246.dt                                    0
t246__t1                              0.593378
t247__t0                              0.591103
xru247.dt                                    0
t247__t1                              0.591103
t248__t0                              0.588828
xru248.dt                                    0
t248__t1                              0.588827
t249__t0                              0.586552
xru249.dt                                    0
t249__t1                              0.586552
t250__t0                              0.584277
xru250.dt                                    0
t250__t1                              0.584277
t251__t0                              0.582002
xru251.dt                                    0
t251__t1                              0.582001
t252__t0                              0.579726
xru252.dt                                    0
t252__t1                              0.579726
t253__t0                              0.577451
xru253.dt                                    0
t253__t1                              0.577451
t254__t0                              0.575175
xru254.dt                                    0
t254__t1                              0.575175
cb3__t0                                 0.5729
xru255.dt                                    0
sns1                                  0.572001
xq1.s1                             3.42276e-08
xq1.t                                0.0330149
cb2                                   0.498089
xq2.s1                             4.11946e-07
xq2.t                               0.00447473
cb3                                   0.572698
xq3.s1                               3.423e-08
xq3.t                                0.0336908
sns2                                  0.548868
tn0                                   0.864203
t002                                  0.864203
t004                                  0.864203
t005                                  0.864203
t006                                  0.864203
t008                                  0.864203
t009                                  0.864203
t010                                  0.864203
t011                                  0.864203
t012                                  0.864203
t013                                  0.864203
t014                                  0.864203
t016                                  0.864203
t017                                  0.864203
t018                                  0.864203
t019                                  0.864203
t020                                  0.864203
t021                                  0.864203
t022                                  0.864203
t023                                  0.864203
t024                                  0.864203
t025                                  0.864203
t026                                  0.864203
t027                                  0.864203
t028                                  0.864203
t029                                  0.864203
t030                                  0.864203
t032                                  0.864203
t033                                  0.864203
t034                                  0.864203
t035                                  0.864203
t036                                  0.864203
t037                                  0.864203
t038                                  0.864203
t039                                  0.864203
t040                                  0.864203
t041                                  0.864203
t042                                  0.864203
t043                                  0.864203
t044                                  0.864203
t045                                  0.864203
t046                                  0.864203
t047                                  0.864203
t048                                  0.864203
t049                                  0.864203
t050                                  0.864203
t051                                  0.864203
t052                                  0.864203
t053                                  0.864203
t054                                  0.864203
t055                                  0.864203
t056                                  0.864203
t057                                  0.864203
t058                                  0.864203
t059                                  0.864203
t060                                  0.864203
t061                                  0.864203
t062                                  0.864203
t064                                  0.864203
t065                                  0.864203
t066                                  0.864203
t067                                  0.864203
t068                                  0.864203
t069                                  0.864203
t070                                  0.864203
t071                                  0.864203
t072                                  0.864203
t073                                  0.864203
t074                                  0.864203
t075                                  0.864203
t076                                  0.864203
t077                                  0.864203
t078                                  0.864203
t079                                  0.864203
t080                                  0.864203
t081                                  0.864203
t082                                  0.864203
t083                                  0.864203
t084                                  0.864203
t085                                  0.864203
t086                                  0.864203
t087                                  0.864203
t088                                  0.864203
t089                                  0.864203
t090                                  0.864203
t091                                  0.864203
t092                                  0.864203
t093                                  0.864203
t094                                  0.864203
t095                                  0.864203
t096                                  0.864203
t097                                  0.864203
t098                                  0.864203
t099                                  0.864203
t100                                  0.864203
t101                                  0.864203
t102                                  0.864203
t103                                  0.864203
t104                                  0.864203
t105                                  0.864203
t106                                  0.864203
t107                                  0.864203
t108                                  0.864203
t109                                  0.864203
t110                                  0.864203
t111                                  0.864203
t112                                  0.864203
t113                                  0.864203
t114                                  0.864203
t115                                  0.864203
t116                                  0.864203
t117                                  0.864203
t118                                  0.864203
t119                                  0.864203
t120                                  0.864203
t121                                  0.864203
t122                                  0.864203
t123                                  0.864203
t124                                  0.864203
t125                                  0.864203
t126                                  0.864203
t128                                  0.861916
t129                                  0.859641
t130                                  0.857366
t131                                   0.85509
t132                                  0.852815
t133                                   0.85054
t134                                  0.848264
t135                                  0.845986
t136                                  0.843708
t137                                  0.841433
t138                                  0.839157
t139                                  0.836882
t140                                  0.834606
t141                                  0.832331
t142                                  0.830056
t143                                   0.82778
t144                                  0.825505
t145                                   0.82323
t146                                  0.820954
t147                                  0.818679
t148                                  0.816403
t149                                  0.814128
t150                                   0.81185
t151                                  0.809572
t152                                  0.807296
t153                                  0.805021
t154                                  0.802746
t155                                   0.80047
t156                                  0.798195
t157                                   0.79592
t158                                  0.793644
t159                                  0.791369
t160                                  0.789093
t161                                  0.786818
t162                                  0.784543
t163                                  0.782267
t164                                  0.779992
t165                                  0.777714
t166                                  0.775436
t167                                   0.77316
t168                                  0.770885
t169                                   0.76861
t170                                  0.766334
t171                                  0.764059
t172                                  0.761783
t173                                  0.759508
t174                                  0.757233
t175                                  0.754957
t176                                  0.752682
t177                                  0.750407
t178                                  0.748131
t179                                  0.745856
t180                                  0.743578
t181                                    0.7413
t182                                  0.739024
t183                                  0.736749
t184                                  0.734473
t185                                  0.732198
t186                                  0.729923
t187                                  0.727647
t188                                  0.725372
t189                                  0.723097
t190                                  0.720821
t191                                  0.718546
t192                                   0.71627
t193                                  0.713995
t194                                   0.71172
t195                                  0.709442
t196                                  0.707163
t197                                  0.704888
t198                                  0.702613
t199                                  0.700337
t200                                  0.698062
t201                                  0.695787
t202                                  0.693511
t203                                  0.691236
t204                                   0.68896
t205                                  0.686685
t206                                   0.68441
t207                                  0.682134
t208                                  0.679859
t209                                  0.677584
t210                                  0.675305
t211                                  0.673027
t212                                  0.670752
t213                                  0.668477
t214                                  0.666201
t215                                  0.663926
t216                                   0.66165
t217                                  0.659375
t218                                    0.6571
t219                                  0.654824
t220                                  0.652549
t221                                  0.650274
t222                                  0.647998
t223                                  0.645723
t224                                  0.643447
t225                                  0.641169
t226                                  0.638891
t227                                  0.636616
t228                                   0.63434
t229                                  0.632065
t230                                   0.62979
t231                                  0.627514
t232                                  0.625239
t233                                  0.622964
t234                                  0.620688
t235                                  0.618413
t236                                  0.616137
t237                                  0.613862
t238                                  0.611587
t239                                  0.609311
t240                                  0.607033
t241                                  0.604755
t242                                   0.60248
t243                                  0.600204
t244                                  0.597929
t245                                  0.595654
t246                                  0.593378
t247                                  0.591103
t248                                  0.588828
t249                                  0.586552
t250                                  0.584277
t251                                  0.582001
t252                                  0.579726
t253                                  0.577451
t254                                  0.575175
vref                                  0.887304
vss__par                                     0
pa_00                                0.0739127
pa_01                              5.14243e-06
pa_02                              5.18435e-06
pa_03                                  60683.7
pa_04                                  9874.59
bpa_04#branch                                0
vm2a#branch                        4.58368e-06
vm2b#branch                        5.58752e-07
bpa_03#branch                                0
vm3a#branch                        4.07034e-06
vm3b#branch                        5.57007e-07
vm3c#branch                        5.57003e-07
bpa_02#branch                                0
bpa_01#branch                                0
bpa_00#branch                                0
vm1#branch                         5.08445e-06
vvss#branch                        2.04112e-05
vvdd#branch                       -2.04112e-05


No. of Data Rows : 59

  Measurements for Transient Analysis

vref_v              =  8.87304e-01
vpexfb_v            =  2.31688e+00
vbe_q1_v            =  5.72001e-01
vbe_q2_v            =  4.98089e-01
vbe_q3_v            =  5.72698e-01
dvbe_ptat_v         =  7.39127e-02
i_leg1_a            =  5.08445e-06
i_leg2_a            =  5.14243e-06
i_leg3_a            =  5.18435e-06
r1_ohm              =  6.06837e+04
r2_ohm              =  9.87459e+03

ngspice-46 done
