
Note: No compatibility mode selected!


Circuit: * klt sim -- generated corner deck, do not edit

Doing analysis at TEMP = -40.000000 and TNOM = 27.000000

Using SPARSE 1.3 as Direct Linear Solver


The temperature limiting function received NaN.
Please check your power dissipation and improve your heat sink Rth!
    This message will be shown only once.

Note: Starting dynamic gmin stepping
Note: Dynamic gmin stepping completed

Initial Transient Solution
--------------------------

Node                                   Voltage
----                                   -------
vdd                                        3.3
vss                                          0
fb                                     2.49997
vdd__t0                                3.29997
vm1_p                                 0.785464
vdd__t1                                    3.3
sns1__t0                              0.785464
vdd__t2                                3.29999
vm2a_p                                0.793224
vdd__t3                                    3.3
sns2__t0                              0.793224
vdd__t4                                    3.3
vm2b_p                                0.793212
vdd__t5                                    3.3
sns2__t1                              0.793212
vdd__t6                                3.29999
vm3a_p                                 1.10109
vdd__t7                                    3.3
vref__t0                               1.10109
vdd__t10                                   3.3
vm3b_p                                 1.10107
vdd__t8                                    3.3
vref__t2                               1.10107
vdd__t11                                   3.3
vm3c_p                                 1.10107
vdd__t9                                    3.3
vref__t3                               1.10107
sns2__t2                              0.793187
vsubs                                        0
cb2__t0                               0.743533
xr2.dt                                       0
vref__t1                               1.10104
tn0__t2                                1.07825
xr1.dt                                       0
tn0__t0                                1.07823
tn0__t1                                1.07823
xru1.dt                                      0
tn0__t8                                1.07823
t002__t1                               1.07823
xru2.dt                                      0
t002__t0                               1.07823
tn0__t13                               1.07823
xru3.dt                                      0
tn0__t15                               1.07823
t004__t0                               1.07823
xru4.dt                                      0
t004__t1                               1.07823
t005__t0                               1.07823
xru5.dt                                      0
t005__t1                               1.07823
t006__t0                               1.07823
xru6.dt                                      0
t006__t1                               1.07823
tn0__t9                                1.07823
xru7.dt                                      0
tn0__t11                               1.07823
t008__t0                               1.07823
xru8.dt                                      0
t008__t1                               1.07823
t009__t0                               1.07823
xru9.dt                                      0
t009__t1                               1.07823
t010__t0                               1.07823
xru10.dt                                     0
t010__t1                               1.07823
t011__t0                               1.07823
xru11.dt                                     0
t011__t1                               1.07823
t012__t0                               1.07823
xru12.dt                                     0
t012__t1                               1.07823
t013__t0                               1.07823
xru13.dt                                     0
t013__t1                               1.07823
t014__t0                               1.07823
xru14.dt                                     0
t014__t1                               1.07823
tn0__t3                                1.07823
xru15.dt                                     0
tn0__t4                                1.07823
t016__t1                               1.07823
xru16.dt                                     0
t016__t0                               1.07823
t017__t1                               1.07823
xru17.dt                                     0
t017__t0                               1.07823
t018__t1                               1.07823
xru18.dt                                     0
t018__t0                               1.07823
t019__t1                               1.07823
xru19.dt                                     0
t019__t0                               1.07823
t020__t1                               1.07823
xru20.dt                                     0
t020__t0                               1.07823
t021__t1                               1.07823
xru21.dt                                     0
t021__t0                               1.07823
t022__t1                               1.07823
xru22.dt                                     0
t022__t0                               1.07823
t023__t1                               1.07823
xru23.dt                                     0
t023__t0                               1.07823
t024__t1                               1.07823
xru24.dt                                     0
t024__t0                               1.07823
t025__t1                               1.07823
xru25.dt                                     0
t025__t0                               1.07823
t026__t1                               1.07823
xru26.dt                                     0
t026__t0                               1.07823
t027__t1                               1.07823
xru27.dt                                     0
t027__t0                               1.07823
t028__t1                               1.07823
xru28.dt                                     0
t028__t0                               1.07823
t029__t1                               1.07823
xru29.dt                                     0
t029__t0                               1.07823
t030__t1                               1.07823
xru30.dt                                     0
t030__t0                               1.07823
tn0__t6                                1.07823
xru31.dt                                     0
tn0__t12                               1.07823
t032__t0                               1.07823
xru32.dt                                     0
t032__t1                               1.07823
t033__t0                               1.07823
xru33.dt                                     0
t033__t1                               1.07823
t034__t0                               1.07823
xru34.dt                                     0
t034__t1                               1.07823
t035__t0                               1.07823
xru35.dt                                     0
t035__t1                               1.07823
t036__t0                               1.07823
xru36.dt                                     0
t036__t1                               1.07823
t037__t0                               1.07823
xru37.dt                                     0
t037__t1                               1.07823
t038__t0                               1.07823
xru38.dt                                     0
t038__t1                               1.07823
t039__t0                               1.07823
xru39.dt                                     0
t039__t1                               1.07823
t040__t0                               1.07823
xru40.dt                                     0
t040__t1                               1.07823
t041__t0                               1.07823
xru41.dt                                     0
t041__t1                               1.07823
t042__t0                               1.07823
xru42.dt                                     0
t042__t1                               1.07823
t043__t0                               1.07823
xru43.dt                                     0
t043__t1                               1.07823
t044__t0                               1.07823
xru44.dt                                     0
t044__t1                               1.07823
t045__t0                               1.07823
xru45.dt                                     0
t045__t1                               1.07823
t046__t1                               1.07823
xru46.dt                                     0
t046__t0                               1.07823
t047__t1                               1.07823
xru47.dt                                     0
t047__t0                               1.07823
t048__t1                               1.07823
xru48.dt                                     0
t048__t0                               1.07823
t049__t1                               1.07823
xru49.dt                                     0
t049__t0                               1.07823
t050__t1                               1.07823
xru50.dt                                     0
t050__t0                               1.07823
t051__t1                               1.07823
xru51.dt                                     0
t051__t0                               1.07823
t052__t1                               1.07823
xru52.dt                                     0
t052__t0                               1.07823
t053__t1                               1.07823
xru53.dt                                     0
t053__t0                               1.07823
t054__t1                               1.07823
xru54.dt                                     0
t054__t0                               1.07823
t055__t1                               1.07823
xru55.dt                                     0
t055__t0                               1.07823
t056__t1                               1.07823
xru56.dt                                     0
t056__t0                               1.07823
t057__t1                               1.07823
xru57.dt                                     0
t057__t0                               1.07823
t058__t1                               1.07823
xru58.dt                                     0
t058__t0                               1.07823
t059__t1                               1.07823
xru59.dt                                     0
t059__t0                               1.07823
t060__t1                               1.07823
xru60.dt                                     0
t060__t0                               1.07823
t061__t0                               1.07823
xru61.dt                                     0
t061__t1                               1.07823
t062__t0                               1.07823
xru62.dt                                     0
t062__t1                               1.07823
tn0__t7                                1.07823
xru63.dt                                     0
tn0__t14                               1.07823
t064__t0                               1.07823
xru64.dt                                     0
t064__t1                               1.07823
t065__t0                               1.07823
xru65.dt                                     0
t065__t1                               1.07823
t066__t0                               1.07823
xru66.dt                                     0
t066__t1                               1.07823
t067__t0                               1.07823
xru67.dt                                     0
t067__t1                               1.07823
t068__t0                               1.07823
xru68.dt                                     0
t068__t1                               1.07823
t069__t0                               1.07823
xru69.dt                                     0
t069__t1                               1.07823
t070__t0                               1.07823
xru70.dt                                     0
t070__t1                               1.07823
t071__t0                               1.07823
xru71.dt                                     0
t071__t1                               1.07823
t072__t0                               1.07823
xru72.dt                                     0
t072__t1                               1.07823
t073__t0                               1.07823
xru73.dt                                     0
t073__t1                               1.07823
t074__t0                               1.07823
xru74.dt                                     0
t074__t1                               1.07823
t075__t0                               1.07823
xru75.dt                                     0
t075__t1                               1.07823
t076__t1                               1.07823
xru76.dt                                     0
t076__t0                               1.07823
t077__t1                               1.07823
xru77.dt                                     0
t077__t0                               1.07823
t078__t1                               1.07823
xru78.dt                                     0
t078__t0                               1.07823
t079__t1                               1.07823
xru79.dt                                     0
t079__t0                               1.07823
t080__t1                               1.07823
xru80.dt                                     0
t080__t0                               1.07823
t081__t1                               1.07823
xru81.dt                                     0
t081__t0                               1.07823
t082__t1                               1.07823
xru82.dt                                     0
t082__t0                               1.07823
t083__t1                               1.07823
xru83.dt                                     0
t083__t0                               1.07823
t084__t1                               1.07823
xru84.dt                                     0
t084__t0                               1.07823
t085__t1                               1.07823
xru85.dt                                     0
t085__t0                               1.07823
t086__t1                               1.07823
xru86.dt                                     0
t086__t0                               1.07823
t087__t1                               1.07823
xru87.dt                                     0
t087__t0                               1.07823
t088__t1                               1.07823
xru88.dt                                     0
t088__t0                               1.07823
t089__t1                               1.07823
xru89.dt                                     0
t089__t0                               1.07823
t090__t1                               1.07823
xru90.dt                                     0
t090__t0                               1.07823
t091__t0                               1.07823
xru91.dt                                     0
t091__t1                               1.07823
t092__t0                               1.07823
xru92.dt                                     0
t092__t1                               1.07823
t093__t0                               1.07823
xru93.dt                                     0
t093__t1                               1.07823
t094__t0                               1.07823
xru94.dt                                     0
t094__t1                               1.07823
t095__t0                               1.07823
xru95.dt                                     0
t095__t1                               1.07823
t096__t0                               1.07823
xru96.dt                                     0
t096__t1                               1.07823
t097__t0                               1.07823
xru97.dt                                     0
t097__t1                               1.07823
t098__t0                               1.07823
xru98.dt                                     0
t098__t1                               1.07823
t099__t0                               1.07823
xru99.dt                                     0
t099__t1                               1.07823
t100__t0                               1.07823
xru100.dt                                    0
t100__t1                               1.07823
t101__t0                               1.07823
xru101.dt                                    0
t101__t1                               1.07823
t102__t0                               1.07823
xru102.dt                                    0
t102__t1                               1.07823
t103__t0                               1.07823
xru103.dt                                    0
t103__t1                               1.07823
t104__t0                               1.07823
xru104.dt                                    0
t104__t1                               1.07823
t105__t0                               1.07823
xru105.dt                                    0
t105__t1                               1.07823
t106__t1                               1.07823
xru106.dt                                    0
t106__t0                               1.07823
t107__t1                               1.07823
xru107.dt                                    0
t107__t0                               1.07823
t108__t1                               1.07823
xru108.dt                                    0
t108__t0                               1.07823
t109__t1                               1.07823
xru109.dt                                    0
t109__t0                               1.07823
t110__t1                               1.07823
xru110.dt                                    0
t110__t0                               1.07823
t111__t1                               1.07823
xru111.dt                                    0
t111__t0                               1.07823
t112__t1                               1.07823
xru112.dt                                    0
t112__t0                               1.07823
t113__t1                               1.07823
xru113.dt                                    0
t113__t0                               1.07823
t114__t1                               1.07823
xru114.dt                                    0
t114__t0                               1.07823
t115__t1                               1.07823
xru115.dt                                    0
t115__t0                               1.07823
t116__t1                               1.07823
xru116.dt                                    0
t116__t0                               1.07823
t117__t1                               1.07823
xru117.dt                                    0
t117__t0                               1.07823
t118__t1                               1.07823
xru118.dt                                    0
t118__t0                               1.07823
t119__t1                               1.07823
xru119.dt                                    0
t119__t0                               1.07823
t120__t1                               1.07823
xru120.dt                                    0
t120__t0                               1.07823
t121__t0                               1.07823
xru121.dt                                    0
t121__t1                               1.07823
t122__t0                               1.07823
xru122.dt                                    0
t122__t1                               1.07823
t123__t0                               1.07823
xru123.dt                                    0
t123__t1                               1.07823
t124__t0                               1.07823
xru124.dt                                    0
t124__t1                               1.07823
t125__t0                               1.07823
xru125.dt                                    0
t125__t1                               1.07823
t126__t0                               1.07823
xru126.dt                                    0
t126__t1                               1.07823
tn0__t5                                1.07823
xru127.dt                                    0
tn0__t10                               1.07822
t128__t0                               1.07594
xru128.dt                                    0
t128__t1                               1.07594
t129__t0                               1.07366
xru129.dt                                    0
t129__t1                               1.07366
t130__t0                               1.07138
xru130.dt                                    0
t130__t1                               1.07138
t131__t0                                1.0691
xru131.dt                                    0
t131__t1                                1.0691
t132__t0                               1.06682
xru132.dt                                    0
t132__t1                               1.06682
t133__t0                               1.06454
xru133.dt                                    0
t133__t1                               1.06454
t134__t0                               1.06226
xru134.dt                                    0
t134__t1                               1.06226
t135__t0                               1.05998
xru135.dt                                    0
t135__t1                               1.05997
t136__t1                               1.05769
xru136.dt                                    0
t136__t0                               1.05769
t137__t1                               1.05541
xru137.dt                                    0
t137__t0                               1.05541
t138__t1                               1.05313
xru138.dt                                    0
t138__t0                               1.05313
t139__t1                               1.05085
xru139.dt                                    0
t139__t0                               1.05085
t140__t1                               1.04857
xru140.dt                                    0
t140__t0                               1.04857
t141__t1                               1.04629
xru141.dt                                    0
t141__t0                               1.04629
t142__t1                               1.04401
xru142.dt                                    0
t142__t0                               1.04401
t143__t1                               1.04173
xru143.dt                                    0
t143__t0                               1.04173
t144__t1                               1.03945
xru144.dt                                    0
t144__t0                               1.03945
t145__t1                               1.03717
xru145.dt                                    0
t145__t0                               1.03717
t146__t1                               1.03489
xru146.dt                                    0
t146__t0                               1.03489
t147__t1                               1.03261
xru147.dt                                    0
t147__t0                               1.03261
t148__t1                               1.03033
xru148.dt                                    0
t148__t0                               1.03033
t149__t1                               1.02805
xru149.dt                                    0
t149__t0                               1.02805
t150__t1                               1.02577
xru150.dt                                    0
t150__t0                               1.02576
t151__t0                               1.02348
xru151.dt                                    0
t151__t1                               1.02348
t152__t0                                1.0212
xru152.dt                                    0
t152__t1                                1.0212
t153__t0                               1.01892
xru153.dt                                    0
t153__t1                               1.01892
t154__t0                               1.01664
xru154.dt                                    0
t154__t1                               1.01664
t155__t0                               1.01436
xru155.dt                                    0
t155__t1                               1.01436
t156__t0                               1.01208
xru156.dt                                    0
t156__t1                               1.01208
t157__t0                                1.0098
xru157.dt                                    0
t157__t1                                1.0098
t158__t0                               1.00752
xru158.dt                                    0
t158__t1                               1.00752
t159__t0                               1.00524
xru159.dt                                    0
t159__t1                               1.00524
t160__t0                               1.00296
xru160.dt                                    0
t160__t1                               1.00296
t161__t0                               1.00068
xru161.dt                                    0
t161__t1                               1.00068
t162__t0                              0.998398
xru162.dt                                    0
t162__t1                              0.998398
t163__t0                              0.996118
xru163.dt                                    0
t163__t1                              0.996118
t164__t0                              0.993838
xru164.dt                                    0
t164__t1                              0.993837
t165__t0                              0.991558
xru165.dt                                    0
t165__t1                              0.991552
t166__t1                              0.989272
xru166.dt                                    0
t166__t0                              0.989271
t167__t1                              0.986991
xru167.dt                                    0
t167__t0                              0.986991
t168__t1                              0.984711
xru168.dt                                    0
t168__t0                              0.984711
t169__t1                              0.982431
xru169.dt                                    0
t169__t0                              0.982431
t170__t1                              0.980151
xru170.dt                                    0
t170__t0                               0.98015
t171__t1                              0.977871
xru171.dt                                    0
t171__t0                               0.97787
t172__t1                               0.97559
xru172.dt                                    0
t172__t0                               0.97559
t173__t1                               0.97331
xru173.dt                                    0
t173__t0                               0.97331
t174__t1                               0.97103
xru174.dt                                    0
t174__t0                               0.97103
t175__t1                               0.96875
xru175.dt                                    0
t175__t0                              0.968749
t176__t1                              0.966469
xru176.dt                                    0
t176__t0                              0.966469
t177__t1                              0.964189
xru177.dt                                    0
t177__t0                              0.964189
t178__t1                              0.961909
xru178.dt                                    0
t178__t0                              0.961909
t179__t1                              0.959629
xru179.dt                                    0
t179__t0                              0.959628
t180__t1                              0.957348
xru180.dt                                    0
t180__t0                              0.957343
t181__t0                              0.955063
xru181.dt                                    0
t181__t1                              0.955062
t182__t0                              0.952782
xru182.dt                                    0
t182__t1                              0.952782
t183__t0                              0.950502
xru183.dt                                    0
t183__t1                              0.950502
t184__t0                              0.948222
xru184.dt                                    0
t184__t1                              0.948222
t185__t0                              0.945942
xru185.dt                                    0
t185__t1                              0.945941
t186__t0                              0.943661
xru186.dt                                    0
t186__t1                              0.943661
t187__t0                              0.941381
xru187.dt                                    0
t187__t1                              0.941381
t188__t0                              0.939101
xru188.dt                                    0
t188__t1                              0.939101
t189__t0                              0.936821
xru189.dt                                    0
t189__t1                               0.93682
t190__t0                              0.934541
xru190.dt                                    0
t190__t1                               0.93454
t191__t0                               0.93226
xru191.dt                                    0
t191__t1                               0.93226
t192__t0                               0.92998
xru192.dt                                    0
t192__t1                               0.92998
t193__t0                                0.9277
xru193.dt                                    0
t193__t1                                0.9277
t194__t0                               0.92542
xru194.dt                                    0
t194__t1                              0.925419
t195__t0                              0.923139
xru195.dt                                    0
t195__t1                              0.923133
t196__t1                              0.920854
xru196.dt                                    0
t196__t0                              0.920853
t197__t1                              0.918573
xru197.dt                                    0
t197__t0                              0.918573
t198__t1                              0.916293
xru198.dt                                    0
t198__t0                              0.916293
t199__t1                              0.914013
xru199.dt                                    0
t199__t0                              0.914013
t200__t1                              0.911733
xru200.dt                                    0
t200__t0                              0.911732
t201__t1                              0.909452
xru201.dt                                    0
t201__t0                              0.909452
t202__t1                              0.907172
xru202.dt                                    0
t202__t0                              0.907172
t203__t1                              0.904892
xru203.dt                                    0
t203__t0                              0.904892
t204__t1                              0.902612
xru204.dt                                    0
t204__t0                              0.902611
t205__t1                              0.900331
xru205.dt                                    0
t205__t0                              0.900331
t206__t1                              0.898051
xru206.dt                                    0
t206__t0                              0.898051
t207__t1                              0.895771
xru207.dt                                    0
t207__t0                              0.895771
t208__t1                              0.893491
xru208.dt                                    0
t208__t0                               0.89349
t209__t1                              0.891211
xru209.dt                                    0
t209__t0                               0.89121
t210__t1                               0.88893
xru210.dt                                    0
t210__t0                              0.888924
t211__t0                              0.886644
xru211.dt                                    0
t211__t1                              0.886644
t212__t0                              0.884364
xru212.dt                                    0
t212__t1                              0.884364
t213__t0                              0.882084
xru213.dt                                    0
t213__t1                              0.882084
t214__t0                              0.879804
xru214.dt                                    0
t214__t1                              0.879803
t215__t0                              0.877524
xru215.dt                                    0
t215__t1                              0.877523
t216__t0                              0.875243
xru216.dt                                    0
t216__t1                              0.875243
t217__t0                              0.872963
xru217.dt                                    0
t217__t1                              0.872963
t218__t0                              0.870683
xru218.dt                                    0
t218__t1                              0.870683
t219__t0                              0.868403
xru219.dt                                    0
t219__t1                              0.868402
t220__t0                              0.866122
xru220.dt                                    0
t220__t1                              0.866122
t221__t0                              0.863842
xru221.dt                                    0
t221__t1                              0.863842
t222__t0                              0.861562
xru222.dt                                    0
t222__t1                              0.861562
t223__t0                              0.859282
xru223.dt                                    0
t223__t1                              0.859281
t224__t0                              0.857001
xru224.dt                                    0
t224__t1                              0.857001
t225__t0                              0.854721
xru225.dt                                    0
t225__t1                              0.854715
t226__t1                              0.852435
xru226.dt                                    0
t226__t0                              0.852435
t227__t1                              0.850155
xru227.dt                                    0
t227__t0                              0.850155
t228__t1                              0.847875
xru228.dt                                    0
t228__t0                              0.847875
t229__t1                              0.845595
xru229.dt                                    0
t229__t0                              0.845594
t230__t1                              0.843314
xru230.dt                                    0
t230__t0                              0.843314
t231__t1                              0.841034
xru231.dt                                    0
t231__t0                              0.841034
t232__t1                              0.838754
xru232.dt                                    0
t232__t0                              0.838754
t233__t1                              0.836474
xru233.dt                                    0
t233__t0                              0.836474
t234__t1                              0.834194
xru234.dt                                    0
t234__t0                              0.834193
t235__t1                              0.831913
xru235.dt                                    0
t235__t0                              0.831913
t236__t1                              0.829633
xru236.dt                                    0
t236__t0                              0.829633
t237__t1                              0.827353
xru237.dt                                    0
t237__t0                              0.827353
t238__t1                              0.825073
xru238.dt                                    0
t238__t0                              0.825072
t239__t1                              0.822792
xru239.dt                                    0
t239__t0                              0.822792
t240__t1                              0.820512
xru240.dt                                    0
t240__t0                              0.820506
t241__t0                              0.818226
xru241.dt                                    0
t241__t1                              0.818226
t242__t0                              0.815946
xru242.dt                                    0
t242__t1                              0.815946
t243__t0                              0.813666
xru243.dt                                    0
t243__t1                              0.813666
t244__t0                              0.811386
xru244.dt                                    0
t244__t1                              0.811385
t245__t0                              0.809105
xru245.dt                                    0
t245__t1                              0.809105
t246__t0                              0.806825
xru246.dt                                    0
t246__t1                              0.806825
t247__t0                              0.804545
xru247.dt                                    0
t247__t1                              0.804545
t248__t0                              0.802265
xru248.dt                                    0
t248__t1                              0.802264
t249__t0                              0.799985
xru249.dt                                    0
t249__t1                              0.799984
t250__t0                              0.797704
xru250.dt                                    0
t250__t1                              0.797704
t251__t0                              0.795424
xru251.dt                                    0
t251__t1                              0.795424
t252__t0                              0.793144
xru252.dt                                    0
t252__t1                              0.793144
t253__t0                              0.790864
xru253.dt                                    0
t253__t1                              0.790863
t254__t0                              0.788583
xru254.dt                                    0
t254__t1                              0.788583
cb3__t0                               0.786303
xru255.dt                                    0
sns1                                  0.785386
xq1.s1                             3.14076e-10
xq1.t                                0.0454104
cb2                                   0.743413
xq2.s1                             8.17729e-10
xq2.t                               0.00674337
cb3                                   0.786098
xq3.s1                             3.14358e-10
xq3.t                                0.0470381
sns2                                   0.79321
tn0                                    1.07823
t002                                   1.07823
t004                                   1.07823
t005                                   1.07823
t006                                   1.07823
t008                                   1.07823
t009                                   1.07823
t010                                   1.07823
t011                                   1.07823
t012                                   1.07823
t013                                   1.07823
t014                                   1.07823
t016                                   1.07823
t017                                   1.07823
t018                                   1.07823
t019                                   1.07823
t020                                   1.07823
t021                                   1.07823
t022                                   1.07823
t023                                   1.07823
t024                                   1.07823
t025                                   1.07823
t026                                   1.07823
t027                                   1.07823
t028                                   1.07823
t029                                   1.07823
t030                                   1.07823
t032                                   1.07823
t033                                   1.07823
t034                                   1.07823
t035                                   1.07823
t036                                   1.07823
t037                                   1.07823
t038                                   1.07823
t039                                   1.07823
t040                                   1.07823
t041                                   1.07823
t042                                   1.07823
t043                                   1.07823
t044                                   1.07823
t045                                   1.07823
t046                                   1.07823
t047                                   1.07823
t048                                   1.07823
t049                                   1.07823
t050                                   1.07823
t051                                   1.07823
t052                                   1.07823
t053                                   1.07823
t054                                   1.07823
t055                                   1.07823
t056                                   1.07823
t057                                   1.07823
t058                                   1.07823
t059                                   1.07823
t060                                   1.07823
t061                                   1.07823
t062                                   1.07823
t064                                   1.07823
t065                                   1.07823
t066                                   1.07823
t067                                   1.07823
t068                                   1.07823
t069                                   1.07823
t070                                   1.07823
t071                                   1.07823
t072                                   1.07823
t073                                   1.07823
t074                                   1.07823
t075                                   1.07823
t076                                   1.07823
t077                                   1.07823
t078                                   1.07823
t079                                   1.07823
t080                                   1.07823
t081                                   1.07823
t082                                   1.07823
t083                                   1.07823
t084                                   1.07823
t085                                   1.07823
t086                                   1.07823
t087                                   1.07823
t088                                   1.07823
t089                                   1.07823
t090                                   1.07823
t091                                   1.07823
t092                                   1.07823
t093                                   1.07823
t094                                   1.07823
t095                                   1.07823
t096                                   1.07823
t097                                   1.07823
t098                                   1.07823
t099                                   1.07823
t100                                   1.07823
t101                                   1.07823
t102                                   1.07823
t103                                   1.07823
t104                                   1.07823
t105                                   1.07823
t106                                   1.07823
t107                                   1.07823
t108                                   1.07823
t109                                   1.07823
t110                                   1.07823
t111                                   1.07823
t112                                   1.07823
t113                                   1.07823
t114                                   1.07823
t115                                   1.07823
t116                                   1.07823
t117                                   1.07823
t118                                   1.07823
t119                                   1.07823
t120                                   1.07823
t121                                   1.07823
t122                                   1.07823
t123                                   1.07823
t124                                   1.07823
t125                                   1.07823
t126                                   1.07823
t128                                   1.07594
t129                                   1.07366
t130                                   1.07138
t131                                    1.0691
t132                                   1.06682
t133                                   1.06454
t134                                   1.06226
t135                                   1.05997
t136                                   1.05769
t137                                   1.05541
t138                                   1.05313
t139                                   1.05085
t140                                   1.04857
t141                                   1.04629
t142                                   1.04401
t143                                   1.04173
t144                                   1.03945
t145                                   1.03717
t146                                   1.03489
t147                                   1.03261
t148                                   1.03033
t149                                   1.02805
t150                                   1.02576
t151                                   1.02348
t152                                    1.0212
t153                                   1.01892
t154                                   1.01664
t155                                   1.01436
t156                                   1.01208
t157                                    1.0098
t158                                   1.00752
t159                                   1.00524
t160                                   1.00296
t161                                   1.00068
t162                                  0.998398
t163                                  0.996118
t164                                  0.993838
t165                                  0.991555
t166                                  0.989272
t167                                  0.986991
t168                                  0.984711
t169                                  0.982431
t170                                  0.980151
t171                                   0.97787
t172                                   0.97559
t173                                   0.97331
t174                                   0.97103
t175                                  0.968749
t176                                  0.966469
t177                                  0.964189
t178                                  0.961909
t179                                  0.959629
t180                                  0.957345
t181                                  0.955062
t182                                  0.952782
t183                                  0.950502
t184                                  0.948222
t185                                  0.945942
t186                                  0.943661
t187                                  0.941381
t188                                  0.939101
t189                                  0.936821
t190                                   0.93454
t191                                   0.93226
t192                                   0.92998
t193                                    0.9277
t194                                  0.925419
t195                                  0.923136
t196                                  0.920853
t197                                  0.918573
t198                                  0.916293
t199                                  0.914013
t200                                  0.911732
t201                                  0.909452
t202                                  0.907172
t203                                  0.904892
t204                                  0.902612
t205                                  0.900331
t206                                  0.898051
t207                                  0.895771
t208                                  0.893491
t209                                   0.89121
t210                                  0.888927
t211                                  0.886644
t212                                  0.884364
t213                                  0.882084
t214                                  0.879804
t215                                  0.877523
t216                                  0.875243
t217                                  0.872963
t218                                  0.870683
t219                                  0.868402
t220                                  0.866122
t221                                  0.863842
t222                                  0.861562
t223                                  0.859282
t224                                  0.857001
t225                                  0.854718
t226                                  0.852435
t227                                  0.850155
t228                                  0.847875
t229                                  0.845595
t230                                  0.843314
t231                                  0.841034
t232                                  0.838754
t233                                  0.836474
t234                                  0.834193
t235                                  0.831913
t236                                  0.829633
t237                                  0.827353
t238                                  0.825073
t239                                  0.822792
t240                                  0.820509
t241                                  0.818226
t242                                  0.815946
t243                                  0.813666
t244                                  0.811386
t245                                  0.809105
t246                                  0.806825
t247                                  0.804545
t248                                  0.802265
t249                                  0.799984
t250                                  0.797704
t251                                  0.795424
t252                                  0.793144
t253                                  0.790863
t254                                  0.788583
vref                                   1.10107
vss__par                                     0
pa_00                                 0.041973
pa_01                              5.19224e-06
pa_02                              5.27375e-06
pa_03                                  59724.5
pa_04                                  9590.61
bpa_04#branch                                0
vm2a#branch                        4.59335e-06
vm2b#branch                        5.98889e-07
bpa_03#branch                                0
vm3a#branch                        4.08032e-06
vm3b#branch                        5.96721e-07
vm3c#branch                        5.96715e-07
bpa_02#branch                                0
bpa_01#branch                                0
bpa_00#branch                                0
vm1#branch                         5.09334e-06
vvss#branch                        2.05593e-05
vvdd#branch                       -2.05593e-05


No. of Data Rows : 59

  Measurements for Transient Analysis

vref_v              =  1.10107e+00
vpexfb_v            =  2.49997e+00
vbe_q1_v            =  7.85386e-01
vbe_q2_v            =  7.43413e-01
vbe_q3_v            =  7.86098e-01
dvbe_ptat_v         =  4.19730e-02
i_leg1_a            =  5.09334e-06
i_leg2_a            =  5.19224e-06
i_leg3_a            =  5.27375e-06
r1_ohm              =  5.97246e+04
r2_ohm              =  9.59061e+03

ngspice-46 done
