
Note: No compatibility mode selected!


Circuit: * klt sim -- generated corner deck, do not edit

Doing analysis at TEMP = 27.000000 and TNOM = 27.000000

Using SPARSE 1.3 as Direct Linear Solver

Initial Transient Solution
--------------------------

Node                                   Voltage
----                                   -------
vdd                                        3.3
vss                                          0
fb                                     2.55089
vdd__t0                                3.29997
vm1_p                                  0.70249
vdd__t1                                    3.3
sns1__t0                               0.70249
vdd__t2                                3.29999
vm2a_p                                0.697771
vdd__t3                                    3.3
sns2__t0                              0.697771
vdd__t4                                    3.3
vm2b_p                                 0.69776
vdd__t5                                    3.3
sns2__t1                               0.69776
vdd__t6                                3.29999
vm3a_p                                 1.01708
vdd__t7                                    3.3
vref__t0                               1.01708
vdd__t10                                   3.3
vm3b_p                                 1.01706
vdd__t8                                    3.3
vref__t2                               1.01706
vdd__t11                                   3.3
vm3c_p                                 1.01706
vdd__t9                                    3.3
vref__t3                               1.01706
sns2__t2                              0.697735
vsubs                                        0
cb2__t0                               0.647806
xr2.dt                                       0
vref__t1                               1.01703
tn0__t2                               0.994201
xr1.dt                                       0
tn0__t0                               0.994182
tn0__t1                               0.994182
xru1.dt                                      0
tn0__t8                               0.994182
t002__t1                              0.994182
xru2.dt                                      0
t002__t0                              0.994182
tn0__t13                              0.994182
xru3.dt                                      0
tn0__t15                              0.994182
t004__t0                              0.994182
xru4.dt                                      0
t004__t1                              0.994182
t005__t0                              0.994182
xru5.dt                                      0
t005__t1                              0.994182
t006__t0                              0.994182
xru6.dt                                      0
t006__t1                              0.994182
tn0__t9                               0.994182
xru7.dt                                      0
tn0__t11                              0.994182
t008__t0                              0.994182
xru8.dt                                      0
t008__t1                              0.994182
t009__t0                              0.994182
xru9.dt                                      0
t009__t1                              0.994182
t010__t0                              0.994182
xru10.dt                                     0
t010__t1                              0.994182
t011__t0                              0.994182
xru11.dt                                     0
t011__t1                              0.994182
t012__t0                              0.994182
xru12.dt                                     0
t012__t1                              0.994182
t013__t0                              0.994182
xru13.dt                                     0
t013__t1                              0.994182
t014__t0                              0.994182
xru14.dt                                     0
t014__t1                              0.994182
tn0__t3                               0.994182
xru15.dt                                     0
tn0__t4                               0.994182
t016__t1                              0.994182
xru16.dt                                     0
t016__t0                              0.994182
t017__t1                              0.994182
xru17.dt                                     0
t017__t0                              0.994182
t018__t1                              0.994182
xru18.dt                                     0
t018__t0                              0.994182
t019__t1                              0.994182
xru19.dt                                     0
t019__t0                              0.994182
t020__t1                              0.994182
xru20.dt                                     0
t020__t0                              0.994182
t021__t1                              0.994182
xru21.dt                                     0
t021__t0                              0.994182
t022__t1                              0.994182
xru22.dt                                     0
t022__t0                              0.994182
t023__t1                              0.994182
xru23.dt                                     0
t023__t0                              0.994182
t024__t1                              0.994182
xru24.dt                                     0
t024__t0                              0.994182
t025__t1                              0.994182
xru25.dt                                     0
t025__t0                              0.994182
t026__t1                              0.994182
xru26.dt                                     0
t026__t0                              0.994182
t027__t1                              0.994182
xru27.dt                                     0
t027__t0                              0.994182
t028__t1                              0.994182
xru28.dt                                     0
t028__t0                              0.994182
t029__t1                              0.994182
xru29.dt                                     0
t029__t0                              0.994182
t030__t1                              0.994182
xru30.dt                                     0
t030__t0                              0.994182
tn0__t6                               0.994182
xru31.dt                                     0
tn0__t12                              0.994182
t032__t0                              0.994182
xru32.dt                                     0
t032__t1                              0.994182
t033__t0                              0.994182
xru33.dt                                     0
t033__t1                              0.994182
t034__t0                              0.994182
xru34.dt                                     0
t034__t1                              0.994182
t035__t0                              0.994182
xru35.dt                                     0
t035__t1                              0.994182
t036__t0                              0.994182
xru36.dt                                     0
t036__t1                              0.994182
t037__t0                              0.994182
xru37.dt                                     0
t037__t1                              0.994182
t038__t0                              0.994182
xru38.dt                                     0
t038__t1                              0.994182
t039__t0                              0.994182
xru39.dt                                     0
t039__t1                              0.994182
t040__t0                              0.994182
xru40.dt                                     0
t040__t1                              0.994182
t041__t0                              0.994182
xru41.dt                                     0
t041__t1                              0.994182
t042__t0                              0.994182
xru42.dt                                     0
t042__t1                              0.994182
t043__t0                              0.994182
xru43.dt                                     0
t043__t1                              0.994182
t044__t0                              0.994182
xru44.dt                                     0
t044__t1                              0.994182
t045__t0                              0.994182
xru45.dt                                     0
t045__t1                              0.994182
t046__t1                              0.994182
xru46.dt                                     0
t046__t0                              0.994182
t047__t1                              0.994182
xru47.dt                                     0
t047__t0                              0.994182
t048__t1                              0.994182
xru48.dt                                     0
t048__t0                              0.994182
t049__t1                              0.994182
xru49.dt                                     0
t049__t0                              0.994182
t050__t1                              0.994182
xru50.dt                                     0
t050__t0                              0.994182
t051__t1                              0.994182
xru51.dt                                     0
t051__t0                              0.994182
t052__t1                              0.994182
xru52.dt                                     0
t052__t0                              0.994182
t053__t1                              0.994182
xru53.dt                                     0
t053__t0                              0.994182
t054__t1                              0.994182
xru54.dt                                     0
t054__t0                              0.994182
t055__t1                              0.994182
xru55.dt                                     0
t055__t0                              0.994182
t056__t1                              0.994182
xru56.dt                                     0
t056__t0                              0.994182
t057__t1                              0.994182
xru57.dt                                     0
t057__t0                              0.994182
t058__t1                              0.994182
xru58.dt                                     0
t058__t0                              0.994182
t059__t1                              0.994182
xru59.dt                                     0
t059__t0                              0.994182
t060__t1                              0.994182
xru60.dt                                     0
t060__t0                              0.994182
t061__t0                              0.994182
xru61.dt                                     0
t061__t1                              0.994182
t062__t0                              0.994182
xru62.dt                                     0
t062__t1                              0.994182
tn0__t7                               0.994182
xru63.dt                                     0
tn0__t14                              0.994182
t064__t0                              0.994182
xru64.dt                                     0
t064__t1                              0.994182
t065__t0                              0.994182
xru65.dt                                     0
t065__t1                              0.994182
t066__t0                              0.994182
xru66.dt                                     0
t066__t1                              0.994182
t067__t0                              0.994182
xru67.dt                                     0
t067__t1                              0.994182
t068__t0                              0.994182
xru68.dt                                     0
t068__t1                              0.994182
t069__t0                              0.994182
xru69.dt                                     0
t069__t1                              0.994182
t070__t0                              0.994182
xru70.dt                                     0
t070__t1                              0.994182
t071__t0                              0.994182
xru71.dt                                     0
t071__t1                              0.994182
t072__t0                              0.994182
xru72.dt                                     0
t072__t1                              0.994182
t073__t0                              0.994182
xru73.dt                                     0
t073__t1                              0.994182
t074__t0                              0.994182
xru74.dt                                     0
t074__t1                              0.994182
t075__t0                              0.994182
xru75.dt                                     0
t075__t1                              0.994182
t076__t1                              0.994182
xru76.dt                                     0
t076__t0                              0.994182
t077__t1                              0.994182
xru77.dt                                     0
t077__t0                              0.994182
t078__t1                              0.994182
xru78.dt                                     0
t078__t0                              0.994182
t079__t1                              0.994182
xru79.dt                                     0
t079__t0                              0.994182
t080__t1                              0.994182
xru80.dt                                     0
t080__t0                              0.994182
t081__t1                              0.994182
xru81.dt                                     0
t081__t0                              0.994182
t082__t1                              0.994182
xru82.dt                                     0
t082__t0                              0.994182
t083__t1                              0.994182
xru83.dt                                     0
t083__t0                              0.994182
t084__t1                              0.994182
xru84.dt                                     0
t084__t0                              0.994182
t085__t1                              0.994182
xru85.dt                                     0
t085__t0                              0.994182
t086__t1                              0.994182
xru86.dt                                     0
t086__t0                              0.994182
t087__t1                              0.994182
xru87.dt                                     0
t087__t0                              0.994182
t088__t1                              0.994182
xru88.dt                                     0
t088__t0                              0.994182
t089__t1                              0.994182
xru89.dt                                     0
t089__t0                              0.994182
t090__t1                              0.994182
xru90.dt                                     0
t090__t0                              0.994182
t091__t0                              0.994182
xru91.dt                                     0
t091__t1                              0.994182
t092__t0                              0.994182
xru92.dt                                     0
t092__t1                              0.994182
t093__t0                              0.994182
xru93.dt                                     0
t093__t1                              0.994182
t094__t0                              0.994182
xru94.dt                                     0
t094__t1                              0.994182
t095__t0                              0.994182
xru95.dt                                     0
t095__t1                              0.994182
t096__t0                              0.994182
xru96.dt                                     0
t096__t1                              0.994182
t097__t0                              0.994182
xru97.dt                                     0
t097__t1                              0.994182
t098__t0                              0.994182
xru98.dt                                     0
t098__t1                              0.994182
t099__t0                              0.994182
xru99.dt                                     0
t099__t1                              0.994182
t100__t0                              0.994182
xru100.dt                                    0
t100__t1                              0.994182
t101__t0                              0.994182
xru101.dt                                    0
t101__t1                              0.994182
t102__t0                              0.994182
xru102.dt                                    0
t102__t1                              0.994182
t103__t0                              0.994182
xru103.dt                                    0
t103__t1                              0.994182
t104__t0                              0.994182
xru104.dt                                    0
t104__t1                              0.994182
t105__t0                              0.994182
xru105.dt                                    0
t105__t1                              0.994182
t106__t1                              0.994182
xru106.dt                                    0
t106__t0                              0.994182
t107__t1                              0.994182
xru107.dt                                    0
t107__t0                              0.994182
t108__t1                              0.994182
xru108.dt                                    0
t108__t0                              0.994182
t109__t1                              0.994182
xru109.dt                                    0
t109__t0                              0.994182
t110__t1                              0.994182
xru110.dt                                    0
t110__t0                              0.994182
t111__t1                              0.994182
xru111.dt                                    0
t111__t0                              0.994182
t112__t1                              0.994182
xru112.dt                                    0
t112__t0                              0.994182
t113__t1                              0.994182
xru113.dt                                    0
t113__t0                              0.994182
t114__t1                              0.994182
xru114.dt                                    0
t114__t0                              0.994182
t115__t1                              0.994182
xru115.dt                                    0
t115__t0                              0.994182
t116__t1                              0.994182
xru116.dt                                    0
t116__t0                              0.994182
t117__t1                              0.994182
xru117.dt                                    0
t117__t0                              0.994182
t118__t1                              0.994182
xru118.dt                                    0
t118__t0                              0.994182
t119__t1                              0.994182
xru119.dt                                    0
t119__t0                              0.994182
t120__t1                              0.994182
xru120.dt                                    0
t120__t0                              0.994182
t121__t0                              0.994182
xru121.dt                                    0
t121__t1                              0.994182
t122__t0                              0.994182
xru122.dt                                    0
t122__t1                              0.994182
t123__t0                              0.994182
xru123.dt                                    0
t123__t1                              0.994182
t124__t0                              0.994182
xru124.dt                                    0
t124__t1                              0.994182
t125__t0                              0.994182
xru125.dt                                    0
t125__t1                              0.994182
t126__t0                              0.994182
xru126.dt                                    0
t126__t1                              0.994182
tn0__t5                               0.994182
xru127.dt                                    0
tn0__t10                              0.994171
t128__t0                                0.9919
xru128.dt                                    0
t128__t1                              0.991899
t129__t0                              0.989628
xru129.dt                                    0
t129__t1                              0.989628
t130__t0                              0.987356
xru130.dt                                    0
t130__t1                              0.987356
t131__t0                              0.985084
xru131.dt                                    0
t131__t1                              0.985084
t132__t0                              0.982813
xru132.dt                                    0
t132__t1                              0.982812
t133__t0                              0.980541
xru133.dt                                    0
t133__t1                              0.980541
t134__t0                              0.978269
xru134.dt                                    0
t134__t1                              0.978269
t135__t0                              0.975998
xru135.dt                                    0
t135__t1                              0.975992
t136__t1                               0.97372
xru136.dt                                    0
t136__t0                               0.97372
t137__t1                              0.971448
xru137.dt                                    0
t137__t0                              0.971448
t138__t1                              0.969177
xru138.dt                                    0
t138__t0                              0.969176
t139__t1                              0.966905
xru139.dt                                    0
t139__t0                              0.966905
t140__t1                              0.964633
xru140.dt                                    0
t140__t0                              0.964633
t141__t1                              0.962362
xru141.dt                                    0
t141__t0                              0.962361
t142__t1                               0.96009
xru142.dt                                    0
t142__t0                               0.96009
t143__t1                              0.957818
xru143.dt                                    0
t143__t0                              0.957818
t144__t1                              0.955546
xru144.dt                                    0
t144__t0                              0.955546
t145__t1                              0.953275
xru145.dt                                    0
t145__t0                              0.953274
t146__t1                              0.951003
xru146.dt                                    0
t146__t0                              0.951003
t147__t1                              0.948731
xru147.dt                                    0
t147__t0                              0.948731
t148__t1                              0.946459
xru148.dt                                    0
t148__t0                              0.946459
t149__t1                              0.944188
xru149.dt                                    0
t149__t0                              0.944187
t150__t1                              0.941916
xru150.dt                                    0
t150__t0                               0.94191
t151__t0                              0.939639
xru151.dt                                    0
t151__t1                              0.939638
t152__t0                              0.937367
xru152.dt                                    0
t152__t1                              0.937367
t153__t0                              0.935095
xru153.dt                                    0
t153__t1                              0.935095
t154__t0                              0.932823
xru154.dt                                    0
t154__t1                              0.932823
t155__t0                              0.930552
xru155.dt                                    0
t155__t1                              0.930551
t156__t0                               0.92828
xru156.dt                                    0
t156__t1                               0.92828
t157__t0                              0.926008
xru157.dt                                    0
t157__t1                              0.926008
t158__t0                              0.923737
xru158.dt                                    0
t158__t1                              0.923736
t159__t0                              0.921465
xru159.dt                                    0
t159__t1                              0.921464
t160__t0                              0.919193
xru160.dt                                    0
t160__t1                              0.919193
t161__t0                              0.916921
xru161.dt                                    0
t161__t1                              0.916921
t162__t0                               0.91465
xru162.dt                                    0
t162__t1                              0.914649
t163__t0                              0.912378
xru163.dt                                    0
t163__t1                              0.912378
t164__t0                              0.910106
xru164.dt                                    0
t164__t1                              0.910106
t165__t0                              0.907834
xru165.dt                                    0
t165__t1                              0.907828
t166__t1                              0.905557
xru166.dt                                    0
t166__t0                              0.905557
t167__t1                              0.903285
xru167.dt                                    0
t167__t0                              0.903285
t168__t1                              0.901014
xru168.dt                                    0
t168__t0                              0.901013
t169__t1                              0.898742
xru169.dt                                    0
t169__t0                              0.898742
t170__t1                               0.89647
xru170.dt                                    0
t170__t0                               0.89647
t171__t1                              0.894198
xru171.dt                                    0
t171__t0                              0.894198
t172__t1                              0.891927
xru172.dt                                    0
t172__t0                              0.891926
t173__t1                              0.889655
xru173.dt                                    0
t173__t0                              0.889655
t174__t1                              0.887383
xru174.dt                                    0
t174__t0                              0.887383
t175__t1                              0.885111
xru175.dt                                    0
t175__t0                              0.885111
t176__t1                               0.88284
xru176.dt                                    0
t176__t0                              0.882839
t177__t1                              0.880568
xru177.dt                                    0
t177__t0                              0.880568
t178__t1                              0.878296
xru178.dt                                    0
t178__t0                              0.878296
t179__t1                              0.876025
xru179.dt                                    0
t179__t0                              0.876024
t180__t1                              0.873753
xru180.dt                                    0
t180__t0                              0.873747
t181__t0                              0.871475
xru181.dt                                    0
t181__t1                              0.871475
t182__t0                              0.869204
xru182.dt                                    0
t182__t1                              0.869203
t183__t0                              0.866932
xru183.dt                                    0
t183__t1                              0.866932
t184__t0                               0.86466
xru184.dt                                    0
t184__t1                               0.86466
t185__t0                              0.862389
xru185.dt                                    0
t185__t1                              0.862388
t186__t0                              0.860117
xru186.dt                                    0
t186__t1                              0.860117
t187__t0                              0.857845
xru187.dt                                    0
t187__t1                              0.857845
t188__t0                              0.855573
xru188.dt                                    0
t188__t1                              0.855573
t189__t0                              0.853302
xru189.dt                                    0
t189__t1                              0.853301
t190__t0                               0.85103
xru190.dt                                    0
t190__t1                               0.85103
t191__t0                              0.848758
xru191.dt                                    0
t191__t1                              0.848758
t192__t0                              0.846486
xru192.dt                                    0
t192__t1                              0.846486
t193__t0                              0.844215
xru193.dt                                    0
t193__t1                              0.844214
t194__t0                              0.841943
xru194.dt                                    0
t194__t1                              0.841943
t195__t0                              0.839671
xru195.dt                                    0
t195__t1                              0.839665
t196__t1                              0.837394
xru196.dt                                    0
t196__t0                              0.837394
t197__t1                              0.835122
xru197.dt                                    0
t197__t0                              0.835122
t198__t1                               0.83285
xru198.dt                                    0
t198__t0                               0.83285
t199__t1                              0.830579
xru199.dt                                    0
t199__t0                              0.830578
t200__t1                              0.828307
xru200.dt                                    0
t200__t0                              0.828307
t201__t1                              0.826035
xru201.dt                                    0
t201__t0                              0.826035
t202__t1                              0.823763
xru202.dt                                    0
t202__t0                              0.823763
t203__t1                              0.821492
xru203.dt                                    0
t203__t0                              0.821491
t204__t1                               0.81922
xru204.dt                                    0
t204__t0                               0.81922
t205__t1                              0.816948
xru205.dt                                    0
t205__t0                              0.816948
t206__t1                              0.814677
xru206.dt                                    0
t206__t0                              0.814676
t207__t1                              0.812405
xru207.dt                                    0
t207__t0                              0.812405
t208__t1                              0.810133
xru208.dt                                    0
t208__t0                              0.810133
t209__t1                              0.807861
xru209.dt                                    0
t209__t0                              0.807861
t210__t1                               0.80559
xru210.dt                                    0
t210__t0                              0.805584
t211__t0                              0.803312
xru211.dt                                    0
t211__t1                              0.803312
t212__t0                              0.801041
xru212.dt                                    0
t212__t1                               0.80104
t213__t0                              0.798769
xru213.dt                                    0
t213__t1                              0.798769
t214__t0                              0.796497
xru214.dt                                    0
t214__t1                              0.796497
t215__t0                              0.794225
xru215.dt                                    0
t215__t1                              0.794225
t216__t0                              0.791954
xru216.dt                                    0
t216__t1                              0.791953
t217__t0                              0.789682
xru217.dt                                    0
t217__t1                              0.789682
t218__t0                               0.78741
xru218.dt                                    0
t218__t1                               0.78741
t219__t0                              0.785138
xru219.dt                                    0
t219__t1                              0.785138
t220__t0                              0.782867
xru220.dt                                    0
t220__t1                              0.782866
t221__t0                              0.780595
xru221.dt                                    0
t221__t1                              0.780595
t222__t0                              0.778323
xru222.dt                                    0
t222__t1                              0.778323
t223__t0                              0.776052
xru223.dt                                    0
t223__t1                              0.776051
t224__t0                               0.77378
xru224.dt                                    0
t224__t1                               0.77378
t225__t0                              0.771508
xru225.dt                                    0
t225__t1                              0.771502
t226__t1                              0.769231
xru226.dt                                    0
t226__t0                               0.76923
t227__t1                              0.766959
xru227.dt                                    0
t227__t0                              0.766959
t228__t1                              0.764687
xru228.dt                                    0
t228__t0                              0.764687
t229__t1                              0.762416
xru229.dt                                    0
t229__t0                              0.762415
t230__t1                              0.760144
xru230.dt                                    0
t230__t0                              0.760144
t231__t1                              0.757872
xru231.dt                                    0
t231__t0                              0.757872
t232__t1                                0.7556
xru232.dt                                    0
t232__t0                                0.7556
t233__t1                              0.753329
xru233.dt                                    0
t233__t0                              0.753328
t234__t1                              0.751057
xru234.dt                                    0
t234__t0                              0.751057
t235__t1                              0.748785
xru235.dt                                    0
t235__t0                              0.748785
t236__t1                              0.746513
xru236.dt                                    0
t236__t0                              0.746513
t237__t1                              0.744242
xru237.dt                                    0
t237__t0                              0.744241
t238__t1                               0.74197
xru238.dt                                    0
t238__t0                               0.74197
t239__t1                              0.739698
xru239.dt                                    0
t239__t0                              0.739698
t240__t1                              0.737426
xru240.dt                                    0
t240__t0                              0.737421
t241__t0                              0.735149
xru241.dt                                    0
t241__t1                              0.735149
t242__t0                              0.732877
xru242.dt                                    0
t242__t1                              0.732877
t243__t0                              0.730606
xru243.dt                                    0
t243__t1                              0.730605
t244__t0                              0.728334
xru244.dt                                    0
t244__t1                              0.728334
t245__t0                              0.726062
xru245.dt                                    0
t245__t1                              0.726062
t246__t0                              0.723791
xru246.dt                                    0
t246__t1                               0.72379
t247__t0                              0.721519
xru247.dt                                    0
t247__t1                              0.721519
t248__t0                              0.719247
xru248.dt                                    0
t248__t1                              0.719247
t249__t0                              0.716975
xru249.dt                                    0
t249__t1                              0.716975
t250__t0                              0.714704
xru250.dt                                    0
t250__t1                              0.714703
t251__t0                              0.712432
xru251.dt                                    0
t251__t1                              0.712432
t252__t0                               0.71016
xru252.dt                                    0
t252__t1                               0.71016
t253__t0                              0.707888
xru253.dt                                    0
t253__t1                              0.707888
t254__t0                              0.705617
xru254.dt                                    0
t254__t1                              0.705616
cb3__t0                               0.703345
xru255.dt                                    0
sns1                                  0.702413
xq1.s1                             2.81689e-10
xq1.t                                0.0406116
cb2                                   0.647687
xq2.s1                             7.27011e-10
xq2.t                               0.00585238
cb3                                   0.703141
xq3.s1                             2.81978e-10
xq3.t                                0.0417834
sns2                                  0.697758
tn0                                   0.994182
t002                                  0.994182
t004                                  0.994182
t005                                  0.994182
t006                                  0.994182
t008                                  0.994182
t009                                  0.994182
t010                                  0.994182
t011                                  0.994182
t012                                  0.994182
t013                                  0.994182
t014                                  0.994182
t016                                  0.994182
t017                                  0.994182
t018                                  0.994182
t019                                  0.994182
t020                                  0.994182
t021                                  0.994182
t022                                  0.994182
t023                                  0.994182
t024                                  0.994182
t025                                  0.994182
t026                                  0.994182
t027                                  0.994182
t028                                  0.994182
t029                                  0.994182
t030                                  0.994182
t032                                  0.994182
t033                                  0.994182
t034                                  0.994182
t035                                  0.994182
t036                                  0.994182
t037                                  0.994182
t038                                  0.994182
t039                                  0.994182
t040                                  0.994182
t041                                  0.994182
t042                                  0.994182
t043                                  0.994182
t044                                  0.994182
t045                                  0.994182
t046                                  0.994182
t047                                  0.994182
t048                                  0.994182
t049                                  0.994182
t050                                  0.994182
t051                                  0.994182
t052                                  0.994182
t053                                  0.994182
t054                                  0.994182
t055                                  0.994182
t056                                  0.994182
t057                                  0.994182
t058                                  0.994182
t059                                  0.994182
t060                                  0.994182
t061                                  0.994182
t062                                  0.994182
t064                                  0.994182
t065                                  0.994182
t066                                  0.994182
t067                                  0.994182
t068                                  0.994182
t069                                  0.994182
t070                                  0.994182
t071                                  0.994182
t072                                  0.994182
t073                                  0.994182
t074                                  0.994182
t075                                  0.994182
t076                                  0.994182
t077                                  0.994182
t078                                  0.994182
t079                                  0.994182
t080                                  0.994182
t081                                  0.994182
t082                                  0.994182
t083                                  0.994182
t084                                  0.994182
t085                                  0.994182
t086                                  0.994182
t087                                  0.994182
t088                                  0.994182
t089                                  0.994182
t090                                  0.994182
t091                                  0.994182
t092                                  0.994182
t093                                  0.994182
t094                                  0.994182
t095                                  0.994182
t096                                  0.994182
t097                                  0.994182
t098                                  0.994182
t099                                  0.994182
t100                                  0.994182
t101                                  0.994182
t102                                  0.994182
t103                                  0.994182
t104                                  0.994182
t105                                  0.994182
t106                                  0.994182
t107                                  0.994182
t108                                  0.994182
t109                                  0.994182
t110                                  0.994182
t111                                  0.994182
t112                                  0.994182
t113                                  0.994182
t114                                  0.994182
t115                                  0.994182
t116                                  0.994182
t117                                  0.994182
t118                                  0.994182
t119                                  0.994182
t120                                  0.994182
t121                                  0.994182
t122                                  0.994182
t123                                  0.994182
t124                                  0.994182
t125                                  0.994182
t126                                  0.994182
t128                                    0.9919
t129                                  0.989628
t130                                  0.987356
t131                                  0.985084
t132                                  0.982813
t133                                  0.980541
t134                                  0.978269
t135                                  0.975995
t136                                   0.97372
t137                                  0.971448
t138                                  0.969177
t139                                  0.966905
t140                                  0.964633
t141                                  0.962361
t142                                   0.96009
t143                                  0.957818
t144                                  0.955546
t145                                  0.953274
t146                                  0.951003
t147                                  0.948731
t148                                  0.946459
t149                                  0.944188
t150                                  0.941913
t151                                  0.939638
t152                                  0.937367
t153                                  0.935095
t154                                  0.932823
t155                                  0.930552
t156                                   0.92828
t157                                  0.926008
t158                                  0.923736
t159                                  0.921465
t160                                  0.919193
t161                                  0.916921
t162                                  0.914649
t163                                  0.912378
t164                                  0.910106
t165                                  0.907831
t166                                  0.905557
t167                                  0.903285
t168                                  0.901013
t169                                  0.898742
t170                                   0.89647
t171                                  0.894198
t172                                  0.891927
t173                                  0.889655
t174                                  0.887383
t175                                  0.885111
t176                                   0.88284
t177                                  0.880568
t178                                  0.878296
t179                                  0.876024
t180                                   0.87375
t181                                  0.871475
t182                                  0.869204
t183                                  0.866932
t184                                   0.86466
t185                                  0.862388
t186                                  0.860117
t187                                  0.857845
t188                                  0.855573
t189                                  0.853301
t190                                   0.85103
t191                                  0.848758
t192                                  0.846486
t193                                  0.844215
t194                                  0.841943
t195                                  0.839668
t196                                  0.837394
t197                                  0.835122
t198                                   0.83285
t199                                  0.830579
t200                                  0.828307
t201                                  0.826035
t202                                  0.823763
t203                                  0.821492
t204                                   0.81922
t205                                  0.816948
t206                                  0.814676
t207                                  0.812405
t208                                  0.810133
t209                                  0.807861
t210                                  0.805587
t211                                  0.803312
t212                                   0.80104
t213                                  0.798769
t214                                  0.796497
t215                                  0.794225
t216                                  0.791954
t217                                  0.789682
t218                                   0.78741
t219                                  0.785138
t220                                  0.782867
t221                                  0.780595
t222                                  0.778323
t223                                  0.776051
t224                                   0.77378
t225                                  0.771505
t226                                  0.769231
t227                                  0.766959
t228                                  0.764687
t229                                  0.762415
t230                                  0.760144
t231                                  0.757872
t232                                    0.7556
t233                                  0.753328
t234                                  0.751057
t235                                  0.748785
t236                                  0.746513
t237                                  0.744242
t238                                   0.74197
t239                                  0.739698
t240                                  0.737424
t241                                  0.735149
t242                                  0.732877
t243                                  0.730606
t244                                  0.728334
t245                                  0.726062
t246                                   0.72379
t247                                  0.721519
t248                                  0.719247
t249                                  0.716975
t250                                  0.714703
t251                                  0.712432
t252                                   0.71016
t253                                  0.707888
t254                                  0.705617
vref                                   1.01706
vss__par                                     0
pa_00                                0.0547252
pa_01                              5.17222e-06
pa_02                              5.23474e-06
pa_03                                  59968.6
pa_04                                  9680.66
bpa_04#branch                                0
vm2a#branch                         4.5924e-06
vm2b#branch                        5.79826e-07
bpa_03#branch                                0
vm3a#branch                        4.07897e-06
vm3b#branch                        5.77888e-07
vm3c#branch                        5.77883e-07
bpa_02#branch                                0
bpa_01#branch                                0
bpa_00#branch                                0
vm1#branch                         5.09321e-06
vvss#branch                        2.05002e-05
vvdd#branch                       -2.05002e-05


No. of Data Rows : 59

  Measurements for Transient Analysis

vref_v              =  1.01706e+00
vpexfb_v            =  2.55089e+00
vbe_q1_v            =  7.02413e-01
vbe_q2_v            =  6.47687e-01
vbe_q3_v            =  7.03141e-01
dvbe_ptat_v         =  5.47252e-02
i_leg1_a            =  5.09321e-06
i_leg2_a            =  5.17222e-06
i_leg3_a            =  5.23474e-06
r1_ohm              =  5.99686e+04
r2_ohm              =  9.68066e+03

ngspice-46 done
