
Note: No compatibility mode selected!


Circuit: * klt sim -- generated corner deck, do not edit

Doing analysis at TEMP = 125.000000 and TNOM = 27.000000

Using SPARSE 1.3 as Direct Linear Solver


The temperature limiting function received NaN.
Please check your power dissipation and improve your heat sink Rth!
    This message will be shown only once.

Note: Starting dynamic gmin stepping
Note: Dynamic gmin stepping completed

Initial Transient Solution
--------------------------

Node                                   Voltage
----                                   -------
vdd                                        3.3
vss                                          0
fb                                     2.64688
vdd__t0                                3.29997
vm1_p                                 0.572166
vdd__t1                                    3.3
sns1__t0                              0.572166
vdd__t2                                3.29999
vm2a_p                                0.549098
vdd__t3                                    3.3
sns2__t0                              0.549098
vdd__t4                                    3.3
vm2b_p                                0.549086
vdd__t5                                    3.3
sns2__t1                              0.549086
vdd__t6                                3.29999
vm3a_p                                0.888242
vdd__t7                                    3.3
vref__t0                              0.888242
vdd__t10                                   3.3
vm3b_p                                0.888229
vdd__t8                                    3.3
vref__t2                              0.888229
vdd__t11                                   3.3
vm3c_p                                0.888231
vdd__t9                                    3.3
vref__t3                              0.888231
sns2__t2                              0.549062
vsubs                                        0
cb2__t0                               0.498297
xr2.dt                                       0
vref__t1                                0.8882
tn0__t2                               0.865084
xr1.dt                                       0
tn0__t0                               0.865066
tn0__t1                               0.865066
xru1.dt                                      0
tn0__t8                               0.865066
t002__t1                              0.865066
xru2.dt                                      0
t002__t0                              0.865066
tn0__t13                              0.865066
xru3.dt                                      0
tn0__t15                              0.865066
t004__t0                              0.865066
xru4.dt                                      0
t004__t1                              0.865066
t005__t0                              0.865066
xru5.dt                                      0
t005__t1                              0.865066
t006__t0                              0.865066
xru6.dt                                      0
t006__t1                              0.865066
tn0__t9                               0.865066
xru7.dt                                      0
tn0__t11                              0.865066
t008__t0                              0.865066
xru8.dt                                      0
t008__t1                              0.865066
t009__t0                              0.865066
xru9.dt                                      0
t009__t1                              0.865066
t010__t0                              0.865066
xru10.dt                                     0
t010__t1                              0.865066
t011__t0                              0.865066
xru11.dt                                     0
t011__t1                              0.865066
t012__t0                              0.865066
xru12.dt                                     0
t012__t1                              0.865066
t013__t0                              0.865066
xru13.dt                                     0
t013__t1                              0.865066
t014__t0                              0.865066
xru14.dt                                     0
t014__t1                              0.865066
tn0__t3                               0.865066
xru15.dt                                     0
tn0__t4                               0.865066
t016__t1                              0.865066
xru16.dt                                     0
t016__t0                              0.865066
t017__t1                              0.865066
xru17.dt                                     0
t017__t0                              0.865066
t018__t1                              0.865066
xru18.dt                                     0
t018__t0                              0.865066
t019__t1                              0.865066
xru19.dt                                     0
t019__t0                              0.865066
t020__t1                              0.865066
xru20.dt                                     0
t020__t0                              0.865066
t021__t1                              0.865066
xru21.dt                                     0
t021__t0                              0.865066
t022__t1                              0.865066
xru22.dt                                     0
t022__t0                              0.865066
t023__t1                              0.865066
xru23.dt                                     0
t023__t0                              0.865066
t024__t1                              0.865066
xru24.dt                                     0
t024__t0                              0.865066
t025__t1                              0.865066
xru25.dt                                     0
t025__t0                              0.865066
t026__t1                              0.865066
xru26.dt                                     0
t026__t0                              0.865066
t027__t1                              0.865066
xru27.dt                                     0
t027__t0                              0.865066
t028__t1                              0.865066
xru28.dt                                     0
t028__t0                              0.865066
t029__t1                              0.865066
xru29.dt                                     0
t029__t0                              0.865066
t030__t1                              0.865066
xru30.dt                                     0
t030__t0                              0.865066
tn0__t6                               0.865066
xru31.dt                                     0
tn0__t12                              0.865066
t032__t0                              0.865066
xru32.dt                                     0
t032__t1                              0.865066
t033__t0                              0.865066
xru33.dt                                     0
t033__t1                              0.865066
t034__t0                              0.865066
xru34.dt                                     0
t034__t1                              0.865066
t035__t0                              0.865066
xru35.dt                                     0
t035__t1                              0.865066
t036__t0                              0.865066
xru36.dt                                     0
t036__t1                              0.865066
t037__t0                              0.865066
xru37.dt                                     0
t037__t1                              0.865066
t038__t0                              0.865066
xru38.dt                                     0
t038__t1                              0.865066
t039__t0                              0.865066
xru39.dt                                     0
t039__t1                              0.865066
t040__t0                              0.865066
xru40.dt                                     0
t040__t1                              0.865066
t041__t0                              0.865066
xru41.dt                                     0
t041__t1                              0.865066
t042__t0                              0.865066
xru42.dt                                     0
t042__t1                              0.865066
t043__t0                              0.865066
xru43.dt                                     0
t043__t1                              0.865066
t044__t0                              0.865066
xru44.dt                                     0
t044__t1                              0.865066
t045__t0                              0.865066
xru45.dt                                     0
t045__t1                              0.865066
t046__t1                              0.865066
xru46.dt                                     0
t046__t0                              0.865066
t047__t1                              0.865066
xru47.dt                                     0
t047__t0                              0.865066
t048__t1                              0.865066
xru48.dt                                     0
t048__t0                              0.865066
t049__t1                              0.865066
xru49.dt                                     0
t049__t0                              0.865066
t050__t1                              0.865066
xru50.dt                                     0
t050__t0                              0.865066
t051__t1                              0.865066
xru51.dt                                     0
t051__t0                              0.865066
t052__t1                              0.865066
xru52.dt                                     0
t052__t0                              0.865066
t053__t1                              0.865066
xru53.dt                                     0
t053__t0                              0.865066
t054__t1                              0.865066
xru54.dt                                     0
t054__t0                              0.865066
t055__t1                              0.865066
xru55.dt                                     0
t055__t0                              0.865066
t056__t1                              0.865066
xru56.dt                                     0
t056__t0                              0.865066
t057__t1                              0.865066
xru57.dt                                     0
t057__t0                              0.865066
t058__t1                              0.865066
xru58.dt                                     0
t058__t0                              0.865066
t059__t1                              0.865066
xru59.dt                                     0
t059__t0                              0.865066
t060__t1                              0.865066
xru60.dt                                     0
t060__t0                              0.865066
t061__t0                              0.865066
xru61.dt                                     0
t061__t1                              0.865066
t062__t0                              0.865066
xru62.dt                                     0
t062__t1                              0.865066
tn0__t7                               0.865066
xru63.dt                                     0
tn0__t14                              0.865066
t064__t0                              0.865066
xru64.dt                                     0
t064__t1                              0.865066
t065__t0                              0.865066
xru65.dt                                     0
t065__t1                              0.865066
t066__t0                              0.865066
xru66.dt                                     0
t066__t1                              0.865066
t067__t0                              0.865066
xru67.dt                                     0
t067__t1                              0.865066
t068__t0                              0.865066
xru68.dt                                     0
t068__t1                              0.865066
t069__t0                              0.865066
xru69.dt                                     0
t069__t1                              0.865066
t070__t0                              0.865066
xru70.dt                                     0
t070__t1                              0.865066
t071__t0                              0.865066
xru71.dt                                     0
t071__t1                              0.865066
t072__t0                              0.865066
xru72.dt                                     0
t072__t1                              0.865066
t073__t0                              0.865066
xru73.dt                                     0
t073__t1                              0.865066
t074__t0                              0.865066
xru74.dt                                     0
t074__t1                              0.865066
t075__t0                              0.865066
xru75.dt                                     0
t075__t1                              0.865066
t076__t1                              0.865066
xru76.dt                                     0
t076__t0                              0.865066
t077__t1                              0.865066
xru77.dt                                     0
t077__t0                              0.865066
t078__t1                              0.865066
xru78.dt                                     0
t078__t0                              0.865066
t079__t1                              0.865066
xru79.dt                                     0
t079__t0                              0.865066
t080__t1                              0.865066
xru80.dt                                     0
t080__t0                              0.865066
t081__t1                              0.865066
xru81.dt                                     0
t081__t0                              0.865066
t082__t1                              0.865066
xru82.dt                                     0
t082__t0                              0.865066
t083__t1                              0.865066
xru83.dt                                     0
t083__t0                              0.865066
t084__t1                              0.865066
xru84.dt                                     0
t084__t0                              0.865066
t085__t1                              0.865066
xru85.dt                                     0
t085__t0                              0.865066
t086__t1                              0.865066
xru86.dt                                     0
t086__t0                              0.865066
t087__t1                              0.865066
xru87.dt                                     0
t087__t0                              0.865066
t088__t1                              0.865066
xru88.dt                                     0
t088__t0                              0.865066
t089__t1                              0.865066
xru89.dt                                     0
t089__t0                              0.865066
t090__t1                              0.865066
xru90.dt                                     0
t090__t0                              0.865066
t091__t0                              0.865066
xru91.dt                                     0
t091__t1                              0.865066
t092__t0                              0.865066
xru92.dt                                     0
t092__t1                              0.865066
t093__t0                              0.865066
xru93.dt                                     0
t093__t1                              0.865066
t094__t0                              0.865066
xru94.dt                                     0
t094__t1                              0.865066
t095__t0                              0.865066
xru95.dt                                     0
t095__t1                              0.865066
t096__t0                              0.865066
xru96.dt                                     0
t096__t1                              0.865066
t097__t0                              0.865066
xru97.dt                                     0
t097__t1                              0.865066
t098__t0                              0.865066
xru98.dt                                     0
t098__t1                              0.865066
t099__t0                              0.865066
xru99.dt                                     0
t099__t1                              0.865066
t100__t0                              0.865066
xru100.dt                                    0
t100__t1                              0.865066
t101__t0                              0.865066
xru101.dt                                    0
t101__t1                              0.865066
t102__t0                              0.865066
xru102.dt                                    0
t102__t1                              0.865066
t103__t0                              0.865066
xru103.dt                                    0
t103__t1                              0.865066
t104__t0                              0.865066
xru104.dt                                    0
t104__t1                              0.865066
t105__t0                              0.865066
xru105.dt                                    0
t105__t1                              0.865066
t106__t1                              0.865066
xru106.dt                                    0
t106__t0                              0.865066
t107__t1                              0.865066
xru107.dt                                    0
t107__t0                              0.865066
t108__t1                              0.865066
xru108.dt                                    0
t108__t0                              0.865066
t109__t1                              0.865066
xru109.dt                                    0
t109__t0                              0.865066
t110__t1                              0.865066
xru110.dt                                    0
t110__t0                              0.865066
t111__t1                              0.865066
xru111.dt                                    0
t111__t0                              0.865066
t112__t1                              0.865066
xru112.dt                                    0
t112__t0                              0.865066
t113__t1                              0.865066
xru113.dt                                    0
t113__t0                              0.865066
t114__t1                              0.865066
xru114.dt                                    0
t114__t0                              0.865066
t115__t1                              0.865066
xru115.dt                                    0
t115__t0                              0.865066
t116__t1                              0.865066
xru116.dt                                    0
t116__t0                              0.865066
t117__t1                              0.865066
xru117.dt                                    0
t117__t0                              0.865066
t118__t1                              0.865066
xru118.dt                                    0
t118__t0                              0.865066
t119__t1                              0.865066
xru119.dt                                    0
t119__t0                              0.865066
t120__t1                              0.865066
xru120.dt                                    0
t120__t0                              0.865066
t121__t0                              0.865066
xru121.dt                                    0
t121__t1                              0.865066
t122__t0                              0.865066
xru122.dt                                    0
t122__t1                              0.865066
t123__t0                              0.865066
xru123.dt                                    0
t123__t1                              0.865066
t124__t0                              0.865066
xru124.dt                                    0
t124__t1                              0.865066
t125__t0                              0.865066
xru125.dt                                    0
t125__t1                              0.865066
t126__t0                              0.865066
xru126.dt                                    0
t126__t1                              0.865066
tn0__t5                               0.865066
xru127.dt                                    0
tn0__t10                              0.865055
t128__t0                              0.862773
xru128.dt                                    0
t128__t1                              0.862773
t129__t0                              0.860492
xru129.dt                                    0
t129__t1                              0.860492
t130__t0                              0.858211
xru130.dt                                    0
t130__t1                               0.85821
t131__t0                              0.855929
xru131.dt                                    0
t131__t1                              0.855929
t132__t0                              0.853648
xru132.dt                                    0
t132__t1                              0.853648
t133__t0                              0.851367
xru133.dt                                    0
t133__t1                              0.851366
t134__t0                              0.849085
xru134.dt                                    0
t134__t1                              0.849085
t135__t0                              0.846804
xru135.dt                                    0
t135__t1                              0.846798
t136__t1                              0.844517
xru136.dt                                    0
t136__t0                              0.844517
t137__t1                              0.842236
xru137.dt                                    0
t137__t0                              0.842235
t138__t1                              0.839954
xru138.dt                                    0
t138__t0                              0.839954
t139__t1                              0.837673
xru139.dt                                    0
t139__t0                              0.837672
t140__t1                              0.835391
xru140.dt                                    0
t140__t0                              0.835391
t141__t1                               0.83311
xru141.dt                                    0
t141__t0                               0.83311
t142__t1                              0.830829
xru142.dt                                    0
t142__t0                              0.830828
t143__t1                              0.828547
xru143.dt                                    0
t143__t0                              0.828547
t144__t1                              0.826266
xru144.dt                                    0
t144__t0                              0.826266
t145__t1                              0.823985
xru145.dt                                    0
t145__t0                              0.823984
t146__t1                              0.821703
xru146.dt                                    0
t146__t0                              0.821703
t147__t1                              0.819422
xru147.dt                                    0
t147__t0                              0.819422
t148__t1                               0.81714
xru148.dt                                    0
t148__t0                               0.81714
t149__t1                              0.814859
xru149.dt                                    0
t149__t0                              0.814859
t150__t1                              0.812578
xru150.dt                                    0
t150__t0                              0.812572
t151__t0                              0.810291
xru151.dt                                    0
t151__t1                               0.81029
t152__t0                              0.808009
xru152.dt                                    0
t152__t1                              0.808009
t153__t0                              0.805728
xru153.dt                                    0
t153__t1                              0.805728
t154__t0                              0.803447
xru154.dt                                    0
t154__t1                              0.803446
t155__t0                              0.801165
xru155.dt                                    0
t155__t1                              0.801165
t156__t0                              0.798884
xru156.dt                                    0
t156__t1                              0.798884
t157__t0                              0.796603
xru157.dt                                    0
t157__t1                              0.796602
t158__t0                              0.794321
xru158.dt                                    0
t158__t1                              0.794321
t159__t0                               0.79204
xru159.dt                                    0
t159__t1                               0.79204
t160__t0                              0.789758
xru160.dt                                    0
t160__t1                              0.789758
t161__t0                              0.787477
xru161.dt                                    0
t161__t1                              0.787477
t162__t0                              0.785196
xru162.dt                                    0
t162__t1                              0.785195
t163__t0                              0.782914
xru163.dt                                    0
t163__t1                              0.782914
t164__t0                              0.780633
xru164.dt                                    0
t164__t1                              0.780633
t165__t0                              0.778352
xru165.dt                                    0
t165__t1                              0.778346
t166__t1                              0.776065
xru166.dt                                    0
t166__t0                              0.776064
t167__t1                              0.773783
xru167.dt                                    0
t167__t0                              0.773783
t168__t1                              0.771502
xru168.dt                                    0
t168__t0                              0.771502
t169__t1                              0.769221
xru169.dt                                    0
t169__t0                               0.76922
t170__t1                              0.766939
xru170.dt                                    0
t170__t0                              0.766939
t171__t1                              0.764658
xru171.dt                                    0
t171__t0                              0.764657
t172__t1                              0.762376
xru172.dt                                    0
t172__t0                              0.762376
t173__t1                              0.760095
xru173.dt                                    0
t173__t0                              0.760095
t174__t1                              0.757814
xru174.dt                                    0
t174__t0                              0.757813
t175__t1                              0.755532
xru175.dt                                    0
t175__t0                              0.755532
t176__t1                              0.753251
xru176.dt                                    0
t176__t0                              0.753251
t177__t1                               0.75097
xru177.dt                                    0
t177__t0                              0.750969
t178__t1                              0.748688
xru178.dt                                    0
t178__t0                              0.748688
t179__t1                              0.746407
xru179.dt                                    0
t179__t0                              0.746407
t180__t1                              0.744125
xru180.dt                                    0
t180__t0                               0.74412
t181__t0                              0.741839
xru181.dt                                    0
t181__t1                              0.741838
t182__t0                              0.739557
xru182.dt                                    0
t182__t1                              0.739557
t183__t0                              0.737276
xru183.dt                                    0
t183__t1                              0.737275
t184__t0                              0.734994
xru184.dt                                    0
t184__t1                              0.734994
t185__t0                              0.732713
xru185.dt                                    0
t185__t1                              0.732713
t186__t0                              0.730432
xru186.dt                                    0
t186__t1                              0.730431
t187__t0                               0.72815
xru187.dt                                    0
t187__t1                               0.72815
t188__t0                              0.725869
xru188.dt                                    0
t188__t1                              0.725869
t189__t0                              0.723588
xru189.dt                                    0
t189__t1                              0.723587
t190__t0                              0.721306
xru190.dt                                    0
t190__t1                              0.721306
t191__t0                              0.719025
xru191.dt                                    0
t191__t1                              0.719025
t192__t0                              0.716743
xru192.dt                                    0
t192__t1                              0.716743
t193__t0                              0.714462
xru193.dt                                    0
t193__t1                              0.714462
t194__t0                              0.712181
xru194.dt                                    0
t194__t1                               0.71218
t195__t0                              0.709899
xru195.dt                                    0
t195__t1                              0.709893
t196__t1                              0.707612
xru196.dt                                    0
t196__t0                              0.707612
t197__t1                              0.705331
xru197.dt                                    0
t197__t0                              0.705331
t198__t1                               0.70305
xru198.dt                                    0
t198__t0                              0.703049
t199__t1                              0.700768
xru199.dt                                    0
t199__t0                              0.700768
t200__t1                              0.698487
xru200.dt                                    0
t200__t0                              0.698487
t201__t1                              0.696206
xru201.dt                                    0
t201__t0                              0.696205
t202__t1                              0.693924
xru202.dt                                    0
t202__t0                              0.693924
t203__t1                              0.691643
xru203.dt                                    0
t203__t0                              0.691643
t204__t1                              0.689361
xru204.dt                                    0
t204__t0                              0.689361
t205__t1                               0.68708
xru205.dt                                    0
t205__t0                               0.68708
t206__t1                              0.684799
xru206.dt                                    0
t206__t0                              0.684798
t207__t1                              0.682517
xru207.dt                                    0
t207__t0                              0.682517
t208__t1                              0.680236
xru208.dt                                    0
t208__t0                              0.680236
t209__t1                              0.677955
xru209.dt                                    0
t209__t0                              0.677954
t210__t1                              0.675673
xru210.dt                                    0
t210__t0                              0.675667
t211__t0                              0.673386
xru211.dt                                    0
t211__t1                              0.673386
t212__t0                              0.671105
xru212.dt                                    0
t212__t1                              0.671105
t213__t0                              0.668824
xru213.dt                                    0
t213__t1                              0.668823
t214__t0                              0.666542
xru214.dt                                    0
t214__t1                              0.666542
t215__t0                              0.664261
xru215.dt                                    0
t215__t1                              0.664261
t216__t0                              0.661979
xru216.dt                                    0
t216__t1                              0.661979
t217__t0                              0.659698
xru217.dt                                    0
t217__t1                              0.659698
t218__t0                              0.657417
xru218.dt                                    0
t218__t1                              0.657416
t219__t0                              0.655135
xru219.dt                                    0
t219__t1                              0.655135
t220__t0                              0.652854
xru220.dt                                    0
t220__t1                              0.652854
t221__t0                              0.650573
xru221.dt                                    0
t221__t1                              0.650572
t222__t0                              0.648291
xru222.dt                                    0
t222__t1                              0.648291
t223__t0                               0.64601
xru223.dt                                    0
t223__t1                               0.64601
t224__t0                              0.643728
xru224.dt                                    0
t224__t1                              0.643728
t225__t0                              0.641447
xru225.dt                                    0
t225__t1                              0.641441
t226__t1                               0.63916
xru226.dt                                    0
t226__t0                               0.63916
t227__t1                              0.636879
xru227.dt                                    0
t227__t0                              0.636879
t228__t1                              0.634597
xru228.dt                                    0
t228__t0                              0.634597
t229__t1                              0.632316
xru229.dt                                    0
t229__t0                              0.632316
t230__t1                              0.630035
xru230.dt                                    0
t230__t0                              0.630034
t231__t1                              0.627753
xru231.dt                                    0
t231__t0                              0.627753
t232__t1                              0.625472
xru232.dt                                    0
t232__t0                              0.625472
t233__t1                              0.623191
xru233.dt                                    0
t233__t0                               0.62319
t234__t1                              0.620909
xru234.dt                                    0
t234__t0                              0.620909
t235__t1                              0.618628
xru235.dt                                    0
t235__t0                              0.618628
t236__t1                              0.616346
xru236.dt                                    0
t236__t0                              0.616346
t237__t1                              0.614065
xru237.dt                                    0
t237__t0                              0.614065
t238__t1                              0.611784
xru238.dt                                    0
t238__t0                              0.611783
t239__t1                              0.609502
xru239.dt                                    0
t239__t0                              0.609502
t240__t1                              0.607221
xru240.dt                                    0
t240__t0                              0.607215
t241__t0                              0.604934
xru241.dt                                    0
t241__t1                              0.604934
t242__t0                              0.602653
xru242.dt                                    0
t242__t1                              0.602652
t243__t0                              0.600371
xru243.dt                                    0
t243__t1                              0.600371
t244__t0                               0.59809
xru244.dt                                    0
t244__t1                               0.59809
t245__t0                              0.595809
xru245.dt                                    0
t245__t1                              0.595808
t246__t0                              0.593527
xru246.dt                                    0
t246__t1                              0.593527
t247__t0                              0.591246
xru247.dt                                    0
t247__t1                              0.591246
t248__t0                              0.588964
xru248.dt                                    0
t248__t1                              0.588964
t249__t0                              0.586683
xru249.dt                                    0
t249__t1                              0.586683
t250__t0                              0.584402
xru250.dt                                    0
t250__t1                              0.584401
t251__t0                               0.58212
xru251.dt                                    0
t251__t1                               0.58212
t252__t0                              0.579839
xru252.dt                                    0
t252__t1                              0.579839
t253__t0                              0.577558
xru253.dt                                    0
t253__t1                              0.577557
t254__t0                              0.575276
xru254.dt                                    0
t254__t1                              0.575276
cb3__t0                               0.572995
xru255.dt                                    0
sns1                                  0.572089
xq1.s1                             3.42279e-08
xq1.t                                0.0331006
cb2                                   0.498178
xq2.s1                             4.11947e-07
xq2.t                               0.00448674
cb3                                   0.572793
xq3.s1                             3.42303e-08
xq3.t                                0.0337853
sns2                                  0.549084
tn0                                   0.865066
t002                                  0.865066
t004                                  0.865066
t005                                  0.865066
t006                                  0.865066
t008                                  0.865066
t009                                  0.865066
t010                                  0.865066
t011                                  0.865066
t012                                  0.865066
t013                                  0.865066
t014                                  0.865066
t016                                  0.865066
t017                                  0.865066
t018                                  0.865066
t019                                  0.865066
t020                                  0.865066
t021                                  0.865066
t022                                  0.865066
t023                                  0.865066
t024                                  0.865066
t025                                  0.865066
t026                                  0.865066
t027                                  0.865066
t028                                  0.865066
t029                                  0.865066
t030                                  0.865066
t032                                  0.865066
t033                                  0.865066
t034                                  0.865066
t035                                  0.865066
t036                                  0.865066
t037                                  0.865066
t038                                  0.865066
t039                                  0.865066
t040                                  0.865066
t041                                  0.865066
t042                                  0.865066
t043                                  0.865066
t044                                  0.865066
t045                                  0.865066
t046                                  0.865066
t047                                  0.865066
t048                                  0.865066
t049                                  0.865066
t050                                  0.865066
t051                                  0.865066
t052                                  0.865066
t053                                  0.865066
t054                                  0.865066
t055                                  0.865066
t056                                  0.865066
t057                                  0.865066
t058                                  0.865066
t059                                  0.865066
t060                                  0.865066
t061                                  0.865066
t062                                  0.865066
t064                                  0.865066
t065                                  0.865066
t066                                  0.865066
t067                                  0.865066
t068                                  0.865066
t069                                  0.865066
t070                                  0.865066
t071                                  0.865066
t072                                  0.865066
t073                                  0.865066
t074                                  0.865066
t075                                  0.865066
t076                                  0.865066
t077                                  0.865066
t078                                  0.865066
t079                                  0.865066
t080                                  0.865066
t081                                  0.865066
t082                                  0.865066
t083                                  0.865066
t084                                  0.865066
t085                                  0.865066
t086                                  0.865066
t087                                  0.865066
t088                                  0.865066
t089                                  0.865066
t090                                  0.865066
t091                                  0.865066
t092                                  0.865066
t093                                  0.865066
t094                                  0.865066
t095                                  0.865066
t096                                  0.865066
t097                                  0.865066
t098                                  0.865066
t099                                  0.865066
t100                                  0.865066
t101                                  0.865066
t102                                  0.865066
t103                                  0.865066
t104                                  0.865066
t105                                  0.865066
t106                                  0.865066
t107                                  0.865066
t108                                  0.865066
t109                                  0.865066
t110                                  0.865066
t111                                  0.865066
t112                                  0.865066
t113                                  0.865066
t114                                  0.865066
t115                                  0.865066
t116                                  0.865066
t117                                  0.865066
t118                                  0.865066
t119                                  0.865066
t120                                  0.865066
t121                                  0.865066
t122                                  0.865066
t123                                  0.865066
t124                                  0.865066
t125                                  0.865066
t126                                  0.865066
t128                                  0.862773
t129                                  0.860492
t130                                  0.858211
t131                                  0.855929
t132                                  0.853648
t133                                  0.851366
t134                                  0.849085
t135                                  0.846801
t136                                  0.844517
t137                                  0.842235
t138                                  0.839954
t139                                  0.837673
t140                                  0.835391
t141                                   0.83311
t142                                  0.830829
t143                                  0.828547
t144                                  0.826266
t145                                  0.823984
t146                                  0.821703
t147                                  0.819422
t148                                   0.81714
t149                                  0.814859
t150                                  0.812575
t151                                  0.810291
t152                                  0.808009
t153                                  0.805728
t154                                  0.803447
t155                                  0.801165
t156                                  0.798884
t157                                  0.796602
t158                                  0.794321
t159                                   0.79204
t160                                  0.789758
t161                                  0.787477
t162                                  0.785196
t163                                  0.782914
t164                                  0.780633
t165                                  0.778349
t166                                  0.776064
t167                                  0.773783
t168                                  0.771502
t169                                   0.76922
t170                                  0.766939
t171                                  0.764658
t172                                  0.762376
t173                                  0.760095
t174                                  0.757814
t175                                  0.755532
t176                                  0.753251
t177                                  0.750969
t178                                  0.748688
t179                                  0.746407
t180                                  0.744123
t181                                  0.741838
t182                                  0.739557
t183                                  0.737276
t184                                  0.734994
t185                                  0.732713
t186                                  0.730432
t187                                   0.72815
t188                                  0.725869
t189                                  0.723587
t190                                  0.721306
t191                                  0.719025
t192                                  0.716743
t193                                  0.714462
t194                                  0.712181
t195                                  0.709896
t196                                  0.707612
t197                                  0.705331
t198                                   0.70305
t199                                  0.700768
t200                                  0.698487
t201                                  0.696205
t202                                  0.693924
t203                                  0.691643
t204                                  0.689361
t205                                   0.68708
t206                                  0.684799
t207                                  0.682517
t208                                  0.680236
t209                                  0.677954
t210                                   0.67567
t211                                  0.673386
t212                                  0.671105
t213                                  0.668823
t214                                  0.666542
t215                                  0.664261
t216                                  0.661979
t217                                  0.659698
t218                                  0.657417
t219                                  0.655135
t220                                  0.652854
t221                                  0.650572
t222                                  0.648291
t223                                   0.64601
t224                                  0.643728
t225                                  0.641444
t226                                   0.63916
t227                                  0.636879
t228                                  0.634597
t229                                  0.632316
t230                                  0.630035
t231                                  0.627753
t232                                  0.625472
t233                                   0.62319
t234                                  0.620909
t235                                  0.618628
t236                                  0.616346
t237                                  0.614065
t238                                  0.611784
t239                                  0.609502
t240                                  0.607218
t241                                  0.604934
t242                                  0.602653
t243                                  0.600371
t244                                   0.59809
t245                                  0.595808
t246                                  0.593527
t247                                  0.591246
t248                                  0.588964
t249                                  0.586683
t250                                  0.584402
t251                                   0.58212
t252                                  0.579839
t253                                  0.577557
t254                                  0.575276
vref                                  0.888228
vss__par                                     0
pa_00                                0.0739107
pa_01                              5.15531e-06
pa_02                              5.19802e-06
pa_03                                  60683.7
pa_04                                  9874.59
bpa_04#branch                                0
vm2a#branch                        4.59489e-06
vm2b#branch                        5.60412e-07
bpa_03#branch                                0
vm3a#branch                        4.08063e-06
vm3b#branch                        5.58697e-07
vm3c#branch                        5.58693e-07
bpa_02#branch                                0
bpa_01#branch                                0
bpa_00#branch                                0
vm1#branch                         5.09686e-06
vvss#branch                        2.04502e-05
vvdd#branch                       -2.04502e-05


No. of Data Rows : 59

  Measurements for Transient Analysis

vref_v              =  8.88228e-01
vpexfb_v            =  2.64688e+00
vbe_q1_v            =  5.72089e-01
vbe_q2_v            =  4.98178e-01
vbe_q3_v            =  5.72792e-01
dvbe_ptat_v         =  7.39107e-02
i_leg1_a            =  5.09686e-06
i_leg2_a            =  5.15531e-06
i_leg3_a            =  5.19802e-06
r1_ohm              =  6.06837e+04
r2_ohm              =  9.87459e+03

ngspice-46 done
