
Note: No compatibility mode selected!


Circuit: * klt sim -- generated corner deck, do not edit

Doing analysis at TEMP = -40.000000 and TNOM = 27.000000

Using SPARSE 1.3 as Direct Linear Solver


The temperature limiting function received NaN.
Please check your power dissipation and improve your heat sink Rth!
    This message will be shown only once.

Note: Starting dynamic gmin stepping
Note: Dynamic gmin stepping completed

Initial Transient Solution
--------------------------

Node                                   Voltage
----                                   -------
vdd                                       3.63
vss                                          0
fb                                     2.82997
vdd__t0                                3.62997
vm1_p                                 0.785527
vdd__t1                                   3.63
sns1__t0                              0.785527
vdd__t2                                3.62999
vm2a_p                                0.793448
vdd__t3                                   3.63
sns2__t0                              0.793448
vdd__t4                                   3.63
vm2b_p                                0.793436
vdd__t5                                   3.63
sns2__t1                              0.793436
vdd__t6                                3.62999
vm3a_p                                 1.10219
vdd__t7                                   3.63
vref__t0                               1.10219
vdd__t10                                  3.63
vm3b_p                                 1.10218
vdd__t8                                   3.63
vref__t2                               1.10218
vdd__t11                                  3.63
vm3c_p                                 1.10218
vdd__t9                                   3.63
vref__t3                               1.10218
sns2__t2                              0.793411
vsubs                                        0
cb2__t0                               0.743598
xr2.dt                                       0
vref__t1                               1.10215
tn0__t2                                1.07928
xr1.dt                                       0
tn0__t0                                1.07926
tn0__t1                                1.07926
xru1.dt                                      0
tn0__t8                                1.07926
t002__t1                               1.07926
xru2.dt                                      0
t002__t0                               1.07926
tn0__t13                               1.07926
xru3.dt                                      0
tn0__t15                               1.07926
t004__t0                               1.07926
xru4.dt                                      0
t004__t1                               1.07926
t005__t0                               1.07926
xru5.dt                                      0
t005__t1                               1.07926
t006__t0                               1.07926
xru6.dt                                      0
t006__t1                               1.07926
tn0__t9                                1.07926
xru7.dt                                      0
tn0__t11                               1.07926
t008__t0                               1.07926
xru8.dt                                      0
t008__t1                               1.07926
t009__t0                               1.07926
xru9.dt                                      0
t009__t1                               1.07926
t010__t0                               1.07926
xru10.dt                                     0
t010__t1                               1.07926
t011__t0                               1.07926
xru11.dt                                     0
t011__t1                               1.07926
t012__t0                               1.07926
xru12.dt                                     0
t012__t1                               1.07926
t013__t0                               1.07926
xru13.dt                                     0
t013__t1                               1.07926
t014__t0                               1.07926
xru14.dt                                     0
t014__t1                               1.07926
tn0__t3                                1.07926
xru15.dt                                     0
tn0__t4                                1.07926
t016__t1                               1.07926
xru16.dt                                     0
t016__t0                               1.07926
t017__t1                               1.07926
xru17.dt                                     0
t017__t0                               1.07926
t018__t1                               1.07926
xru18.dt                                     0
t018__t0                               1.07926
t019__t1                               1.07926
xru19.dt                                     0
t019__t0                               1.07926
t020__t1                               1.07926
xru20.dt                                     0
t020__t0                               1.07926
t021__t1                               1.07926
xru21.dt                                     0
t021__t0                               1.07926
t022__t1                               1.07926
xru22.dt                                     0
t022__t0                               1.07926
t023__t1                               1.07926
xru23.dt                                     0
t023__t0                               1.07926
t024__t1                               1.07926
xru24.dt                                     0
t024__t0                               1.07926
t025__t1                               1.07926
xru25.dt                                     0
t025__t0                               1.07926
t026__t1                               1.07926
xru26.dt                                     0
t026__t0                               1.07926
t027__t1                               1.07926
xru27.dt                                     0
t027__t0                               1.07926
t028__t1                               1.07926
xru28.dt                                     0
t028__t0                               1.07926
t029__t1                               1.07926
xru29.dt                                     0
t029__t0                               1.07926
t030__t1                               1.07926
xru30.dt                                     0
t030__t0                               1.07926
tn0__t6                                1.07926
xru31.dt                                     0
tn0__t12                               1.07926
t032__t0                               1.07926
xru32.dt                                     0
t032__t1                               1.07926
t033__t0                               1.07926
xru33.dt                                     0
t033__t1                               1.07926
t034__t0                               1.07926
xru34.dt                                     0
t034__t1                               1.07926
t035__t0                               1.07926
xru35.dt                                     0
t035__t1                               1.07926
t036__t0                               1.07926
xru36.dt                                     0
t036__t1                               1.07926
t037__t0                               1.07926
xru37.dt                                     0
t037__t1                               1.07926
t038__t0                               1.07926
xru38.dt                                     0
t038__t1                               1.07926
t039__t0                               1.07926
xru39.dt                                     0
t039__t1                               1.07926
t040__t0                               1.07926
xru40.dt                                     0
t040__t1                               1.07926
t041__t0                               1.07926
xru41.dt                                     0
t041__t1                               1.07926
t042__t0                               1.07926
xru42.dt                                     0
t042__t1                               1.07926
t043__t0                               1.07926
xru43.dt                                     0
t043__t1                               1.07926
t044__t0                               1.07926
xru44.dt                                     0
t044__t1                               1.07926
t045__t0                               1.07926
xru45.dt                                     0
t045__t1                               1.07926
t046__t1                               1.07926
xru46.dt                                     0
t046__t0                               1.07926
t047__t1                               1.07926
xru47.dt                                     0
t047__t0                               1.07926
t048__t1                               1.07926
xru48.dt                                     0
t048__t0                               1.07926
t049__t1                               1.07926
xru49.dt                                     0
t049__t0                               1.07926
t050__t1                               1.07926
xru50.dt                                     0
t050__t0                               1.07926
t051__t1                               1.07926
xru51.dt                                     0
t051__t0                               1.07926
t052__t1                               1.07926
xru52.dt                                     0
t052__t0                               1.07926
t053__t1                               1.07926
xru53.dt                                     0
t053__t0                               1.07926
t054__t1                               1.07926
xru54.dt                                     0
t054__t0                               1.07926
t055__t1                               1.07926
xru55.dt                                     0
t055__t0                               1.07926
t056__t1                               1.07926
xru56.dt                                     0
t056__t0                               1.07926
t057__t1                               1.07926
xru57.dt                                     0
t057__t0                               1.07926
t058__t1                               1.07926
xru58.dt                                     0
t058__t0                               1.07926
t059__t1                               1.07926
xru59.dt                                     0
t059__t0                               1.07926
t060__t1                               1.07926
xru60.dt                                     0
t060__t0                               1.07926
t061__t0                               1.07926
xru61.dt                                     0
t061__t1                               1.07926
t062__t0                               1.07926
xru62.dt                                     0
t062__t1                               1.07926
tn0__t7                                1.07926
xru63.dt                                     0
tn0__t14                               1.07926
t064__t0                               1.07926
xru64.dt                                     0
t064__t1                               1.07926
t065__t0                               1.07926
xru65.dt                                     0
t065__t1                               1.07926
t066__t0                               1.07926
xru66.dt                                     0
t066__t1                               1.07926
t067__t0                               1.07926
xru67.dt                                     0
t067__t1                               1.07926
t068__t0                               1.07926
xru68.dt                                     0
t068__t1                               1.07926
t069__t0                               1.07926
xru69.dt                                     0
t069__t1                               1.07926
t070__t0                               1.07926
xru70.dt                                     0
t070__t1                               1.07926
t071__t0                               1.07926
xru71.dt                                     0
t071__t1                               1.07926
t072__t0                               1.07926
xru72.dt                                     0
t072__t1                               1.07926
t073__t0                               1.07926
xru73.dt                                     0
t073__t1                               1.07926
t074__t0                               1.07926
xru74.dt                                     0
t074__t1                               1.07926
t075__t0                               1.07926
xru75.dt                                     0
t075__t1                               1.07926
t076__t1                               1.07926
xru76.dt                                     0
t076__t0                               1.07926
t077__t1                               1.07926
xru77.dt                                     0
t077__t0                               1.07926
t078__t1                               1.07926
xru78.dt                                     0
t078__t0                               1.07926
t079__t1                               1.07926
xru79.dt                                     0
t079__t0                               1.07926
t080__t1                               1.07926
xru80.dt                                     0
t080__t0                               1.07926
t081__t1                               1.07926
xru81.dt                                     0
t081__t0                               1.07926
t082__t1                               1.07926
xru82.dt                                     0
t082__t0                               1.07926
t083__t1                               1.07926
xru83.dt                                     0
t083__t0                               1.07926
t084__t1                               1.07926
xru84.dt                                     0
t084__t0                               1.07926
t085__t1                               1.07926
xru85.dt                                     0
t085__t0                               1.07926
t086__t1                               1.07926
xru86.dt                                     0
t086__t0                               1.07926
t087__t1                               1.07926
xru87.dt                                     0
t087__t0                               1.07926
t088__t1                               1.07926
xru88.dt                                     0
t088__t0                               1.07926
t089__t1                               1.07926
xru89.dt                                     0
t089__t0                               1.07926
t090__t1                               1.07926
xru90.dt                                     0
t090__t0                               1.07926
t091__t0                               1.07926
xru91.dt                                     0
t091__t1                               1.07926
t092__t0                               1.07926
xru92.dt                                     0
t092__t1                               1.07926
t093__t0                               1.07926
xru93.dt                                     0
t093__t1                               1.07926
t094__t0                               1.07926
xru94.dt                                     0
t094__t1                               1.07926
t095__t0                               1.07926
xru95.dt                                     0
t095__t1                               1.07926
t096__t0                               1.07926
xru96.dt                                     0
t096__t1                               1.07926
t097__t0                               1.07926
xru97.dt                                     0
t097__t1                               1.07926
t098__t0                               1.07926
xru98.dt                                     0
t098__t1                               1.07926
t099__t0                               1.07926
xru99.dt                                     0
t099__t1                               1.07926
t100__t0                               1.07926
xru100.dt                                    0
t100__t1                               1.07926
t101__t0                               1.07926
xru101.dt                                    0
t101__t1                               1.07926
t102__t0                               1.07926
xru102.dt                                    0
t102__t1                               1.07926
t103__t0                               1.07926
xru103.dt                                    0
t103__t1                               1.07926
t104__t0                               1.07926
xru104.dt                                    0
t104__t1                               1.07926
t105__t0                               1.07926
xru105.dt                                    0
t105__t1                               1.07926
t106__t1                               1.07926
xru106.dt                                    0
t106__t0                               1.07926
t107__t1                               1.07926
xru107.dt                                    0
t107__t0                               1.07926
t108__t1                               1.07926
xru108.dt                                    0
t108__t0                               1.07926
t109__t1                               1.07926
xru109.dt                                    0
t109__t0                               1.07926
t110__t1                               1.07926
xru110.dt                                    0
t110__t0                               1.07926
t111__t1                               1.07926
xru111.dt                                    0
t111__t0                               1.07926
t112__t1                               1.07926
xru112.dt                                    0
t112__t0                               1.07926
t113__t1                               1.07926
xru113.dt                                    0
t113__t0                               1.07926
t114__t1                               1.07926
xru114.dt                                    0
t114__t0                               1.07926
t115__t1                               1.07926
xru115.dt                                    0
t115__t0                               1.07926
t116__t1                               1.07926
xru116.dt                                    0
t116__t0                               1.07926
t117__t1                               1.07926
xru117.dt                                    0
t117__t0                               1.07926
t118__t1                               1.07926
xru118.dt                                    0
t118__t0                               1.07926
t119__t1                               1.07926
xru119.dt                                    0
t119__t0                               1.07926
t120__t1                               1.07926
xru120.dt                                    0
t120__t0                               1.07926
t121__t0                               1.07926
xru121.dt                                    0
t121__t1                               1.07926
t122__t0                               1.07926
xru122.dt                                    0
t122__t1                               1.07926
t123__t0                               1.07926
xru123.dt                                    0
t123__t1                               1.07926
t124__t0                               1.07926
xru124.dt                                    0
t124__t1                               1.07926
t125__t0                               1.07926
xru125.dt                                    0
t125__t1                               1.07926
t126__t0                               1.07926
xru126.dt                                    0
t126__t1                               1.07926
tn0__t5                                1.07926
xru127.dt                                    0
tn0__t10                               1.07925
t128__t0                               1.07696
xru128.dt                                    0
t128__t1                               1.07696
t129__t0                               1.07468
xru129.dt                                    0
t129__t1                               1.07467
t130__t0                               1.07239
xru130.dt                                    0
t130__t1                               1.07239
t131__t0                                1.0701
xru131.dt                                    0
t131__t1                                1.0701
t132__t0                               1.06781
xru132.dt                                    0
t132__t1                               1.06781
t133__t0                               1.06552
xru133.dt                                    0
t133__t1                               1.06552
t134__t0                               1.06324
xru134.dt                                    0
t134__t1                               1.06324
t135__t0                               1.06095
xru135.dt                                    0
t135__t1                               1.06094
t136__t1                               1.05866
xru136.dt                                    0
t136__t0                               1.05865
t137__t1                               1.05637
xru137.dt                                    0
t137__t0                               1.05637
t138__t1                               1.05408
xru138.dt                                    0
t138__t0                               1.05408
t139__t1                               1.05179
xru139.dt                                    0
t139__t0                               1.05179
t140__t1                                1.0495
xru140.dt                                    0
t140__t0                                1.0495
t141__t1                               1.04722
xru141.dt                                    0
t141__t0                               1.04722
t142__t1                               1.04493
xru142.dt                                    0
t142__t0                               1.04493
t143__t1                               1.04264
xru143.dt                                    0
t143__t0                               1.04264
t144__t1                               1.04035
xru144.dt                                    0
t144__t0                               1.04035
t145__t1                               1.03807
xru145.dt                                    0
t145__t0                               1.03806
t146__t1                               1.03578
xru146.dt                                    0
t146__t0                               1.03578
t147__t1                               1.03349
xru147.dt                                    0
t147__t0                               1.03349
t148__t1                                1.0312
xru148.dt                                    0
t148__t0                                1.0312
t149__t1                               1.02891
xru149.dt                                    0
t149__t0                               1.02891
t150__t1                               1.02663
xru150.dt                                    0
t150__t0                               1.02662
t151__t0                               1.02433
xru151.dt                                    0
t151__t1                               1.02433
t152__t0                               1.02205
xru152.dt                                    0
t152__t1                               1.02204
t153__t0                               1.01976
xru153.dt                                    0
t153__t1                               1.01976
t154__t0                               1.01747
xru154.dt                                    0
t154__t1                               1.01747
t155__t0                               1.01518
xru155.dt                                    0
t155__t1                               1.01518
t156__t0                               1.01289
xru156.dt                                    0
t156__t1                               1.01289
t157__t0                               1.01061
xru157.dt                                    0
t157__t1                               1.01061
t158__t0                               1.00832
xru158.dt                                    0
t158__t1                               1.00832
t159__t0                               1.00603
xru159.dt                                    0
t159__t1                               1.00603
t160__t0                               1.00374
xru160.dt                                    0
t160__t1                               1.00374
t161__t0                               1.00146
xru161.dt                                    0
t161__t1                               1.00145
t162__t0                              0.999167
xru162.dt                                    0
t162__t1                              0.999167
t163__t0                               0.99688
xru163.dt                                    0
t163__t1                              0.996879
t164__t0                              0.994592
xru164.dt                                    0
t164__t1                              0.994592
t165__t0                              0.992304
xru165.dt                                    0
t165__t1                              0.992298
t166__t1                              0.990011
xru166.dt                                    0
t166__t0                               0.99001
t167__t1                              0.987723
xru167.dt                                    0
t167__t0                              0.987723
t168__t1                              0.985435
xru168.dt                                    0
t168__t0                              0.985435
t169__t1                              0.983147
xru169.dt                                    0
t169__t0                              0.983147
t170__t1                               0.98086
xru170.dt                                    0
t170__t0                              0.980859
t171__t1                              0.978572
xru171.dt                                    0
t171__t0                              0.978572
t172__t1                              0.976284
xru172.dt                                    0
t172__t0                              0.976284
t173__t1                              0.973996
xru173.dt                                    0
t173__t0                              0.973996
t174__t1                              0.971709
xru174.dt                                    0
t174__t0                              0.971708
t175__t1                              0.969421
xru175.dt                                    0
t175__t0                              0.969421
t176__t1                              0.967133
xru176.dt                                    0
t176__t0                              0.967133
t177__t1                              0.964845
xru177.dt                                    0
t177__t0                              0.964845
t178__t1                              0.962558
xru178.dt                                    0
t178__t0                              0.962557
t179__t1                               0.96027
xru179.dt                                    0
t179__t0                              0.960269
t180__t1                              0.957982
xru180.dt                                    0
t180__t0                              0.957976
t181__t0                              0.955689
xru181.dt                                    0
t181__t1                              0.955688
t182__t0                              0.953401
xru182.dt                                    0
t182__t1                              0.953401
t183__t0                              0.951113
xru183.dt                                    0
t183__t1                              0.951113
t184__t0                              0.948825
xru184.dt                                    0
t184__t1                              0.948825
t185__t0                              0.946538
xru185.dt                                    0
t185__t1                              0.946537
t186__t0                               0.94425
xru186.dt                                    0
t186__t1                              0.944249
t187__t0                              0.941962
xru187.dt                                    0
t187__t1                              0.941962
t188__t0                              0.939674
xru188.dt                                    0
t188__t1                              0.939674
t189__t0                              0.937386
xru189.dt                                    0
t189__t1                              0.937386
t190__t0                              0.935099
xru190.dt                                    0
t190__t1                              0.935098
t191__t0                              0.932811
xru191.dt                                    0
t191__t1                              0.932811
t192__t0                              0.930523
xru192.dt                                    0
t192__t1                              0.930523
t193__t0                              0.928235
xru193.dt                                    0
t193__t1                              0.928235
t194__t0                              0.925948
xru194.dt                                    0
t194__t1                              0.925947
t195__t0                               0.92366
xru195.dt                                    0
t195__t1                              0.923654
t196__t1                              0.921366
xru196.dt                                    0
t196__t0                              0.921366
t197__t1                              0.919079
xru197.dt                                    0
t197__t0                              0.919078
t198__t1                              0.916791
xru198.dt                                    0
t198__t0                              0.916791
t199__t1                              0.914503
xru199.dt                                    0
t199__t0                              0.914503
t200__t1                              0.912215
xru200.dt                                    0
t200__t0                              0.912215
t201__t1                              0.909928
xru201.dt                                    0
t201__t0                              0.909927
t202__t1                               0.90764
xru202.dt                                    0
t202__t0                               0.90764
t203__t1                              0.905352
xru203.dt                                    0
t203__t0                              0.905352
t204__t1                              0.903064
xru204.dt                                    0
t204__t0                              0.903064
t205__t1                              0.900777
xru205.dt                                    0
t205__t0                              0.900776
t206__t1                              0.898489
xru206.dt                                    0
t206__t0                              0.898488
t207__t1                              0.896201
xru207.dt                                    0
t207__t0                              0.896201
t208__t1                              0.893913
xru208.dt                                    0
t208__t0                              0.893913
t209__t1                              0.891625
xru209.dt                                    0
t209__t0                              0.891625
t210__t1                              0.889338
xru210.dt                                    0
t210__t0                              0.889332
t211__t0                              0.887044
xru211.dt                                    0
t211__t1                              0.887044
t212__t0                              0.884757
xru212.dt                                    0
t212__t1                              0.884756
t213__t0                              0.882469
xru213.dt                                    0
t213__t1                              0.882468
t214__t0                              0.880181
xru214.dt                                    0
t214__t1                              0.880181
t215__t0                              0.877893
xru215.dt                                    0
t215__t1                              0.877893
t216__t0                              0.875605
xru216.dt                                    0
t216__t1                              0.875605
t217__t0                              0.873318
xru217.dt                                    0
t217__t1                              0.873317
t218__t0                               0.87103
xru218.dt                                    0
t218__t1                               0.87103
t219__t0                              0.868742
xru219.dt                                    0
t219__t1                              0.868742
t220__t0                              0.866454
xru220.dt                                    0
t220__t1                              0.866454
t221__t0                              0.864167
xru221.dt                                    0
t221__t1                              0.864166
t222__t0                              0.861879
xru222.dt                                    0
t222__t1                              0.861879
t223__t0                              0.859591
xru223.dt                                    0
t223__t1                              0.859591
t224__t0                              0.857303
xru224.dt                                    0
t224__t1                              0.857303
t225__t0                              0.855016
xru225.dt                                    0
t225__t1                               0.85501
t226__t1                              0.852722
xru226.dt                                    0
t226__t0                              0.852722
t227__t1                              0.850434
xru227.dt                                    0
t227__t0                              0.850434
t228__t1                              0.848147
xru228.dt                                    0
t228__t0                              0.848146
t229__t1                              0.845859
xru229.dt                                    0
t229__t0                              0.845859
t230__t1                              0.843571
xru230.dt                                    0
t230__t0                              0.843571
t231__t1                              0.841283
xru231.dt                                    0
t231__t0                              0.841283
t232__t1                              0.838996
xru232.dt                                    0
t232__t0                              0.838995
t233__t1                              0.836708
xru233.dt                                    0
t233__t0                              0.836707
t234__t1                               0.83442
xru234.dt                                    0
t234__t0                               0.83442
t235__t1                              0.832132
xru235.dt                                    0
t235__t0                              0.832132
t236__t1                              0.829844
xru236.dt                                    0
t236__t0                              0.829844
t237__t1                              0.827557
xru237.dt                                    0
t237__t0                              0.827556
t238__t1                              0.825269
xru238.dt                                    0
t238__t0                              0.825269
t239__t1                              0.822981
xru239.dt                                    0
t239__t0                              0.822981
t240__t1                              0.820693
xru240.dt                                    0
t240__t0                              0.820687
t241__t0                                0.8184
xru241.dt                                    0
t241__t1                                0.8184
t242__t0                              0.816112
xru242.dt                                    0
t242__t1                              0.816112
t243__t0                              0.813824
xru243.dt                                    0
t243__t1                              0.813824
t244__t0                              0.811537
xru244.dt                                    0
t244__t1                              0.811536
t245__t0                              0.809249
xru245.dt                                    0
t245__t1                              0.809249
t246__t0                              0.806961
xru246.dt                                    0
t246__t1                              0.806961
t247__t0                              0.804673
xru247.dt                                    0
t247__t1                              0.804673
t248__t0                              0.802386
xru248.dt                                    0
t248__t1                              0.802385
t249__t0                              0.800098
xru249.dt                                    0
t249__t1                              0.800098
t250__t0                               0.79781
xru250.dt                                    0
t250__t1                               0.79781
t251__t0                              0.795522
xru251.dt                                    0
t251__t1                              0.795522
t252__t0                              0.793235
xru252.dt                                    0
t252__t1                              0.793234
t253__t0                              0.790947
xru253.dt                                    0
t253__t1                              0.790947
t254__t0                              0.788659
xru254.dt                                    0
t254__t1                              0.788659
cb3__t0                               0.786371
xru255.dt                                    0
sns1                                   0.78545
xq1.s1                             3.14101e-10
xq1.t                                0.0455551
cb2                                   0.743478
xq2.s1                               8.178e-10
xq2.t                               0.00676553
cb3                                   0.786165
xq3.s1                             3.14384e-10
xq3.t                                0.0471977
sns2                                  0.793434
tn0                                    1.07926
t002                                   1.07926
t004                                   1.07926
t005                                   1.07926
t006                                   1.07926
t008                                   1.07926
t009                                   1.07926
t010                                   1.07926
t011                                   1.07926
t012                                   1.07926
t013                                   1.07926
t014                                   1.07926
t016                                   1.07926
t017                                   1.07926
t018                                   1.07926
t019                                   1.07926
t020                                   1.07926
t021                                   1.07926
t022                                   1.07926
t023                                   1.07926
t024                                   1.07926
t025                                   1.07926
t026                                   1.07926
t027                                   1.07926
t028                                   1.07926
t029                                   1.07926
t030                                   1.07926
t032                                   1.07926
t033                                   1.07926
t034                                   1.07926
t035                                   1.07926
t036                                   1.07926
t037                                   1.07926
t038                                   1.07926
t039                                   1.07926
t040                                   1.07926
t041                                   1.07926
t042                                   1.07926
t043                                   1.07926
t044                                   1.07926
t045                                   1.07926
t046                                   1.07926
t047                                   1.07926
t048                                   1.07926
t049                                   1.07926
t050                                   1.07926
t051                                   1.07926
t052                                   1.07926
t053                                   1.07926
t054                                   1.07926
t055                                   1.07926
t056                                   1.07926
t057                                   1.07926
t058                                   1.07926
t059                                   1.07926
t060                                   1.07926
t061                                   1.07926
t062                                   1.07926
t064                                   1.07926
t065                                   1.07926
t066                                   1.07926
t067                                   1.07926
t068                                   1.07926
t069                                   1.07926
t070                                   1.07926
t071                                   1.07926
t072                                   1.07926
t073                                   1.07926
t074                                   1.07926
t075                                   1.07926
t076                                   1.07926
t077                                   1.07926
t078                                   1.07926
t079                                   1.07926
t080                                   1.07926
t081                                   1.07926
t082                                   1.07926
t083                                   1.07926
t084                                   1.07926
t085                                   1.07926
t086                                   1.07926
t087                                   1.07926
t088                                   1.07926
t089                                   1.07926
t090                                   1.07926
t091                                   1.07926
t092                                   1.07926
t093                                   1.07926
t094                                   1.07926
t095                                   1.07926
t096                                   1.07926
t097                                   1.07926
t098                                   1.07926
t099                                   1.07926
t100                                   1.07926
t101                                   1.07926
t102                                   1.07926
t103                                   1.07926
t104                                   1.07926
t105                                   1.07926
t106                                   1.07926
t107                                   1.07926
t108                                   1.07926
t109                                   1.07926
t110                                   1.07926
t111                                   1.07926
t112                                   1.07926
t113                                   1.07926
t114                                   1.07926
t115                                   1.07926
t116                                   1.07926
t117                                   1.07926
t118                                   1.07926
t119                                   1.07926
t120                                   1.07926
t121                                   1.07926
t122                                   1.07926
t123                                   1.07926
t124                                   1.07926
t125                                   1.07926
t126                                   1.07926
t128                                   1.07696
t129                                   1.07467
t130                                   1.07239
t131                                    1.0701
t132                                   1.06781
t133                                   1.06552
t134                                   1.06324
t135                                   1.06095
t136                                   1.05865
t137                                   1.05637
t138                                   1.05408
t139                                   1.05179
t140                                    1.0495
t141                                   1.04722
t142                                   1.04493
t143                                   1.04264
t144                                   1.04035
t145                                   1.03807
t146                                   1.03578
t147                                   1.03349
t148                                    1.0312
t149                                   1.02891
t150                                   1.02662
t151                                   1.02433
t152                                   1.02205
t153                                   1.01976
t154                                   1.01747
t155                                   1.01518
t156                                   1.01289
t157                                   1.01061
t158                                   1.00832
t159                                   1.00603
t160                                   1.00374
t161                                   1.00146
t162                                  0.999167
t163                                   0.99688
t164                                  0.994592
t165                                  0.992301
t166                                  0.990011
t167                                  0.987723
t168                                  0.985435
t169                                  0.983147
t170                                   0.98086
t171                                  0.978572
t172                                  0.976284
t173                                  0.973996
t174                                  0.971708
t175                                  0.969421
t176                                  0.967133
t177                                  0.964845
t178                                  0.962557
t179                                   0.96027
t180                                  0.957979
t181                                  0.955688
t182                                  0.953401
t183                                  0.951113
t184                                  0.948825
t185                                  0.946537
t186                                   0.94425
t187                                  0.941962
t188                                  0.939674
t189                                  0.937386
t190                                  0.935099
t191                                  0.932811
t192                                  0.930523
t193                                  0.928235
t194                                  0.925947
t195                                  0.923657
t196                                  0.921366
t197                                  0.919079
t198                                  0.916791
t199                                  0.914503
t200                                  0.912215
t201                                  0.909927
t202                                   0.90764
t203                                  0.905352
t204                                  0.903064
t205                                  0.900776
t206                                  0.898489
t207                                  0.896201
t208                                  0.893913
t209                                  0.891625
t210                                  0.889335
t211                                  0.887044
t212                                  0.884756
t213                                  0.882469
t214                                  0.880181
t215                                  0.877893
t216                                  0.875605
t217                                  0.873318
t218                                   0.87103
t219                                  0.868742
t220                                  0.866454
t221                                  0.864166
t222                                  0.861879
t223                                  0.859591
t224                                  0.857303
t225                                  0.855013
t226                                  0.852722
t227                                  0.850434
t228                                  0.848146
t229                                  0.845859
t230                                  0.843571
t231                                  0.841283
t232                                  0.838995
t233                                  0.836708
t234                                   0.83442
t235                                  0.832132
t236                                  0.829844
t237                                  0.827557
t238                                  0.825269
t239                                  0.822981
t240                                   0.82069
t241                                    0.8184
t242                                  0.816112
t243                                  0.813824
t244                                  0.811537
t245                                  0.809249
t246                                  0.806961
t247                                  0.804673
t248                                  0.802385
t249                                  0.800098
t250                                   0.79781
t251                                  0.795522
t252                                  0.793234
t253                                  0.790947
t254                                  0.788659
vref                                   1.10218
vss__par                                     0
pa_00                                0.0419714
pa_01                              5.20884e-06
pa_02                              5.29119e-06
pa_03                                  59724.5
pa_04                                  9590.61
bpa_04#branch                                0
vm2a#branch                        4.60765e-06
vm2b#branch                        6.01192e-07
bpa_03#branch                                0
vm3a#branch                        4.09315e-06
vm3b#branch                        5.99024e-07
vm3c#branch                        5.99018e-07
bpa_02#branch                                0
bpa_01#branch                                0
bpa_00#branch                                0
vm1#branch                         5.10915e-06
vvss#branch                        2.06092e-05
vvdd#branch                       -2.06092e-05


No. of Data Rows : 59

  Measurements for Transient Analysis

vref_v              =  1.10218e+00
vpexfb_v            =  2.82997e+00
vbe_q1_v            =  7.85450e-01
vbe_q2_v            =  7.43478e-01
vbe_q3_v            =  7.86165e-01
dvbe_ptat_v         =  4.19714e-02
i_leg1_a            =  5.10915e-06
i_leg2_a            =  5.20884e-06
i_leg3_a            =  5.29119e-06
r1_ohm              =  5.97246e+04
r2_ohm              =  9.59061e+03

ngspice-46 done
