
Note: No compatibility mode selected!


Circuit: * klt sim -- generated corner deck, do not edit

Doing analysis at TEMP = -40.000000 and TNOM = 27.000000

Using SPARSE 1.3 as Direct Linear Solver


The temperature limiting function received NaN.
Please check your power dissipation and improve your heat sink Rth!
    This message will be shown only once.

Note: Starting dynamic gmin stepping
Note: Dynamic gmin stepping completed

Initial Transient Solution
--------------------------

Node                                   Voltage
----                                   -------
vdd                                       2.97
vss                                          0
fb                                     2.16997
vdd__t0                                2.96997
vm1_p                                 0.785399
vdd__t1                                   2.97
sns1__t0                              0.785399
vdd__t2                                2.96999
vm2a_p                                0.792998
vdd__t3                                   2.97
sns2__t0                              0.792998
vdd__t4                                   2.97
vm2b_p                                0.792986
vdd__t5                                   2.97
sns2__t1                              0.792986
vdd__t6                                2.96999
vm3a_p                                 1.09993
vdd__t7                                   2.97
vref__t0                               1.09993
vdd__t10                                  2.97
vm3b_p                                 1.09992
vdd__t8                                   2.97
vref__t2                               1.09992
vdd__t11                                  2.97
vm3c_p                                 1.09992
vdd__t9                                   2.97
vref__t3                               1.09992
sns2__t2                              0.792961
vsubs                                        0
cb2__t0                               0.743467
xr2.dt                                       0
vref__t1                               1.09989
tn0__t2                                1.07718
xr1.dt                                       0
tn0__t0                                1.07716
tn0__t1                                1.07716
xru1.dt                                      0
tn0__t8                                1.07716
t002__t1                               1.07716
xru2.dt                                      0
t002__t0                               1.07716
tn0__t13                               1.07716
xru3.dt                                      0
tn0__t15                               1.07716
t004__t0                               1.07716
xru4.dt                                      0
t004__t1                               1.07716
t005__t0                               1.07716
xru5.dt                                      0
t005__t1                               1.07716
t006__t0                               1.07716
xru6.dt                                      0
t006__t1                               1.07716
tn0__t9                                1.07716
xru7.dt                                      0
tn0__t11                               1.07716
t008__t0                               1.07716
xru8.dt                                      0
t008__t1                               1.07716
t009__t0                               1.07716
xru9.dt                                      0
t009__t1                               1.07716
t010__t0                               1.07716
xru10.dt                                     0
t010__t1                               1.07716
t011__t0                               1.07716
xru11.dt                                     0
t011__t1                               1.07716
t012__t0                               1.07716
xru12.dt                                     0
t012__t1                               1.07716
t013__t0                               1.07716
xru13.dt                                     0
t013__t1                               1.07716
t014__t0                               1.07716
xru14.dt                                     0
t014__t1                               1.07716
tn0__t3                                1.07716
xru15.dt                                     0
tn0__t4                                1.07716
t016__t1                               1.07716
xru16.dt                                     0
t016__t0                               1.07716
t017__t1                               1.07716
xru17.dt                                     0
t017__t0                               1.07716
t018__t1                               1.07716
xru18.dt                                     0
t018__t0                               1.07716
t019__t1                               1.07716
xru19.dt                                     0
t019__t0                               1.07716
t020__t1                               1.07716
xru20.dt                                     0
t020__t0                               1.07716
t021__t1                               1.07716
xru21.dt                                     0
t021__t0                               1.07716
t022__t1                               1.07716
xru22.dt                                     0
t022__t0                               1.07716
t023__t1                               1.07716
xru23.dt                                     0
t023__t0                               1.07716
t024__t1                               1.07716
xru24.dt                                     0
t024__t0                               1.07716
t025__t1                               1.07716
xru25.dt                                     0
t025__t0                               1.07716
t026__t1                               1.07716
xru26.dt                                     0
t026__t0                               1.07716
t027__t1                               1.07716
xru27.dt                                     0
t027__t0                               1.07716
t028__t1                               1.07716
xru28.dt                                     0
t028__t0                               1.07716
t029__t1                               1.07716
xru29.dt                                     0
t029__t0                               1.07716
t030__t1                               1.07716
xru30.dt                                     0
t030__t0                               1.07716
tn0__t6                                1.07716
xru31.dt                                     0
tn0__t12                               1.07716
t032__t0                               1.07716
xru32.dt                                     0
t032__t1                               1.07716
t033__t0                               1.07716
xru33.dt                                     0
t033__t1                               1.07716
t034__t0                               1.07716
xru34.dt                                     0
t034__t1                               1.07716
t035__t0                               1.07716
xru35.dt                                     0
t035__t1                               1.07716
t036__t0                               1.07716
xru36.dt                                     0
t036__t1                               1.07716
t037__t0                               1.07716
xru37.dt                                     0
t037__t1                               1.07716
t038__t0                               1.07716
xru38.dt                                     0
t038__t1                               1.07716
t039__t0                               1.07716
xru39.dt                                     0
t039__t1                               1.07716
t040__t0                               1.07716
xru40.dt                                     0
t040__t1                               1.07716
t041__t0                               1.07716
xru41.dt                                     0
t041__t1                               1.07716
t042__t0                               1.07716
xru42.dt                                     0
t042__t1                               1.07716
t043__t0                               1.07716
xru43.dt                                     0
t043__t1                               1.07716
t044__t0                               1.07716
xru44.dt                                     0
t044__t1                               1.07716
t045__t0                               1.07716
xru45.dt                                     0
t045__t1                               1.07716
t046__t1                               1.07716
xru46.dt                                     0
t046__t0                               1.07716
t047__t1                               1.07716
xru47.dt                                     0
t047__t0                               1.07716
t048__t1                               1.07716
xru48.dt                                     0
t048__t0                               1.07716
t049__t1                               1.07716
xru49.dt                                     0
t049__t0                               1.07716
t050__t1                               1.07716
xru50.dt                                     0
t050__t0                               1.07716
t051__t1                               1.07716
xru51.dt                                     0
t051__t0                               1.07716
t052__t1                               1.07716
xru52.dt                                     0
t052__t0                               1.07716
t053__t1                               1.07716
xru53.dt                                     0
t053__t0                               1.07716
t054__t1                               1.07716
xru54.dt                                     0
t054__t0                               1.07716
t055__t1                               1.07716
xru55.dt                                     0
t055__t0                               1.07716
t056__t1                               1.07716
xru56.dt                                     0
t056__t0                               1.07716
t057__t1                               1.07716
xru57.dt                                     0
t057__t0                               1.07716
t058__t1                               1.07716
xru58.dt                                     0
t058__t0                               1.07716
t059__t1                               1.07716
xru59.dt                                     0
t059__t0                               1.07716
t060__t1                               1.07716
xru60.dt                                     0
t060__t0                               1.07716
t061__t0                               1.07716
xru61.dt                                     0
t061__t1                               1.07716
t062__t0                               1.07716
xru62.dt                                     0
t062__t1                               1.07716
tn0__t7                                1.07716
xru63.dt                                     0
tn0__t14                               1.07716
t064__t0                               1.07716
xru64.dt                                     0
t064__t1                               1.07716
t065__t0                               1.07716
xru65.dt                                     0
t065__t1                               1.07716
t066__t0                               1.07716
xru66.dt                                     0
t066__t1                               1.07716
t067__t0                               1.07716
xru67.dt                                     0
t067__t1                               1.07716
t068__t0                               1.07716
xru68.dt                                     0
t068__t1                               1.07716
t069__t0                               1.07716
xru69.dt                                     0
t069__t1                               1.07716
t070__t0                               1.07716
xru70.dt                                     0
t070__t1                               1.07716
t071__t0                               1.07716
xru71.dt                                     0
t071__t1                               1.07716
t072__t0                               1.07716
xru72.dt                                     0
t072__t1                               1.07716
t073__t0                               1.07716
xru73.dt                                     0
t073__t1                               1.07716
t074__t0                               1.07716
xru74.dt                                     0
t074__t1                               1.07716
t075__t0                               1.07716
xru75.dt                                     0
t075__t1                               1.07716
t076__t1                               1.07716
xru76.dt                                     0
t076__t0                               1.07716
t077__t1                               1.07716
xru77.dt                                     0
t077__t0                               1.07716
t078__t1                               1.07716
xru78.dt                                     0
t078__t0                               1.07716
t079__t1                               1.07716
xru79.dt                                     0
t079__t0                               1.07716
t080__t1                               1.07716
xru80.dt                                     0
t080__t0                               1.07716
t081__t1                               1.07716
xru81.dt                                     0
t081__t0                               1.07716
t082__t1                               1.07716
xru82.dt                                     0
t082__t0                               1.07716
t083__t1                               1.07716
xru83.dt                                     0
t083__t0                               1.07716
t084__t1                               1.07716
xru84.dt                                     0
t084__t0                               1.07716
t085__t1                               1.07716
xru85.dt                                     0
t085__t0                               1.07716
t086__t1                               1.07716
xru86.dt                                     0
t086__t0                               1.07716
t087__t1                               1.07716
xru87.dt                                     0
t087__t0                               1.07716
t088__t1                               1.07716
xru88.dt                                     0
t088__t0                               1.07716
t089__t1                               1.07716
xru89.dt                                     0
t089__t0                               1.07716
t090__t1                               1.07716
xru90.dt                                     0
t090__t0                               1.07716
t091__t0                               1.07716
xru91.dt                                     0
t091__t1                               1.07716
t092__t0                               1.07716
xru92.dt                                     0
t092__t1                               1.07716
t093__t0                               1.07716
xru93.dt                                     0
t093__t1                               1.07716
t094__t0                               1.07716
xru94.dt                                     0
t094__t1                               1.07716
t095__t0                               1.07716
xru95.dt                                     0
t095__t1                               1.07716
t096__t0                               1.07716
xru96.dt                                     0
t096__t1                               1.07716
t097__t0                               1.07716
xru97.dt                                     0
t097__t1                               1.07716
t098__t0                               1.07716
xru98.dt                                     0
t098__t1                               1.07716
t099__t0                               1.07716
xru99.dt                                     0
t099__t1                               1.07716
t100__t0                               1.07716
xru100.dt                                    0
t100__t1                               1.07716
t101__t0                               1.07716
xru101.dt                                    0
t101__t1                               1.07716
t102__t0                               1.07716
xru102.dt                                    0
t102__t1                               1.07716
t103__t0                               1.07716
xru103.dt                                    0
t103__t1                               1.07716
t104__t0                               1.07716
xru104.dt                                    0
t104__t1                               1.07716
t105__t0                               1.07716
xru105.dt                                    0
t105__t1                               1.07716
t106__t1                               1.07716
xru106.dt                                    0
t106__t0                               1.07716
t107__t1                               1.07716
xru107.dt                                    0
t107__t0                               1.07716
t108__t1                               1.07716
xru108.dt                                    0
t108__t0                               1.07716
t109__t1                               1.07716
xru109.dt                                    0
t109__t0                               1.07716
t110__t1                               1.07716
xru110.dt                                    0
t110__t0                               1.07716
t111__t1                               1.07716
xru111.dt                                    0
t111__t0                               1.07716
t112__t1                               1.07716
xru112.dt                                    0
t112__t0                               1.07716
t113__t1                               1.07716
xru113.dt                                    0
t113__t0                               1.07716
t114__t1                               1.07716
xru114.dt                                    0
t114__t0                               1.07716
t115__t1                               1.07716
xru115.dt                                    0
t115__t0                               1.07716
t116__t1                               1.07716
xru116.dt                                    0
t116__t0                               1.07716
t117__t1                               1.07716
xru117.dt                                    0
t117__t0                               1.07716
t118__t1                               1.07716
xru118.dt                                    0
t118__t0                               1.07716
t119__t1                               1.07716
xru119.dt                                    0
t119__t0                               1.07716
t120__t1                               1.07716
xru120.dt                                    0
t120__t0                               1.07716
t121__t0                               1.07716
xru121.dt                                    0
t121__t1                               1.07716
t122__t0                               1.07716
xru122.dt                                    0
t122__t1                               1.07716
t123__t0                               1.07716
xru123.dt                                    0
t123__t1                               1.07716
t124__t0                               1.07716
xru124.dt                                    0
t124__t1                               1.07716
t125__t0                               1.07716
xru125.dt                                    0
t125__t1                               1.07716
t126__t0                               1.07716
xru126.dt                                    0
t126__t1                               1.07716
tn0__t5                                1.07716
xru127.dt                                    0
tn0__t10                               1.07715
t128__t0                               1.07487
xru128.dt                                    0
t128__t1                               1.07487
t129__t0                                1.0726
xru129.dt                                    0
t129__t1                                1.0726
t130__t0                               1.07033
xru130.dt                                    0
t130__t1                               1.07033
t131__t0                               1.06806
xru131.dt                                    0
t131__t1                               1.06806
t132__t0                               1.06578
xru132.dt                                    0
t132__t1                               1.06578
t133__t0                               1.06351
xru133.dt                                    0
t133__t1                               1.06351
t134__t0                               1.06124
xru134.dt                                    0
t134__t1                               1.06124
t135__t0                               1.05897
xru135.dt                                    0
t135__t1                               1.05896
t136__t1                               1.05669
xru136.dt                                    0
t136__t0                               1.05669
t137__t1                               1.05442
xru137.dt                                    0
t137__t0                               1.05442
t138__t1                               1.05214
xru138.dt                                    0
t138__t0                               1.05214
t139__t1                               1.04987
xru139.dt                                    0
t139__t0                               1.04987
t140__t1                                1.0476
xru140.dt                                    0
t140__t0                                1.0476
t141__t1                               1.04533
xru141.dt                                    0
t141__t0                               1.04533
t142__t1                               1.04305
xru142.dt                                    0
t142__t0                               1.04305
t143__t1                               1.04078
xru143.dt                                    0
t143__t0                               1.04078
t144__t1                               1.03851
xru144.dt                                    0
t144__t0                               1.03851
t145__t1                               1.03624
xru145.dt                                    0
t145__t0                               1.03624
t146__t1                               1.03396
xru146.dt                                    0
t146__t0                               1.03396
t147__t1                               1.03169
xru147.dt                                    0
t147__t0                               1.03169
t148__t1                               1.02942
xru148.dt                                    0
t148__t0                               1.02942
t149__t1                               1.02715
xru149.dt                                    0
t149__t0                               1.02715
t150__t1                               1.02487
xru150.dt                                    0
t150__t0                               1.02487
t151__t0                                1.0226
xru151.dt                                    0
t151__t1                                1.0226
t152__t0                               1.02032
xru152.dt                                    0
t152__t1                               1.02032
t153__t0                               1.01805
xru153.dt                                    0
t153__t1                               1.01805
t154__t0                               1.01578
xru154.dt                                    0
t154__t1                               1.01578
t155__t0                               1.01351
xru155.dt                                    0
t155__t1                               1.01351
t156__t0                               1.01123
xru156.dt                                    0
t156__t1                               1.01123
t157__t0                               1.00896
xru157.dt                                    0
t157__t1                               1.00896
t158__t0                               1.00669
xru158.dt                                    0
t158__t1                               1.00669
t159__t0                               1.00442
xru159.dt                                    0
t159__t1                               1.00442
t160__t0                               1.00214
xru160.dt                                    0
t160__t1                               1.00214
t161__t0                              0.999873
xru161.dt                                    0
t161__t1                              0.999872
t162__t0                                0.9976
xru162.dt                                    0
t162__t1                                0.9976
t163__t0                              0.995328
xru163.dt                                    0
t163__t1                              0.995327
t164__t0                              0.993055
xru164.dt                                    0
t164__t1                              0.993055
t165__t0                              0.990783
xru165.dt                                    0
t165__t1                              0.990777
t166__t1                              0.988505
xru166.dt                                    0
t166__t0                              0.988505
t167__t1                              0.986232
xru167.dt                                    0
t167__t0                              0.986232
t168__t1                               0.98396
xru168.dt                                    0
t168__t0                               0.98396
t169__t1                              0.981688
xru169.dt                                    0
t169__t0                              0.981687
t170__t1                              0.979415
xru170.dt                                    0
t170__t0                              0.979415
t171__t1                              0.977143
xru171.dt                                    0
t171__t0                              0.977143
t172__t1                               0.97487
xru172.dt                                    0
t172__t0                               0.97487
t173__t1                              0.972598
xru173.dt                                    0
t173__t0                              0.972598
t174__t1                              0.970326
xru174.dt                                    0
t174__t0                              0.970325
t175__t1                              0.968053
xru175.dt                                    0
t175__t0                              0.968053
t176__t1                              0.965781
xru176.dt                                    0
t176__t0                               0.96578
t177__t1                              0.963508
xru177.dt                                    0
t177__t0                              0.963508
t178__t1                              0.961236
xru178.dt                                    0
t178__t0                              0.961236
t179__t1                              0.958964
xru179.dt                                    0
t179__t0                              0.958963
t180__t1                              0.956691
xru180.dt                                    0
t180__t0                              0.956685
t181__t0                              0.954413
xru181.dt                                    0
t181__t1                              0.954413
t182__t0                              0.952141
xru182.dt                                    0
t182__t1                               0.95214
t183__t0                              0.949868
xru183.dt                                    0
t183__t1                              0.949868
t184__t0                              0.947596
xru184.dt                                    0
t184__t1                              0.947596
t185__t0                              0.945323
xru185.dt                                    0
t185__t1                              0.945323
t186__t0                              0.943051
xru186.dt                                    0
t186__t1                              0.943051
t187__t0                              0.940779
xru187.dt                                    0
t187__t1                              0.940778
t188__t0                              0.938506
xru188.dt                                    0
t188__t1                              0.938506
t189__t0                              0.936234
xru189.dt                                    0
t189__t1                              0.936233
t190__t0                              0.933961
xru190.dt                                    0
t190__t1                              0.933961
t191__t0                              0.931689
xru191.dt                                    0
t191__t1                              0.931689
t192__t0                              0.929417
xru192.dt                                    0
t192__t1                              0.929416
t193__t0                              0.927144
xru193.dt                                    0
t193__t1                              0.927144
t194__t0                              0.924872
xru194.dt                                    0
t194__t1                              0.924871
t195__t0                              0.922599
xru195.dt                                    0
t195__t1                              0.922593
t196__t1                              0.920321
xru196.dt                                    0
t196__t0                              0.920321
t197__t1                              0.918049
xru197.dt                                    0
t197__t0                              0.918049
t198__t1                              0.915776
xru198.dt                                    0
t198__t0                              0.915776
t199__t1                              0.913504
xru199.dt                                    0
t199__t0                              0.913504
t200__t1                              0.911232
xru200.dt                                    0
t200__t0                              0.911231
t201__t1                              0.908959
xru201.dt                                    0
t201__t0                              0.908959
t202__t1                              0.906687
xru202.dt                                    0
t202__t0                              0.906687
t203__t1                              0.904414
xru203.dt                                    0
t203__t0                              0.904414
t204__t1                              0.902142
xru204.dt                                    0
t204__t0                              0.902142
t205__t1                               0.89987
xru205.dt                                    0
t205__t0                              0.899869
t206__t1                              0.897597
xru206.dt                                    0
t206__t0                              0.897597
t207__t1                              0.895325
xru207.dt                                    0
t207__t0                              0.895324
t208__t1                              0.893052
xru208.dt                                    0
t208__t0                              0.893052
t209__t1                               0.89078
xru209.dt                                    0
t209__t0                               0.89078
t210__t1                              0.888508
xru210.dt                                    0
t210__t0                              0.888502
t211__t0                               0.88623
xru211.dt                                    0
t211__t1                              0.886229
t212__t0                              0.883957
xru212.dt                                    0
t212__t1                              0.883957
t213__t0                              0.881685
xru213.dt                                    0
t213__t1                              0.881684
t214__t0                              0.879412
xru214.dt                                    0
t214__t1                              0.879412
t215__t0                               0.87714
xru215.dt                                    0
t215__t1                               0.87714
t216__t0                              0.874867
xru216.dt                                    0
t216__t1                              0.874867
t217__t0                              0.872595
xru217.dt                                    0
t217__t1                              0.872595
t218__t0                              0.870323
xru218.dt                                    0
t218__t1                              0.870322
t219__t0                               0.86805
xru219.dt                                    0
t219__t1                               0.86805
t220__t0                              0.865778
xru220.dt                                    0
t220__t1                              0.865778
t221__t0                              0.863505
xru221.dt                                    0
t221__t1                              0.863505
t222__t0                              0.861233
xru222.dt                                    0
t222__t1                              0.861233
t223__t0                              0.858961
xru223.dt                                    0
t223__t1                               0.85896
t224__t0                              0.856688
xru224.dt                                    0
t224__t1                              0.856688
t225__t0                              0.854416
xru225.dt                                    0
t225__t1                               0.85441
t226__t1                              0.852138
xru226.dt                                    0
t226__t0                              0.852137
t227__t1                              0.849865
xru227.dt                                    0
t227__t0                              0.849865
t228__t1                              0.847593
xru228.dt                                    0
t228__t0                              0.847593
t229__t1                              0.845321
xru229.dt                                    0
t229__t0                               0.84532
t230__t1                              0.843048
xru230.dt                                    0
t230__t0                              0.843048
t231__t1                              0.840776
xru231.dt                                    0
t231__t0                              0.840775
t232__t1                              0.838503
xru232.dt                                    0
t232__t0                              0.838503
t233__t1                              0.836231
xru233.dt                                    0
t233__t0                              0.836231
t234__t1                              0.833958
xru234.dt                                    0
t234__t0                              0.833958
t235__t1                              0.831686
xru235.dt                                    0
t235__t0                              0.831686
t236__t1                              0.829414
xru236.dt                                    0
t236__t0                              0.829413
t237__t1                              0.827141
xru237.dt                                    0
t237__t0                              0.827141
t238__t1                              0.824869
xru238.dt                                    0
t238__t0                              0.824869
t239__t1                              0.822596
xru239.dt                                    0
t239__t0                              0.822596
t240__t1                              0.820324
xru240.dt                                    0
t240__t0                              0.820318
t241__t0                              0.818046
xru241.dt                                    0
t241__t1                              0.818046
t242__t0                              0.815774
xru242.dt                                    0
t242__t1                              0.815773
t243__t0                              0.813501
xru243.dt                                    0
t243__t1                              0.813501
t244__t0                              0.811229
xru244.dt                                    0
t244__t1                              0.811228
t245__t0                              0.808956
xru245.dt                                    0
t245__t1                              0.808956
t246__t0                              0.806684
xru246.dt                                    0
t246__t1                              0.806684
t247__t0                              0.804412
xru247.dt                                    0
t247__t1                              0.804411
t248__t0                              0.802139
xru248.dt                                    0
t248__t1                              0.802139
t249__t0                              0.799867
xru249.dt                                    0
t249__t1                              0.799866
t250__t0                              0.797594
xru250.dt                                    0
t250__t1                              0.797594
t251__t0                              0.795322
xru251.dt                                    0
t251__t1                              0.795322
t252__t0                              0.793049
xru252.dt                                    0
t252__t1                              0.793049
t253__t0                              0.790777
xru253.dt                                    0
t253__t1                              0.790777
t254__t0                              0.788505
xru254.dt                                    0
t254__t1                              0.788504
cb3__t0                               0.786232
xru255.dt                                    0
sns1                                  0.785323
xq1.s1                             3.14051e-10
xq1.t                                0.0452648
cb2                                   0.743348
xq2.s1                             8.17657e-10
xq2.t                               0.00672106
cb3                                   0.786028
xq3.s1                              3.1433e-10
xq3.t                                0.0468725
sns2                                  0.792984
tn0                                    1.07716
t002                                   1.07716
t004                                   1.07716
t005                                   1.07716
t006                                   1.07716
t008                                   1.07716
t009                                   1.07716
t010                                   1.07716
t011                                   1.07716
t012                                   1.07716
t013                                   1.07716
t014                                   1.07716
t016                                   1.07716
t017                                   1.07716
t018                                   1.07716
t019                                   1.07716
t020                                   1.07716
t021                                   1.07716
t022                                   1.07716
t023                                   1.07716
t024                                   1.07716
t025                                   1.07716
t026                                   1.07716
t027                                   1.07716
t028                                   1.07716
t029                                   1.07716
t030                                   1.07716
t032                                   1.07716
t033                                   1.07716
t034                                   1.07716
t035                                   1.07716
t036                                   1.07716
t037                                   1.07716
t038                                   1.07716
t039                                   1.07716
t040                                   1.07716
t041                                   1.07716
t042                                   1.07716
t043                                   1.07716
t044                                   1.07716
t045                                   1.07716
t046                                   1.07716
t047                                   1.07716
t048                                   1.07716
t049                                   1.07716
t050                                   1.07716
t051                                   1.07716
t052                                   1.07716
t053                                   1.07716
t054                                   1.07716
t055                                   1.07716
t056                                   1.07716
t057                                   1.07716
t058                                   1.07716
t059                                   1.07716
t060                                   1.07716
t061                                   1.07716
t062                                   1.07716
t064                                   1.07716
t065                                   1.07716
t066                                   1.07716
t067                                   1.07716
t068                                   1.07716
t069                                   1.07716
t070                                   1.07716
t071                                   1.07716
t072                                   1.07716
t073                                   1.07716
t074                                   1.07716
t075                                   1.07716
t076                                   1.07716
t077                                   1.07716
t078                                   1.07716
t079                                   1.07716
t080                                   1.07716
t081                                   1.07716
t082                                   1.07716
t083                                   1.07716
t084                                   1.07716
t085                                   1.07716
t086                                   1.07716
t087                                   1.07716
t088                                   1.07716
t089                                   1.07716
t090                                   1.07716
t091                                   1.07716
t092                                   1.07716
t093                                   1.07716
t094                                   1.07716
t095                                   1.07716
t096                                   1.07716
t097                                   1.07716
t098                                   1.07716
t099                                   1.07716
t100                                   1.07716
t101                                   1.07716
t102                                   1.07716
t103                                   1.07716
t104                                   1.07716
t105                                   1.07716
t106                                   1.07716
t107                                   1.07716
t108                                   1.07716
t109                                   1.07716
t110                                   1.07716
t111                                   1.07716
t112                                   1.07716
t113                                   1.07716
t114                                   1.07716
t115                                   1.07716
t116                                   1.07716
t117                                   1.07716
t118                                   1.07716
t119                                   1.07716
t120                                   1.07716
t121                                   1.07716
t122                                   1.07716
t123                                   1.07716
t124                                   1.07716
t125                                   1.07716
t126                                   1.07716
t128                                   1.07487
t129                                    1.0726
t130                                   1.07033
t131                                   1.06806
t132                                   1.06578
t133                                   1.06351
t134                                   1.06124
t135                                   1.05896
t136                                   1.05669
t137                                   1.05442
t138                                   1.05214
t139                                   1.04987
t140                                    1.0476
t141                                   1.04533
t142                                   1.04305
t143                                   1.04078
t144                                   1.03851
t145                                   1.03624
t146                                   1.03396
t147                                   1.03169
t148                                   1.02942
t149                                   1.02715
t150                                   1.02487
t151                                    1.0226
t152                                   1.02032
t153                                   1.01805
t154                                   1.01578
t155                                   1.01351
t156                                   1.01123
t157                                   1.00896
t158                                   1.00669
t159                                   1.00442
t160                                   1.00214
t161                                  0.999872
t162                                    0.9976
t163                                  0.995328
t164                                  0.993055
t165                                   0.99078
t166                                  0.988505
t167                                  0.986232
t168                                   0.98396
t169                                  0.981687
t170                                  0.979415
t171                                  0.977143
t172                                   0.97487
t173                                  0.972598
t174                                  0.970325
t175                                  0.968053
t176                                  0.965781
t177                                  0.963508
t178                                  0.961236
t179                                  0.958963
t180                                  0.956688
t181                                  0.954413
t182                                  0.952141
t183                                  0.949868
t184                                  0.947596
t185                                  0.945323
t186                                  0.943051
t187                                  0.940778
t188                                  0.938506
t189                                  0.936234
t190                                  0.933961
t191                                  0.931689
t192                                  0.929416
t193                                  0.927144
t194                                  0.924872
t195                                  0.922596
t196                                  0.920321
t197                                  0.918049
t198                                  0.915776
t199                                  0.913504
t200                                  0.911232
t201                                  0.908959
t202                                  0.906687
t203                                  0.904414
t204                                  0.902142
t205                                  0.899869
t206                                  0.897597
t207                                  0.895325
t208                                  0.893052
t209                                   0.89078
t210                                  0.888505
t211                                  0.886229
t212                                  0.883957
t213                                  0.881685
t214                                  0.879412
t215                                   0.87714
t216                                  0.874867
t217                                  0.872595
t218                                  0.870323
t219                                   0.86805
t220                                  0.865778
t221                                  0.863505
t222                                  0.861233
t223                                   0.85896
t224                                  0.856688
t225                                  0.854413
t226                                  0.852138
t227                                  0.849865
t228                                  0.847593
t229                                   0.84532
t230                                  0.843048
t231                                  0.840776
t232                                  0.838503
t233                                  0.836231
t234                                  0.833958
t235                                  0.831686
t236                                  0.829414
t237                                  0.827141
t238                                  0.824869
t239                                  0.822596
t240                                  0.820321
t241                                  0.818046
t242                                  0.815773
t243                                  0.813501
t244                                  0.811229
t245                                  0.808956
t246                                  0.806684
t247                                  0.804411
t248                                  0.802139
t249                                  0.799867
t250                                  0.797594
t251                                  0.795322
t252                                  0.793049
t253                                  0.790777
t254                                  0.788505
vref                                   1.09992
vss__par                                     0
pa_00                                0.0419747
pa_01                              5.17552e-06
pa_02                              5.25567e-06
pa_03                                  59724.5
pa_04                                  9590.61
bpa_04#branch                                0
vm2a#branch                        4.57895e-06
vm2b#branch                        5.96577e-07
bpa_03#branch                                0
vm3a#branch                        4.06698e-06
vm3b#branch                        5.94351e-07
vm3c#branch                        5.94345e-07
bpa_02#branch                                0
bpa_01#branch                                0
bpa_00#branch                                0
vm1#branch                         5.07742e-06
vvss#branch                        2.05086e-05
vvdd#branch                       -2.05086e-05


No. of Data Rows : 59

  Measurements for Transient Analysis

vref_v              =  1.09992e+00
vpexfb_v            =  2.16997e+00
vbe_q1_v            =  7.85323e-01
vbe_q2_v            =  7.43348e-01
vbe_q3_v            =  7.86028e-01
dvbe_ptat_v         =  4.19747e-02
i_leg1_a            =  5.07742e-06
i_leg2_a            =  5.17552e-06
i_leg3_a            =  5.25567e-06
r1_ohm              =  5.97246e+04
r2_ohm              =  9.59061e+03

ngspice-46 done
