
Note: No compatibility mode selected!


Circuit: * klt sim -- generated corner deck, do not edit

Doing analysis at TEMP = 27.000000 and TNOM = 27.000000

Using SPARSE 1.3 as Direct Linear Solver

Initial Transient Solution
--------------------------

Node                                   Voltage
----                                   -------
vdd                                       3.63
vss                                          0
fb                                     2.88089
vdd__t0                                3.62997
vm1_p                                 0.702565
vdd__t1                                   3.63
sns1__t0                              0.702565
vdd__t2                                3.62999
vm2a_p                                0.697994
vdd__t3                                   3.63
sns2__t0                              0.697994
vdd__t4                                   3.63
vm2b_p                                0.697982
vdd__t5                                   3.63
sns2__t1                              0.697982
vdd__t6                                3.62999
vm3a_p                                 1.01808
vdd__t7                                   3.63
vref__t0                               1.01808
vdd__t10                                  3.63
vm3b_p                                 1.01807
vdd__t8                                   3.63
vref__t2                               1.01807
vdd__t11                                  3.63
vm3c_p                                 1.01807
vdd__t9                                   3.63
vref__t3                               1.01807
sns2__t2                              0.697957
vsubs                                        0
cb2__t0                               0.647884
xr2.dt                                       0
vref__t1                               1.01804
tn0__t2                               0.995139
xr1.dt                                       0
tn0__t0                                0.99512
tn0__t1                                0.99512
xru1.dt                                      0
tn0__t8                                0.99512
t002__t1                               0.99512
xru2.dt                                      0
t002__t0                               0.99512
tn0__t13                               0.99512
xru3.dt                                      0
tn0__t15                               0.99512
t004__t0                               0.99512
xru4.dt                                      0
t004__t1                               0.99512
t005__t0                               0.99512
xru5.dt                                      0
t005__t1                               0.99512
t006__t0                               0.99512
xru6.dt                                      0
t006__t1                               0.99512
tn0__t9                                0.99512
xru7.dt                                      0
tn0__t11                               0.99512
t008__t0                               0.99512
xru8.dt                                      0
t008__t1                               0.99512
t009__t0                               0.99512
xru9.dt                                      0
t009__t1                               0.99512
t010__t0                               0.99512
xru10.dt                                     0
t010__t1                               0.99512
t011__t0                               0.99512
xru11.dt                                     0
t011__t1                               0.99512
t012__t0                               0.99512
xru12.dt                                     0
t012__t1                               0.99512
t013__t0                               0.99512
xru13.dt                                     0
t013__t1                               0.99512
t014__t0                               0.99512
xru14.dt                                     0
t014__t1                               0.99512
tn0__t3                                0.99512
xru15.dt                                     0
tn0__t4                                0.99512
t016__t1                               0.99512
xru16.dt                                     0
t016__t0                               0.99512
t017__t1                               0.99512
xru17.dt                                     0
t017__t0                               0.99512
t018__t1                               0.99512
xru18.dt                                     0
t018__t0                               0.99512
t019__t1                               0.99512
xru19.dt                                     0
t019__t0                               0.99512
t020__t1                               0.99512
xru20.dt                                     0
t020__t0                               0.99512
t021__t1                               0.99512
xru21.dt                                     0
t021__t0                               0.99512
t022__t1                               0.99512
xru22.dt                                     0
t022__t0                               0.99512
t023__t1                               0.99512
xru23.dt                                     0
t023__t0                               0.99512
t024__t1                               0.99512
xru24.dt                                     0
t024__t0                               0.99512
t025__t1                               0.99512
xru25.dt                                     0
t025__t0                               0.99512
t026__t1                               0.99512
xru26.dt                                     0
t026__t0                               0.99512
t027__t1                               0.99512
xru27.dt                                     0
t027__t0                               0.99512
t028__t1                               0.99512
xru28.dt                                     0
t028__t0                               0.99512
t029__t1                               0.99512
xru29.dt                                     0
t029__t0                               0.99512
t030__t1                               0.99512
xru30.dt                                     0
t030__t0                               0.99512
tn0__t6                                0.99512
xru31.dt                                     0
tn0__t12                               0.99512
t032__t0                               0.99512
xru32.dt                                     0
t032__t1                               0.99512
t033__t0                               0.99512
xru33.dt                                     0
t033__t1                               0.99512
t034__t0                               0.99512
xru34.dt                                     0
t034__t1                               0.99512
t035__t0                               0.99512
xru35.dt                                     0
t035__t1                               0.99512
t036__t0                               0.99512
xru36.dt                                     0
t036__t1                               0.99512
t037__t0                               0.99512
xru37.dt                                     0
t037__t1                               0.99512
t038__t0                               0.99512
xru38.dt                                     0
t038__t1                               0.99512
t039__t0                               0.99512
xru39.dt                                     0
t039__t1                               0.99512
t040__t0                               0.99512
xru40.dt                                     0
t040__t1                               0.99512
t041__t0                               0.99512
xru41.dt                                     0
t041__t1                               0.99512
t042__t0                               0.99512
xru42.dt                                     0
t042__t1                               0.99512
t043__t0                               0.99512
xru43.dt                                     0
t043__t1                               0.99512
t044__t0                               0.99512
xru44.dt                                     0
t044__t1                               0.99512
t045__t0                               0.99512
xru45.dt                                     0
t045__t1                               0.99512
t046__t1                               0.99512
xru46.dt                                     0
t046__t0                               0.99512
t047__t1                               0.99512
xru47.dt                                     0
t047__t0                               0.99512
t048__t1                               0.99512
xru48.dt                                     0
t048__t0                               0.99512
t049__t1                               0.99512
xru49.dt                                     0
t049__t0                               0.99512
t050__t1                               0.99512
xru50.dt                                     0
t050__t0                               0.99512
t051__t1                               0.99512
xru51.dt                                     0
t051__t0                               0.99512
t052__t1                               0.99512
xru52.dt                                     0
t052__t0                               0.99512
t053__t1                               0.99512
xru53.dt                                     0
t053__t0                               0.99512
t054__t1                               0.99512
xru54.dt                                     0
t054__t0                               0.99512
t055__t1                               0.99512
xru55.dt                                     0
t055__t0                               0.99512
t056__t1                               0.99512
xru56.dt                                     0
t056__t0                               0.99512
t057__t1                               0.99512
xru57.dt                                     0
t057__t0                               0.99512
t058__t1                               0.99512
xru58.dt                                     0
t058__t0                               0.99512
t059__t1                               0.99512
xru59.dt                                     0
t059__t0                               0.99512
t060__t1                               0.99512
xru60.dt                                     0
t060__t0                               0.99512
t061__t0                               0.99512
xru61.dt                                     0
t061__t1                               0.99512
t062__t0                               0.99512
xru62.dt                                     0
t062__t1                               0.99512
tn0__t7                                0.99512
xru63.dt                                     0
tn0__t14                               0.99512
t064__t0                               0.99512
xru64.dt                                     0
t064__t1                               0.99512
t065__t0                               0.99512
xru65.dt                                     0
t065__t1                               0.99512
t066__t0                               0.99512
xru66.dt                                     0
t066__t1                               0.99512
t067__t0                               0.99512
xru67.dt                                     0
t067__t1                               0.99512
t068__t0                               0.99512
xru68.dt                                     0
t068__t1                               0.99512
t069__t0                               0.99512
xru69.dt                                     0
t069__t1                               0.99512
t070__t0                               0.99512
xru70.dt                                     0
t070__t1                               0.99512
t071__t0                               0.99512
xru71.dt                                     0
t071__t1                               0.99512
t072__t0                               0.99512
xru72.dt                                     0
t072__t1                               0.99512
t073__t0                               0.99512
xru73.dt                                     0
t073__t1                               0.99512
t074__t0                               0.99512
xru74.dt                                     0
t074__t1                               0.99512
t075__t0                               0.99512
xru75.dt                                     0
t075__t1                               0.99512
t076__t1                               0.99512
xru76.dt                                     0
t076__t0                               0.99512
t077__t1                               0.99512
xru77.dt                                     0
t077__t0                               0.99512
t078__t1                               0.99512
xru78.dt                                     0
t078__t0                               0.99512
t079__t1                               0.99512
xru79.dt                                     0
t079__t0                               0.99512
t080__t1                               0.99512
xru80.dt                                     0
t080__t0                               0.99512
t081__t1                               0.99512
xru81.dt                                     0
t081__t0                               0.99512
t082__t1                               0.99512
xru82.dt                                     0
t082__t0                               0.99512
t083__t1                               0.99512
xru83.dt                                     0
t083__t0                               0.99512
t084__t1                               0.99512
xru84.dt                                     0
t084__t0                               0.99512
t085__t1                               0.99512
xru85.dt                                     0
t085__t0                               0.99512
t086__t1                               0.99512
xru86.dt                                     0
t086__t0                               0.99512
t087__t1                               0.99512
xru87.dt                                     0
t087__t0                               0.99512
t088__t1                               0.99512
xru88.dt                                     0
t088__t0                               0.99512
t089__t1                               0.99512
xru89.dt                                     0
t089__t0                               0.99512
t090__t1                               0.99512
xru90.dt                                     0
t090__t0                               0.99512
t091__t0                               0.99512
xru91.dt                                     0
t091__t1                               0.99512
t092__t0                               0.99512
xru92.dt                                     0
t092__t1                               0.99512
t093__t0                               0.99512
xru93.dt                                     0
t093__t1                               0.99512
t094__t0                               0.99512
xru94.dt                                     0
t094__t1                               0.99512
t095__t0                               0.99512
xru95.dt                                     0
t095__t1                               0.99512
t096__t0                               0.99512
xru96.dt                                     0
t096__t1                               0.99512
t097__t0                               0.99512
xru97.dt                                     0
t097__t1                               0.99512
t098__t0                               0.99512
xru98.dt                                     0
t098__t1                               0.99512
t099__t0                               0.99512
xru99.dt                                     0
t099__t1                               0.99512
t100__t0                               0.99512
xru100.dt                                    0
t100__t1                               0.99512
t101__t0                               0.99512
xru101.dt                                    0
t101__t1                               0.99512
t102__t0                               0.99512
xru102.dt                                    0
t102__t1                               0.99512
t103__t0                               0.99512
xru103.dt                                    0
t103__t1                               0.99512
t104__t0                               0.99512
xru104.dt                                    0
t104__t1                               0.99512
t105__t0                               0.99512
xru105.dt                                    0
t105__t1                               0.99512
t106__t1                               0.99512
xru106.dt                                    0
t106__t0                               0.99512
t107__t1                               0.99512
xru107.dt                                    0
t107__t0                               0.99512
t108__t1                               0.99512
xru108.dt                                    0
t108__t0                               0.99512
t109__t1                               0.99512
xru109.dt                                    0
t109__t0                               0.99512
t110__t1                               0.99512
xru110.dt                                    0
t110__t0                               0.99512
t111__t1                               0.99512
xru111.dt                                    0
t111__t0                               0.99512
t112__t1                               0.99512
xru112.dt                                    0
t112__t0                               0.99512
t113__t1                               0.99512
xru113.dt                                    0
t113__t0                               0.99512
t114__t1                               0.99512
xru114.dt                                    0
t114__t0                               0.99512
t115__t1                               0.99512
xru115.dt                                    0
t115__t0                               0.99512
t116__t1                               0.99512
xru116.dt                                    0
t116__t0                               0.99512
t117__t1                               0.99512
xru117.dt                                    0
t117__t0                               0.99512
t118__t1                               0.99512
xru118.dt                                    0
t118__t0                               0.99512
t119__t1                               0.99512
xru119.dt                                    0
t119__t0                               0.99512
t120__t1                               0.99512
xru120.dt                                    0
t120__t0                               0.99512
t121__t0                               0.99512
xru121.dt                                    0
t121__t1                               0.99512
t122__t0                               0.99512
xru122.dt                                    0
t122__t1                               0.99512
t123__t0                               0.99512
xru123.dt                                    0
t123__t1                               0.99512
t124__t0                               0.99512
xru124.dt                                    0
t124__t1                               0.99512
t125__t0                               0.99512
xru125.dt                                    0
t125__t1                               0.99512
t126__t0                               0.99512
xru126.dt                                    0
t126__t1                               0.99512
tn0__t5                                0.99512
xru127.dt                                    0
tn0__t10                              0.995109
t128__t0                              0.992831
xru128.dt                                    0
t128__t1                               0.99283
t129__t0                              0.990552
xru129.dt                                    0
t129__t1                              0.990552
t130__t0                              0.988274
xru130.dt                                    0
t130__t1                              0.988274
t131__t0                              0.985995
xru131.dt                                    0
t131__t1                              0.985995
t132__t0                              0.983717
xru132.dt                                    0
t132__t1                              0.983717
t133__t0                              0.981439
xru133.dt                                    0
t133__t1                              0.981438
t134__t0                               0.97916
xru134.dt                                    0
t134__t1                               0.97916
t135__t0                              0.976882
xru135.dt                                    0
t135__t1                              0.976876
t136__t1                              0.974598
xru136.dt                                    0
t136__t0                              0.974597
t137__t1                              0.972319
xru137.dt                                    0
t137__t0                              0.972319
t138__t1                              0.970041
xru138.dt                                    0
t138__t0                               0.97004
t139__t1                              0.967762
xru139.dt                                    0
t139__t0                              0.967762
t140__t1                              0.965484
xru140.dt                                    0
t140__t0                              0.965484
t141__t1                              0.963205
xru141.dt                                    0
t141__t0                              0.963205
t142__t1                              0.960927
xru142.dt                                    0
t142__t0                              0.960927
t143__t1                              0.958648
xru143.dt                                    0
t143__t0                              0.958648
t144__t1                               0.95637
xru144.dt                                    0
t144__t0                               0.95637
t145__t1                              0.954092
xru145.dt                                    0
t145__t0                              0.954091
t146__t1                              0.951813
xru146.dt                                    0
t146__t0                              0.951813
t147__t1                              0.949535
xru147.dt                                    0
t147__t0                              0.949534
t148__t1                              0.947256
xru148.dt                                    0
t148__t0                              0.947256
t149__t1                              0.944978
xru149.dt                                    0
t149__t0                              0.944978
t150__t1                              0.942699
xru150.dt                                    0
t150__t0                              0.942694
t151__t0                              0.940415
xru151.dt                                    0
t151__t1                              0.940415
t152__t0                              0.938137
xru152.dt                                    0
t152__t1                              0.938137
t153__t0                              0.935858
xru153.dt                                    0
t153__t1                              0.935858
t154__t0                               0.93358
xru154.dt                                    0
t154__t1                               0.93358
t155__t0                              0.931302
xru155.dt                                    0
t155__t1                              0.931301
t156__t0                              0.929023
xru156.dt                                    0
t156__t1                              0.929023
t157__t0                              0.926745
xru157.dt                                    0
t157__t1                              0.926744
t158__t0                              0.924466
xru158.dt                                    0
t158__t1                              0.924466
t159__t0                              0.922188
xru159.dt                                    0
t159__t1                              0.922188
t160__t0                              0.919909
xru160.dt                                    0
t160__t1                              0.919909
t161__t0                              0.917631
xru161.dt                                    0
t161__t1                              0.917631
t162__t0                              0.915352
xru162.dt                                    0
t162__t1                              0.915352
t163__t0                              0.913074
xru163.dt                                    0
t163__t1                              0.913074
t164__t0                              0.910796
xru164.dt                                    0
t164__t1                              0.910795
t165__t0                              0.908517
xru165.dt                                    0
t165__t1                              0.908511
t166__t1                              0.906233
xru166.dt                                    0
t166__t0                              0.906233
t167__t1                              0.903955
xru167.dt                                    0
t167__t0                              0.903954
t168__t1                              0.901676
xru168.dt                                    0
t168__t0                              0.901676
t169__t1                              0.899398
xru169.dt                                    0
t169__t0                              0.899398
t170__t1                              0.897119
xru170.dt                                    0
t170__t0                              0.897119
t171__t1                              0.894841
xru171.dt                                    0
t171__t0                              0.894841
t172__t1                              0.892562
xru172.dt                                    0
t172__t0                              0.892562
t173__t1                              0.890284
xru173.dt                                    0
t173__t0                              0.890284
t174__t1                              0.888006
xru174.dt                                    0
t174__t0                              0.888005
t175__t1                              0.885727
xru175.dt                                    0
t175__t0                              0.885727
t176__t1                              0.883449
xru176.dt                                    0
t176__t0                              0.883448
t177__t1                               0.88117
xru177.dt                                    0
t177__t0                               0.88117
t178__t1                              0.878892
xru178.dt                                    0
t178__t0                              0.878892
t179__t1                              0.876613
xru179.dt                                    0
t179__t0                              0.876613
t180__t1                              0.874335
xru180.dt                                    0
t180__t0                              0.874329
t181__t0                              0.872051
xru181.dt                                    0
t181__t1                              0.872051
t182__t0                              0.869772
xru182.dt                                    0
t182__t1                              0.869772
t183__t0                              0.867494
xru183.dt                                    0
t183__t1                              0.867494
t184__t0                              0.865216
xru184.dt                                    0
t184__t1                              0.865215
t185__t0                              0.862937
xru185.dt                                    0
t185__t1                              0.862937
t186__t0                              0.860659
xru186.dt                                    0
t186__t1                              0.860658
t187__t0                               0.85838
xru187.dt                                    0
t187__t1                               0.85838
t188__t0                              0.856102
xru188.dt                                    0
t188__t1                              0.856102
t189__t0                              0.853823
xru189.dt                                    0
t189__t1                              0.853823
t190__t0                              0.851545
xru190.dt                                    0
t190__t1                              0.851545
t191__t0                              0.849267
xru191.dt                                    0
t191__t1                              0.849266
t192__t0                              0.846988
xru192.dt                                    0
t192__t1                              0.846988
t193__t0                               0.84471
xru193.dt                                    0
t193__t1                              0.844709
t194__t0                              0.842431
xru194.dt                                    0
t194__t1                              0.842431
t195__t0                              0.840153
xru195.dt                                    0
t195__t1                              0.840147
t196__t1                              0.837869
xru196.dt                                    0
t196__t0                              0.837868
t197__t1                               0.83559
xru197.dt                                    0
t197__t0                               0.83559
t198__t1                              0.833312
xru198.dt                                    0
t198__t0                              0.833312
t199__t1                              0.831033
xru199.dt                                    0
t199__t0                              0.831033
t200__t1                              0.828755
xru200.dt                                    0
t200__t0                              0.828755
t201__t1                              0.826476
xru201.dt                                    0
t201__t0                              0.826476
t202__t1                              0.824198
xru202.dt                                    0
t202__t0                              0.824198
t203__t1                               0.82192
xru203.dt                                    0
t203__t0                              0.821919
t204__t1                              0.819641
xru204.dt                                    0
t204__t0                              0.819641
t205__t1                              0.817363
xru205.dt                                    0
t205__t0                              0.817362
t206__t1                              0.815084
xru206.dt                                    0
t206__t0                              0.815084
t207__t1                              0.812806
xru207.dt                                    0
t207__t0                              0.812806
t208__t1                              0.810527
xru208.dt                                    0
t208__t0                              0.810527
t209__t1                              0.808249
xru209.dt                                    0
t209__t0                              0.808249
t210__t1                              0.805971
xru210.dt                                    0
t210__t0                              0.805965
t211__t0                              0.803686
xru211.dt                                    0
t211__t1                              0.803686
t212__t0                              0.801408
xru212.dt                                    0
t212__t1                              0.801408
t213__t0                               0.79913
xru213.dt                                    0
t213__t1                              0.799129
t214__t0                              0.796851
xru214.dt                                    0
t214__t1                              0.796851
t215__t0                              0.794573
xru215.dt                                    0
t215__t1                              0.794572
t216__t0                              0.792294
xru216.dt                                    0
t216__t1                              0.792294
t217__t0                              0.790016
xru217.dt                                    0
t217__t1                              0.790016
t218__t0                              0.787737
xru218.dt                                    0
t218__t1                              0.787737
t219__t0                              0.785459
xru219.dt                                    0
t219__t1                              0.785459
t220__t0                              0.783181
xru220.dt                                    0
t220__t1                               0.78318
t221__t0                              0.780902
xru221.dt                                    0
t221__t1                              0.780902
t222__t0                              0.778624
xru222.dt                                    0
t222__t1                              0.778623
t223__t0                              0.776345
xru223.dt                                    0
t223__t1                              0.776345
t224__t0                              0.774067
xru224.dt                                    0
t224__t1                              0.774066
t225__t0                              0.771788
xru225.dt                                    0
t225__t1                              0.771782
t226__t1                              0.769504
xru226.dt                                    0
t226__t0                              0.769504
t227__t1                              0.767226
xru227.dt                                    0
t227__t0                              0.767226
t228__t1                              0.764947
xru228.dt                                    0
t228__t0                              0.764947
t229__t1                              0.762669
xru229.dt                                    0
t229__t0                              0.762669
t230__t1                              0.760391
xru230.dt                                    0
t230__t0                               0.76039
t231__t1                              0.758112
xru231.dt                                    0
t231__t0                              0.758112
t232__t1                              0.755834
xru232.dt                                    0
t232__t0                              0.755833
t233__t1                              0.753555
xru233.dt                                    0
t233__t0                              0.753555
t234__t1                              0.751277
xru234.dt                                    0
t234__t0                              0.751276
t235__t1                              0.748998
xru235.dt                                    0
t235__t0                              0.748998
t236__t1                               0.74672
xru236.dt                                    0
t236__t0                               0.74672
t237__t1                              0.744441
xru237.dt                                    0
t237__t0                              0.744441
t238__t1                              0.742163
xru238.dt                                    0
t238__t0                              0.742163
t239__t1                              0.739885
xru239.dt                                    0
t239__t0                              0.739884
t240__t1                              0.737606
xru240.dt                                    0
t240__t0                                0.7376
t241__t0                              0.735322
xru241.dt                                    0
t241__t1                              0.735322
t242__t0                              0.733044
xru242.dt                                    0
t242__t1                              0.733043
t243__t0                              0.730765
xru243.dt                                    0
t243__t1                              0.730765
t244__t0                              0.728487
xru244.dt                                    0
t244__t1                              0.728486
t245__t0                              0.726208
xru245.dt                                    0
t245__t1                              0.726208
t246__t0                               0.72393
xru246.dt                                    0
t246__t1                               0.72393
t247__t0                              0.721651
xru247.dt                                    0
t247__t1                              0.721651
t248__t0                              0.719373
xru248.dt                                    0
t248__t1                              0.719373
t249__t0                              0.717095
xru249.dt                                    0
t249__t1                              0.717094
t250__t0                              0.714816
xru250.dt                                    0
t250__t1                              0.714816
t251__t0                              0.712538
xru251.dt                                    0
t251__t1                              0.712537
t252__t0                              0.710259
xru252.dt                                    0
t252__t1                              0.710259
t253__t0                              0.707981
xru253.dt                                    0
t253__t1                              0.707981
t254__t0                              0.705702
xru254.dt                                    0
t254__t1                              0.705702
cb3__t0                               0.703424
xru255.dt                                    0
sns1                                  0.702488
xq1.s1                             2.81718e-10
xq1.t                                0.0407306
cb2                                   0.647764
xq2.s1                             7.27095e-10
xq2.t                               0.00587008
cb3                                    0.70322
xq3.s1                             2.82009e-10
xq3.t                                0.0419115
sns2                                   0.69798
tn0                                    0.99512
t002                                   0.99512
t004                                   0.99512
t005                                   0.99512
t006                                   0.99512
t008                                   0.99512
t009                                   0.99512
t010                                   0.99512
t011                                   0.99512
t012                                   0.99512
t013                                   0.99512
t014                                   0.99512
t016                                   0.99512
t017                                   0.99512
t018                                   0.99512
t019                                   0.99512
t020                                   0.99512
t021                                   0.99512
t022                                   0.99512
t023                                   0.99512
t024                                   0.99512
t025                                   0.99512
t026                                   0.99512
t027                                   0.99512
t028                                   0.99512
t029                                   0.99512
t030                                   0.99512
t032                                   0.99512
t033                                   0.99512
t034                                   0.99512
t035                                   0.99512
t036                                   0.99512
t037                                   0.99512
t038                                   0.99512
t039                                   0.99512
t040                                   0.99512
t041                                   0.99512
t042                                   0.99512
t043                                   0.99512
t044                                   0.99512
t045                                   0.99512
t046                                   0.99512
t047                                   0.99512
t048                                   0.99512
t049                                   0.99512
t050                                   0.99512
t051                                   0.99512
t052                                   0.99512
t053                                   0.99512
t054                                   0.99512
t055                                   0.99512
t056                                   0.99512
t057                                   0.99512
t058                                   0.99512
t059                                   0.99512
t060                                   0.99512
t061                                   0.99512
t062                                   0.99512
t064                                   0.99512
t065                                   0.99512
t066                                   0.99512
t067                                   0.99512
t068                                   0.99512
t069                                   0.99512
t070                                   0.99512
t071                                   0.99512
t072                                   0.99512
t073                                   0.99512
t074                                   0.99512
t075                                   0.99512
t076                                   0.99512
t077                                   0.99512
t078                                   0.99512
t079                                   0.99512
t080                                   0.99512
t081                                   0.99512
t082                                   0.99512
t083                                   0.99512
t084                                   0.99512
t085                                   0.99512
t086                                   0.99512
t087                                   0.99512
t088                                   0.99512
t089                                   0.99512
t090                                   0.99512
t091                                   0.99512
t092                                   0.99512
t093                                   0.99512
t094                                   0.99512
t095                                   0.99512
t096                                   0.99512
t097                                   0.99512
t098                                   0.99512
t099                                   0.99512
t100                                   0.99512
t101                                   0.99512
t102                                   0.99512
t103                                   0.99512
t104                                   0.99512
t105                                   0.99512
t106                                   0.99512
t107                                   0.99512
t108                                   0.99512
t109                                   0.99512
t110                                   0.99512
t111                                   0.99512
t112                                   0.99512
t113                                   0.99512
t114                                   0.99512
t115                                   0.99512
t116                                   0.99512
t117                                   0.99512
t118                                   0.99512
t119                                   0.99512
t120                                   0.99512
t121                                   0.99512
t122                                   0.99512
t123                                   0.99512
t124                                   0.99512
t125                                   0.99512
t126                                   0.99512
t128                                  0.992831
t129                                  0.990552
t130                                  0.988274
t131                                  0.985995
t132                                  0.983717
t133                                  0.981438
t134                                   0.97916
t135                                  0.976879
t136                                  0.974597
t137                                  0.972319
t138                                  0.970041
t139                                  0.967762
t140                                  0.965484
t141                                  0.963205
t142                                  0.960927
t143                                  0.958648
t144                                   0.95637
t145                                  0.954091
t146                                  0.951813
t147                                  0.949535
t148                                  0.947256
t149                                  0.944978
t150                                  0.942696
t151                                  0.940415
t152                                  0.938137
t153                                  0.935858
t154                                   0.93358
t155                                  0.931301
t156                                  0.929023
t157                                  0.926745
t158                                  0.924466
t159                                  0.922188
t160                                  0.919909
t161                                  0.917631
t162                                  0.915352
t163                                  0.913074
t164                                  0.910795
t165                                  0.908514
t166                                  0.906233
t167                                  0.903955
t168                                  0.901676
t169                                  0.899398
t170                                  0.897119
t171                                  0.894841
t172                                  0.892562
t173                                  0.890284
t174                                  0.888005
t175                                  0.885727
t176                                  0.883449
t177                                   0.88117
t178                                  0.878892
t179                                  0.876613
t180                                  0.874332
t181                                  0.872051
t182                                  0.869772
t183                                  0.867494
t184                                  0.865215
t185                                  0.862937
t186                                  0.860659
t187                                   0.85838
t188                                  0.856102
t189                                  0.853823
t190                                  0.851545
t191                                  0.849266
t192                                  0.846988
t193                                  0.844709
t194                                  0.842431
t195                                   0.84015
t196                                  0.837869
t197                                   0.83559
t198                                  0.833312
t199                                  0.831033
t200                                  0.828755
t201                                  0.826476
t202                                  0.824198
t203                                  0.821919
t204                                  0.819641
t205                                  0.817363
t206                                  0.815084
t207                                  0.812806
t208                                  0.810527
t209                                  0.808249
t210                                  0.805968
t211                                  0.803686
t212                                  0.801408
t213                                  0.799129
t214                                  0.796851
t215                                  0.794573
t216                                  0.792294
t217                                  0.790016
t218                                  0.787737
t219                                  0.785459
t220                                   0.78318
t221                                  0.780902
t222                                  0.778623
t223                                  0.776345
t224                                  0.774067
t225                                  0.771785
t226                                  0.769504
t227                                  0.767226
t228                                  0.764947
t229                                  0.762669
t230                                   0.76039
t231                                  0.758112
t232                                  0.755833
t233                                  0.753555
t234                                  0.751277
t235                                  0.748998
t236                                   0.74672
t237                                  0.744441
t238                                  0.742163
t239                                  0.739884
t240                                  0.737603
t241                                  0.735322
t242                                  0.733043
t243                                  0.730765
t244                                  0.728487
t245                                  0.726208
t246                                   0.72393
t247                                  0.721651
t248                                  0.719373
t249                                  0.717094
t250                                  0.714816
t251                                  0.712538
t252                                  0.710259
t253                                  0.707981
t254                                  0.705702
vref                                   1.01807
vss__par                                     0
pa_00                                0.0547233
pa_01                              5.18725e-06
pa_02                               5.2502e-06
pa_03                                  59968.6
pa_04                                  9680.66
bpa_04#branch                                0
vm2a#branch                        4.60541e-06
vm2b#branch                        5.81841e-07
bpa_03#branch                                0
vm3a#branch                        4.09045e-06
vm3b#branch                        5.79875e-07
vm3c#branch                         5.7987e-07
bpa_02#branch                                0
bpa_01#branch                                0
bpa_00#branch                                0
vm1#branch                         5.10759e-06
vvss#branch                         2.0545e-05
vvdd#branch                        -2.0545e-05


No. of Data Rows : 59

  Measurements for Transient Analysis

vref_v              =  1.01807e+00
vpexfb_v            =  2.88089e+00
vbe_q1_v            =  7.02488e-01
vbe_q2_v            =  6.47764e-01
vbe_q3_v            =  7.03220e-01
dvbe_ptat_v         =  5.47233e-02
i_leg1_a            =  5.10759e-06
i_leg2_a            =  5.18725e-06
i_leg3_a            =  5.25020e-06
r1_ohm              =  5.99686e+04
r2_ohm              =  9.68066e+03

ngspice-46 done
