
Note: No compatibility mode selected!


Circuit: * klt sim -- generated corner deck, do not edit

Doing analysis at TEMP = -40.000000 and TNOM = 27.000000

Using SPARSE 1.3 as Direct Linear Solver


The temperature limiting function received NaN.
Please check your power dissipation and improve your heat sink Rth!
    This message will be shown only once.

Note: Starting dynamic gmin stepping
Note: Dynamic gmin stepping completed

Initial Transient Solution
--------------------------

Node                                   Voltage
----                                   -------
vdd                                        3.3
vss                                          0
fb                                     2.41544
vdd__t0                                3.29997
vm1_p                                 0.790166
vdd__t1                                    3.3
sns1__t0                              0.790166
vdd__t2                                3.29999
vm2a_p                                0.802938
vdd__t3                                    3.3
sns2__t0                              0.802938
vdd__t4                                    3.3
vm2b_p                                0.802926
vdd__t5                                    3.3
sns2__t1                              0.802926
vdd__t6                                3.29999
vm3a_p                                 1.13394
vdd__t7                                    3.3
vref__t0                               1.13394
vdd__t10                                   3.3
vm3b_p                                 1.13393
vdd__t8                                    3.3
vref__t2                               1.13393
vdd__t11                                   3.3
vm3c_p                                 1.13393
vdd__t9                                    3.3
vref__t3                               1.13393
sns2__t2                              0.802901
vsubs                                        0
cb2__t0                               0.748099
xr2.dt                                       0
vref__t1                                1.1339
tn0__t2                                1.10887
xr1.dt                                       0
tn0__t0                                1.10885
tn0__t1                                1.10885
xru1.dt                                      0
tn0__t8                                1.10885
t002__t1                               1.10885
xru2.dt                                      0
t002__t0                               1.10885
tn0__t13                               1.10885
xru3.dt                                      0
tn0__t15                               1.10885
t004__t0                               1.10885
xru4.dt                                      0
t004__t1                               1.10885
t005__t0                               1.10885
xru5.dt                                      0
t005__t1                               1.10885
t006__t0                               1.10885
xru6.dt                                      0
t006__t1                               1.10885
tn0__t9                                1.10885
xru7.dt                                      0
tn0__t11                               1.10885
t008__t0                               1.10885
xru8.dt                                      0
t008__t1                               1.10885
t009__t0                               1.10885
xru9.dt                                      0
t009__t1                               1.10885
t010__t0                               1.10885
xru10.dt                                     0
t010__t1                               1.10885
t011__t0                               1.10885
xru11.dt                                     0
t011__t1                               1.10885
t012__t0                               1.10885
xru12.dt                                     0
t012__t1                               1.10885
t013__t0                               1.10885
xru13.dt                                     0
t013__t1                               1.10885
t014__t0                               1.10885
xru14.dt                                     0
t014__t1                               1.10885
tn0__t3                                1.10885
xru15.dt                                     0
tn0__t4                                1.10885
t016__t1                               1.10885
xru16.dt                                     0
t016__t0                               1.10885
t017__t1                               1.10885
xru17.dt                                     0
t017__t0                               1.10885
t018__t1                               1.10885
xru18.dt                                     0
t018__t0                               1.10885
t019__t1                               1.10885
xru19.dt                                     0
t019__t0                               1.10885
t020__t1                               1.10885
xru20.dt                                     0
t020__t0                               1.10885
t021__t1                               1.10885
xru21.dt                                     0
t021__t0                               1.10885
t022__t1                               1.10885
xru22.dt                                     0
t022__t0                               1.10885
t023__t1                               1.10885
xru23.dt                                     0
t023__t0                               1.10885
t024__t1                               1.10885
xru24.dt                                     0
t024__t0                               1.10885
t025__t1                               1.10885
xru25.dt                                     0
t025__t0                               1.10885
t026__t1                               1.10885
xru26.dt                                     0
t026__t0                               1.10885
t027__t1                               1.10885
xru27.dt                                     0
t027__t0                               1.10885
t028__t1                               1.10885
xru28.dt                                     0
t028__t0                               1.10885
t029__t1                               1.10885
xru29.dt                                     0
t029__t0                               1.10885
t030__t1                               1.10885
xru30.dt                                     0
t030__t0                               1.10885
tn0__t6                                1.10885
xru31.dt                                     0
tn0__t12                               1.10885
t032__t0                               1.10885
xru32.dt                                     0
t032__t1                               1.10885
t033__t0                               1.10885
xru33.dt                                     0
t033__t1                               1.10885
t034__t0                               1.10885
xru34.dt                                     0
t034__t1                               1.10885
t035__t0                               1.10885
xru35.dt                                     0
t035__t1                               1.10885
t036__t0                               1.10885
xru36.dt                                     0
t036__t1                               1.10885
t037__t0                               1.10885
xru37.dt                                     0
t037__t1                               1.10885
t038__t0                               1.10885
xru38.dt                                     0
t038__t1                               1.10885
t039__t0                               1.10885
xru39.dt                                     0
t039__t1                               1.10885
t040__t0                               1.10885
xru40.dt                                     0
t040__t1                               1.10885
t041__t0                               1.10885
xru41.dt                                     0
t041__t1                               1.10885
t042__t0                               1.10885
xru42.dt                                     0
t042__t1                               1.10885
t043__t0                               1.10885
xru43.dt                                     0
t043__t1                               1.10885
t044__t0                               1.10885
xru44.dt                                     0
t044__t1                               1.10885
t045__t0                               1.10885
xru45.dt                                     0
t045__t1                               1.10885
t046__t1                               1.10885
xru46.dt                                     0
t046__t0                               1.10885
t047__t1                               1.10885
xru47.dt                                     0
t047__t0                               1.10885
t048__t1                               1.10885
xru48.dt                                     0
t048__t0                               1.10885
t049__t1                               1.10885
xru49.dt                                     0
t049__t0                               1.10885
t050__t1                               1.10885
xru50.dt                                     0
t050__t0                               1.10885
t051__t1                               1.10885
xru51.dt                                     0
t051__t0                               1.10885
t052__t1                               1.10885
xru52.dt                                     0
t052__t0                               1.10885
t053__t1                               1.10885
xru53.dt                                     0
t053__t0                               1.10885
t054__t1                               1.10885
xru54.dt                                     0
t054__t0                               1.10885
t055__t1                               1.10885
xru55.dt                                     0
t055__t0                               1.10885
t056__t1                               1.10885
xru56.dt                                     0
t056__t0                               1.10885
t057__t1                               1.10885
xru57.dt                                     0
t057__t0                               1.10885
t058__t1                               1.10885
xru58.dt                                     0
t058__t0                               1.10885
t059__t1                               1.10885
xru59.dt                                     0
t059__t0                               1.10885
t060__t1                               1.10885
xru60.dt                                     0
t060__t0                               1.10885
t061__t0                               1.10885
xru61.dt                                     0
t061__t1                               1.10885
t062__t0                               1.10885
xru62.dt                                     0
t062__t1                               1.10885
tn0__t7                                1.10885
xru63.dt                                     0
tn0__t14                               1.10885
t064__t0                               1.10885
xru64.dt                                     0
t064__t1                               1.10885
t065__t0                               1.10885
xru65.dt                                     0
t065__t1                               1.10885
t066__t0                               1.10885
xru66.dt                                     0
t066__t1                               1.10885
t067__t0                               1.10885
xru67.dt                                     0
t067__t1                               1.10885
t068__t0                               1.10885
xru68.dt                                     0
t068__t1                               1.10885
t069__t0                               1.10885
xru69.dt                                     0
t069__t1                               1.10885
t070__t0                               1.10885
xru70.dt                                     0
t070__t1                               1.10885
t071__t0                               1.10885
xru71.dt                                     0
t071__t1                               1.10885
t072__t0                               1.10885
xru72.dt                                     0
t072__t1                               1.10885
t073__t0                               1.10885
xru73.dt                                     0
t073__t1                               1.10885
t074__t0                               1.10885
xru74.dt                                     0
t074__t1                               1.10885
t075__t0                               1.10885
xru75.dt                                     0
t075__t1                               1.10885
t076__t1                               1.10885
xru76.dt                                     0
t076__t0                               1.10885
t077__t1                               1.10885
xru77.dt                                     0
t077__t0                               1.10885
t078__t1                               1.10885
xru78.dt                                     0
t078__t0                               1.10885
t079__t1                               1.10885
xru79.dt                                     0
t079__t0                               1.10885
t080__t1                               1.10885
xru80.dt                                     0
t080__t0                               1.10885
t081__t1                               1.10885
xru81.dt                                     0
t081__t0                               1.10885
t082__t1                               1.10885
xru82.dt                                     0
t082__t0                               1.10885
t083__t1                               1.10885
xru83.dt                                     0
t083__t0                               1.10885
t084__t1                               1.10885
xru84.dt                                     0
t084__t0                               1.10885
t085__t1                               1.10885
xru85.dt                                     0
t085__t0                               1.10885
t086__t1                               1.10885
xru86.dt                                     0
t086__t0                               1.10885
t087__t1                               1.10885
xru87.dt                                     0
t087__t0                               1.10885
t088__t1                               1.10885
xru88.dt                                     0
t088__t0                               1.10885
t089__t1                               1.10885
xru89.dt                                     0
t089__t0                               1.10885
t090__t1                               1.10885
xru90.dt                                     0
t090__t0                               1.10885
t091__t0                               1.10885
xru91.dt                                     0
t091__t1                               1.10885
t092__t0                               1.10885
xru92.dt                                     0
t092__t1                               1.10885
t093__t0                               1.10885
xru93.dt                                     0
t093__t1                               1.10885
t094__t0                               1.10885
xru94.dt                                     0
t094__t1                               1.10885
t095__t0                               1.10885
xru95.dt                                     0
t095__t1                               1.10885
t096__t0                               1.10885
xru96.dt                                     0
t096__t1                               1.10885
t097__t0                               1.10885
xru97.dt                                     0
t097__t1                               1.10885
t098__t0                               1.10885
xru98.dt                                     0
t098__t1                               1.10885
t099__t0                               1.10885
xru99.dt                                     0
t099__t1                               1.10885
t100__t0                               1.10885
xru100.dt                                    0
t100__t1                               1.10885
t101__t0                               1.10885
xru101.dt                                    0
t101__t1                               1.10885
t102__t0                               1.10885
xru102.dt                                    0
t102__t1                               1.10885
t103__t0                               1.10885
xru103.dt                                    0
t103__t1                               1.10885
t104__t0                               1.10885
xru104.dt                                    0
t104__t1                               1.10885
t105__t0                               1.10885
xru105.dt                                    0
t105__t1                               1.10885
t106__t1                               1.10885
xru106.dt                                    0
t106__t0                               1.10885
t107__t1                               1.10885
xru107.dt                                    0
t107__t0                               1.10885
t108__t1                               1.10885
xru108.dt                                    0
t108__t0                               1.10885
t109__t1                               1.10885
xru109.dt                                    0
t109__t0                               1.10885
t110__t1                               1.10885
xru110.dt                                    0
t110__t0                               1.10885
t111__t1                               1.10885
xru111.dt                                    0
t111__t0                               1.10885
t112__t1                               1.10885
xru112.dt                                    0
t112__t0                               1.10885
t113__t1                               1.10885
xru113.dt                                    0
t113__t0                               1.10885
t114__t1                               1.10885
xru114.dt                                    0
t114__t0                               1.10885
t115__t1                               1.10885
xru115.dt                                    0
t115__t0                               1.10885
t116__t1                               1.10885
xru116.dt                                    0
t116__t0                               1.10885
t117__t1                               1.10885
xru117.dt                                    0
t117__t0                               1.10885
t118__t1                               1.10885
xru118.dt                                    0
t118__t0                               1.10885
t119__t1                               1.10885
xru119.dt                                    0
t119__t0                               1.10885
t120__t1                               1.10885
xru120.dt                                    0
t120__t0                               1.10885
t121__t0                               1.10885
xru121.dt                                    0
t121__t1                               1.10885
t122__t0                               1.10885
xru122.dt                                    0
t122__t1                               1.10885
t123__t0                               1.10885
xru123.dt                                    0
t123__t1                               1.10885
t124__t0                               1.10885
xru124.dt                                    0
t124__t1                               1.10885
t125__t0                               1.10885
xru125.dt                                    0
t125__t1                               1.10885
t126__t0                               1.10885
xru126.dt                                    0
t126__t1                               1.10885
tn0__t5                                1.10885
xru127.dt                                    0
tn0__t10                               1.10884
t128__t0                               1.10635
xru128.dt                                    0
t128__t1                               1.10635
t129__t0                               1.10387
xru129.dt                                    0
t129__t1                               1.10387
t130__t0                               1.10139
xru130.dt                                    0
t130__t1                               1.10139
t131__t0                                1.0989
xru131.dt                                    0
t131__t1                                1.0989
t132__t0                               1.09642
xru132.dt                                    0
t132__t1                               1.09642
t133__t0                               1.09393
xru133.dt                                    0
t133__t1                               1.09393
t134__t0                               1.09145
xru134.dt                                    0
t134__t1                               1.09145
t135__t0                               1.08896
xru135.dt                                    0
t135__t1                               1.08896
t136__t1                               1.08648
xru136.dt                                    0
t136__t0                               1.08647
t137__t1                               1.08399
xru137.dt                                    0
t137__t0                               1.08399
t138__t1                               1.08151
xru138.dt                                    0
t138__t0                               1.08151
t139__t1                               1.07902
xru139.dt                                    0
t139__t0                               1.07902
t140__t1                               1.07654
xru140.dt                                    0
t140__t0                               1.07654
t141__t1                               1.07405
xru141.dt                                    0
t141__t0                               1.07405
t142__t1                               1.07157
xru142.dt                                    0
t142__t0                               1.07157
t143__t1                               1.06909
xru143.dt                                    0
t143__t0                               1.06909
t144__t1                                1.0666
xru144.dt                                    0
t144__t0                                1.0666
t145__t1                               1.06412
xru145.dt                                    0
t145__t0                               1.06412
t146__t1                               1.06163
xru146.dt                                    0
t146__t0                               1.06163
t147__t1                               1.05915
xru147.dt                                    0
t147__t0                               1.05915
t148__t1                               1.05666
xru148.dt                                    0
t148__t0                               1.05666
t149__t1                               1.05418
xru149.dt                                    0
t149__t0                               1.05418
t150__t1                                1.0517
xru150.dt                                    0
t150__t0                               1.05169
t151__t0                               1.04921
xru151.dt                                    0
t151__t1                               1.04921
t152__t0                               1.04672
xru152.dt                                    0
t152__t1                               1.04672
t153__t0                               1.04424
xru153.dt                                    0
t153__t1                               1.04424
t154__t0                               1.04175
xru154.dt                                    0
t154__t1                               1.04175
t155__t0                               1.03927
xru155.dt                                    0
t155__t1                               1.03927
t156__t0                               1.03678
xru156.dt                                    0
t156__t1                               1.03678
t157__t0                                1.0343
xru157.dt                                    0
t157__t1                                1.0343
t158__t0                               1.03182
xru158.dt                                    0
t158__t1                               1.03182
t159__t0                               1.02933
xru159.dt                                    0
t159__t1                               1.02933
t160__t0                               1.02685
xru160.dt                                    0
t160__t1                               1.02685
t161__t0                               1.02436
xru161.dt                                    0
t161__t1                               1.02436
t162__t0                               1.02188
xru162.dt                                    0
t162__t1                               1.02188
t163__t0                                1.0194
xru163.dt                                    0
t163__t1                                1.0194
t164__t0                               1.01691
xru164.dt                                    0
t164__t1                               1.01691
t165__t0                               1.01443
xru165.dt                                    0
t165__t1                               1.01442
t166__t1                               1.01194
xru166.dt                                    0
t166__t0                               1.01194
t167__t1                               1.00945
xru167.dt                                    0
t167__t0                               1.00945
t168__t1                               1.00697
xru168.dt                                    0
t168__t0                               1.00697
t169__t1                               1.00448
xru169.dt                                    0
t169__t0                               1.00448
t170__t1                                 1.002
xru170.dt                                    0
t170__t0                                 1.002
t171__t1                              0.999516
xru171.dt                                    0
t171__t0                              0.999516
t172__t1                              0.997032
xru172.dt                                    0
t172__t0                              0.997031
t173__t1                              0.994547
xru173.dt                                    0
t173__t0                              0.994547
t174__t1                              0.992063
xru174.dt                                    0
t174__t0                              0.992063
t175__t1                              0.989579
xru175.dt                                    0
t175__t0                              0.989579
t176__t1                              0.987095
xru176.dt                                    0
t176__t0                              0.987094
t177__t1                              0.984611
xru177.dt                                    0
t177__t0                               0.98461
t178__t1                              0.982126
xru178.dt                                    0
t178__t0                              0.982126
t179__t1                              0.979642
xru179.dt                                    0
t179__t0                              0.979642
t180__t1                              0.977158
xru180.dt                                    0
t180__t0                              0.977152
t181__t0                              0.974668
xru181.dt                                    0
t181__t1                              0.974668
t182__t0                              0.972184
xru182.dt                                    0
t182__t1                              0.972184
t183__t0                                0.9697
xru183.dt                                    0
t183__t1                              0.969699
t184__t0                              0.967215
xru184.dt                                    0
t184__t1                              0.967215
t185__t0                              0.964731
xru185.dt                                    0
t185__t1                              0.964731
t186__t0                              0.962247
xru186.dt                                    0
t186__t1                              0.962247
t187__t0                              0.959763
xru187.dt                                    0
t187__t1                              0.959762
t188__t0                              0.957278
xru188.dt                                    0
t188__t1                              0.957278
t189__t0                              0.954794
xru189.dt                                    0
t189__t1                              0.954794
t190__t0                               0.95231
xru190.dt                                    0
t190__t1                               0.95231
t191__t0                              0.949826
xru191.dt                                    0
t191__t1                              0.949825
t192__t0                              0.947341
xru192.dt                                    0
t192__t1                              0.947341
t193__t0                              0.944857
xru193.dt                                    0
t193__t1                              0.944857
t194__t0                              0.942373
xru194.dt                                    0
t194__t1                              0.942373
t195__t0                              0.939889
xru195.dt                                    0
t195__t1                              0.939883
t196__t1                              0.937399
xru196.dt                                    0
t196__t0                              0.937399
t197__t1                              0.934915
xru197.dt                                    0
t197__t0                              0.934914
t198__t1                              0.932431
xru198.dt                                    0
t198__t0                               0.93243
t199__t1                              0.929946
xru199.dt                                    0
t199__t0                              0.929946
t200__t1                              0.927462
xru200.dt                                    0
t200__t0                              0.927462
t201__t1                              0.924978
xru201.dt                                    0
t201__t0                              0.924978
t202__t1                              0.922494
xru202.dt                                    0
t202__t0                              0.922493
t203__t1                              0.920009
xru203.dt                                    0
t203__t0                              0.920009
t204__t1                              0.917525
xru204.dt                                    0
t204__t0                              0.917525
t205__t1                              0.915041
xru205.dt                                    0
t205__t0                              0.915041
t206__t1                              0.912557
xru206.dt                                    0
t206__t0                              0.912556
t207__t1                              0.910072
xru207.dt                                    0
t207__t0                              0.910072
t208__t1                              0.907588
xru208.dt                                    0
t208__t0                              0.907588
t209__t1                              0.905104
xru209.dt                                    0
t209__t0                              0.905104
t210__t1                               0.90262
xru210.dt                                    0
t210__t0                              0.902614
t211__t0                               0.90013
xru211.dt                                    0
t211__t1                               0.90013
t212__t0                              0.897646
xru212.dt                                    0
t212__t1                              0.897645
t213__t0                              0.895161
xru213.dt                                    0
t213__t1                              0.895161
t214__t0                              0.892677
xru214.dt                                    0
t214__t1                              0.892677
t215__t0                              0.890193
xru215.dt                                    0
t215__t1                              0.890193
t216__t0                              0.887709
xru216.dt                                    0
t216__t1                              0.887708
t217__t0                              0.885225
xru217.dt                                    0
t217__t1                              0.885224
t218__t0                               0.88274
xru218.dt                                    0
t218__t1                               0.88274
t219__t0                              0.880256
xru219.dt                                    0
t219__t1                              0.880256
t220__t0                              0.877772
xru220.dt                                    0
t220__t1                              0.877772
t221__t0                              0.875288
xru221.dt                                    0
t221__t1                              0.875287
t222__t0                              0.872803
xru222.dt                                    0
t222__t1                              0.872803
t223__t0                              0.870319
xru223.dt                                    0
t223__t1                              0.870319
t224__t0                              0.867835
xru224.dt                                    0
t224__t1                              0.867835
t225__t0                              0.865351
xru225.dt                                    0
t225__t1                              0.865345
t226__t1                              0.862861
xru226.dt                                    0
t226__t0                              0.862861
t227__t1                              0.860377
xru227.dt                                    0
t227__t0                              0.860376
t228__t1                              0.857892
xru228.dt                                    0
t228__t0                              0.857892
t229__t1                              0.855408
xru229.dt                                    0
t229__t0                              0.855408
t230__t1                              0.852924
xru230.dt                                    0
t230__t0                              0.852924
t231__t1                               0.85044
xru231.dt                                    0
t231__t0                              0.850439
t232__t1                              0.847956
xru232.dt                                    0
t232__t0                              0.847955
t233__t1                              0.845471
xru233.dt                                    0
t233__t0                              0.845471
t234__t1                              0.842987
xru234.dt                                    0
t234__t0                              0.842987
t235__t1                              0.840503
xru235.dt                                    0
t235__t0                              0.840503
t236__t1                              0.838019
xru236.dt                                    0
t236__t0                              0.838018
t237__t1                              0.835534
xru237.dt                                    0
t237__t0                              0.835534
t238__t1                               0.83305
xru238.dt                                    0
t238__t0                               0.83305
t239__t1                              0.830566
xru239.dt                                    0
t239__t0                              0.830566
t240__t1                              0.828082
xru240.dt                                    0
t240__t0                              0.828076
t241__t0                              0.825592
xru241.dt                                    0
t241__t1                              0.825592
t242__t0                              0.823108
xru242.dt                                    0
t242__t1                              0.823107
t243__t0                              0.820623
xru243.dt                                    0
t243__t1                              0.820623
t244__t0                              0.818139
xru244.dt                                    0
t244__t1                              0.818139
t245__t0                              0.815655
xru245.dt                                    0
t245__t1                              0.815655
t246__t0                              0.813171
xru246.dt                                    0
t246__t1                               0.81317
t247__t0                              0.810686
xru247.dt                                    0
t247__t1                              0.810686
t248__t0                              0.808202
xru248.dt                                    0
t248__t1                              0.808202
t249__t0                              0.805718
xru249.dt                                    0
t249__t1                              0.805718
t250__t0                              0.803234
xru250.dt                                    0
t250__t1                              0.803234
t251__t0                               0.80075
xru251.dt                                    0
t251__t1                              0.800749
t252__t0                              0.798265
xru252.dt                                    0
t252__t1                              0.798265
t253__t0                              0.795781
xru253.dt                                    0
t253__t1                              0.795781
t254__t0                              0.793297
xru254.dt                                    0
t254__t1                              0.793297
cb3__t0                               0.790813
xru255.dt                                    0
sns1                                  0.790089
xq1.s1                             3.15936e-10
xq1.t                                0.0456086
cb2                                   0.747981
xq2.s1                             8.22746e-10
xq2.t                               0.00674199
cb3                                    0.79061
xq3.s1                             3.16142e-10
xq3.t                                0.0467891
sns2                                  0.802924
tn0                                    1.10885
t002                                   1.10885
t004                                   1.10885
t005                                   1.10885
t006                                   1.10885
t008                                   1.10885
t009                                   1.10885
t010                                   1.10885
t011                                   1.10885
t012                                   1.10885
t013                                   1.10885
t014                                   1.10885
t016                                   1.10885
t017                                   1.10885
t018                                   1.10885
t019                                   1.10885
t020                                   1.10885
t021                                   1.10885
t022                                   1.10885
t023                                   1.10885
t024                                   1.10885
t025                                   1.10885
t026                                   1.10885
t027                                   1.10885
t028                                   1.10885
t029                                   1.10885
t030                                   1.10885
t032                                   1.10885
t033                                   1.10885
t034                                   1.10885
t035                                   1.10885
t036                                   1.10885
t037                                   1.10885
t038                                   1.10885
t039                                   1.10885
t040                                   1.10885
t041                                   1.10885
t042                                   1.10885
t043                                   1.10885
t044                                   1.10885
t045                                   1.10885
t046                                   1.10885
t047                                   1.10885
t048                                   1.10885
t049                                   1.10885
t050                                   1.10885
t051                                   1.10885
t052                                   1.10885
t053                                   1.10885
t054                                   1.10885
t055                                   1.10885
t056                                   1.10885
t057                                   1.10885
t058                                   1.10885
t059                                   1.10885
t060                                   1.10885
t061                                   1.10885
t062                                   1.10885
t064                                   1.10885
t065                                   1.10885
t066                                   1.10885
t067                                   1.10885
t068                                   1.10885
t069                                   1.10885
t070                                   1.10885
t071                                   1.10885
t072                                   1.10885
t073                                   1.10885
t074                                   1.10885
t075                                   1.10885
t076                                   1.10885
t077                                   1.10885
t078                                   1.10885
t079                                   1.10885
t080                                   1.10885
t081                                   1.10885
t082                                   1.10885
t083                                   1.10885
t084                                   1.10885
t085                                   1.10885
t086                                   1.10885
t087                                   1.10885
t088                                   1.10885
t089                                   1.10885
t090                                   1.10885
t091                                   1.10885
t092                                   1.10885
t093                                   1.10885
t094                                   1.10885
t095                                   1.10885
t096                                   1.10885
t097                                   1.10885
t098                                   1.10885
t099                                   1.10885
t100                                   1.10885
t101                                   1.10885
t102                                   1.10885
t103                                   1.10885
t104                                   1.10885
t105                                   1.10885
t106                                   1.10885
t107                                   1.10885
t108                                   1.10885
t109                                   1.10885
t110                                   1.10885
t111                                   1.10885
t112                                   1.10885
t113                                   1.10885
t114                                   1.10885
t115                                   1.10885
t116                                   1.10885
t117                                   1.10885
t118                                   1.10885
t119                                   1.10885
t120                                   1.10885
t121                                   1.10885
t122                                   1.10885
t123                                   1.10885
t124                                   1.10885
t125                                   1.10885
t126                                   1.10885
t128                                   1.10635
t129                                   1.10387
t130                                   1.10139
t131                                    1.0989
t132                                   1.09642
t133                                   1.09393
t134                                   1.09145
t135                                   1.08896
t136                                   1.08648
t137                                   1.08399
t138                                   1.08151
t139                                   1.07902
t140                                   1.07654
t141                                   1.07405
t142                                   1.07157
t143                                   1.06909
t144                                    1.0666
t145                                   1.06412
t146                                   1.06163
t147                                   1.05915
t148                                   1.05666
t149                                   1.05418
t150                                   1.05169
t151                                   1.04921
t152                                   1.04672
t153                                   1.04424
t154                                   1.04175
t155                                   1.03927
t156                                   1.03678
t157                                    1.0343
t158                                   1.03182
t159                                   1.02933
t160                                   1.02685
t161                                   1.02436
t162                                   1.02188
t163                                    1.0194
t164                                   1.01691
t165                                   1.01442
t166                                   1.01194
t167                                   1.00945
t168                                   1.00697
t169                                   1.00448
t170                                     1.002
t171                                  0.999516
t172                                  0.997032
t173                                  0.994547
t174                                  0.992063
t175                                  0.989579
t176                                  0.987095
t177                                   0.98461
t178                                  0.982126
t179                                  0.979642
t180                                  0.977155
t181                                  0.974668
t182                                  0.972184
t183                                  0.969699
t184                                  0.967215
t185                                  0.964731
t186                                  0.962247
t187                                  0.959762
t188                                  0.957278
t189                                  0.954794
t190                                   0.95231
t191                                  0.949826
t192                                  0.947341
t193                                  0.944857
t194                                  0.942373
t195                                  0.939886
t196                                  0.937399
t197                                  0.934915
t198                                   0.93243
t199                                  0.929946
t200                                  0.927462
t201                                  0.924978
t202                                  0.922493
t203                                  0.920009
t204                                  0.917525
t205                                  0.915041
t206                                  0.912557
t207                                  0.910072
t208                                  0.907588
t209                                  0.905104
t210                                  0.902617
t211                                   0.90013
t212                                  0.897646
t213                                  0.895161
t214                                  0.892677
t215                                  0.890193
t216                                  0.887709
t217                                  0.885224
t218                                   0.88274
t219                                  0.880256
t220                                  0.877772
t221                                  0.875287
t222                                  0.872803
t223                                  0.870319
t224                                  0.867835
t225                                  0.865348
t226                                  0.862861
t227                                  0.860377
t228                                  0.857892
t229                                  0.855408
t230                                  0.852924
t231                                   0.85044
t232                                  0.847955
t233                                  0.845471
t234                                  0.842987
t235                                  0.840503
t236                                  0.838018
t237                                  0.835534
t238                                   0.83305
t239                                  0.830566
t240                                  0.828079
t241                                  0.825592
t242                                  0.823107
t243                                  0.820623
t244                                  0.818139
t245                                  0.815655
t246                                  0.813171
t247                                  0.810686
t248                                  0.808202
t249                                  0.805718
t250                                  0.803234
t251                                  0.800749
t252                                  0.798265
t253                                  0.795781
t254                                  0.793297
vref                                   1.13392
vss__par                                     0
pa_00                                0.0421086
pa_01                              5.15949e-06
pa_02                              5.21599e-06
pa_03                                  65819.7
pa_04                                  10649.1
bpa_04#branch                                0
vm2a#branch                        4.58343e-06
vm2b#branch                        5.76056e-07
bpa_03#branch                                0
vm3a#branch                        4.06832e-06
vm3b#branch                         5.7384e-07
vm3c#branch                        5.73835e-07
bpa_02#branch                                0
bpa_01#branch                                0
bpa_00#branch                                0
vm1#branch                         5.08513e-06
vvss#branch                        2.04606e-05
vvdd#branch                       -2.04606e-05


No. of Data Rows : 59

  Measurements for Transient Analysis

vref_v              =  1.13392e+00
vpexfb_v            =  2.41544e+00
vbe_q1_v            =  7.90089e-01
vbe_q2_v            =  7.47981e-01
vbe_q3_v            =  7.90610e-01
dvbe_ptat_v         =  4.21086e-02
i_leg1_a            =  5.08513e-06
i_leg2_a            =  5.15949e-06
i_leg3_a            =  5.21599e-06
r1_ohm              =  6.58197e+04
r2_ohm              =  1.06491e+04

ngspice-46 done
