
Note: No compatibility mode selected!


Circuit: * klt sim -- generated corner deck, do not edit

Doing analysis at TEMP = -40.000000 and TNOM = 27.000000

Using SPARSE 1.3 as Direct Linear Solver


The temperature limiting function received NaN.
Please check your power dissipation and improve your heat sink Rth!
    This message will be shown only once.

Note: Starting dynamic gmin stepping
Note: Dynamic gmin stepping completed

Initial Transient Solution
--------------------------

Node                                   Voltage
----                                   -------
vdd                                       2.97
vss                                          0
fb                                     2.08544
vdd__t0                                2.96997
vm1_p                                 0.790103
vdd__t1                                   2.97
sns1__t0                              0.790103
vdd__t2                                2.96999
vm2a_p                                  0.8027
vdd__t3                                   2.97
sns2__t0                                0.8027
vdd__t4                                   2.97
vm2b_p                                0.802688
vdd__t5                                   2.97
sns2__t1                              0.802688
vdd__t6                                2.96999
vm3a_p                                 1.13271
vdd__t7                                   2.97
vref__t0                               1.13271
vdd__t10                                  2.97
vm3b_p                                  1.1327
vdd__t8                                   2.97
vref__t2                                1.1327
vdd__t11                                  2.97
vm3c_p                                  1.1327
vdd__t9                                   2.97
vref__t3                                1.1327
sns2__t2                              0.802664
vsubs                                        0
cb2__t0                               0.748035
xr2.dt                                       0
vref__t1                               1.13267
tn0__t2                                1.10772
xr1.dt                                       0
tn0__t0                                1.10771
tn0__t1                                1.10771
xru1.dt                                      0
tn0__t8                                1.10771
t002__t1                               1.10771
xru2.dt                                      0
t002__t0                               1.10771
tn0__t13                               1.10771
xru3.dt                                      0
tn0__t15                               1.10771
t004__t0                               1.10771
xru4.dt                                      0
t004__t1                               1.10771
t005__t0                               1.10771
xru5.dt                                      0
t005__t1                               1.10771
t006__t0                               1.10771
xru6.dt                                      0
t006__t1                               1.10771
tn0__t9                                1.10771
xru7.dt                                      0
tn0__t11                               1.10771
t008__t0                               1.10771
xru8.dt                                      0
t008__t1                               1.10771
t009__t0                               1.10771
xru9.dt                                      0
t009__t1                               1.10771
t010__t0                               1.10771
xru10.dt                                     0
t010__t1                               1.10771
t011__t0                               1.10771
xru11.dt                                     0
t011__t1                               1.10771
t012__t0                               1.10771
xru12.dt                                     0
t012__t1                               1.10771
t013__t0                               1.10771
xru13.dt                                     0
t013__t1                               1.10771
t014__t0                               1.10771
xru14.dt                                     0
t014__t1                               1.10771
tn0__t3                                1.10771
xru15.dt                                     0
tn0__t4                                1.10771
t016__t1                               1.10771
xru16.dt                                     0
t016__t0                               1.10771
t017__t1                               1.10771
xru17.dt                                     0
t017__t0                               1.10771
t018__t1                               1.10771
xru18.dt                                     0
t018__t0                               1.10771
t019__t1                               1.10771
xru19.dt                                     0
t019__t0                               1.10771
t020__t1                               1.10771
xru20.dt                                     0
t020__t0                               1.10771
t021__t1                               1.10771
xru21.dt                                     0
t021__t0                               1.10771
t022__t1                               1.10771
xru22.dt                                     0
t022__t0                               1.10771
t023__t1                               1.10771
xru23.dt                                     0
t023__t0                               1.10771
t024__t1                               1.10771
xru24.dt                                     0
t024__t0                               1.10771
t025__t1                               1.10771
xru25.dt                                     0
t025__t0                               1.10771
t026__t1                               1.10771
xru26.dt                                     0
t026__t0                               1.10771
t027__t1                               1.10771
xru27.dt                                     0
t027__t0                               1.10771
t028__t1                               1.10771
xru28.dt                                     0
t028__t0                               1.10771
t029__t1                               1.10771
xru29.dt                                     0
t029__t0                               1.10771
t030__t1                               1.10771
xru30.dt                                     0
t030__t0                               1.10771
tn0__t6                                1.10771
xru31.dt                                     0
tn0__t12                               1.10771
t032__t0                               1.10771
xru32.dt                                     0
t032__t1                               1.10771
t033__t0                               1.10771
xru33.dt                                     0
t033__t1                               1.10771
t034__t0                               1.10771
xru34.dt                                     0
t034__t1                               1.10771
t035__t0                               1.10771
xru35.dt                                     0
t035__t1                               1.10771
t036__t0                               1.10771
xru36.dt                                     0
t036__t1                               1.10771
t037__t0                               1.10771
xru37.dt                                     0
t037__t1                               1.10771
t038__t0                               1.10771
xru38.dt                                     0
t038__t1                               1.10771
t039__t0                               1.10771
xru39.dt                                     0
t039__t1                               1.10771
t040__t0                               1.10771
xru40.dt                                     0
t040__t1                               1.10771
t041__t0                               1.10771
xru41.dt                                     0
t041__t1                               1.10771
t042__t0                               1.10771
xru42.dt                                     0
t042__t1                               1.10771
t043__t0                               1.10771
xru43.dt                                     0
t043__t1                               1.10771
t044__t0                               1.10771
xru44.dt                                     0
t044__t1                               1.10771
t045__t0                               1.10771
xru45.dt                                     0
t045__t1                               1.10771
t046__t1                               1.10771
xru46.dt                                     0
t046__t0                               1.10771
t047__t1                               1.10771
xru47.dt                                     0
t047__t0                               1.10771
t048__t1                               1.10771
xru48.dt                                     0
t048__t0                               1.10771
t049__t1                               1.10771
xru49.dt                                     0
t049__t0                               1.10771
t050__t1                               1.10771
xru50.dt                                     0
t050__t0                               1.10771
t051__t1                               1.10771
xru51.dt                                     0
t051__t0                               1.10771
t052__t1                               1.10771
xru52.dt                                     0
t052__t0                               1.10771
t053__t1                               1.10771
xru53.dt                                     0
t053__t0                               1.10771
t054__t1                               1.10771
xru54.dt                                     0
t054__t0                               1.10771
t055__t1                               1.10771
xru55.dt                                     0
t055__t0                               1.10771
t056__t1                               1.10771
xru56.dt                                     0
t056__t0                               1.10771
t057__t1                               1.10771
xru57.dt                                     0
t057__t0                               1.10771
t058__t1                               1.10771
xru58.dt                                     0
t058__t0                               1.10771
t059__t1                               1.10771
xru59.dt                                     0
t059__t0                               1.10771
t060__t1                               1.10771
xru60.dt                                     0
t060__t0                               1.10771
t061__t0                               1.10771
xru61.dt                                     0
t061__t1                               1.10771
t062__t0                               1.10771
xru62.dt                                     0
t062__t1                               1.10771
tn0__t7                                1.10771
xru63.dt                                     0
tn0__t14                               1.10771
t064__t0                               1.10771
xru64.dt                                     0
t064__t1                               1.10771
t065__t0                               1.10771
xru65.dt                                     0
t065__t1                               1.10771
t066__t0                               1.10771
xru66.dt                                     0
t066__t1                               1.10771
t067__t0                               1.10771
xru67.dt                                     0
t067__t1                               1.10771
t068__t0                               1.10771
xru68.dt                                     0
t068__t1                               1.10771
t069__t0                               1.10771
xru69.dt                                     0
t069__t1                               1.10771
t070__t0                               1.10771
xru70.dt                                     0
t070__t1                               1.10771
t071__t0                               1.10771
xru71.dt                                     0
t071__t1                               1.10771
t072__t0                               1.10771
xru72.dt                                     0
t072__t1                               1.10771
t073__t0                               1.10771
xru73.dt                                     0
t073__t1                               1.10771
t074__t0                               1.10771
xru74.dt                                     0
t074__t1                               1.10771
t075__t0                               1.10771
xru75.dt                                     0
t075__t1                               1.10771
t076__t1                               1.10771
xru76.dt                                     0
t076__t0                               1.10771
t077__t1                               1.10771
xru77.dt                                     0
t077__t0                               1.10771
t078__t1                               1.10771
xru78.dt                                     0
t078__t0                               1.10771
t079__t1                               1.10771
xru79.dt                                     0
t079__t0                               1.10771
t080__t1                               1.10771
xru80.dt                                     0
t080__t0                               1.10771
t081__t1                               1.10771
xru81.dt                                     0
t081__t0                               1.10771
t082__t1                               1.10771
xru82.dt                                     0
t082__t0                               1.10771
t083__t1                               1.10771
xru83.dt                                     0
t083__t0                               1.10771
t084__t1                               1.10771
xru84.dt                                     0
t084__t0                               1.10771
t085__t1                               1.10771
xru85.dt                                     0
t085__t0                               1.10771
t086__t1                               1.10771
xru86.dt                                     0
t086__t0                               1.10771
t087__t1                               1.10771
xru87.dt                                     0
t087__t0                               1.10771
t088__t1                               1.10771
xru88.dt                                     0
t088__t0                               1.10771
t089__t1                               1.10771
xru89.dt                                     0
t089__t0                               1.10771
t090__t1                               1.10771
xru90.dt                                     0
t090__t0                               1.10771
t091__t0                               1.10771
xru91.dt                                     0
t091__t1                               1.10771
t092__t0                               1.10771
xru92.dt                                     0
t092__t1                               1.10771
t093__t0                               1.10771
xru93.dt                                     0
t093__t1                               1.10771
t094__t0                               1.10771
xru94.dt                                     0
t094__t1                               1.10771
t095__t0                               1.10771
xru95.dt                                     0
t095__t1                               1.10771
t096__t0                               1.10771
xru96.dt                                     0
t096__t1                               1.10771
t097__t0                               1.10771
xru97.dt                                     0
t097__t1                               1.10771
t098__t0                               1.10771
xru98.dt                                     0
t098__t1                               1.10771
t099__t0                               1.10771
xru99.dt                                     0
t099__t1                               1.10771
t100__t0                               1.10771
xru100.dt                                    0
t100__t1                               1.10771
t101__t0                               1.10771
xru101.dt                                    0
t101__t1                               1.10771
t102__t0                               1.10771
xru102.dt                                    0
t102__t1                               1.10771
t103__t0                               1.10771
xru103.dt                                    0
t103__t1                               1.10771
t104__t0                               1.10771
xru104.dt                                    0
t104__t1                               1.10771
t105__t0                               1.10771
xru105.dt                                    0
t105__t1                               1.10771
t106__t1                               1.10771
xru106.dt                                    0
t106__t0                               1.10771
t107__t1                               1.10771
xru107.dt                                    0
t107__t0                               1.10771
t108__t1                               1.10771
xru108.dt                                    0
t108__t0                               1.10771
t109__t1                               1.10771
xru109.dt                                    0
t109__t0                               1.10771
t110__t1                               1.10771
xru110.dt                                    0
t110__t0                               1.10771
t111__t1                               1.10771
xru111.dt                                    0
t111__t0                               1.10771
t112__t1                               1.10771
xru112.dt                                    0
t112__t0                               1.10771
t113__t1                               1.10771
xru113.dt                                    0
t113__t0                               1.10771
t114__t1                               1.10771
xru114.dt                                    0
t114__t0                               1.10771
t115__t1                               1.10771
xru115.dt                                    0
t115__t0                               1.10771
t116__t1                               1.10771
xru116.dt                                    0
t116__t0                               1.10771
t117__t1                               1.10771
xru117.dt                                    0
t117__t0                               1.10771
t118__t1                               1.10771
xru118.dt                                    0
t118__t0                               1.10771
t119__t1                               1.10771
xru119.dt                                    0
t119__t0                               1.10771
t120__t1                               1.10771
xru120.dt                                    0
t120__t0                               1.10771
t121__t0                               1.10771
xru121.dt                                    0
t121__t1                               1.10771
t122__t0                               1.10771
xru122.dt                                    0
t122__t1                               1.10771
t123__t0                               1.10771
xru123.dt                                    0
t123__t1                               1.10771
t124__t0                               1.10771
xru124.dt                                    0
t124__t1                               1.10771
t125__t0                               1.10771
xru125.dt                                    0
t125__t1                               1.10771
t126__t0                               1.10771
xru126.dt                                    0
t126__t1                               1.10771
tn0__t5                                1.10771
xru127.dt                                    0
tn0__t10                               1.10769
t128__t0                               1.10522
xru128.dt                                    0
t128__t1                               1.10522
t129__t0                               1.10274
xru129.dt                                    0
t129__t1                               1.10274
t130__t0                               1.10027
xru130.dt                                    0
t130__t1                               1.10027
t131__t0                               1.09779
xru131.dt                                    0
t131__t1                               1.09779
t132__t0                               1.09532
xru132.dt                                    0
t132__t1                               1.09532
t133__t0                               1.09284
xru133.dt                                    0
t133__t1                               1.09284
t134__t0                               1.09036
xru134.dt                                    0
t134__t1                               1.09036
t135__t0                               1.08789
xru135.dt                                    0
t135__t1                               1.08788
t136__t1                               1.08541
xru136.dt                                    0
t136__t0                               1.08541
t137__t1                               1.08293
xru137.dt                                    0
t137__t0                               1.08293
t138__t1                               1.08045
xru138.dt                                    0
t138__t0                               1.08045
t139__t1                               1.07798
xru139.dt                                    0
t139__t0                               1.07798
t140__t1                                1.0755
xru140.dt                                    0
t140__t0                                1.0755
t141__t1                               1.07303
xru141.dt                                    0
t141__t0                               1.07303
t142__t1                               1.07055
xru142.dt                                    0
t142__t0                               1.07055
t143__t1                               1.06808
xru143.dt                                    0
t143__t0                               1.06808
t144__t1                                1.0656
xru144.dt                                    0
t144__t0                                1.0656
t145__t1                               1.06312
xru145.dt                                    0
t145__t0                               1.06312
t146__t1                               1.06065
xru146.dt                                    0
t146__t0                               1.06065
t147__t1                               1.05817
xru147.dt                                    0
t147__t0                               1.05817
t148__t1                                1.0557
xru148.dt                                    0
t148__t0                                1.0557
t149__t1                               1.05322
xru149.dt                                    0
t149__t0                               1.05322
t150__t1                               1.05074
xru150.dt                                    0
t150__t0                               1.05074
t151__t0                               1.04826
xru151.dt                                    0
t151__t1                               1.04826
t152__t0                               1.04579
xru152.dt                                    0
t152__t1                               1.04579
t153__t0                               1.04331
xru153.dt                                    0
t153__t1                               1.04331
t154__t0                               1.04084
xru154.dt                                    0
t154__t1                               1.04084
t155__t0                               1.03836
xru155.dt                                    0
t155__t1                               1.03836
t156__t0                               1.03588
xru156.dt                                    0
t156__t1                               1.03588
t157__t0                               1.03341
xru157.dt                                    0
t157__t1                               1.03341
t158__t0                               1.03093
xru158.dt                                    0
t158__t1                               1.03093
t159__t0                               1.02846
xru159.dt                                    0
t159__t1                               1.02846
t160__t0                               1.02598
xru160.dt                                    0
t160__t1                               1.02598
t161__t0                                1.0235
xru161.dt                                    0
t161__t1                                1.0235
t162__t0                               1.02103
xru162.dt                                    0
t162__t1                               1.02103
t163__t0                               1.01855
xru163.dt                                    0
t163__t1                               1.01855
t164__t0                               1.01608
xru164.dt                                    0
t164__t1                               1.01608
t165__t0                                1.0136
xru165.dt                                    0
t165__t1                                1.0136
t166__t1                               1.01112
xru166.dt                                    0
t166__t0                               1.01112
t167__t1                               1.00864
xru167.dt                                    0
t167__t0                               1.00864
t168__t1                               1.00617
xru168.dt                                    0
t168__t0                               1.00617
t169__t1                               1.00369
xru169.dt                                    0
t169__t0                               1.00369
t170__t1                               1.00122
xru170.dt                                    0
t170__t0                               1.00122
t171__t1                              0.998741
xru171.dt                                    0
t171__t0                              0.998741
t172__t1                              0.996265
xru172.dt                                    0
t172__t0                              0.996265
t173__t1                              0.993789
xru173.dt                                    0
t173__t0                              0.993789
t174__t1                              0.991313
xru174.dt                                    0
t174__t0                              0.991313
t175__t1                              0.988838
xru175.dt                                    0
t175__t0                              0.988837
t176__t1                              0.986362
xru176.dt                                    0
t176__t0                              0.986361
t177__t1                              0.983886
xru177.dt                                    0
t177__t0                              0.983886
t178__t1                               0.98141
xru178.dt                                    0
t178__t0                               0.98141
t179__t1                              0.978934
xru179.dt                                    0
t179__t0                              0.978934
t180__t1                              0.976458
xru180.dt                                    0
t180__t0                              0.976452
t181__t0                              0.973977
xru181.dt                                    0
t181__t1                              0.973977
t182__t0                              0.971501
xru182.dt                                    0
t182__t1                              0.971501
t183__t0                              0.969025
xru183.dt                                    0
t183__t1                              0.969025
t184__t0                              0.966549
xru184.dt                                    0
t184__t1                              0.966549
t185__t0                              0.964074
xru185.dt                                    0
t185__t1                              0.964073
t186__t0                              0.961598
xru186.dt                                    0
t186__t1                              0.961597
t187__t0                              0.959122
xru187.dt                                    0
t187__t1                              0.959122
t188__t0                              0.956646
xru188.dt                                    0
t188__t1                              0.956646
t189__t0                               0.95417
xru189.dt                                    0
t189__t1                               0.95417
t190__t0                              0.951694
xru190.dt                                    0
t190__t1                              0.951694
t191__t0                              0.949219
xru191.dt                                    0
t191__t1                              0.949218
t192__t0                              0.946743
xru192.dt                                    0
t192__t1                              0.946742
t193__t0                              0.944267
xru193.dt                                    0
t193__t1                              0.944267
t194__t0                              0.941791
xru194.dt                                    0
t194__t1                              0.941791
t195__t0                              0.939315
xru195.dt                                    0
t195__t1                              0.939309
t196__t1                              0.936834
xru196.dt                                    0
t196__t0                              0.936834
t197__t1                              0.934358
xru197.dt                                    0
t197__t0                              0.934358
t198__t1                              0.931882
xru198.dt                                    0
t198__t0                              0.931882
t199__t1                              0.929406
xru199.dt                                    0
t199__t0                              0.929406
t200__t1                               0.92693
xru200.dt                                    0
t200__t0                               0.92693
t201__t1                              0.924455
xru201.dt                                    0
t201__t0                              0.924454
t202__t1                              0.921979
xru202.dt                                    0
t202__t0                              0.921978
t203__t1                              0.919503
xru203.dt                                    0
t203__t0                              0.919503
t204__t1                              0.917027
xru204.dt                                    0
t204__t0                              0.917027
t205__t1                              0.914551
xru205.dt                                    0
t205__t0                              0.914551
t206__t1                              0.912075
xru206.dt                                    0
t206__t0                              0.912075
t207__t1                                0.9096
xru207.dt                                    0
t207__t0                              0.909599
t208__t1                              0.907124
xru208.dt                                    0
t208__t0                              0.907123
t209__t1                              0.904648
xru209.dt                                    0
t209__t0                              0.904648
t210__t1                              0.902172
xru210.dt                                    0
t210__t0                              0.902166
t211__t0                              0.899691
xru211.dt                                    0
t211__t1                               0.89969
t212__t0                              0.897215
xru212.dt                                    0
t212__t1                              0.897215
t213__t0                              0.894739
xru213.dt                                    0
t213__t1                              0.894739
t214__t0                              0.892263
xru214.dt                                    0
t214__t1                              0.892263
t215__t0                              0.889787
xru215.dt                                    0
t215__t1                              0.889787
t216__t0                              0.887311
xru216.dt                                    0
t216__t1                              0.887311
t217__t0                              0.884836
xru217.dt                                    0
t217__t1                              0.884835
t218__t0                               0.88236
xru218.dt                                    0
t218__t1                              0.882359
t219__t0                              0.879884
xru219.dt                                    0
t219__t1                              0.879884
t220__t0                              0.877408
xru220.dt                                    0
t220__t1                              0.877408
t221__t0                              0.874932
xru221.dt                                    0
t221__t1                              0.874932
t222__t0                              0.872456
xru222.dt                                    0
t222__t1                              0.872456
t223__t0                              0.869981
xru223.dt                                    0
t223__t1                               0.86998
t224__t0                              0.867505
xru224.dt                                    0
t224__t1                              0.867504
t225__t0                              0.865029
xru225.dt                                    0
t225__t1                              0.865023
t226__t1                              0.862548
xru226.dt                                    0
t226__t0                              0.862547
t227__t1                              0.860072
xru227.dt                                    0
t227__t0                              0.860071
t228__t1                              0.857596
xru228.dt                                    0
t228__t0                              0.857596
t229__t1                               0.85512
xru229.dt                                    0
t229__t0                               0.85512
t230__t1                              0.852644
xru230.dt                                    0
t230__t0                              0.852644
t231__t1                              0.850168
xru231.dt                                    0
t231__t0                              0.850168
t232__t1                              0.847692
xru232.dt                                    0
t232__t0                              0.847692
t233__t1                              0.845217
xru233.dt                                    0
t233__t0                              0.845216
t234__t1                              0.842741
xru234.dt                                    0
t234__t0                              0.842741
t235__t1                              0.840265
xru235.dt                                    0
t235__t0                              0.840265
t236__t1                              0.837789
xru236.dt                                    0
t236__t0                              0.837789
t237__t1                              0.835313
xru237.dt                                    0
t237__t0                              0.835313
t238__t1                              0.832837
xru238.dt                                    0
t238__t0                              0.832837
t239__t1                              0.830362
xru239.dt                                    0
t239__t0                              0.830361
t240__t1                              0.827886
xru240.dt                                    0
t240__t0                               0.82788
t241__t0                              0.825404
xru241.dt                                    0
t241__t1                              0.825404
t242__t0                              0.822929
xru242.dt                                    0
t242__t1                              0.822928
t243__t0                              0.820453
xru243.dt                                    0
t243__t1                              0.820452
t244__t0                              0.817977
xru244.dt                                    0
t244__t1                              0.817977
t245__t0                              0.815501
xru245.dt                                    0
t245__t1                              0.815501
t246__t0                              0.813025
xru246.dt                                    0
t246__t1                              0.813025
t247__t0                              0.810549
xru247.dt                                    0
t247__t1                              0.810549
t248__t0                              0.808074
xru248.dt                                    0
t248__t1                              0.808073
t249__t0                              0.805598
xru249.dt                                    0
t249__t1                              0.805597
t250__t0                              0.803122
xru250.dt                                    0
t250__t1                              0.803122
t251__t0                              0.800646
xru251.dt                                    0
t251__t1                              0.800646
t252__t0                               0.79817
xru252.dt                                    0
t252__t1                               0.79817
t253__t0                              0.795694
xru253.dt                                    0
t253__t1                              0.795694
t254__t0                              0.793218
xru254.dt                                    0
t254__t1                              0.793218
cb3__t0                               0.790743
xru255.dt                                    0
sns1                                  0.790026
xq1.s1                             3.15912e-10
xq1.t                                0.0454655
cb2                                   0.747916
xq2.s1                             8.22675e-10
xq2.t                               0.00672013
cb3                                    0.79054
xq3.s1                             3.16115e-10
xq3.t                                0.0466268
sns2                                  0.802687
tn0                                    1.10771
t002                                   1.10771
t004                                   1.10771
t005                                   1.10771
t006                                   1.10771
t008                                   1.10771
t009                                   1.10771
t010                                   1.10771
t011                                   1.10771
t012                                   1.10771
t013                                   1.10771
t014                                   1.10771
t016                                   1.10771
t017                                   1.10771
t018                                   1.10771
t019                                   1.10771
t020                                   1.10771
t021                                   1.10771
t022                                   1.10771
t023                                   1.10771
t024                                   1.10771
t025                                   1.10771
t026                                   1.10771
t027                                   1.10771
t028                                   1.10771
t029                                   1.10771
t030                                   1.10771
t032                                   1.10771
t033                                   1.10771
t034                                   1.10771
t035                                   1.10771
t036                                   1.10771
t037                                   1.10771
t038                                   1.10771
t039                                   1.10771
t040                                   1.10771
t041                                   1.10771
t042                                   1.10771
t043                                   1.10771
t044                                   1.10771
t045                                   1.10771
t046                                   1.10771
t047                                   1.10771
t048                                   1.10771
t049                                   1.10771
t050                                   1.10771
t051                                   1.10771
t052                                   1.10771
t053                                   1.10771
t054                                   1.10771
t055                                   1.10771
t056                                   1.10771
t057                                   1.10771
t058                                   1.10771
t059                                   1.10771
t060                                   1.10771
t061                                   1.10771
t062                                   1.10771
t064                                   1.10771
t065                                   1.10771
t066                                   1.10771
t067                                   1.10771
t068                                   1.10771
t069                                   1.10771
t070                                   1.10771
t071                                   1.10771
t072                                   1.10771
t073                                   1.10771
t074                                   1.10771
t075                                   1.10771
t076                                   1.10771
t077                                   1.10771
t078                                   1.10771
t079                                   1.10771
t080                                   1.10771
t081                                   1.10771
t082                                   1.10771
t083                                   1.10771
t084                                   1.10771
t085                                   1.10771
t086                                   1.10771
t087                                   1.10771
t088                                   1.10771
t089                                   1.10771
t090                                   1.10771
t091                                   1.10771
t092                                   1.10771
t093                                   1.10771
t094                                   1.10771
t095                                   1.10771
t096                                   1.10771
t097                                   1.10771
t098                                   1.10771
t099                                   1.10771
t100                                   1.10771
t101                                   1.10771
t102                                   1.10771
t103                                   1.10771
t104                                   1.10771
t105                                   1.10771
t106                                   1.10771
t107                                   1.10771
t108                                   1.10771
t109                                   1.10771
t110                                   1.10771
t111                                   1.10771
t112                                   1.10771
t113                                   1.10771
t114                                   1.10771
t115                                   1.10771
t116                                   1.10771
t117                                   1.10771
t118                                   1.10771
t119                                   1.10771
t120                                   1.10771
t121                                   1.10771
t122                                   1.10771
t123                                   1.10771
t124                                   1.10771
t125                                   1.10771
t126                                   1.10771
t128                                   1.10522
t129                                   1.10274
t130                                   1.10027
t131                                   1.09779
t132                                   1.09532
t133                                   1.09284
t134                                   1.09036
t135                                   1.08788
t136                                   1.08541
t137                                   1.08293
t138                                   1.08045
t139                                   1.07798
t140                                    1.0755
t141                                   1.07303
t142                                   1.07055
t143                                   1.06808
t144                                    1.0656
t145                                   1.06312
t146                                   1.06065
t147                                   1.05817
t148                                    1.0557
t149                                   1.05322
t150                                   1.05074
t151                                   1.04826
t152                                   1.04579
t153                                   1.04331
t154                                   1.04084
t155                                   1.03836
t156                                   1.03588
t157                                   1.03341
t158                                   1.03093
t159                                   1.02846
t160                                   1.02598
t161                                    1.0235
t162                                   1.02103
t163                                   1.01855
t164                                   1.01608
t165                                    1.0136
t166                                   1.01112
t167                                   1.00864
t168                                   1.00617
t169                                   1.00369
t170                                   1.00122
t171                                  0.998741
t172                                  0.996265
t173                                  0.993789
t174                                  0.991313
t175                                  0.988837
t176                                  0.986362
t177                                  0.983886
t178                                   0.98141
t179                                  0.978934
t180                                  0.976455
t181                                  0.973977
t182                                  0.971501
t183                                  0.969025
t184                                  0.966549
t185                                  0.964073
t186                                  0.961598
t187                                  0.959122
t188                                  0.956646
t189                                   0.95417
t190                                  0.951694
t191                                  0.949218
t192                                  0.946743
t193                                  0.944267
t194                                  0.941791
t195                                  0.939312
t196                                  0.936834
t197                                  0.934358
t198                                  0.931882
t199                                  0.929406
t200                                   0.92693
t201                                  0.924454
t202                                  0.921979
t203                                  0.919503
t204                                  0.917027
t205                                  0.914551
t206                                  0.912075
t207                                  0.909599
t208                                  0.907124
t209                                  0.904648
t210                                  0.902169
t211                                  0.899691
t212                                  0.897215
t213                                  0.894739
t214                                  0.892263
t215                                  0.889787
t216                                  0.887311
t217                                  0.884835
t218                                   0.88236
t219                                  0.879884
t220                                  0.877408
t221                                  0.874932
t222                                  0.872456
t223                                   0.86998
t224                                  0.867505
t225                                  0.865026
t226                                  0.862547
t227                                  0.860072
t228                                  0.857596
t229                                   0.85512
t230                                  0.852644
t231                                  0.850168
t232                                  0.847692
t233                                  0.845217
t234                                  0.842741
t235                                  0.840265
t236                                  0.837789
t237                                  0.835313
t238                                  0.832837
t239                                  0.830361
t240                                  0.827883
t241                                  0.825404
t242                                  0.822928
t243                                  0.820453
t244                                  0.817977
t245                                  0.815501
t246                                  0.813025
t247                                  0.810549
t248                                  0.808073
t249                                  0.805598
t250                                  0.803122
t251                                  0.800646
t252                                   0.79817
t253                                  0.795694
t254                                  0.793218
vref                                    1.1327
vss__par                                     0
pa_00                                0.0421101
pa_01                              5.14321e-06
pa_02                              5.19837e-06
pa_03                                  65819.7
pa_04                                  10649.1
bpa_04#branch                                0
vm2a#branch                        4.56935e-06
vm2b#branch                        5.73859e-07
bpa_03#branch                                0
vm3a#branch                        4.05522e-06
vm3b#branch                         5.7158e-07
vm3c#branch                        5.71574e-07
bpa_02#branch                                0
bpa_01#branch                                0
bpa_00#branch                                0
vm1#branch                         5.06958e-06
vvss#branch                        2.04112e-05
vvdd#branch                       -2.04112e-05


No. of Data Rows : 59

  Measurements for Transient Analysis

vref_v              =  1.13270e+00
vpexfb_v            =  2.08544e+00
vbe_q1_v            =  7.90026e-01
vbe_q2_v            =  7.47916e-01
vbe_q3_v            =  7.90540e-01
dvbe_ptat_v         =  4.21101e-02
i_leg1_a            =  5.06958e-06
i_leg2_a            =  5.14321e-06
i_leg3_a            =  5.19837e-06
r1_ohm              =  6.58197e+04
r2_ohm              =  1.06491e+04

ngspice-46 done
