
Note: No compatibility mode selected!


Circuit: * klt sim -- generated corner deck, do not edit

Doing analysis at TEMP = -40.000000 and TNOM = 27.000000

Using SPARSE 1.3 as Direct Linear Solver


The temperature limiting function received NaN.
Please check your power dissipation and improve your heat sink Rth!
    This message will be shown only once.

Note: Starting dynamic gmin stepping
Note: Dynamic gmin stepping completed

Initial Transient Solution
--------------------------

Node                                   Voltage
----                                   -------
vdd                                       3.63
vss                                          0
fb                                     2.74544
vdd__t0                                3.62997
vm1_p                                 0.790228
vdd__t1                                   3.63
sns1__t0                              0.790228
vdd__t2                                3.62999
vm2a_p                                0.803173
vdd__t3                                   3.63
sns2__t0                              0.803173
vdd__t4                                   3.63
vm2b_p                                0.803161
vdd__t5                                   3.63
sns2__t1                              0.803161
vdd__t6                                3.62999
vm3a_p                                 1.13512
vdd__t7                                   3.63
vref__t0                               1.13512
vdd__t10                                  3.63
vm3b_p                                 1.13511
vdd__t8                                   3.63
vref__t2                               1.13511
vdd__t11                                  3.63
vm3c_p                                 1.13511
vdd__t9                                   3.63
vref__t3                               1.13511
sns2__t2                              0.803136
vsubs                                        0
cb2__t0                               0.748163
xr2.dt                                       0
vref__t1                               1.13508
tn0__t2                                1.10997
xr1.dt                                       0
tn0__t0                                1.10995
tn0__t1                                1.10995
xru1.dt                                      0
tn0__t8                                1.10995
t002__t1                               1.10995
xru2.dt                                      0
t002__t0                               1.10995
tn0__t13                               1.10995
xru3.dt                                      0
tn0__t15                               1.10995
t004__t0                               1.10995
xru4.dt                                      0
t004__t1                               1.10995
t005__t0                               1.10995
xru5.dt                                      0
t005__t1                               1.10995
t006__t0                               1.10995
xru6.dt                                      0
t006__t1                               1.10995
tn0__t9                                1.10995
xru7.dt                                      0
tn0__t11                               1.10995
t008__t0                               1.10995
xru8.dt                                      0
t008__t1                               1.10995
t009__t0                               1.10995
xru9.dt                                      0
t009__t1                               1.10995
t010__t0                               1.10995
xru10.dt                                     0
t010__t1                               1.10995
t011__t0                               1.10995
xru11.dt                                     0
t011__t1                               1.10995
t012__t0                               1.10995
xru12.dt                                     0
t012__t1                               1.10995
t013__t0                               1.10995
xru13.dt                                     0
t013__t1                               1.10995
t014__t0                               1.10995
xru14.dt                                     0
t014__t1                               1.10995
tn0__t3                                1.10995
xru15.dt                                     0
tn0__t4                                1.10995
t016__t1                               1.10995
xru16.dt                                     0
t016__t0                               1.10995
t017__t1                               1.10995
xru17.dt                                     0
t017__t0                               1.10995
t018__t1                               1.10995
xru18.dt                                     0
t018__t0                               1.10995
t019__t1                               1.10995
xru19.dt                                     0
t019__t0                               1.10995
t020__t1                               1.10995
xru20.dt                                     0
t020__t0                               1.10995
t021__t1                               1.10995
xru21.dt                                     0
t021__t0                               1.10995
t022__t1                               1.10995
xru22.dt                                     0
t022__t0                               1.10995
t023__t1                               1.10995
xru23.dt                                     0
t023__t0                               1.10995
t024__t1                               1.10995
xru24.dt                                     0
t024__t0                               1.10995
t025__t1                               1.10995
xru25.dt                                     0
t025__t0                               1.10995
t026__t1                               1.10995
xru26.dt                                     0
t026__t0                               1.10995
t027__t1                               1.10995
xru27.dt                                     0
t027__t0                               1.10995
t028__t1                               1.10995
xru28.dt                                     0
t028__t0                               1.10995
t029__t1                               1.10995
xru29.dt                                     0
t029__t0                               1.10995
t030__t1                               1.10995
xru30.dt                                     0
t030__t0                               1.10995
tn0__t6                                1.10995
xru31.dt                                     0
tn0__t12                               1.10995
t032__t0                               1.10995
xru32.dt                                     0
t032__t1                               1.10995
t033__t0                               1.10995
xru33.dt                                     0
t033__t1                               1.10995
t034__t0                               1.10995
xru34.dt                                     0
t034__t1                               1.10995
t035__t0                               1.10995
xru35.dt                                     0
t035__t1                               1.10995
t036__t0                               1.10995
xru36.dt                                     0
t036__t1                               1.10995
t037__t0                               1.10995
xru37.dt                                     0
t037__t1                               1.10995
t038__t0                               1.10995
xru38.dt                                     0
t038__t1                               1.10995
t039__t0                               1.10995
xru39.dt                                     0
t039__t1                               1.10995
t040__t0                               1.10995
xru40.dt                                     0
t040__t1                               1.10995
t041__t0                               1.10995
xru41.dt                                     0
t041__t1                               1.10995
t042__t0                               1.10995
xru42.dt                                     0
t042__t1                               1.10995
t043__t0                               1.10995
xru43.dt                                     0
t043__t1                               1.10995
t044__t0                               1.10995
xru44.dt                                     0
t044__t1                               1.10995
t045__t0                               1.10995
xru45.dt                                     0
t045__t1                               1.10995
t046__t1                               1.10995
xru46.dt                                     0
t046__t0                               1.10995
t047__t1                               1.10995
xru47.dt                                     0
t047__t0                               1.10995
t048__t1                               1.10995
xru48.dt                                     0
t048__t0                               1.10995
t049__t1                               1.10995
xru49.dt                                     0
t049__t0                               1.10995
t050__t1                               1.10995
xru50.dt                                     0
t050__t0                               1.10995
t051__t1                               1.10995
xru51.dt                                     0
t051__t0                               1.10995
t052__t1                               1.10995
xru52.dt                                     0
t052__t0                               1.10995
t053__t1                               1.10995
xru53.dt                                     0
t053__t0                               1.10995
t054__t1                               1.10995
xru54.dt                                     0
t054__t0                               1.10995
t055__t1                               1.10995
xru55.dt                                     0
t055__t0                               1.10995
t056__t1                               1.10995
xru56.dt                                     0
t056__t0                               1.10995
t057__t1                               1.10995
xru57.dt                                     0
t057__t0                               1.10995
t058__t1                               1.10995
xru58.dt                                     0
t058__t0                               1.10995
t059__t1                               1.10995
xru59.dt                                     0
t059__t0                               1.10995
t060__t1                               1.10995
xru60.dt                                     0
t060__t0                               1.10995
t061__t0                               1.10995
xru61.dt                                     0
t061__t1                               1.10995
t062__t0                               1.10995
xru62.dt                                     0
t062__t1                               1.10995
tn0__t7                                1.10995
xru63.dt                                     0
tn0__t14                               1.10995
t064__t0                               1.10995
xru64.dt                                     0
t064__t1                               1.10995
t065__t0                               1.10995
xru65.dt                                     0
t065__t1                               1.10995
t066__t0                               1.10995
xru66.dt                                     0
t066__t1                               1.10995
t067__t0                               1.10995
xru67.dt                                     0
t067__t1                               1.10995
t068__t0                               1.10995
xru68.dt                                     0
t068__t1                               1.10995
t069__t0                               1.10995
xru69.dt                                     0
t069__t1                               1.10995
t070__t0                               1.10995
xru70.dt                                     0
t070__t1                               1.10995
t071__t0                               1.10995
xru71.dt                                     0
t071__t1                               1.10995
t072__t0                               1.10995
xru72.dt                                     0
t072__t1                               1.10995
t073__t0                               1.10995
xru73.dt                                     0
t073__t1                               1.10995
t074__t0                               1.10995
xru74.dt                                     0
t074__t1                               1.10995
t075__t0                               1.10995
xru75.dt                                     0
t075__t1                               1.10995
t076__t1                               1.10995
xru76.dt                                     0
t076__t0                               1.10995
t077__t1                               1.10995
xru77.dt                                     0
t077__t0                               1.10995
t078__t1                               1.10995
xru78.dt                                     0
t078__t0                               1.10995
t079__t1                               1.10995
xru79.dt                                     0
t079__t0                               1.10995
t080__t1                               1.10995
xru80.dt                                     0
t080__t0                               1.10995
t081__t1                               1.10995
xru81.dt                                     0
t081__t0                               1.10995
t082__t1                               1.10995
xru82.dt                                     0
t082__t0                               1.10995
t083__t1                               1.10995
xru83.dt                                     0
t083__t0                               1.10995
t084__t1                               1.10995
xru84.dt                                     0
t084__t0                               1.10995
t085__t1                               1.10995
xru85.dt                                     0
t085__t0                               1.10995
t086__t1                               1.10995
xru86.dt                                     0
t086__t0                               1.10995
t087__t1                               1.10995
xru87.dt                                     0
t087__t0                               1.10995
t088__t1                               1.10995
xru88.dt                                     0
t088__t0                               1.10995
t089__t1                               1.10995
xru89.dt                                     0
t089__t0                               1.10995
t090__t1                               1.10995
xru90.dt                                     0
t090__t0                               1.10995
t091__t0                               1.10995
xru91.dt                                     0
t091__t1                               1.10995
t092__t0                               1.10995
xru92.dt                                     0
t092__t1                               1.10995
t093__t0                               1.10995
xru93.dt                                     0
t093__t1                               1.10995
t094__t0                               1.10995
xru94.dt                                     0
t094__t1                               1.10995
t095__t0                               1.10995
xru95.dt                                     0
t095__t1                               1.10995
t096__t0                               1.10995
xru96.dt                                     0
t096__t1                               1.10995
t097__t0                               1.10995
xru97.dt                                     0
t097__t1                               1.10995
t098__t0                               1.10995
xru98.dt                                     0
t098__t1                               1.10995
t099__t0                               1.10995
xru99.dt                                     0
t099__t1                               1.10995
t100__t0                               1.10995
xru100.dt                                    0
t100__t1                               1.10995
t101__t0                               1.10995
xru101.dt                                    0
t101__t1                               1.10995
t102__t0                               1.10995
xru102.dt                                    0
t102__t1                               1.10995
t103__t0                               1.10995
xru103.dt                                    0
t103__t1                               1.10995
t104__t0                               1.10995
xru104.dt                                    0
t104__t1                               1.10995
t105__t0                               1.10995
xru105.dt                                    0
t105__t1                               1.10995
t106__t1                               1.10995
xru106.dt                                    0
t106__t0                               1.10995
t107__t1                               1.10995
xru107.dt                                    0
t107__t0                               1.10995
t108__t1                               1.10995
xru108.dt                                    0
t108__t0                               1.10995
t109__t1                               1.10995
xru109.dt                                    0
t109__t0                               1.10995
t110__t1                               1.10995
xru110.dt                                    0
t110__t0                               1.10995
t111__t1                               1.10995
xru111.dt                                    0
t111__t0                               1.10995
t112__t1                               1.10995
xru112.dt                                    0
t112__t0                               1.10995
t113__t1                               1.10995
xru113.dt                                    0
t113__t0                               1.10995
t114__t1                               1.10995
xru114.dt                                    0
t114__t0                               1.10995
t115__t1                               1.10995
xru115.dt                                    0
t115__t0                               1.10995
t116__t1                               1.10995
xru116.dt                                    0
t116__t0                               1.10995
t117__t1                               1.10995
xru117.dt                                    0
t117__t0                               1.10995
t118__t1                               1.10995
xru118.dt                                    0
t118__t0                               1.10995
t119__t1                               1.10995
xru119.dt                                    0
t119__t0                               1.10995
t120__t1                               1.10995
xru120.dt                                    0
t120__t0                               1.10995
t121__t0                               1.10995
xru121.dt                                    0
t121__t1                               1.10995
t122__t0                               1.10995
xru122.dt                                    0
t122__t1                               1.10995
t123__t0                               1.10995
xru123.dt                                    0
t123__t1                               1.10995
t124__t0                               1.10995
xru124.dt                                    0
t124__t1                               1.10995
t125__t0                               1.10995
xru125.dt                                    0
t125__t1                               1.10995
t126__t0                               1.10995
xru126.dt                                    0
t126__t1                               1.10995
tn0__t5                                1.10995
xru127.dt                                    0
tn0__t10                               1.10994
t128__t0                               1.10745
xru128.dt                                    0
t128__t1                               1.10745
t129__t0                               1.10495
xru129.dt                                    0
t129__t1                               1.10495
t130__t0                               1.10246
xru130.dt                                    0
t130__t1                               1.10246
t131__t0                               1.09997
xru131.dt                                    0
t131__t1                               1.09997
t132__t0                               1.09748
xru132.dt                                    0
t132__t1                               1.09748
t133__t0                               1.09498
xru133.dt                                    0
t133__t1                               1.09498
t134__t0                               1.09249
xru134.dt                                    0
t134__t1                               1.09249
t135__t0                                  1.09
xru135.dt                                    0
t135__t1                               1.08999
t136__t1                                1.0875
xru136.dt                                    0
t136__t0                                1.0875
t137__t1                               1.08501
xru137.dt                                    0
t137__t0                               1.08501
t138__t1                               1.08252
xru138.dt                                    0
t138__t0                               1.08252
t139__t1                               1.08003
xru139.dt                                    0
t139__t0                               1.08003
t140__t1                               1.07753
xru140.dt                                    0
t140__t0                               1.07753
t141__t1                               1.07504
xru141.dt                                    0
t141__t0                               1.07504
t142__t1                               1.07255
xru142.dt                                    0
t142__t0                               1.07255
t143__t1                               1.07006
xru143.dt                                    0
t143__t0                               1.07006
t144__t1                               1.06756
xru144.dt                                    0
t144__t0                               1.06756
t145__t1                               1.06507
xru145.dt                                    0
t145__t0                               1.06507
t146__t1                               1.06258
xru146.dt                                    0
t146__t0                               1.06258
t147__t1                               1.06009
xru147.dt                                    0
t147__t0                               1.06009
t148__t1                               1.05759
xru148.dt                                    0
t148__t0                               1.05759
t149__t1                                1.0551
xru149.dt                                    0
t149__t0                                1.0551
t150__t1                               1.05261
xru150.dt                                    0
t150__t0                                1.0526
t151__t0                               1.05011
xru151.dt                                    0
t151__t1                               1.05011
t152__t0                               1.04762
xru152.dt                                    0
t152__t1                               1.04762
t153__t0                               1.04513
xru153.dt                                    0
t153__t1                               1.04513
t154__t0                               1.04264
xru154.dt                                    0
t154__t1                               1.04264
t155__t0                               1.04014
xru155.dt                                    0
t155__t1                               1.04014
t156__t0                               1.03765
xru156.dt                                    0
t156__t1                               1.03765
t157__t0                               1.03516
xru157.dt                                    0
t157__t1                               1.03516
t158__t0                               1.03267
xru158.dt                                    0
t158__t1                               1.03267
t159__t0                               1.03017
xru159.dt                                    0
t159__t1                               1.03017
t160__t0                               1.02768
xru160.dt                                    0
t160__t1                               1.02768
t161__t0                               1.02519
xru161.dt                                    0
t161__t1                               1.02519
t162__t0                                1.0227
xru162.dt                                    0
t162__t1                                1.0227
t163__t0                                1.0202
xru163.dt                                    0
t163__t1                                1.0202
t164__t0                               1.01771
xru164.dt                                    0
t164__t1                               1.01771
t165__t0                               1.01522
xru165.dt                                    0
t165__t1                               1.01521
t166__t1                               1.01272
xru166.dt                                    0
t166__t0                               1.01272
t167__t1                               1.01023
xru167.dt                                    0
t167__t0                               1.01023
t168__t1                               1.00774
xru168.dt                                    0
t168__t0                               1.00774
t169__t1                               1.00525
xru169.dt                                    0
t169__t0                               1.00524
t170__t1                               1.00275
xru170.dt                                    0
t170__t0                               1.00275
t171__t1                               1.00026
xru171.dt                                    0
t171__t0                               1.00026
t172__t1                              0.997768
xru172.dt                                    0
t172__t0                              0.997768
t173__t1                              0.995276
xru173.dt                                    0
t173__t0                              0.995276
t174__t1                              0.992784
xru174.dt                                    0
t174__t0                              0.992783
t175__t1                              0.990291
xru175.dt                                    0
t175__t0                              0.990291
t176__t1                              0.987799
xru176.dt                                    0
t176__t0                              0.987799
t177__t1                              0.985307
xru177.dt                                    0
t177__t0                              0.985307
t178__t1                              0.982815
xru178.dt                                    0
t178__t0                              0.982814
t179__t1                              0.980322
xru179.dt                                    0
t179__t0                              0.980322
t180__t1                               0.97783
xru180.dt                                    0
t180__t0                              0.977824
t181__t0                              0.975332
xru181.dt                                    0
t181__t1                              0.975332
t182__t0                               0.97284
xru182.dt                                    0
t182__t1                               0.97284
t183__t0                              0.970348
xru183.dt                                    0
t183__t1                              0.970347
t184__t0                              0.967855
xru184.dt                                    0
t184__t1                              0.967855
t185__t0                              0.965363
xru185.dt                                    0
t185__t1                              0.965363
t186__t0                              0.962871
xru186.dt                                    0
t186__t1                               0.96287
t187__t0                              0.960378
xru187.dt                                    0
t187__t1                              0.960378
t188__t0                              0.957886
xru188.dt                                    0
t188__t1                              0.957886
t189__t0                              0.955394
xru189.dt                                    0
t189__t1                              0.955393
t190__t0                              0.952901
xru190.dt                                    0
t190__t1                              0.952901
t191__t0                              0.950409
xru191.dt                                    0
t191__t1                              0.950409
t192__t0                              0.947917
xru192.dt                                    0
t192__t1                              0.947917
t193__t0                              0.945425
xru193.dt                                    0
t193__t1                              0.945424
t194__t0                              0.942932
xru194.dt                                    0
t194__t1                              0.942932
t195__t0                               0.94044
xru195.dt                                    0
t195__t1                              0.940434
t196__t1                              0.937942
xru196.dt                                    0
t196__t0                              0.937942
t197__t1                               0.93545
xru197.dt                                    0
t197__t0                              0.935449
t198__t1                              0.932957
xru198.dt                                    0
t198__t0                              0.932957
t199__t1                              0.930465
xru199.dt                                    0
t199__t0                              0.930465
t200__t1                              0.927973
xru200.dt                                    0
t200__t0                              0.927973
t201__t1                              0.925481
xru201.dt                                    0
t201__t0                               0.92548
t202__t1                              0.922988
xru202.dt                                    0
t202__t0                              0.922988
t203__t1                              0.920496
xru203.dt                                    0
t203__t0                              0.920496
t204__t1                              0.918004
xru204.dt                                    0
t204__t0                              0.918003
t205__t1                              0.915511
xru205.dt                                    0
t205__t0                              0.915511
t206__t1                              0.913019
xru206.dt                                    0
t206__t0                              0.913019
t207__t1                              0.910527
xru207.dt                                    0
t207__t0                              0.910526
t208__t1                              0.908034
xru208.dt                                    0
t208__t0                              0.908034
t209__t1                              0.905542
xru209.dt                                    0
t209__t0                              0.905542
t210__t1                               0.90305
xru210.dt                                    0
t210__t0                              0.903044
t211__t0                              0.900552
xru211.dt                                    0
t211__t1                              0.900552
t212__t0                               0.89806
xru212.dt                                    0
t212__t1                              0.898059
t213__t0                              0.895567
xru213.dt                                    0
t213__t1                              0.895567
t214__t0                              0.893075
xru214.dt                                    0
t214__t1                              0.893075
t215__t0                              0.890583
xru215.dt                                    0
t215__t1                              0.890582
t216__t0                               0.88809
xru216.dt                                    0
t216__t1                               0.88809
t217__t0                              0.885598
xru217.dt                                    0
t217__t1                              0.885598
t218__t0                              0.883106
xru218.dt                                    0
t218__t1                              0.883106
t219__t0                              0.880614
xru219.dt                                    0
t219__t1                              0.880613
t220__t0                              0.878121
xru220.dt                                    0
t220__t1                              0.878121
t221__t0                              0.875629
xru221.dt                                    0
t221__t1                              0.875629
t222__t0                              0.873137
xru222.dt                                    0
t222__t1                              0.873136
t223__t0                              0.870644
xru223.dt                                    0
t223__t1                              0.870644
t224__t0                              0.868152
xru224.dt                                    0
t224__t1                              0.868152
t225__t0                               0.86566
xru225.dt                                    0
t225__t1                              0.865654
t226__t1                              0.863162
xru226.dt                                    0
t226__t0                              0.863162
t227__t1                               0.86067
xru227.dt                                    0
t227__t0                              0.860669
t228__t1                              0.858177
xru228.dt                                    0
t228__t0                              0.858177
t229__t1                              0.855685
xru229.dt                                    0
t229__t0                              0.855685
t230__t1                              0.853193
xru230.dt                                    0
t230__t0                              0.853192
t231__t1                                0.8507
xru231.dt                                    0
t231__t0                                0.8507
t232__t1                              0.848208
xru232.dt                                    0
t232__t0                              0.848208
t233__t1                              0.845716
xru233.dt                                    0
t233__t0                              0.845716
t234__t1                              0.843224
xru234.dt                                    0
t234__t0                              0.843223
t235__t1                              0.840731
xru235.dt                                    0
t235__t0                              0.840731
t236__t1                              0.838239
xru236.dt                                    0
t236__t0                              0.838239
t237__t1                              0.835747
xru237.dt                                    0
t237__t0                              0.835746
t238__t1                              0.833254
xru238.dt                                    0
t238__t0                              0.833254
t239__t1                              0.830762
xru239.dt                                    0
t239__t0                              0.830762
t240__t1                               0.82827
xru240.dt                                    0
t240__t0                              0.828264
t241__t0                              0.825772
xru241.dt                                    0
t241__t1                              0.825772
t242__t0                               0.82328
xru242.dt                                    0
t242__t1                              0.823279
t243__t0                              0.820787
xru243.dt                                    0
t243__t1                              0.820787
t244__t0                              0.818295
xru244.dt                                    0
t244__t1                              0.818295
t245__t0                              0.815803
xru245.dt                                    0
t245__t1                              0.815802
t246__t0                               0.81331
xru246.dt                                    0
t246__t1                               0.81331
t247__t0                              0.810818
xru247.dt                                    0
t247__t1                              0.810818
t248__t0                              0.808326
xru248.dt                                    0
t248__t1                              0.808325
t249__t0                              0.805833
xru249.dt                                    0
t249__t1                              0.805833
t250__t0                              0.803341
xru250.dt                                    0
t250__t1                              0.803341
t251__t0                              0.800849
xru251.dt                                    0
t251__t1                              0.800849
t252__t0                              0.798357
xru252.dt                                    0
t252__t1                              0.798356
t253__t0                              0.795864
xru253.dt                                    0
t253__t1                              0.795864
t254__t0                              0.793372
xru254.dt                                    0
t254__t1                              0.793372
cb3__t0                                0.79088
xru255.dt                                    0
sns1                                  0.790151
xq1.s1                             3.15961e-10
xq1.t                                0.0457507
cb2                                   0.748044
xq2.s1                             8.22815e-10
xq2.t                               0.00676364
cb3                                   0.790676
xq3.s1                             3.16168e-10
xq3.t                                0.0469451
sns2                                  0.803159
tn0                                    1.10995
t002                                   1.10995
t004                                   1.10995
t005                                   1.10995
t006                                   1.10995
t008                                   1.10995
t009                                   1.10995
t010                                   1.10995
t011                                   1.10995
t012                                   1.10995
t013                                   1.10995
t014                                   1.10995
t016                                   1.10995
t017                                   1.10995
t018                                   1.10995
t019                                   1.10995
t020                                   1.10995
t021                                   1.10995
t022                                   1.10995
t023                                   1.10995
t024                                   1.10995
t025                                   1.10995
t026                                   1.10995
t027                                   1.10995
t028                                   1.10995
t029                                   1.10995
t030                                   1.10995
t032                                   1.10995
t033                                   1.10995
t034                                   1.10995
t035                                   1.10995
t036                                   1.10995
t037                                   1.10995
t038                                   1.10995
t039                                   1.10995
t040                                   1.10995
t041                                   1.10995
t042                                   1.10995
t043                                   1.10995
t044                                   1.10995
t045                                   1.10995
t046                                   1.10995
t047                                   1.10995
t048                                   1.10995
t049                                   1.10995
t050                                   1.10995
t051                                   1.10995
t052                                   1.10995
t053                                   1.10995
t054                                   1.10995
t055                                   1.10995
t056                                   1.10995
t057                                   1.10995
t058                                   1.10995
t059                                   1.10995
t060                                   1.10995
t061                                   1.10995
t062                                   1.10995
t064                                   1.10995
t065                                   1.10995
t066                                   1.10995
t067                                   1.10995
t068                                   1.10995
t069                                   1.10995
t070                                   1.10995
t071                                   1.10995
t072                                   1.10995
t073                                   1.10995
t074                                   1.10995
t075                                   1.10995
t076                                   1.10995
t077                                   1.10995
t078                                   1.10995
t079                                   1.10995
t080                                   1.10995
t081                                   1.10995
t082                                   1.10995
t083                                   1.10995
t084                                   1.10995
t085                                   1.10995
t086                                   1.10995
t087                                   1.10995
t088                                   1.10995
t089                                   1.10995
t090                                   1.10995
t091                                   1.10995
t092                                   1.10995
t093                                   1.10995
t094                                   1.10995
t095                                   1.10995
t096                                   1.10995
t097                                   1.10995
t098                                   1.10995
t099                                   1.10995
t100                                   1.10995
t101                                   1.10995
t102                                   1.10995
t103                                   1.10995
t104                                   1.10995
t105                                   1.10995
t106                                   1.10995
t107                                   1.10995
t108                                   1.10995
t109                                   1.10995
t110                                   1.10995
t111                                   1.10995
t112                                   1.10995
t113                                   1.10995
t114                                   1.10995
t115                                   1.10995
t116                                   1.10995
t117                                   1.10995
t118                                   1.10995
t119                                   1.10995
t120                                   1.10995
t121                                   1.10995
t122                                   1.10995
t123                                   1.10995
t124                                   1.10995
t125                                   1.10995
t126                                   1.10995
t128                                   1.10745
t129                                   1.10495
t130                                   1.10246
t131                                   1.09997
t132                                   1.09748
t133                                   1.09498
t134                                   1.09249
t135                                      1.09
t136                                    1.0875
t137                                   1.08501
t138                                   1.08252
t139                                   1.08003
t140                                   1.07753
t141                                   1.07504
t142                                   1.07255
t143                                   1.07006
t144                                   1.06756
t145                                   1.06507
t146                                   1.06258
t147                                   1.06009
t148                                   1.05759
t149                                    1.0551
t150                                   1.05261
t151                                   1.05011
t152                                   1.04762
t153                                   1.04513
t154                                   1.04264
t155                                   1.04014
t156                                   1.03765
t157                                   1.03516
t158                                   1.03267
t159                                   1.03017
t160                                   1.02768
t161                                   1.02519
t162                                    1.0227
t163                                    1.0202
t164                                   1.01771
t165                                   1.01522
t166                                   1.01272
t167                                   1.01023
t168                                   1.00774
t169                                   1.00525
t170                                   1.00275
t171                                   1.00026
t172                                  0.997768
t173                                  0.995276
t174                                  0.992784
t175                                  0.990291
t176                                  0.987799
t177                                  0.985307
t178                                  0.982814
t179                                  0.980322
t180                                  0.977827
t181                                  0.975332
t182                                   0.97284
t183                                  0.970347
t184                                  0.967855
t185                                  0.965363
t186                                   0.96287
t187                                  0.960378
t188                                  0.957886
t189                                  0.955394
t190                                  0.952901
t191                                  0.950409
t192                                  0.947917
t193                                  0.945424
t194                                  0.942932
t195                                  0.940437
t196                                  0.937942
t197                                   0.93545
t198                                  0.932957
t199                                  0.930465
t200                                  0.927973
t201                                   0.92548
t202                                  0.922988
t203                                  0.920496
t204                                  0.918004
t205                                  0.915511
t206                                  0.913019
t207                                  0.910527
t208                                  0.908034
t209                                  0.905542
t210                                  0.903047
t211                                  0.900552
t212                                   0.89806
t213                                  0.895567
t214                                  0.893075
t215                                  0.890583
t216                                   0.88809
t217                                  0.885598
t218                                  0.883106
t219                                  0.880613
t220                                  0.878121
t221                                  0.875629
t222                                  0.873137
t223                                  0.870644
t224                                  0.868152
t225                                  0.865657
t226                                  0.863162
t227                                  0.860669
t228                                  0.858177
t229                                  0.855685
t230                                  0.853193
t231                                    0.8507
t232                                  0.848208
t233                                  0.845716
t234                                  0.843223
t235                                  0.840731
t236                                  0.838239
t237                                  0.835746
t238                                  0.833254
t239                                  0.830762
t240                                  0.828267
t241                                  0.825772
t242                                  0.823279
t243                                  0.820787
t244                                  0.818295
t245                                  0.815803
t246                                   0.81331
t247                                  0.810818
t248                                  0.808326
t249                                  0.805833
t250                                  0.803341
t251                                  0.800849
t252                                  0.798356
t253                                  0.795864
t254                                  0.793372
vref                                   1.13511
vss__par                                     0
pa_00                                0.0421071
pa_01                              5.17561e-06
pa_02                              5.23293e-06
pa_03                                  65819.7
pa_04                                  10649.1
bpa_04#branch                                0
vm2a#branch                        4.59737e-06
vm2b#branch                        5.78242e-07
bpa_03#branch                                0
vm3a#branch                        4.08087e-06
vm3b#branch                        5.76031e-07
vm3c#branch                        5.76026e-07
bpa_02#branch                                0
bpa_01#branch                                0
bpa_00#branch                                0
vm1#branch                         5.10056e-06
vvss#branch                        2.05091e-05
vvdd#branch                       -2.05091e-05


No. of Data Rows : 59

  Measurements for Transient Analysis

vref_v              =  1.13511e+00
vpexfb_v            =  2.74544e+00
vbe_q1_v            =  7.90151e-01
vbe_q2_v            =  7.48044e-01
vbe_q3_v            =  7.90676e-01
dvbe_ptat_v         =  4.21071e-02
i_leg1_a            =  5.10056e-06
i_leg2_a            =  5.17561e-06
i_leg3_a            =  5.23293e-06
r1_ohm              =  6.58197e+04
r2_ohm              =  1.06491e+04

ngspice-46 done
