
Note: No compatibility mode selected!


Circuit: * klt sim -- generated corner deck, do not edit

Doing analysis at TEMP = 125.000000 and TNOM = 27.000000

Using SPARSE 1.3 as Direct Linear Solver
Warning: singular matrix:  check nodes t243 and t218

Note: Starting dynamic gmin stepping


The temperature limiting function received NaN.
Please check your power dissipation and improve your heat sink Rth!
    This message will be shown only once.

Note: Dynamic gmin stepping completed

Initial Transient Solution
--------------------------

Node                                   Voltage
----                                   -------
vdd                                        3.3
vss                                          0
fb                                     2.56506
vdd__t0                                3.29997
vm1_p                                 0.580355
vdd__t1                                    3.3
sns1__t0                              0.580355
vdd__t2                                3.29999
vm2a_p                                0.562485
vdd__t3                                    3.3
sns2__t0                              0.562485
vdd__t4                                    3.3
vm2b_p                                0.562473
vdd__t5                                    3.3
sns2__t1                              0.562473
vdd__t6                                3.29999
vm3a_p                                0.926012
vdd__t7                                    3.3
vref__t0                              0.926012
vdd__t10                                   3.3
vm3b_p                                0.925999
vdd__t8                                    3.3
vref__t2                              0.925999
vdd__t11                                   3.3
vm3c_p                                0.926001
vdd__t9                                    3.3
vref__t3                              0.926001
sns2__t2                              0.562449
vsubs                              1.49012e-08
cb2__t0                               0.506335
xr2.dt                                       0
vref__t1                               0.92597
tn0__t2                               0.900513
xr1.dt                                       0
tn0__t0                               0.900494
tn0__t1                               0.900494
xru1.dt                                      0
tn0__t8                               0.900494
t002__t1                              0.900494
xru2.dt                                      0
t002__t0                              0.900494
tn0__t13                              0.900494
xru3.dt                                      0
tn0__t15                              0.900494
t004__t0                              0.900494
xru4.dt                                      0
t004__t1                              0.900494
t005__t0                              0.900494
xru5.dt                                      0
t005__t1                              0.900494
t006__t0                              0.900494
xru6.dt                                      0
t006__t1                              0.900494
tn0__t9                               0.900494
xru7.dt                                      0
tn0__t11                              0.900494
t008__t0                              0.900494
xru8.dt                                      0
t008__t1                              0.900494
t009__t0                              0.900494
xru9.dt                                      0
t009__t1                              0.900494
t010__t0                              0.900494
xru10.dt                                     0
t010__t1                              0.900494
t011__t0                              0.900494
xru11.dt                                     0
t011__t1                              0.900494
t012__t0                              0.900494
xru12.dt                                     0
t012__t1                              0.900494
t013__t0                              0.900494
xru13.dt                                     0
t013__t1                              0.900494
t014__t0                              0.900494
xru14.dt                                     0
t014__t1                              0.900494
tn0__t3                               0.900494
xru15.dt                                     0
tn0__t4                               0.900494
t016__t1                              0.900494
xru16.dt                                     0
t016__t0                              0.900494
t017__t1                              0.900494
xru17.dt                                     0
t017__t0                              0.900494
t018__t1                              0.900494
xru18.dt                                     0
t018__t0                              0.900494
t019__t1                              0.900494
xru19.dt                                     0
t019__t0                              0.900494
t020__t1                              0.900494
xru20.dt                                     0
t020__t0                              0.900494
t021__t1                              0.900494
xru21.dt                                     0
t021__t0                              0.900494
t022__t1                              0.900494
xru22.dt                                     0
t022__t0                              0.900494
t023__t1                              0.900494
xru23.dt                                     0
t023__t0                              0.900494
t024__t1                              0.900494
xru24.dt                                     0
t024__t0                              0.900494
t025__t1                              0.900494
xru25.dt                                     0
t025__t0                              0.900494
t026__t1                              0.900494
xru26.dt                                     0
t026__t0                              0.900494
t027__t1                              0.900494
xru27.dt                                     0
t027__t0                              0.900494
t028__t1                              0.900494
xru28.dt                                     0
t028__t0                              0.900494
t029__t1                              0.900494
xru29.dt                                     0
t029__t0                              0.900494
t030__t1                              0.900494
xru30.dt                                     0
t030__t0                              0.900494
tn0__t6                               0.900494
xru31.dt                                     0
tn0__t12                              0.900494
t032__t0                              0.900494
xru32.dt                                     0
t032__t1                              0.900494
t033__t0                              0.900494
xru33.dt                                     0
t033__t1                              0.900494
t034__t0                              0.900494
xru34.dt                                     0
t034__t1                              0.900494
t035__t0                              0.900494
xru35.dt                                     0
t035__t1                              0.900494
t036__t0                              0.900494
xru36.dt                                     0
t036__t1                              0.900494
t037__t0                              0.900494
xru37.dt                                     0
t037__t1                              0.900494
t038__t0                              0.900494
xru38.dt                                     0
t038__t1                              0.900494
t039__t0                              0.900494
xru39.dt                                     0
t039__t1                              0.900494
t040__t0                              0.900494
xru40.dt                                     0
t040__t1                              0.900494
t041__t0                              0.900494
xru41.dt                                     0
t041__t1                              0.900494
t042__t0                              0.900494
xru42.dt                                     0
t042__t1                              0.900494
t043__t0                              0.900494
xru43.dt                                     0
t043__t1                              0.900494
t044__t0                              0.900494
xru44.dt                                     0
t044__t1                              0.900494
t045__t0                              0.900494
xru45.dt                                     0
t045__t1                              0.900494
t046__t1                              0.900494
xru46.dt                                     0
t046__t0                              0.900494
t047__t1                              0.900494
xru47.dt                                     0
t047__t0                              0.900494
t048__t1                              0.900494
xru48.dt                                     0
t048__t0                              0.900494
t049__t1                              0.900494
xru49.dt                                     0
t049__t0                              0.900494
t050__t1                              0.900494
xru50.dt                                     0
t050__t0                              0.900494
t051__t1                              0.900494
xru51.dt                                     0
t051__t0                              0.900494
t052__t1                              0.900494
xru52.dt                                     0
t052__t0                              0.900494
t053__t1                              0.900494
xru53.dt                                     0
t053__t0                              0.900494
t054__t1                              0.900494
xru54.dt                                     0
t054__t0                              0.900494
t055__t1                              0.900494
xru55.dt                                     0
t055__t0                              0.900494
t056__t1                              0.900494
xru56.dt                                     0
t056__t0                              0.900494
t057__t1                              0.900494
xru57.dt                                     0
t057__t0                              0.900494
t058__t1                              0.900494
xru58.dt                                     0
t058__t0                              0.900494
t059__t1                              0.900494
xru59.dt                                     0
t059__t0                              0.900494
t060__t1                              0.900494
xru60.dt                                     0
t060__t0                              0.900494
t061__t0                              0.900494
xru61.dt                                     0
t061__t1                              0.900494
t062__t0                              0.900494
xru62.dt                                     0
t062__t1                              0.900494
tn0__t7                               0.900494
xru63.dt                                     0
tn0__t14                              0.900494
t064__t0                              0.900494
xru64.dt                                     0
t064__t1                              0.900494
t065__t0                              0.900494
xru65.dt                                     0
t065__t1                              0.900494
t066__t0                              0.900494
xru66.dt                                     0
t066__t1                              0.900494
t067__t0                              0.900494
xru67.dt                                     0
t067__t1                              0.900494
t068__t0                              0.900494
xru68.dt                                     0
t068__t1                              0.900494
t069__t0                              0.900494
xru69.dt                                     0
t069__t1                              0.900494
t070__t0                              0.900494
xru70.dt                                     0
t070__t1                              0.900494
t071__t0                              0.900494
xru71.dt                                     0
t071__t1                              0.900494
t072__t0                              0.900494
xru72.dt                                     0
t072__t1                              0.900494
t073__t0                              0.900494
xru73.dt                                     0
t073__t1                              0.900494
t074__t0                              0.900494
xru74.dt                                     0
t074__t1                              0.900494
t075__t0                              0.900494
xru75.dt                                     0
t075__t1                              0.900494
t076__t1                              0.900494
xru76.dt                                     0
t076__t0                              0.900494
t077__t1                              0.900494
xru77.dt                                     0
t077__t0                              0.900494
t078__t1                              0.900494
xru78.dt                                     0
t078__t0                              0.900494
t079__t1                              0.900494
xru79.dt                                     0
t079__t0                              0.900494
t080__t1                              0.900494
xru80.dt                                     0
t080__t0                              0.900494
t081__t1                              0.900494
xru81.dt                                     0
t081__t0                              0.900494
t082__t1                              0.900494
xru82.dt                                     0
t082__t0                              0.900494
t083__t1                              0.900494
xru83.dt                                     0
t083__t0                              0.900494
t084__t1                              0.900494
xru84.dt                                     0
t084__t0                              0.900494
t085__t1                              0.900494
xru85.dt                                     0
t085__t0                              0.900494
t086__t1                              0.900494
xru86.dt                                     0
t086__t0                              0.900494
t087__t1                              0.900494
xru87.dt                                     0
t087__t0                              0.900494
t088__t1                              0.900494
xru88.dt                                     0
t088__t0                              0.900494
t089__t1                              0.900494
xru89.dt                                     0
t089__t0                              0.900494
t090__t1                              0.900494
xru90.dt                                     0
t090__t0                              0.900494
t091__t0                              0.900494
xru91.dt                                     0
t091__t1                              0.900494
t092__t0                              0.900494
xru92.dt                                     0
t092__t1                              0.900494
t093__t0                              0.900494
xru93.dt                                     0
t093__t1                              0.900494
t094__t0                              0.900494
xru94.dt                                     0
t094__t1                              0.900494
t095__t0                              0.900494
xru95.dt                                     0
t095__t1                              0.900494
t096__t0                              0.900494
xru96.dt                                     0
t096__t1                              0.900494
t097__t0                              0.900494
xru97.dt                                     0
t097__t1                              0.900494
t098__t0                              0.900494
xru98.dt                                     0
t098__t1                              0.900494
t099__t0                              0.900494
xru99.dt                                     0
t099__t1                              0.900494
t100__t0                              0.900494
xru100.dt                                    0
t100__t1                              0.900494
t101__t0                              0.900494
xru101.dt                                    0
t101__t1                              0.900494
t102__t0                              0.900494
xru102.dt                                    0
t102__t1                              0.900494
t103__t0                              0.900494
xru103.dt                                    0
t103__t1                              0.900494
t104__t0                              0.900494
xru104.dt                                    0
t104__t1                              0.900494
t105__t0                              0.900494
xru105.dt                                    0
t105__t1                              0.900494
t106__t1                              0.900494
xru106.dt                                    0
t106__t0                              0.900494
t107__t1                              0.900494
xru107.dt                                    0
t107__t0                              0.900494
t108__t1                              0.900494
xru108.dt                                    0
t108__t0                              0.900494
t109__t1                              0.900494
xru109.dt                                    0
t109__t0                              0.900494
t110__t1                              0.900494
xru110.dt                                    0
t110__t0                              0.900494
t111__t1                              0.900494
xru111.dt                                    0
t111__t0                              0.900494
t112__t1                              0.900494
xru112.dt                                    0
t112__t0                              0.900494
t113__t1                              0.900494
xru113.dt                                    0
t113__t0                              0.900494
t114__t1                              0.900494
xru114.dt                                    0
t114__t0                              0.900494
t115__t1                              0.900494
xru115.dt                                    0
t115__t0                              0.900494
t116__t1                              0.900494
xru116.dt                                    0
t116__t0                              0.900494
t117__t1                              0.900494
xru117.dt                                    0
t117__t0                              0.900494
t118__t1                              0.900494
xru118.dt                                    0
t118__t0                              0.900494
t119__t1                              0.900494
xru119.dt                                    0
t119__t0                              0.900494
t120__t1                              0.900494
xru120.dt                                    0
t120__t0                              0.900494
t121__t0                              0.900494
xru121.dt                                    0
t121__t1                              0.900494
t122__t0                              0.900494
xru122.dt                                    0
t122__t1                              0.900494
t123__t0                              0.900494
xru123.dt                                    0
t123__t1                              0.900494
t124__t0                              0.900494
xru124.dt                                    0
t124__t1                              0.900494
t125__t0                              0.900494
xru125.dt                                    0
t125__t1                              0.900494
t126__t0                              0.900494
xru126.dt                                    0
t126__t1                              0.900494
tn0__t5                               0.900494
xru127.dt                                    0
tn0__t10                              0.900483
t128__t0                              0.897988
xru128.dt                                    0
t128__t1                              0.897987
t129__t0                              0.895492
xru129.dt                                    0
t129__t1                              0.895491
t130__t0                              0.892996
xru130.dt                                    0
t130__t1                              0.892995
t131__t0                                0.8905
xru131.dt                                    0
t131__t1                              0.890499
t132__t0                              0.888004
xru132.dt                                    0
t132__t1                              0.888003
t133__t0                              0.885508
xru133.dt                                    0
t133__t1                              0.885507
t134__t0                              0.883012
xru134.dt                                    0
t134__t1                              0.883011
t135__t0                              0.880516
xru135.dt                                    0
t135__t1                               0.88051
t136__t1                              0.878014
xru136.dt                                    0
t136__t0                              0.878014
t137__t1                              0.875518
xru137.dt                                    0
t137__t0                              0.875518
t138__t1                              0.873022
xru138.dt                                    0
t138__t0                              0.873022
t139__t1                              0.870526
xru139.dt                                    0
t139__t0                              0.870526
t140__t1                               0.86803
xru140.dt                                    0
t140__t0                               0.86803
t141__t1                              0.865534
xru141.dt                                    0
t141__t0                              0.865534
t142__t1                              0.863038
xru142.dt                                    0
t142__t0                              0.863038
t143__t1                              0.860542
xru143.dt                                    0
t143__t0                              0.860542
t144__t1                              0.858046
xru144.dt                                    0
t144__t0                              0.858045
t145__t1                               0.85555
xru145.dt                                    0
t145__t0                              0.855549
t146__t1                              0.853054
xru146.dt                                    0
t146__t0                              0.853053
t147__t1                              0.850558
xru147.dt                                    0
t147__t0                              0.850557
t148__t1                              0.848062
xru148.dt                                    0
t148__t0                              0.848061
t149__t1                              0.845566
xru149.dt                                    0
t149__t0                              0.845565
t150__t1                               0.84307
xru150.dt                                    0
t150__t0                              0.843064
t151__t0                              0.840568
xru151.dt                                    0
t151__t1                              0.840568
t152__t0                              0.838072
xru152.dt                                    0
t152__t1                              0.838072
t153__t0                              0.835576
xru153.dt                                    0
t153__t1                              0.835576
t154__t0                               0.83308
xru154.dt                                    0
t154__t1                               0.83308
t155__t0                              0.830584
xru155.dt                                    0
t155__t1                              0.830584
t156__t0                              0.828088
xru156.dt                                    0
t156__t1                              0.828088
t157__t0                              0.825592
xru157.dt                                    0
t157__t1                              0.825592
t158__t0                              0.823096
xru158.dt                                    0
t158__t1                              0.823096
t159__t0                                0.8206
xru159.dt                                    0
t159__t1                                0.8206
t160__t0                              0.818104
xru160.dt                                    0
t160__t1                              0.818104
t161__t0                              0.815608
xru161.dt                                    0
t161__t1                              0.815607
t162__t0                              0.813112
xru162.dt                                    0
t162__t1                              0.813111
t163__t0                              0.810616
xru163.dt                                    0
t163__t1                              0.810615
t164__t0                               0.80812
xru164.dt                                    0
t164__t1                              0.808119
t165__t0                              0.805624
xru165.dt                                    0
t165__t1                              0.805618
t166__t1                              0.803122
xru166.dt                                    0
t166__t0                              0.803122
t167__t1                              0.800626
xru167.dt                                    0
t167__t0                              0.800626
t168__t1                               0.79813
xru168.dt                                    0
t168__t0                               0.79813
t169__t1                              0.795634
xru169.dt                                    0
t169__t0                              0.795634
t170__t1                              0.793138
xru170.dt                                    0
t170__t0                              0.793138
t171__t1                              0.790642
xru171.dt                                    0
t171__t0                              0.790642
t172__t1                              0.788146
xru172.dt                                    0
t172__t0                              0.788146
t173__t1                               0.78565
xru173.dt                                    0
t173__t0                               0.78565
t174__t1                              0.783154
xru174.dt                                    0
t174__t0                              0.783154
t175__t1                              0.780658
xru175.dt                                    0
t175__t0                              0.780658
t176__t1                              0.778162
xru176.dt                                    0
t176__t0                              0.778162
t177__t1                              0.775666
xru177.dt                                    0
t177__t0                              0.775666
t178__t1                               0.77317
xru178.dt                                    0
t178__t0                               0.77317
t179__t1                              0.770674
xru179.dt                                    0
t179__t0                              0.770673
t180__t1                              0.768178
xru180.dt                                    0
t180__t0                              0.768172
t181__t0                              0.765676
xru181.dt                                    0
t181__t1                              0.765676
t182__t0                               0.76318
xru182.dt                                    0
t182__t1                               0.76318
t183__t0                              0.760684
xru183.dt                                    0
t183__t1                              0.760684
t184__t0                              0.758188
xru184.dt                                    0
t184__t1                              0.758188
t185__t0                              0.755692
xru185.dt                                    0
t185__t1                              0.755692
t186__t0                              0.753196
xru186.dt                                    0
t186__t1                              0.753196
t187__t0                                0.7507
xru187.dt                                    0
t187__t1                                0.7507
t188__t0                              0.748204
xru188.dt                                    0
t188__t1                              0.748204
t189__t0                              0.745708
xru189.dt                                    0
t189__t1                              0.745708
t190__t0                              0.743212
xru190.dt                                    0
t190__t1                              0.743212
t191__t0                              0.740716
xru191.dt                                    0
t191__t1                              0.740716
t192__t0                               0.73822
xru192.dt                                    0
t192__t1                               0.73822
t193__t0                              0.735724
xru193.dt                                    0
t193__t1                              0.735724
t194__t0                              0.733228
xru194.dt                                    0
t194__t1                              0.733228
t195__t0                              0.730732
xru195.dt                                    0
t195__t1                              0.730726
t196__t1                               0.72823
xru196.dt                                    0
t196__t0                               0.72823
t197__t1                              0.725734
xru197.dt                                    0
t197__t0                              0.725734
t198__t1                              0.723238
xru198.dt                                    0
t198__t0                              0.723238
t199__t1                              0.720742
xru199.dt                                    0
t199__t0                              0.720742
t200__t1                              0.718246
xru200.dt                                    0
t200__t0                              0.718246
t201__t1                               0.71575
xru201.dt                                    0
t201__t0                               0.71575
t202__t1                              0.713254
xru202.dt                                    0
t202__t0                              0.713254
t203__t1                              0.710758
xru203.dt                                    0
t203__t0                              0.710758
t204__t1                              0.708262
xru204.dt                                    0
t204__t0                              0.708262
t205__t1                              0.705766
xru205.dt                                    0
t205__t0                              0.705766
t206__t1                               0.70327
xru206.dt                                    0
t206__t0                               0.70327
t207__t1                              0.700774
xru207.dt                                    0
t207__t0                              0.700774
t208__t1                              0.698278
xru208.dt                                    0
t208__t0                              0.698278
t209__t1                              0.695782
xru209.dt                                    0
t209__t0                              0.695782
t210__t1                              0.693286
xru210.dt                                    0
t210__t0                               0.69328
t211__t0                              0.690784
xru211.dt                                    0
t211__t1                              0.690784
t212__t0                              0.688288
xru212.dt                                    0
t212__t1                              0.688288
t213__t0                              0.685792
xru213.dt                                    0
t213__t1                              0.685792
t214__t0                              0.683296
xru214.dt                                    0
t214__t1                              0.683296
t215__t0                                0.6808
xru215.dt                                    0
t215__t1                                0.6808
t216__t0                              0.678304
xru216.dt                                    0
t216__t1                              0.678304
t217__t0                              0.675808
xru217.dt                                    0
t217__t1                              0.675808
t218__t0                              0.673312
xru218.dt                                    0
t218__t1                              0.673312
t219__t0                              0.670816
xru219.dt                                    0
t219__t1                              0.670816
t220__t0                               0.66832
xru220.dt                                    0
t220__t1                               0.66832
t221__t0                              0.665824
xru221.dt                                    0
t221__t1                              0.665824
t222__t0                              0.663328
xru222.dt                                    0
t222__t1                              0.663328
t223__t0                              0.660832
xru223.dt                                    0
t223__t1                              0.660832
t224__t0                              0.658336
xru224.dt                                    0
t224__t1                              0.658336
t225__t0                               0.65584
xru225.dt                                    0
t225__t1                              0.655834
t226__t1                              0.653338
xru226.dt                                    0
t226__t0                              0.653338
t227__t1                              0.650842
xru227.dt                                    0
t227__t0                              0.650842
t228__t1                              0.648346
xru228.dt                                    0
t228__t0                              0.648346
t229__t1                               0.64585
xru229.dt                                    0
t229__t0                               0.64585
t230__t1                              0.643354
xru230.dt                                    0
t230__t0                              0.643354
t231__t1                              0.640858
xru231.dt                                    0
t231__t0                              0.640858
t232__t1                              0.638362
xru232.dt                                    0
t232__t0                              0.638362
t233__t1                              0.635866
xru233.dt                                    0
t233__t0                              0.635866
t234__t1                               0.63337
xru234.dt                                    0
t234__t0                               0.63337
t235__t1                              0.630874
xru235.dt                                    0
t235__t0                              0.630874
t236__t1                              0.628378
xru236.dt                                    0
t236__t0                              0.628378
t237__t1                              0.625882
xru237.dt                                    0
t237__t0                              0.625882
t238__t1                              0.623386
xru238.dt                                    0
t238__t0                              0.623386
t239__t1                               0.62089
xru239.dt                                    0
t239__t0                               0.62089
t240__t1                              0.618394
xru240.dt                                    0
t240__t0                              0.618388
t241__t0                              0.615893
xru241.dt                                    0
t241__t1                              0.615892
t242__t0                              0.613397
xru242.dt                                    0
t242__t1                              0.613396
t243__t0                              0.610901
xru243.dt                                    0
t243__t1                                0.6109
t244__t0                              0.608405
xru244.dt                                    0
t244__t1                              0.608404
t245__t0                              0.605908
xru245.dt                                    0
t245__t1                              0.605908
t246__t0                              0.603412
xru246.dt                                    0
t246__t1                              0.603412
t247__t0                              0.600916
xru247.dt                                    0
t247__t1                              0.600916
t248__t0                               0.59842
xru248.dt                                    0
t248__t1                               0.59842
t249__t0                              0.595924
xru249.dt                                    0
t249__t1                              0.595924
t250__t0                              0.593428
xru250.dt                                    0
t250__t1                              0.593428
t251__t0                              0.590932
xru251.dt                                    0
t251__t1                              0.590932
t252__t0                              0.588436
xru252.dt                                    0
t252__t1                              0.588436
t253__t0                               0.58594
xru253.dt                                    0
t253__t1                               0.58594
t254__t0                              0.583444
xru254.dt                                    0
t254__t1                              0.583444
cb3__t0                               0.580948
xru255.dt                                    0
sns1                                  0.580278
xq1.s1                             3.42325e-08
xq1.t                                0.0335204
cb2                                   0.506217
xq2.s1                             4.11958e-07
xq2.t                               0.00453698
cb3                                   0.580747
xq3.s1                             3.42341e-08
xq3.t                                0.0339908
sns2                                  0.562472
tn0                                   0.900494
t002                                  0.900494
t004                                  0.900494
t005                                  0.900494
t006                                  0.900494
t008                                  0.900494
t009                                  0.900494
t010                                  0.900494
t011                                  0.900494
t012                                  0.900494
t013                                  0.900494
t014                                  0.900494
t016                                  0.900494
t017                                  0.900494
t018                                  0.900494
t019                                  0.900494
t020                                  0.900494
t021                                  0.900494
t022                                  0.900494
t023                                  0.900494
t024                                  0.900494
t025                                  0.900494
t026                                  0.900494
t027                                  0.900494
t028                                  0.900494
t029                                  0.900494
t030                                  0.900494
t032                                  0.900494
t033                                  0.900494
t034                                  0.900494
t035                                  0.900494
t036                                  0.900494
t037                                  0.900494
t038                                  0.900494
t039                                  0.900494
t040                                  0.900494
t041                                  0.900494
t042                                  0.900494
t043                                  0.900494
t044                                  0.900494
t045                                  0.900494
t046                                  0.900494
t047                                  0.900494
t048                                  0.900494
t049                                  0.900494
t050                                  0.900494
t051                                  0.900494
t052                                  0.900494
t053                                  0.900494
t054                                  0.900494
t055                                  0.900494
t056                                  0.900494
t057                                  0.900494
t058                                  0.900494
t059                                  0.900494
t060                                  0.900494
t061                                  0.900494
t062                                  0.900494
t064                                  0.900494
t065                                  0.900494
t066                                  0.900494
t067                                  0.900494
t068                                  0.900494
t069                                  0.900494
t070                                  0.900494
t071                                  0.900494
t072                                  0.900494
t073                                  0.900494
t074                                  0.900494
t075                                  0.900494
t076                                  0.900494
t077                                  0.900494
t078                                  0.900494
t079                                  0.900494
t080                                  0.900494
t081                                  0.900494
t082                                  0.900494
t083                                  0.900494
t084                                  0.900494
t085                                  0.900494
t086                                  0.900494
t087                                  0.900494
t088                                  0.900494
t089                                  0.900494
t090                                  0.900494
t091                                  0.900494
t092                                  0.900494
t093                                  0.900494
t094                                  0.900494
t095                                  0.900494
t096                                  0.900494
t097                                  0.900494
t098                                  0.900494
t099                                  0.900494
t100                                  0.900494
t101                                  0.900494
t102                                  0.900494
t103                                  0.900494
t104                                  0.900494
t105                                  0.900494
t106                                  0.900494
t107                                  0.900494
t108                                  0.900494
t109                                  0.900494
t110                                  0.900494
t111                                  0.900494
t112                                  0.900494
t113                                  0.900494
t114                                  0.900494
t115                                  0.900494
t116                                  0.900494
t117                                  0.900494
t118                                  0.900494
t119                                  0.900494
t120                                  0.900494
t121                                  0.900494
t122                                  0.900494
t123                                  0.900494
t124                                  0.900494
t125                                  0.900494
t126                                  0.900494
t128                                  0.897988
t129                                  0.895492
t130                                  0.892996
t131                                  0.890499
t132                                  0.888003
t133                                  0.885507
t134                                  0.883011
t135                                  0.880513
t136                                  0.878014
t137                                  0.875518
t138                                  0.873022
t139                                  0.870526
t140                                   0.86803
t141                                  0.865534
t142                                  0.863038
t143                                  0.860542
t144                                  0.858046
t145                                   0.85555
t146                                  0.853054
t147                                  0.850558
t148                                  0.848062
t149                                  0.845565
t150                                  0.843067
t151                                  0.840568
t152                                  0.838072
t153                                  0.835576
t154                                   0.83308
t155                                  0.830584
t156                                  0.828088
t157                                  0.825592
t158                                  0.823096
t159                                    0.8206
t160                                  0.818104
t161                                  0.815608
t162                                  0.813112
t163                                  0.810616
t164                                   0.80812
t165                                  0.805621
t166                                  0.803122
t167                                  0.800626
t168                                   0.79813
t169                                  0.795634
t170                                  0.793138
t171                                  0.790642
t172                                  0.788146
t173                                   0.78565
t174                                  0.783154
t175                                  0.780658
t176                                  0.778162
t177                                  0.775666
t178                                   0.77317
t179                                  0.770674
t180                                  0.768175
t181                                  0.765676
t182                                   0.76318
t183                                  0.760684
t184                                  0.758188
t185                                  0.755692
t186                                  0.753196
t187                                    0.7507
t188                                  0.748204
t189                                  0.745708
t190                                  0.743212
t191                                  0.740716
t192                                   0.73822
t193                                  0.735724
t194                                  0.733228
t195                                  0.730729
t196                                   0.72823
t197                                  0.725734
t198                                  0.723238
t199                                  0.720742
t200                                  0.718246
t201                                   0.71575
t202                                  0.713254
t203                                  0.710758
t204                                  0.708262
t205                                  0.705766
t206                                   0.70327
t207                                  0.700774
t208                                  0.698278
t209                                  0.695782
t210                                  0.693283
t211                                  0.690784
t212                                  0.688288
t213                                  0.685792
t214                                  0.683296
t215                                    0.6808
t216                                  0.678304
t217                                  0.675808
t218                                  0.673312
t219                                  0.670816
t220                                   0.66832
t221                                  0.665824
t222                                  0.663328
t223                                  0.660832
t224                                  0.658336
t225                                  0.655837
t226                                  0.653338
t227                                  0.650842
t228                                  0.648346
t229                                   0.64585
t230                                  0.643354
t231                                  0.640858
t232                                  0.638362
t233                                  0.635866
t234                                   0.63337
t235                                  0.630874
t236                                  0.628378
t237                                  0.625882
t238                                  0.623386
t239                                   0.62089
t240                                  0.618391
t241                                  0.615892
t242                                  0.613396
t243                                    0.6109
t244                                  0.608404
t245                                  0.605908
t246                                  0.603412
t247                                  0.600916
t248                                   0.59842
t249                                  0.595924
t250                                  0.593428
t251                                  0.590932
t252                                  0.588436
t253                                   0.58594
t254                                  0.583444
vref                                  0.925998
vss__par                                     0
pa_00                                0.0740608
pa_01                              5.13026e-06
pa_02                              5.15575e-06
pa_03                                  66964.1
pa_04                                  10965.2
bpa_04#branch                                0
vm2a#branch                        4.58567e-06
vm2b#branch                        5.44593e-07
bpa_03#branch                                0
vm3a#branch                        4.07009e-06
vm3b#branch                        5.42832e-07
vm3c#branch                        5.42829e-07
bpa_02#branch                                0
bpa_01#branch                                0
bpa_00#branch                                0
vm1#branch                         5.08869e-06
vvss#branch                        2.03747e-05
vvdd#branch                       -2.03747e-05


No. of Data Rows : 59

  Measurements for Transient Analysis

vref_v              =  9.25998e-01
vpexfb_v            =  2.56506e+00
vbe_q1_v            =  5.80278e-01
vbe_q2_v            =  5.06217e-01
vbe_q3_v            =  5.80748e-01
dvbe_ptat_v         =  7.40608e-02
i_leg1_a            =  5.08869e-06
i_leg2_a            =  5.13026e-06
i_leg3_a            =  5.15575e-06
r1_ohm              =  6.69641e+04
r2_ohm              =  1.09652e+04

ngspice-46 done
