
Note: No compatibility mode selected!


Circuit: * klt sim -- generated corner deck, do not edit

Doing analysis at TEMP = 27.000000 and TNOM = 27.000000

Using SPARSE 1.3 as Direct Linear Solver

Initial Transient Solution
--------------------------

Node                                   Voltage
----                                   -------
vdd                                        3.3
vss                                          0
fb                                     2.46739
vdd__t0                                3.29997
vm1_p                                 0.708588
vdd__t1                                    3.3
sns1__t0                              0.708588
vdd__t2                                3.29999
vm2a_p                                0.708946
vdd__t3                                    3.3
sns2__t0                              0.708946
vdd__t4                                    3.3
vm2b_p                                0.708934
vdd__t5                                    3.3
sns2__t1                              0.708934
vdd__t6                                3.29999
vm3a_p                                 1.05187
vdd__t7                                    3.3
vref__t0                               1.05187
vdd__t10                                   3.3
vm3b_p                                 1.05186
vdd__t8                                    3.3
vref__t2                               1.05186
vdd__t11                                   3.3
vm3c_p                                 1.05186
vdd__t9                                    3.3
vref__t3                               1.05186
sns2__t2                               0.70891
vsubs                                        0
cb2__t0                               0.653762
xr2.dt                                       0
vref__t1                               1.05183
tn0__t2                                1.02673
xr1.dt                                       0
tn0__t0                                1.02671
tn0__t1                                1.02671
xru1.dt                                      0
tn0__t8                                1.02671
t002__t1                               1.02671
xru2.dt                                      0
t002__t0                               1.02671
tn0__t13                               1.02671
xru3.dt                                      0
tn0__t15                               1.02671
t004__t0                               1.02671
xru4.dt                                      0
t004__t1                               1.02671
t005__t0                               1.02671
xru5.dt                                      0
t005__t1                               1.02671
t006__t0                               1.02671
xru6.dt                                      0
t006__t1                               1.02671
tn0__t9                                1.02671
xru7.dt                                      0
tn0__t11                               1.02671
t008__t0                               1.02671
xru8.dt                                      0
t008__t1                               1.02671
t009__t0                               1.02671
xru9.dt                                      0
t009__t1                               1.02671
t010__t0                               1.02671
xru10.dt                                     0
t010__t1                               1.02671
t011__t0                               1.02671
xru11.dt                                     0
t011__t1                               1.02671
t012__t0                               1.02671
xru12.dt                                     0
t012__t1                               1.02671
t013__t0                               1.02671
xru13.dt                                     0
t013__t1                               1.02671
t014__t0                               1.02671
xru14.dt                                     0
t014__t1                               1.02671
tn0__t3                                1.02671
xru15.dt                                     0
tn0__t4                                1.02671
t016__t1                               1.02671
xru16.dt                                     0
t016__t0                               1.02671
t017__t1                               1.02671
xru17.dt                                     0
t017__t0                               1.02671
t018__t1                               1.02671
xru18.dt                                     0
t018__t0                               1.02671
t019__t1                               1.02671
xru19.dt                                     0
t019__t0                               1.02671
t020__t1                               1.02671
xru20.dt                                     0
t020__t0                               1.02671
t021__t1                               1.02671
xru21.dt                                     0
t021__t0                               1.02671
t022__t1                               1.02671
xru22.dt                                     0
t022__t0                               1.02671
t023__t1                               1.02671
xru23.dt                                     0
t023__t0                               1.02671
t024__t1                               1.02671
xru24.dt                                     0
t024__t0                               1.02671
t025__t1                               1.02671
xru25.dt                                     0
t025__t0                               1.02671
t026__t1                               1.02671
xru26.dt                                     0
t026__t0                               1.02671
t027__t1                               1.02671
xru27.dt                                     0
t027__t0                               1.02671
t028__t1                               1.02671
xru28.dt                                     0
t028__t0                               1.02671
t029__t1                               1.02671
xru29.dt                                     0
t029__t0                               1.02671
t030__t1                               1.02671
xru30.dt                                     0
t030__t0                               1.02671
tn0__t6                                1.02671
xru31.dt                                     0
tn0__t12                               1.02671
t032__t0                               1.02671
xru32.dt                                     0
t032__t1                               1.02671
t033__t0                               1.02671
xru33.dt                                     0
t033__t1                               1.02671
t034__t0                               1.02671
xru34.dt                                     0
t034__t1                               1.02671
t035__t0                               1.02671
xru35.dt                                     0
t035__t1                               1.02671
t036__t0                               1.02671
xru36.dt                                     0
t036__t1                               1.02671
t037__t0                               1.02671
xru37.dt                                     0
t037__t1                               1.02671
t038__t0                               1.02671
xru38.dt                                     0
t038__t1                               1.02671
t039__t0                               1.02671
xru39.dt                                     0
t039__t1                               1.02671
t040__t0                               1.02671
xru40.dt                                     0
t040__t1                               1.02671
t041__t0                               1.02671
xru41.dt                                     0
t041__t1                               1.02671
t042__t0                               1.02671
xru42.dt                                     0
t042__t1                               1.02671
t043__t0                               1.02671
xru43.dt                                     0
t043__t1                               1.02671
t044__t0                               1.02671
xru44.dt                                     0
t044__t1                               1.02671
t045__t0                               1.02671
xru45.dt                                     0
t045__t1                               1.02671
t046__t1                               1.02671
xru46.dt                                     0
t046__t0                               1.02671
t047__t1                               1.02671
xru47.dt                                     0
t047__t0                               1.02671
t048__t1                               1.02671
xru48.dt                                     0
t048__t0                               1.02671
t049__t1                               1.02671
xru49.dt                                     0
t049__t0                               1.02671
t050__t1                               1.02671
xru50.dt                                     0
t050__t0                               1.02671
t051__t1                               1.02671
xru51.dt                                     0
t051__t0                               1.02671
t052__t1                               1.02671
xru52.dt                                     0
t052__t0                               1.02671
t053__t1                               1.02671
xru53.dt                                     0
t053__t0                               1.02671
t054__t1                               1.02671
xru54.dt                                     0
t054__t0                               1.02671
t055__t1                               1.02671
xru55.dt                                     0
t055__t0                               1.02671
t056__t1                               1.02671
xru56.dt                                     0
t056__t0                               1.02671
t057__t1                               1.02671
xru57.dt                                     0
t057__t0                               1.02671
t058__t1                               1.02671
xru58.dt                                     0
t058__t0                               1.02671
t059__t1                               1.02671
xru59.dt                                     0
t059__t0                               1.02671
t060__t1                               1.02671
xru60.dt                                     0
t060__t0                               1.02671
t061__t0                               1.02671
xru61.dt                                     0
t061__t1                               1.02671
t062__t0                               1.02671
xru62.dt                                     0
t062__t1                               1.02671
tn0__t7                                1.02671
xru63.dt                                     0
tn0__t14                               1.02671
t064__t0                               1.02671
xru64.dt                                     0
t064__t1                               1.02671
t065__t0                               1.02671
xru65.dt                                     0
t065__t1                               1.02671
t066__t0                               1.02671
xru66.dt                                     0
t066__t1                               1.02671
t067__t0                               1.02671
xru67.dt                                     0
t067__t1                               1.02671
t068__t0                               1.02671
xru68.dt                                     0
t068__t1                               1.02671
t069__t0                               1.02671
xru69.dt                                     0
t069__t1                               1.02671
t070__t0                               1.02671
xru70.dt                                     0
t070__t1                               1.02671
t071__t0                               1.02671
xru71.dt                                     0
t071__t1                               1.02671
t072__t0                               1.02671
xru72.dt                                     0
t072__t1                               1.02671
t073__t0                               1.02671
xru73.dt                                     0
t073__t1                               1.02671
t074__t0                               1.02671
xru74.dt                                     0
t074__t1                               1.02671
t075__t0                               1.02671
xru75.dt                                     0
t075__t1                               1.02671
t076__t1                               1.02671
xru76.dt                                     0
t076__t0                               1.02671
t077__t1                               1.02671
xru77.dt                                     0
t077__t0                               1.02671
t078__t1                               1.02671
xru78.dt                                     0
t078__t0                               1.02671
t079__t1                               1.02671
xru79.dt                                     0
t079__t0                               1.02671
t080__t1                               1.02671
xru80.dt                                     0
t080__t0                               1.02671
t081__t1                               1.02671
xru81.dt                                     0
t081__t0                               1.02671
t082__t1                               1.02671
xru82.dt                                     0
t082__t0                               1.02671
t083__t1                               1.02671
xru83.dt                                     0
t083__t0                               1.02671
t084__t1                               1.02671
xru84.dt                                     0
t084__t0                               1.02671
t085__t1                               1.02671
xru85.dt                                     0
t085__t0                               1.02671
t086__t1                               1.02671
xru86.dt                                     0
t086__t0                               1.02671
t087__t1                               1.02671
xru87.dt                                     0
t087__t0                               1.02671
t088__t1                               1.02671
xru88.dt                                     0
t088__t0                               1.02671
t089__t1                               1.02671
xru89.dt                                     0
t089__t0                               1.02671
t090__t1                               1.02671
xru90.dt                                     0
t090__t0                               1.02671
t091__t0                               1.02671
xru91.dt                                     0
t091__t1                               1.02671
t092__t0                               1.02671
xru92.dt                                     0
t092__t1                               1.02671
t093__t0                               1.02671
xru93.dt                                     0
t093__t1                               1.02671
t094__t0                               1.02671
xru94.dt                                     0
t094__t1                               1.02671
t095__t0                               1.02671
xru95.dt                                     0
t095__t1                               1.02671
t096__t0                               1.02671
xru96.dt                                     0
t096__t1                               1.02671
t097__t0                               1.02671
xru97.dt                                     0
t097__t1                               1.02671
t098__t0                               1.02671
xru98.dt                                     0
t098__t1                               1.02671
t099__t0                               1.02671
xru99.dt                                     0
t099__t1                               1.02671
t100__t0                               1.02671
xru100.dt                                    0
t100__t1                               1.02671
t101__t0                               1.02671
xru101.dt                                    0
t101__t1                               1.02671
t102__t0                               1.02671
xru102.dt                                    0
t102__t1                               1.02671
t103__t0                               1.02671
xru103.dt                                    0
t103__t1                               1.02671
t104__t0                               1.02671
xru104.dt                                    0
t104__t1                               1.02671
t105__t0                               1.02671
xru105.dt                                    0
t105__t1                               1.02671
t106__t1                               1.02671
xru106.dt                                    0
t106__t0                               1.02671
t107__t1                               1.02671
xru107.dt                                    0
t107__t0                               1.02671
t108__t1                               1.02671
xru108.dt                                    0
t108__t0                               1.02671
t109__t1                               1.02671
xru109.dt                                    0
t109__t0                               1.02671
t110__t1                               1.02671
xru110.dt                                    0
t110__t0                               1.02671
t111__t1                               1.02671
xru111.dt                                    0
t111__t0                               1.02671
t112__t1                               1.02671
xru112.dt                                    0
t112__t0                               1.02671
t113__t1                               1.02671
xru113.dt                                    0
t113__t0                               1.02671
t114__t1                               1.02671
xru114.dt                                    0
t114__t0                               1.02671
t115__t1                               1.02671
xru115.dt                                    0
t115__t0                               1.02671
t116__t1                               1.02671
xru116.dt                                    0
t116__t0                               1.02671
t117__t1                               1.02671
xru117.dt                                    0
t117__t0                               1.02671
t118__t1                               1.02671
xru118.dt                                    0
t118__t0                               1.02671
t119__t1                               1.02671
xru119.dt                                    0
t119__t0                               1.02671
t120__t1                               1.02671
xru120.dt                                    0
t120__t0                               1.02671
t121__t0                               1.02671
xru121.dt                                    0
t121__t1                               1.02671
t122__t0                               1.02671
xru122.dt                                    0
t122__t1                               1.02671
t123__t0                               1.02671
xru123.dt                                    0
t123__t1                               1.02671
t124__t0                               1.02671
xru124.dt                                    0
t124__t1                               1.02671
t125__t0                               1.02671
xru125.dt                                    0
t125__t1                               1.02671
t126__t0                               1.02671
xru126.dt                                    0
t126__t1                               1.02671
tn0__t5                                1.02671
xru127.dt                                    0
tn0__t10                                1.0267
t128__t0                               1.02422
xru128.dt                                    0
t128__t1                               1.02422
t129__t0                               1.02174
xru129.dt                                    0
t129__t1                               1.02174
t130__t0                               1.01926
xru130.dt                                    0
t130__t1                               1.01926
t131__t0                               1.01678
xru131.dt                                    0
t131__t1                               1.01678
t132__t0                                1.0143
xru132.dt                                    0
t132__t1                                1.0143
t133__t0                               1.01182
xru133.dt                                    0
t133__t1                               1.01182
t134__t0                               1.00934
xru134.dt                                    0
t134__t1                               1.00934
t135__t0                               1.00686
xru135.dt                                    0
t135__t1                               1.00685
t136__t1                               1.00437
xru136.dt                                    0
t136__t0                               1.00437
t137__t1                               1.00189
xru137.dt                                    0
t137__t0                               1.00189
t138__t1                              0.999412
xru138.dt                                    0
t138__t0                              0.999412
t139__t1                              0.996932
xru139.dt                                    0
t139__t0                              0.996932
t140__t1                              0.994452
xru140.dt                                    0
t140__t0                              0.994452
t141__t1                              0.991973
xru141.dt                                    0
t141__t0                              0.991972
t142__t1                              0.989493
xru142.dt                                    0
t142__t0                              0.989492
t143__t1                              0.987013
xru143.dt                                    0
t143__t0                              0.987013
t144__t1                              0.984533
xru144.dt                                    0
t144__t0                              0.984533
t145__t1                              0.982053
xru145.dt                                    0
t145__t0                              0.982053
t146__t1                              0.979573
xru146.dt                                    0
t146__t0                              0.979573
t147__t1                              0.977093
xru147.dt                                    0
t147__t0                              0.977093
t148__t1                              0.974614
xru148.dt                                    0
t148__t0                              0.974613
t149__t1                              0.972134
xru149.dt                                    0
t149__t0                              0.972133
t150__t1                              0.969654
xru150.dt                                    0
t150__t0                              0.969648
t151__t0                              0.967168
xru151.dt                                    0
t151__t1                              0.967168
t152__t0                              0.964689
xru152.dt                                    0
t152__t1                              0.964688
t153__t0                              0.962209
xru153.dt                                    0
t153__t1                              0.962208
t154__t0                              0.959729
xru154.dt                                    0
t154__t1                              0.959729
t155__t0                              0.957249
xru155.dt                                    0
t155__t1                              0.957249
t156__t0                              0.954769
xru156.dt                                    0
t156__t1                              0.954769
t157__t0                              0.952289
xru157.dt                                    0
t157__t1                              0.952289
t158__t0                              0.949809
xru158.dt                                    0
t158__t1                              0.949809
t159__t0                              0.947329
xru159.dt                                    0
t159__t1                              0.947329
t160__t0                               0.94485
xru160.dt                                    0
t160__t1                              0.944849
t161__t0                               0.94237
xru161.dt                                    0
t161__t1                              0.942369
t162__t0                               0.93989
xru162.dt                                    0
t162__t1                               0.93989
t163__t0                               0.93741
xru163.dt                                    0
t163__t1                               0.93741
t164__t0                               0.93493
xru164.dt                                    0
t164__t1                               0.93493
t165__t0                               0.93245
xru165.dt                                    0
t165__t1                              0.932444
t166__t1                              0.929965
xru166.dt                                    0
t166__t0                              0.929965
t167__t1                              0.927485
xru167.dt                                    0
t167__t0                              0.927485
t168__t1                              0.925005
xru168.dt                                    0
t168__t0                              0.925005
t169__t1                              0.922525
xru169.dt                                    0
t169__t0                              0.922525
t170__t1                              0.920045
xru170.dt                                    0
t170__t0                              0.920045
t171__t1                              0.917566
xru171.dt                                    0
t171__t0                              0.917565
t172__t1                              0.915086
xru172.dt                                    0
t172__t0                              0.915085
t173__t1                              0.912606
xru173.dt                                    0
t173__t0                              0.912606
t174__t1                              0.910126
xru174.dt                                    0
t174__t0                              0.910126
t175__t1                              0.907646
xru175.dt                                    0
t175__t0                              0.907646
t176__t1                              0.905166
xru176.dt                                    0
t176__t0                              0.905166
t177__t1                              0.902686
xru177.dt                                    0
t177__t0                              0.902686
t178__t1                              0.900207
xru178.dt                                    0
t178__t0                              0.900206
t179__t1                              0.897727
xru179.dt                                    0
t179__t0                              0.897726
t180__t1                              0.895247
xru180.dt                                    0
t180__t0                              0.895241
t181__t0                              0.892761
xru181.dt                                    0
t181__t1                              0.892761
t182__t0                              0.890282
xru182.dt                                    0
t182__t1                              0.890281
t183__t0                              0.887802
xru183.dt                                    0
t183__t1                              0.887801
t184__t0                              0.885322
xru184.dt                                    0
t184__t1                              0.885321
t185__t0                              0.882842
xru185.dt                                    0
t185__t1                              0.882842
t186__t0                              0.880362
xru186.dt                                    0
t186__t1                              0.880362
t187__t0                              0.877882
xru187.dt                                    0
t187__t1                              0.877882
t188__t0                              0.875402
xru188.dt                                    0
t188__t1                              0.875402
t189__t0                              0.872922
xru189.dt                                    0
t189__t1                              0.872922
t190__t0                              0.870443
xru190.dt                                    0
t190__t1                              0.870442
t191__t0                              0.867963
xru191.dt                                    0
t191__t1                              0.867962
t192__t0                              0.865483
xru192.dt                                    0
t192__t1                              0.865483
t193__t0                              0.863003
xru193.dt                                    0
t193__t1                              0.863003
t194__t0                              0.860523
xru194.dt                                    0
t194__t1                              0.860523
t195__t0                              0.858043
xru195.dt                                    0
t195__t1                              0.858037
t196__t1                              0.855558
xru196.dt                                    0
t196__t0                              0.855558
t197__t1                              0.853078
xru197.dt                                    0
t197__t0                              0.853078
t198__t1                              0.850598
xru198.dt                                    0
t198__t0                              0.850598
t199__t1                              0.848118
xru199.dt                                    0
t199__t0                              0.848118
t200__t1                              0.845638
xru200.dt                                    0
t200__t0                              0.845638
t201__t1                              0.843159
xru201.dt                                    0
t201__t0                              0.843158
t202__t1                              0.840679
xru202.dt                                    0
t202__t0                              0.840678
t203__t1                              0.838199
xru203.dt                                    0
t203__t0                              0.838199
t204__t1                              0.835719
xru204.dt                                    0
t204__t0                              0.835719
t205__t1                              0.833239
xru205.dt                                    0
t205__t0                              0.833239
t206__t1                              0.830759
xru206.dt                                    0
t206__t0                              0.830759
t207__t1                              0.828279
xru207.dt                                    0
t207__t0                              0.828279
t208__t1                              0.825799
xru208.dt                                    0
t208__t0                              0.825799
t209__t1                               0.82332
xru209.dt                                    0
t209__t0                              0.823319
t210__t1                               0.82084
xru210.dt                                    0
t210__t0                              0.820834
t211__t0                              0.818354
xru211.dt                                    0
t211__t1                              0.818354
t212__t0                              0.815874
xru212.dt                                    0
t212__t1                              0.815874
t213__t0                              0.813395
xru213.dt                                    0
t213__t1                              0.813394
t214__t0                              0.810915
xru214.dt                                    0
t214__t1                              0.810914
t215__t0                              0.808435
xru215.dt                                    0
t215__t1                              0.808435
t216__t0                              0.805955
xru216.dt                                    0
t216__t1                              0.805955
t217__t0                              0.803475
xru217.dt                                    0
t217__t1                              0.803475
t218__t0                              0.800995
xru218.dt                                    0
t218__t1                              0.800995
t219__t0                              0.798515
xru219.dt                                    0
t219__t1                              0.798515
t220__t0                              0.796036
xru220.dt                                    0
t220__t1                              0.796035
t221__t0                              0.793556
xru221.dt                                    0
t221__t1                              0.793555
t222__t0                              0.791076
xru222.dt                                    0
t222__t1                              0.791076
t223__t0                              0.788596
xru223.dt                                    0
t223__t1                              0.788596
t224__t0                              0.786116
xru224.dt                                    0
t224__t1                              0.786116
t225__t0                              0.783636
xru225.dt                                    0
t225__t1                               0.78363
t226__t1                              0.781151
xru226.dt                                    0
t226__t0                              0.781151
t227__t1                              0.778671
xru227.dt                                    0
t227__t0                              0.778671
t228__t1                              0.776191
xru228.dt                                    0
t228__t0                              0.776191
t229__t1                              0.773711
xru229.dt                                    0
t229__t0                              0.773711
t230__t1                              0.771231
xru230.dt                                    0
t230__t0                              0.771231
t231__t1                              0.768751
xru231.dt                                    0
t231__t0                              0.768751
t232__t1                              0.766272
xru232.dt                                    0
t232__t0                              0.766271
t233__t1                              0.763792
xru233.dt                                    0
t233__t0                              0.763791
t234__t1                              0.761312
xru234.dt                                    0
t234__t0                              0.761312
t235__t1                              0.758832
xru235.dt                                    0
t235__t0                              0.758832
t236__t1                              0.756352
xru236.dt                                    0
t236__t0                              0.756352
t237__t1                              0.753872
xru237.dt                                    0
t237__t0                              0.753872
t238__t1                              0.751392
xru238.dt                                    0
t238__t0                              0.751392
t239__t1                              0.748913
xru239.dt                                    0
t239__t0                              0.748912
t240__t1                              0.746433
xru240.dt                                    0
t240__t0                              0.746427
t241__t0                              0.743947
xru241.dt                                    0
t241__t1                              0.743947
t242__t0                              0.741467
xru242.dt                                    0
t242__t1                              0.741467
t243__t0                              0.738988
xru243.dt                                    0
t243__t1                              0.738987
t244__t0                              0.736508
xru244.dt                                    0
t244__t1                              0.736507
t245__t0                              0.734028
xru245.dt                                    0
t245__t1                              0.734028
t246__t0                              0.731548
xru246.dt                                    0
t246__t1                              0.731548
t247__t0                              0.729068
xru247.dt                                    0
t247__t1                              0.729068
t248__t0                              0.726588
xru248.dt                                    0
t248__t1                              0.726588
t249__t0                              0.724108
xru249.dt                                    0
t249__t1                              0.724108
t250__t0                              0.721629
xru250.dt                                    0
t250__t1                              0.721628
t251__t0                              0.719149
xru251.dt                                    0
t251__t1                              0.719148
t252__t0                              0.716669
xru252.dt                                    0
t252__t1                              0.716669
t253__t0                              0.714189
xru253.dt                                    0
t253__t1                              0.714189
t254__t0                              0.711709
xru254.dt                                    0
t254__t1                              0.711709
cb3__t0                               0.709229
xru255.dt                                    0
sns1                                  0.708511
xq1.s1                             2.84106e-10
xq1.t                                0.0409004
cb2                                   0.653643
xq2.s1                             7.33555e-10
xq2.t                               0.00587339
cb3                                   0.709027
xq3.s1                             2.84311e-10
xq3.t                                0.0417311
sns2                                  0.708933
tn0                                    1.02671
t002                                   1.02671
t004                                   1.02671
t005                                   1.02671
t006                                   1.02671
t008                                   1.02671
t009                                   1.02671
t010                                   1.02671
t011                                   1.02671
t012                                   1.02671
t013                                   1.02671
t014                                   1.02671
t016                                   1.02671
t017                                   1.02671
t018                                   1.02671
t019                                   1.02671
t020                                   1.02671
t021                                   1.02671
t022                                   1.02671
t023                                   1.02671
t024                                   1.02671
t025                                   1.02671
t026                                   1.02671
t027                                   1.02671
t028                                   1.02671
t029                                   1.02671
t030                                   1.02671
t032                                   1.02671
t033                                   1.02671
t034                                   1.02671
t035                                   1.02671
t036                                   1.02671
t037                                   1.02671
t038                                   1.02671
t039                                   1.02671
t040                                   1.02671
t041                                   1.02671
t042                                   1.02671
t043                                   1.02671
t044                                   1.02671
t045                                   1.02671
t046                                   1.02671
t047                                   1.02671
t048                                   1.02671
t049                                   1.02671
t050                                   1.02671
t051                                   1.02671
t052                                   1.02671
t053                                   1.02671
t054                                   1.02671
t055                                   1.02671
t056                                   1.02671
t057                                   1.02671
t058                                   1.02671
t059                                   1.02671
t060                                   1.02671
t061                                   1.02671
t062                                   1.02671
t064                                   1.02671
t065                                   1.02671
t066                                   1.02671
t067                                   1.02671
t068                                   1.02671
t069                                   1.02671
t070                                   1.02671
t071                                   1.02671
t072                                   1.02671
t073                                   1.02671
t074                                   1.02671
t075                                   1.02671
t076                                   1.02671
t077                                   1.02671
t078                                   1.02671
t079                                   1.02671
t080                                   1.02671
t081                                   1.02671
t082                                   1.02671
t083                                   1.02671
t084                                   1.02671
t085                                   1.02671
t086                                   1.02671
t087                                   1.02671
t088                                   1.02671
t089                                   1.02671
t090                                   1.02671
t091                                   1.02671
t092                                   1.02671
t093                                   1.02671
t094                                   1.02671
t095                                   1.02671
t096                                   1.02671
t097                                   1.02671
t098                                   1.02671
t099                                   1.02671
t100                                   1.02671
t101                                   1.02671
t102                                   1.02671
t103                                   1.02671
t104                                   1.02671
t105                                   1.02671
t106                                   1.02671
t107                                   1.02671
t108                                   1.02671
t109                                   1.02671
t110                                   1.02671
t111                                   1.02671
t112                                   1.02671
t113                                   1.02671
t114                                   1.02671
t115                                   1.02671
t116                                   1.02671
t117                                   1.02671
t118                                   1.02671
t119                                   1.02671
t120                                   1.02671
t121                                   1.02671
t122                                   1.02671
t123                                   1.02671
t124                                   1.02671
t125                                   1.02671
t126                                   1.02671
t128                                   1.02422
t129                                   1.02174
t130                                   1.01926
t131                                   1.01678
t132                                    1.0143
t133                                   1.01182
t134                                   1.00934
t135                                   1.00685
t136                                   1.00437
t137                                   1.00189
t138                                  0.999412
t139                                  0.996932
t140                                  0.994452
t141                                  0.991972
t142                                  0.989493
t143                                  0.987013
t144                                  0.984533
t145                                  0.982053
t146                                  0.979573
t147                                  0.977093
t148                                  0.974613
t149                                  0.972134
t150                                  0.969651
t151                                  0.967168
t152                                  0.964688
t153                                  0.962209
t154                                  0.959729
t155                                  0.957249
t156                                  0.954769
t157                                  0.952289
t158                                  0.949809
t159                                  0.947329
t160                                  0.944849
t161                                   0.94237
t162                                   0.93989
t163                                   0.93741
t164                                   0.93493
t165                                  0.932447
t166                                  0.929965
t167                                  0.927485
t168                                  0.925005
t169                                  0.922525
t170                                  0.920045
t171                                  0.917565
t172                                  0.915086
t173                                  0.912606
t174                                  0.910126
t175                                  0.907646
t176                                  0.905166
t177                                  0.902686
t178                                  0.900206
t179                                  0.897726
t180                                  0.895244
t181                                  0.892761
t182                                  0.890281
t183                                  0.887801
t184                                  0.885322
t185                                  0.882842
t186                                  0.880362
t187                                  0.877882
t188                                  0.875402
t189                                  0.872922
t190                                  0.870442
t191                                  0.867963
t192                                  0.865483
t193                                  0.863003
t194                                  0.860523
t195                                   0.85804
t196                                  0.855558
t197                                  0.853078
t198                                  0.850598
t199                                  0.848118
t200                                  0.845638
t201                                  0.843158
t202                                  0.840679
t203                                  0.838199
t204                                  0.835719
t205                                  0.833239
t206                                  0.830759
t207                                  0.828279
t208                                  0.825799
t209                                  0.823319
t210                                  0.820837
t211                                  0.818354
t212                                  0.815874
t213                                  0.813394
t214                                  0.810915
t215                                  0.808435
t216                                  0.805955
t217                                  0.803475
t218                                  0.800995
t219                                  0.798515
t220                                  0.796035
t221                                  0.793556
t222                                  0.791076
t223                                  0.788596
t224                                  0.786116
t225                                  0.783633
t226                                  0.781151
t227                                  0.778671
t228                                  0.776191
t229                                  0.773711
t230                                  0.771231
t231                                  0.768751
t232                                  0.766271
t233                                  0.763792
t234                                  0.761312
t235                                  0.758832
t236                                  0.756352
t237                                  0.753872
t238                                  0.751392
t239                                  0.748912
t240                                   0.74643
t241                                  0.743947
t242                                  0.741467
t243                                  0.738987
t244                                  0.736508
t245                                  0.734028
t246                                  0.731548
t247                                  0.729068
t248                                  0.726588
t249                                  0.724108
t250                                  0.721628
t251                                  0.719149
t252                                  0.716669
t253                                  0.714189
t254                                  0.711709
vref                                   1.05186
vss__par                                     0
pa_00                                0.0548681
pa_01                              5.14349e-06
pa_02                              5.18479e-06
pa_03                                  66122.8
pa_04                                  10749.4
bpa_04#branch                                0
vm2a#branch                        4.58304e-06
vm2b#branch                        5.60453e-07
bpa_03#branch                                0
vm3a#branch                        4.06786e-06
vm3b#branch                        5.58465e-07
vm3c#branch                        5.58461e-07
bpa_02#branch                                0
bpa_01#branch                                0
bpa_00#branch                                0
vm1#branch                         5.08528e-06
vvss#branch                        2.04136e-05
vvdd#branch                       -2.04136e-05


No. of Data Rows : 59

  Measurements for Transient Analysis

vref_v              =  1.05186e+00
vpexfb_v            =  2.46739e+00
vbe_q1_v            =  7.08511e-01
vbe_q2_v            =  6.53643e-01
vbe_q3_v            =  7.09027e-01
dvbe_ptat_v         =  5.48681e-02
i_leg1_a            =  5.08528e-06
i_leg2_a            =  5.14349e-06
i_leg3_a            =  5.18479e-06
r1_ohm              =  6.61228e+04
r2_ohm              =  1.07494e+04

ngspice-46 done
