
Note: No compatibility mode selected!


Circuit: * klt sim -- generated corner deck, do not edit

Doing analysis at TEMP = 27.000000 and TNOM = 27.000000

Using SPARSE 1.3 as Direct Linear Solver


The temperature limiting function received NaN.
Please check your power dissipation and improve your heat sink Rth!
    This message will be shown only once.

Note: Starting dynamic gmin stepping
Note: Dynamic gmin stepping completed

Initial Transient Solution
--------------------------

Node                                   Voltage
----                                   -------
vdd                                       3.63
vss                                          0
fb                                     2.79739
vdd__t0                                3.62997
vm1_p                                 0.708662
vdd__t1                                   3.63
sns1__t0                              0.708662
vdd__t2                                3.62999
vm2a_p                                0.709178
vdd__t3                                   3.63
sns2__t0                              0.709178
vdd__t4                                   3.63
vm2b_p                                0.709167
vdd__t5                                   3.63
sns2__t1                              0.709167
vdd__t6                                3.62999
vm3a_p                                 1.05295
vdd__t7                                   3.63
vref__t0                               1.05295
vdd__t10                                  3.63
vm3b_p                                 1.05293
vdd__t8                                   3.63
vref__t2                               1.05293
vdd__t11                                  3.63
vm3c_p                                 1.05294
vdd__t9                                   3.63
vref__t3                               1.05294
sns2__t2                              0.709142
vsubs                                        0
cb2__t0                               0.653837
xr2.dt                                       0
vref__t1                                1.0529
tn0__t2                                1.02773
xr1.dt                                       0
tn0__t0                                1.02771
tn0__t1                                1.02771
xru1.dt                                      0
tn0__t8                                1.02771
t002__t1                               1.02771
xru2.dt                                      0
t002__t0                               1.02771
tn0__t13                               1.02771
xru3.dt                                      0
tn0__t15                               1.02771
t004__t0                               1.02771
xru4.dt                                      0
t004__t1                               1.02771
t005__t0                               1.02771
xru5.dt                                      0
t005__t1                               1.02771
t006__t0                               1.02771
xru6.dt                                      0
t006__t1                               1.02771
tn0__t9                                1.02771
xru7.dt                                      0
tn0__t11                               1.02771
t008__t0                               1.02771
xru8.dt                                      0
t008__t1                               1.02771
t009__t0                               1.02771
xru9.dt                                      0
t009__t1                               1.02771
t010__t0                               1.02771
xru10.dt                                     0
t010__t1                               1.02771
t011__t0                               1.02771
xru11.dt                                     0
t011__t1                               1.02771
t012__t0                               1.02771
xru12.dt                                     0
t012__t1                               1.02771
t013__t0                               1.02771
xru13.dt                                     0
t013__t1                               1.02771
t014__t0                               1.02771
xru14.dt                                     0
t014__t1                               1.02771
tn0__t3                                1.02771
xru15.dt                                     0
tn0__t4                                1.02771
t016__t1                               1.02771
xru16.dt                                     0
t016__t0                               1.02771
t017__t1                               1.02771
xru17.dt                                     0
t017__t0                               1.02771
t018__t1                               1.02771
xru18.dt                                     0
t018__t0                               1.02771
t019__t1                               1.02771
xru19.dt                                     0
t019__t0                               1.02771
t020__t1                               1.02771
xru20.dt                                     0
t020__t0                               1.02771
t021__t1                               1.02771
xru21.dt                                     0
t021__t0                               1.02771
t022__t1                               1.02771
xru22.dt                                     0
t022__t0                               1.02771
t023__t1                               1.02771
xru23.dt                                     0
t023__t0                               1.02771
t024__t1                               1.02771
xru24.dt                                     0
t024__t0                               1.02771
t025__t1                               1.02771
xru25.dt                                     0
t025__t0                               1.02771
t026__t1                               1.02771
xru26.dt                                     0
t026__t0                               1.02771
t027__t1                               1.02771
xru27.dt                                     0
t027__t0                               1.02771
t028__t1                               1.02771
xru28.dt                                     0
t028__t0                               1.02771
t029__t1                               1.02771
xru29.dt                                     0
t029__t0                               1.02771
t030__t1                               1.02771
xru30.dt                                     0
t030__t0                               1.02771
tn0__t6                                1.02771
xru31.dt                                     0
tn0__t12                               1.02771
t032__t0                               1.02771
xru32.dt                                     0
t032__t1                               1.02771
t033__t0                               1.02771
xru33.dt                                     0
t033__t1                               1.02771
t034__t0                               1.02771
xru34.dt                                     0
t034__t1                               1.02771
t035__t0                               1.02771
xru35.dt                                     0
t035__t1                               1.02771
t036__t0                               1.02771
xru36.dt                                     0
t036__t1                               1.02771
t037__t0                               1.02771
xru37.dt                                     0
t037__t1                               1.02771
t038__t0                               1.02771
xru38.dt                                     0
t038__t1                               1.02771
t039__t0                               1.02771
xru39.dt                                     0
t039__t1                               1.02771
t040__t0                               1.02771
xru40.dt                                     0
t040__t1                               1.02771
t041__t0                               1.02771
xru41.dt                                     0
t041__t1                               1.02771
t042__t0                               1.02771
xru42.dt                                     0
t042__t1                               1.02771
t043__t0                               1.02771
xru43.dt                                     0
t043__t1                               1.02771
t044__t0                               1.02771
xru44.dt                                     0
t044__t1                               1.02771
t045__t0                               1.02771
xru45.dt                                     0
t045__t1                               1.02771
t046__t1                               1.02771
xru46.dt                                     0
t046__t0                               1.02771
t047__t1                               1.02771
xru47.dt                                     0
t047__t0                               1.02771
t048__t1                               1.02771
xru48.dt                                     0
t048__t0                               1.02771
t049__t1                               1.02771
xru49.dt                                     0
t049__t0                               1.02771
t050__t1                               1.02771
xru50.dt                                     0
t050__t0                               1.02771
t051__t1                               1.02771
xru51.dt                                     0
t051__t0                               1.02771
t052__t1                               1.02771
xru52.dt                                     0
t052__t0                               1.02771
t053__t1                               1.02771
xru53.dt                                     0
t053__t0                               1.02771
t054__t1                               1.02771
xru54.dt                                     0
t054__t0                               1.02771
t055__t1                               1.02771
xru55.dt                                     0
t055__t0                               1.02771
t056__t1                               1.02771
xru56.dt                                     0
t056__t0                               1.02771
t057__t1                               1.02771
xru57.dt                                     0
t057__t0                               1.02771
t058__t1                               1.02771
xru58.dt                                     0
t058__t0                               1.02771
t059__t1                               1.02771
xru59.dt                                     0
t059__t0                               1.02771
t060__t1                               1.02771
xru60.dt                                     0
t060__t0                               1.02771
t061__t0                               1.02771
xru61.dt                                     0
t061__t1                               1.02771
t062__t0                               1.02771
xru62.dt                                     0
t062__t1                               1.02771
tn0__t7                                1.02771
xru63.dt                                     0
tn0__t14                               1.02771
t064__t0                               1.02771
xru64.dt                                     0
t064__t1                               1.02771
t065__t0                               1.02771
xru65.dt                                     0
t065__t1                               1.02771
t066__t0                               1.02771
xru66.dt                                     0
t066__t1                               1.02771
t067__t0                               1.02771
xru67.dt                                     0
t067__t1                               1.02771
t068__t0                               1.02771
xru68.dt                                     0
t068__t1                               1.02771
t069__t0                               1.02771
xru69.dt                                     0
t069__t1                               1.02771
t070__t0                               1.02771
xru70.dt                                     0
t070__t1                               1.02771
t071__t0                               1.02771
xru71.dt                                     0
t071__t1                               1.02771
t072__t0                               1.02771
xru72.dt                                     0
t072__t1                               1.02771
t073__t0                               1.02771
xru73.dt                                     0
t073__t1                               1.02771
t074__t0                               1.02771
xru74.dt                                     0
t074__t1                               1.02771
t075__t0                               1.02771
xru75.dt                                     0
t075__t1                               1.02771
t076__t1                               1.02771
xru76.dt                                     0
t076__t0                               1.02771
t077__t1                               1.02771
xru77.dt                                     0
t077__t0                               1.02771
t078__t1                               1.02771
xru78.dt                                     0
t078__t0                               1.02771
t079__t1                               1.02771
xru79.dt                                     0
t079__t0                               1.02771
t080__t1                               1.02771
xru80.dt                                     0
t080__t0                               1.02771
t081__t1                               1.02771
xru81.dt                                     0
t081__t0                               1.02771
t082__t1                               1.02771
xru82.dt                                     0
t082__t0                               1.02771
t083__t1                               1.02771
xru83.dt                                     0
t083__t0                               1.02771
t084__t1                               1.02771
xru84.dt                                     0
t084__t0                               1.02771
t085__t1                               1.02771
xru85.dt                                     0
t085__t0                               1.02771
t086__t1                               1.02771
xru86.dt                                     0
t086__t0                               1.02771
t087__t1                               1.02771
xru87.dt                                     0
t087__t0                               1.02771
t088__t1                               1.02771
xru88.dt                                     0
t088__t0                               1.02771
t089__t1                               1.02771
xru89.dt                                     0
t089__t0                               1.02771
t090__t1                               1.02771
xru90.dt                                     0
t090__t0                               1.02771
t091__t0                               1.02771
xru91.dt                                     0
t091__t1                               1.02771
t092__t0                               1.02771
xru92.dt                                     0
t092__t1                               1.02771
t093__t0                               1.02771
xru93.dt                                     0
t093__t1                               1.02771
t094__t0                               1.02771
xru94.dt                                     0
t094__t1                               1.02771
t095__t0                               1.02771
xru95.dt                                     0
t095__t1                               1.02771
t096__t0                               1.02771
xru96.dt                                     0
t096__t1                               1.02771
t097__t0                               1.02771
xru97.dt                                     0
t097__t1                               1.02771
t098__t0                               1.02771
xru98.dt                                     0
t098__t1                               1.02771
t099__t0                               1.02771
xru99.dt                                     0
t099__t1                               1.02771
t100__t0                               1.02771
xru100.dt                                    0
t100__t1                               1.02771
t101__t0                               1.02771
xru101.dt                                    0
t101__t1                               1.02771
t102__t0                               1.02771
xru102.dt                                    0
t102__t1                               1.02771
t103__t0                               1.02771
xru103.dt                                    0
t103__t1                               1.02771
t104__t0                               1.02771
xru104.dt                                    0
t104__t1                               1.02771
t105__t0                               1.02771
xru105.dt                                    0
t105__t1                               1.02771
t106__t1                               1.02771
xru106.dt                                    0
t106__t0                               1.02771
t107__t1                               1.02771
xru107.dt                                    0
t107__t0                               1.02771
t108__t1                               1.02771
xru108.dt                                    0
t108__t0                               1.02771
t109__t1                               1.02771
xru109.dt                                    0
t109__t0                               1.02771
t110__t1                               1.02771
xru110.dt                                    0
t110__t0                               1.02771
t111__t1                               1.02771
xru111.dt                                    0
t111__t0                               1.02771
t112__t1                               1.02771
xru112.dt                                    0
t112__t0                               1.02771
t113__t1                               1.02771
xru113.dt                                    0
t113__t0                               1.02771
t114__t1                               1.02771
xru114.dt                                    0
t114__t0                               1.02771
t115__t1                               1.02771
xru115.dt                                    0
t115__t0                               1.02771
t116__t1                               1.02771
xru116.dt                                    0
t116__t0                               1.02771
t117__t1                               1.02771
xru117.dt                                    0
t117__t0                               1.02771
t118__t1                               1.02771
xru118.dt                                    0
t118__t0                               1.02771
t119__t1                               1.02771
xru119.dt                                    0
t119__t0                               1.02771
t120__t1                               1.02771
xru120.dt                                    0
t120__t0                               1.02771
t121__t0                               1.02771
xru121.dt                                    0
t121__t1                               1.02771
t122__t0                               1.02771
xru122.dt                                    0
t122__t1                               1.02771
t123__t0                               1.02771
xru123.dt                                    0
t123__t1                               1.02771
t124__t0                               1.02771
xru124.dt                                    0
t124__t1                               1.02771
t125__t0                               1.02771
xru125.dt                                    0
t125__t1                               1.02771
t126__t0                               1.02771
xru126.dt                                    0
t126__t1                               1.02771
tn0__t5                                1.02771
xru127.dt                                    0
tn0__t10                                1.0277
t128__t0                               1.02521
xru128.dt                                    0
t128__t1                               1.02521
t129__t0                               1.02272
xru129.dt                                    0
t129__t1                               1.02272
t130__t0                               1.02023
xru130.dt                                    0
t130__t1                               1.02023
t131__t0                               1.01775
xru131.dt                                    0
t131__t1                               1.01775
t132__t0                               1.01526
xru132.dt                                    0
t132__t1                               1.01526
t133__t0                               1.01277
xru133.dt                                    0
t133__t1                               1.01277
t134__t0                               1.01029
xru134.dt                                    0
t134__t1                               1.01029
t135__t0                                1.0078
xru135.dt                                    0
t135__t1                               1.00779
t136__t1                               1.00531
xru136.dt                                    0
t136__t0                               1.00531
t137__t1                               1.00282
xru137.dt                                    0
t137__t0                               1.00282
t138__t1                               1.00033
xru138.dt                                    0
t138__t0                               1.00033
t139__t1                              0.997845
xru139.dt                                    0
t139__t0                              0.997845
t140__t1                              0.995358
xru140.dt                                    0
t140__t0                              0.995358
t141__t1                              0.992871
xru141.dt                                    0
t141__t0                              0.992871
t142__t1                              0.990384
xru142.dt                                    0
t142__t0                              0.990384
t143__t1                              0.987897
xru143.dt                                    0
t143__t0                              0.987897
t144__t1                               0.98541
xru144.dt                                    0
t144__t0                              0.985409
t145__t1                              0.982923
xru145.dt                                    0
t145__t0                              0.982922
t146__t1                              0.980436
xru146.dt                                    0
t146__t0                              0.980435
t147__t1                              0.977949
xru147.dt                                    0
t147__t0                              0.977948
t148__t1                              0.975462
xru148.dt                                    0
t148__t0                              0.975461
t149__t1                              0.972974
xru149.dt                                    0
t149__t0                              0.972974
t150__t1                              0.970487
xru150.dt                                    0
t150__t0                              0.970482
t151__t0                              0.967995
xru151.dt                                    0
t151__t1                              0.967994
t152__t0                              0.965508
xru152.dt                                    0
t152__t1                              0.965507
t153__t0                              0.963021
xru153.dt                                    0
t153__t1                               0.96302
t154__t0                              0.960534
xru154.dt                                    0
t154__t1                              0.960533
t155__t0                              0.958047
xru155.dt                                    0
t155__t1                              0.958046
t156__t0                              0.955559
xru156.dt                                    0
t156__t1                              0.955559
t157__t0                              0.953072
xru157.dt                                    0
t157__t1                              0.953072
t158__t0                              0.950585
xru158.dt                                    0
t158__t1                              0.950585
t159__t0                              0.948098
xru159.dt                                    0
t159__t1                              0.948098
t160__t0                              0.945611
xru160.dt                                    0
t160__t1                              0.945611
t161__t0                              0.943124
xru161.dt                                    0
t161__t1                              0.943124
t162__t0                              0.940637
xru162.dt                                    0
t162__t1                              0.940637
t163__t0                               0.93815
xru163.dt                                    0
t163__t1                               0.93815
t164__t0                              0.935663
xru164.dt                                    0
t164__t1                              0.935663
t165__t0                              0.933176
xru165.dt                                    0
t165__t1                               0.93317
t166__t1                              0.930683
xru166.dt                                    0
t166__t0                              0.930683
t167__t1                              0.928196
xru167.dt                                    0
t167__t0                              0.928196
t168__t1                              0.925709
xru168.dt                                    0
t168__t0                              0.925709
t169__t1                              0.923222
xru169.dt                                    0
t169__t0                              0.923222
t170__t1                              0.920735
xru170.dt                                    0
t170__t0                              0.920735
t171__t1                              0.918248
xru171.dt                                    0
t171__t0                              0.918248
t172__t1                              0.915761
xru172.dt                                    0
t172__t0                              0.915761
t173__t1                              0.913274
xru173.dt                                    0
t173__t0                              0.913274
t174__t1                              0.910787
xru174.dt                                    0
t174__t0                              0.910786
t175__t1                                0.9083
xru175.dt                                    0
t175__t0                              0.908299
t176__t1                              0.905813
xru176.dt                                    0
t176__t0                              0.905812
t177__t1                              0.903326
xru177.dt                                    0
t177__t0                              0.903325
t178__t1                              0.900839
xru178.dt                                    0
t178__t0                              0.900838
t179__t1                              0.898351
xru179.dt                                    0
t179__t0                              0.898351
t180__t1                              0.895864
xru180.dt                                    0
t180__t0                              0.895859
t181__t0                              0.893372
xru181.dt                                    0
t181__t1                              0.893371
t182__t0                              0.890885
xru182.dt                                    0
t182__t1                              0.890884
t183__t0                              0.888398
xru183.dt                                    0
t183__t1                              0.888397
t184__t0                              0.885911
xru184.dt                                    0
t184__t1                               0.88591
t185__t0                              0.883424
xru185.dt                                    0
t185__t1                              0.883423
t186__t0                              0.880936
xru186.dt                                    0
t186__t1                              0.880936
t187__t0                              0.878449
xru187.dt                                    0
t187__t1                              0.878449
t188__t0                              0.875962
xru188.dt                                    0
t188__t1                              0.875962
t189__t0                              0.873475
xru189.dt                                    0
t189__t1                              0.873475
t190__t0                              0.870988
xru190.dt                                    0
t190__t1                              0.870988
t191__t0                              0.868501
xru191.dt                                    0
t191__t1                              0.868501
t192__t0                              0.866014
xru192.dt                                    0
t192__t1                              0.866014
t193__t0                              0.863527
xru193.dt                                    0
t193__t1                              0.863527
t194__t0                               0.86104
xru194.dt                                    0
t194__t1                               0.86104
t195__t0                              0.858553
xru195.dt                                    0
t195__t1                              0.858547
t196__t1                               0.85606
xru196.dt                                    0
t196__t0                               0.85606
t197__t1                              0.853573
xru197.dt                                    0
t197__t0                              0.853573
t198__t1                              0.851086
xru198.dt                                    0
t198__t0                              0.851086
t199__t1                              0.848599
xru199.dt                                    0
t199__t0                              0.848599
t200__t1                              0.846112
xru200.dt                                    0
t200__t0                              0.846112
t201__t1                              0.843625
xru201.dt                                    0
t201__t0                              0.843625
t202__t1                              0.841138
xru202.dt                                    0
t202__t0                              0.841138
t203__t1                              0.838651
xru203.dt                                    0
t203__t0                              0.838651
t204__t1                              0.836164
xru204.dt                                    0
t204__t0                              0.836163
t205__t1                              0.833677
xru205.dt                                    0
t205__t0                              0.833676
t206__t1                               0.83119
xru206.dt                                    0
t206__t0                              0.831189
t207__t1                              0.828703
xru207.dt                                    0
t207__t0                              0.828702
t208__t1                              0.826216
xru208.dt                                    0
t208__t0                              0.826215
t209__t1                              0.823728
xru209.dt                                    0
t209__t0                              0.823728
t210__t1                              0.821241
xru210.dt                                    0
t210__t0                              0.821236
t211__t0                              0.818749
xru211.dt                                    0
t211__t1                              0.818748
t212__t0                              0.816262
xru212.dt                                    0
t212__t1                              0.816261
t213__t0                              0.813775
xru213.dt                                    0
t213__t1                              0.813774
t214__t0                              0.811288
xru214.dt                                    0
t214__t1                              0.811287
t215__t0                              0.808801
xru215.dt                                    0
t215__t1                                0.8088
t216__t0                              0.806313
xru216.dt                                    0
t216__t1                              0.806313
t217__t0                              0.803826
xru217.dt                                    0
t217__t1                              0.803826
t218__t0                              0.801339
xru218.dt                                    0
t218__t1                              0.801339
t219__t0                              0.798852
xru219.dt                                    0
t219__t1                              0.798852
t220__t0                              0.796365
xru220.dt                                    0
t220__t1                              0.796365
t221__t0                              0.793878
xru221.dt                                    0
t221__t1                              0.793878
t222__t0                              0.791391
xru222.dt                                    0
t222__t1                              0.791391
t223__t0                              0.788904
xru223.dt                                    0
t223__t1                              0.788904
t224__t0                              0.786417
xru224.dt                                    0
t224__t1                              0.786417
t225__t0                               0.78393
xru225.dt                                    0
t225__t1                              0.783924
t226__t1                              0.781437
xru226.dt                                    0
t226__t0                              0.781437
t227__t1                               0.77895
xru227.dt                                    0
t227__t0                               0.77895
t228__t1                              0.776463
xru228.dt                                    0
t228__t0                              0.776463
t229__t1                              0.773976
xru229.dt                                    0
t229__t0                              0.773976
t230__t1                              0.771489
xru230.dt                                    0
t230__t0                              0.771489
t231__t1                              0.769002
xru231.dt                                    0
t231__t0                              0.769002
t232__t1                              0.766515
xru232.dt                                    0
t232__t0                              0.766515
t233__t1                              0.764028
xru233.dt                                    0
t233__t0                              0.764028
t234__t1                              0.761541
xru234.dt                                    0
t234__t0                              0.761541
t235__t1                              0.759054
xru235.dt                                    0
t235__t0                              0.759053
t236__t1                              0.756567
xru236.dt                                    0
t236__t0                              0.756566
t237__t1                               0.75408
xru237.dt                                    0
t237__t0                              0.754079
t238__t1                              0.751593
xru238.dt                                    0
t238__t0                              0.751592
t239__t1                              0.749105
xru239.dt                                    0
t239__t0                              0.749105
t240__t1                              0.746618
xru240.dt                                    0
t240__t0                              0.746613
t241__t0                              0.744126
xru241.dt                                    0
t241__t1                              0.744126
t242__t0                              0.741639
xru242.dt                                    0
t242__t1                              0.741638
t243__t0                              0.739152
xru243.dt                                    0
t243__t1                              0.739151
t244__t0                              0.736665
xru244.dt                                    0
t244__t1                              0.736664
t245__t0                              0.734178
xru245.dt                                    0
t245__t1                              0.734177
t246__t0                              0.731691
xru246.dt                                    0
t246__t1                               0.73169
t247__t0                              0.729203
xru247.dt                                    0
t247__t1                              0.729203
t248__t0                              0.726716
xru248.dt                                    0
t248__t1                              0.726716
t249__t0                              0.724229
xru249.dt                                    0
t249__t1                              0.724229
t250__t0                              0.721742
xru250.dt                                    0
t250__t1                              0.721742
t251__t0                              0.719255
xru251.dt                                    0
t251__t1                              0.719255
t252__t0                              0.716768
xru252.dt                                    0
t252__t1                              0.716768
t253__t0                              0.714281
xru253.dt                                    0
t253__t1                              0.714281
t254__t0                              0.711794
xru254.dt                                    0
t254__t1                              0.711794
cb3__t0                               0.709307
xru255.dt                                    0
sns1                                  0.708585
xq1.s1                             2.84135e-10
xq1.t                                0.0410179
cb2                                   0.653719
xq2.s1                             7.33638e-10
xq2.t                               0.00589078
cb3                                   0.709105
xq3.s1                             2.84341e-10
xq3.t                                 0.041837
sns2                                  0.709165
tn0                                    1.02771
t002                                   1.02771
t004                                   1.02771
t005                                   1.02771
t006                                   1.02771
t008                                   1.02771
t009                                   1.02771
t010                                   1.02771
t011                                   1.02771
t012                                   1.02771
t013                                   1.02771
t014                                   1.02771
t016                                   1.02771
t017                                   1.02771
t018                                   1.02771
t019                                   1.02771
t020                                   1.02771
t021                                   1.02771
t022                                   1.02771
t023                                   1.02771
t024                                   1.02771
t025                                   1.02771
t026                                   1.02771
t027                                   1.02771
t028                                   1.02771
t029                                   1.02771
t030                                   1.02771
t032                                   1.02771
t033                                   1.02771
t034                                   1.02771
t035                                   1.02771
t036                                   1.02771
t037                                   1.02771
t038                                   1.02771
t039                                   1.02771
t040                                   1.02771
t041                                   1.02771
t042                                   1.02771
t043                                   1.02771
t044                                   1.02771
t045                                   1.02771
t046                                   1.02771
t047                                   1.02771
t048                                   1.02771
t049                                   1.02771
t050                                   1.02771
t051                                   1.02771
t052                                   1.02771
t053                                   1.02771
t054                                   1.02771
t055                                   1.02771
t056                                   1.02771
t057                                   1.02771
t058                                   1.02771
t059                                   1.02771
t060                                   1.02771
t061                                   1.02771
t062                                   1.02771
t064                                   1.02771
t065                                   1.02771
t066                                   1.02771
t067                                   1.02771
t068                                   1.02771
t069                                   1.02771
t070                                   1.02771
t071                                   1.02771
t072                                   1.02771
t073                                   1.02771
t074                                   1.02771
t075                                   1.02771
t076                                   1.02771
t077                                   1.02771
t078                                   1.02771
t079                                   1.02771
t080                                   1.02771
t081                                   1.02771
t082                                   1.02771
t083                                   1.02771
t084                                   1.02771
t085                                   1.02771
t086                                   1.02771
t087                                   1.02771
t088                                   1.02771
t089                                   1.02771
t090                                   1.02771
t091                                   1.02771
t092                                   1.02771
t093                                   1.02771
t094                                   1.02771
t095                                   1.02771
t096                                   1.02771
t097                                   1.02771
t098                                   1.02771
t099                                   1.02771
t100                                   1.02771
t101                                   1.02771
t102                                   1.02771
t103                                   1.02771
t104                                   1.02771
t105                                   1.02771
t106                                   1.02771
t107                                   1.02771
t108                                   1.02771
t109                                   1.02771
t110                                   1.02771
t111                                   1.02771
t112                                   1.02771
t113                                   1.02771
t114                                   1.02771
t115                                   1.02771
t116                                   1.02771
t117                                   1.02771
t118                                   1.02771
t119                                   1.02771
t120                                   1.02771
t121                                   1.02771
t122                                   1.02771
t123                                   1.02771
t124                                   1.02771
t125                                   1.02771
t126                                   1.02771
t128                                   1.02521
t129                                   1.02272
t130                                   1.02023
t131                                   1.01775
t132                                   1.01526
t133                                   1.01277
t134                                   1.01029
t135                                    1.0078
t136                                   1.00531
t137                                   1.00282
t138                                   1.00033
t139                                  0.997845
t140                                  0.995358
t141                                  0.992871
t142                                  0.990384
t143                                  0.987897
t144                                   0.98541
t145                                  0.982923
t146                                  0.980435
t147                                  0.977948
t148                                  0.975461
t149                                  0.972974
t150                                  0.970484
t151                                  0.967995
t152                                  0.965508
t153                                   0.96302
t154                                  0.960533
t155                                  0.958046
t156                                  0.955559
t157                                  0.953072
t158                                  0.950585
t159                                  0.948098
t160                                  0.945611
t161                                  0.943124
t162                                  0.940637
t163                                   0.93815
t164                                  0.935663
t165                                  0.933173
t166                                  0.930683
t167                                  0.928196
t168                                  0.925709
t169                                  0.923222
t170                                  0.920735
t171                                  0.918248
t172                                  0.915761
t173                                  0.913274
t174                                  0.910787
t175                                    0.9083
t176                                  0.905812
t177                                  0.903325
t178                                  0.900838
t179                                  0.898351
t180                                  0.895861
t181                                  0.893372
t182                                  0.890885
t183                                  0.888397
t184                                   0.88591
t185                                  0.883423
t186                                  0.880936
t187                                  0.878449
t188                                  0.875962
t189                                  0.873475
t190                                  0.870988
t191                                  0.868501
t192                                  0.866014
t193                                  0.863527
t194                                   0.86104
t195                                   0.85855
t196                                   0.85606
t197                                  0.853573
t198                                  0.851086
t199                                  0.848599
t200                                  0.846112
t201                                  0.843625
t202                                  0.841138
t203                                  0.838651
t204                                  0.836164
t205                                  0.833677
t206                                   0.83119
t207                                  0.828702
t208                                  0.826215
t209                                  0.823728
t210                                  0.821238
t211                                  0.818749
t212                                  0.816262
t213                                  0.813775
t214                                  0.811287
t215                                    0.8088
t216                                  0.806313
t217                                  0.803826
t218                                  0.801339
t219                                  0.798852
t220                                  0.796365
t221                                  0.793878
t222                                  0.791391
t223                                  0.788904
t224                                  0.786417
t225                                  0.783927
t226                                  0.781437
t227                                   0.77895
t228                                  0.776463
t229                                  0.773976
t230                                  0.771489
t231                                  0.769002
t232                                  0.766515
t233                                  0.764028
t234                                  0.761541
t235                                  0.759054
t236                                  0.756567
t237                                  0.754079
t238                                  0.751592
t239                                  0.749105
t240                                  0.746616
t241                                  0.744126
t242                                  0.741639
t243                                  0.739152
t244                                  0.736664
t245                                  0.734177
t246                                   0.73169
t247                                  0.729203
t248                                  0.726716
t249                                  0.724229
t250                                  0.721742
t251                                  0.719255
t252                                  0.716768
t253                                  0.714281
t254                                  0.711794
vref                                   1.05293
vss__par                                     0
pa_00                                0.0548664
pa_01                               5.1581e-06
pa_02                              5.19983e-06
pa_03                                  66122.8
pa_04                                  10749.4
bpa_04#branch                                0
vm2a#branch                        4.59573e-06
vm2b#branch                        5.62371e-07
bpa_03#branch                                0
vm3a#branch                        4.07911e-06
vm3b#branch                        5.60364e-07
vm3c#branch                        5.60359e-07
bpa_02#branch                                0
bpa_01#branch                                0
bpa_00#branch                                0
vm1#branch                         5.09932e-06
vvss#branch                        2.04573e-05
vvdd#branch                       -2.04573e-05


No. of Data Rows : 59

  Measurements for Transient Analysis

vref_v              =  1.05293e+00
vpexfb_v            =  2.79739e+00
vbe_q1_v            =  7.08585e-01
vbe_q2_v            =  6.53719e-01
vbe_q3_v            =  7.09104e-01
dvbe_ptat_v         =  5.48664e-02
i_leg1_a            =  5.09932e-06
i_leg2_a            =  5.15810e-06
i_leg3_a            =  5.19983e-06
r1_ohm              =  6.61228e+04
r2_ohm              =  1.07494e+04

ngspice-46 done
