
Note: No compatibility mode selected!


Circuit: * klt sim -- generated corner deck, do not edit

Doing analysis at TEMP = 27.000000 and TNOM = 27.000000

Using SPARSE 1.3 as Direct Linear Solver

Initial Transient Solution
--------------------------

Node                                   Voltage
----                                   -------
vdd                                       2.97
vss                                          0
fb                                     2.13739
vdd__t0                                2.96997
vm1_p                                 0.708515
vdd__t1                                   2.97
sns1__t0                              0.708515
vdd__t2                                2.96999
vm2a_p                                0.708715
vdd__t3                                   2.97
sns2__t0                              0.708715
vdd__t4                                   2.97
vm2b_p                                0.708704
vdd__t5                                   2.97
sns2__t1                              0.708704
vdd__t6                                2.96999
vm3a_p                                 1.05076
vdd__t7                                   2.97
vref__t0                               1.05076
vdd__t10                                  2.97
vm3b_p                                 1.05075
vdd__t8                                   2.97
vref__t2                               1.05075
vdd__t11                                  2.97
vm3c_p                                 1.05075
vdd__t9                                   2.97
vref__t3                               1.05075
sns2__t2                              0.708679
vsubs                                        0
cb2__t0                               0.653687
xr2.dt                                       0
vref__t1                               1.05072
tn0__t2                                1.02569
xr1.dt                                       0
tn0__t0                                1.02567
tn0__t1                                1.02567
xru1.dt                                      0
tn0__t8                                1.02567
t002__t1                               1.02567
xru2.dt                                      0
t002__t0                               1.02567
tn0__t13                               1.02567
xru3.dt                                      0
tn0__t15                               1.02567
t004__t0                               1.02567
xru4.dt                                      0
t004__t1                               1.02567
t005__t0                               1.02567
xru5.dt                                      0
t005__t1                               1.02567
t006__t0                               1.02567
xru6.dt                                      0
t006__t1                               1.02567
tn0__t9                                1.02567
xru7.dt                                      0
tn0__t11                               1.02567
t008__t0                               1.02567
xru8.dt                                      0
t008__t1                               1.02567
t009__t0                               1.02567
xru9.dt                                      0
t009__t1                               1.02567
t010__t0                               1.02567
xru10.dt                                     0
t010__t1                               1.02567
t011__t0                               1.02567
xru11.dt                                     0
t011__t1                               1.02567
t012__t0                               1.02567
xru12.dt                                     0
t012__t1                               1.02567
t013__t0                               1.02567
xru13.dt                                     0
t013__t1                               1.02567
t014__t0                               1.02567
xru14.dt                                     0
t014__t1                               1.02567
tn0__t3                                1.02567
xru15.dt                                     0
tn0__t4                                1.02567
t016__t1                               1.02567
xru16.dt                                     0
t016__t0                               1.02567
t017__t1                               1.02567
xru17.dt                                     0
t017__t0                               1.02567
t018__t1                               1.02567
xru18.dt                                     0
t018__t0                               1.02567
t019__t1                               1.02567
xru19.dt                                     0
t019__t0                               1.02567
t020__t1                               1.02567
xru20.dt                                     0
t020__t0                               1.02567
t021__t1                               1.02567
xru21.dt                                     0
t021__t0                               1.02567
t022__t1                               1.02567
xru22.dt                                     0
t022__t0                               1.02567
t023__t1                               1.02567
xru23.dt                                     0
t023__t0                               1.02567
t024__t1                               1.02567
xru24.dt                                     0
t024__t0                               1.02567
t025__t1                               1.02567
xru25.dt                                     0
t025__t0                               1.02567
t026__t1                               1.02567
xru26.dt                                     0
t026__t0                               1.02567
t027__t1                               1.02567
xru27.dt                                     0
t027__t0                               1.02567
t028__t1                               1.02567
xru28.dt                                     0
t028__t0                               1.02567
t029__t1                               1.02567
xru29.dt                                     0
t029__t0                               1.02567
t030__t1                               1.02567
xru30.dt                                     0
t030__t0                               1.02567
tn0__t6                                1.02567
xru31.dt                                     0
tn0__t12                               1.02567
t032__t0                               1.02567
xru32.dt                                     0
t032__t1                               1.02567
t033__t0                               1.02567
xru33.dt                                     0
t033__t1                               1.02567
t034__t0                               1.02567
xru34.dt                                     0
t034__t1                               1.02567
t035__t0                               1.02567
xru35.dt                                     0
t035__t1                               1.02567
t036__t0                               1.02567
xru36.dt                                     0
t036__t1                               1.02567
t037__t0                               1.02567
xru37.dt                                     0
t037__t1                               1.02567
t038__t0                               1.02567
xru38.dt                                     0
t038__t1                               1.02567
t039__t0                               1.02567
xru39.dt                                     0
t039__t1                               1.02567
t040__t0                               1.02567
xru40.dt                                     0
t040__t1                               1.02567
t041__t0                               1.02567
xru41.dt                                     0
t041__t1                               1.02567
t042__t0                               1.02567
xru42.dt                                     0
t042__t1                               1.02567
t043__t0                               1.02567
xru43.dt                                     0
t043__t1                               1.02567
t044__t0                               1.02567
xru44.dt                                     0
t044__t1                               1.02567
t045__t0                               1.02567
xru45.dt                                     0
t045__t1                               1.02567
t046__t1                               1.02567
xru46.dt                                     0
t046__t0                               1.02567
t047__t1                               1.02567
xru47.dt                                     0
t047__t0                               1.02567
t048__t1                               1.02567
xru48.dt                                     0
t048__t0                               1.02567
t049__t1                               1.02567
xru49.dt                                     0
t049__t0                               1.02567
t050__t1                               1.02567
xru50.dt                                     0
t050__t0                               1.02567
t051__t1                               1.02567
xru51.dt                                     0
t051__t0                               1.02567
t052__t1                               1.02567
xru52.dt                                     0
t052__t0                               1.02567
t053__t1                               1.02567
xru53.dt                                     0
t053__t0                               1.02567
t054__t1                               1.02567
xru54.dt                                     0
t054__t0                               1.02567
t055__t1                               1.02567
xru55.dt                                     0
t055__t0                               1.02567
t056__t1                               1.02567
xru56.dt                                     0
t056__t0                               1.02567
t057__t1                               1.02567
xru57.dt                                     0
t057__t0                               1.02567
t058__t1                               1.02567
xru58.dt                                     0
t058__t0                               1.02567
t059__t1                               1.02567
xru59.dt                                     0
t059__t0                               1.02567
t060__t1                               1.02567
xru60.dt                                     0
t060__t0                               1.02567
t061__t0                               1.02567
xru61.dt                                     0
t061__t1                               1.02567
t062__t0                               1.02567
xru62.dt                                     0
t062__t1                               1.02567
tn0__t7                                1.02567
xru63.dt                                     0
tn0__t14                               1.02567
t064__t0                               1.02567
xru64.dt                                     0
t064__t1                               1.02567
t065__t0                               1.02567
xru65.dt                                     0
t065__t1                               1.02567
t066__t0                               1.02567
xru66.dt                                     0
t066__t1                               1.02567
t067__t0                               1.02567
xru67.dt                                     0
t067__t1                               1.02567
t068__t0                               1.02567
xru68.dt                                     0
t068__t1                               1.02567
t069__t0                               1.02567
xru69.dt                                     0
t069__t1                               1.02567
t070__t0                               1.02567
xru70.dt                                     0
t070__t1                               1.02567
t071__t0                               1.02567
xru71.dt                                     0
t071__t1                               1.02567
t072__t0                               1.02567
xru72.dt                                     0
t072__t1                               1.02567
t073__t0                               1.02567
xru73.dt                                     0
t073__t1                               1.02567
t074__t0                               1.02567
xru74.dt                                     0
t074__t1                               1.02567
t075__t0                               1.02567
xru75.dt                                     0
t075__t1                               1.02567
t076__t1                               1.02567
xru76.dt                                     0
t076__t0                               1.02567
t077__t1                               1.02567
xru77.dt                                     0
t077__t0                               1.02567
t078__t1                               1.02567
xru78.dt                                     0
t078__t0                               1.02567
t079__t1                               1.02567
xru79.dt                                     0
t079__t0                               1.02567
t080__t1                               1.02567
xru80.dt                                     0
t080__t0                               1.02567
t081__t1                               1.02567
xru81.dt                                     0
t081__t0                               1.02567
t082__t1                               1.02567
xru82.dt                                     0
t082__t0                               1.02567
t083__t1                               1.02567
xru83.dt                                     0
t083__t0                               1.02567
t084__t1                               1.02567
xru84.dt                                     0
t084__t0                               1.02567
t085__t1                               1.02567
xru85.dt                                     0
t085__t0                               1.02567
t086__t1                               1.02567
xru86.dt                                     0
t086__t0                               1.02567
t087__t1                               1.02567
xru87.dt                                     0
t087__t0                               1.02567
t088__t1                               1.02567
xru88.dt                                     0
t088__t0                               1.02567
t089__t1                               1.02567
xru89.dt                                     0
t089__t0                               1.02567
t090__t1                               1.02567
xru90.dt                                     0
t090__t0                               1.02567
t091__t0                               1.02567
xru91.dt                                     0
t091__t1                               1.02567
t092__t0                               1.02567
xru92.dt                                     0
t092__t1                               1.02567
t093__t0                               1.02567
xru93.dt                                     0
t093__t1                               1.02567
t094__t0                               1.02567
xru94.dt                                     0
t094__t1                               1.02567
t095__t0                               1.02567
xru95.dt                                     0
t095__t1                               1.02567
t096__t0                               1.02567
xru96.dt                                     0
t096__t1                               1.02567
t097__t0                               1.02567
xru97.dt                                     0
t097__t1                               1.02567
t098__t0                               1.02567
xru98.dt                                     0
t098__t1                               1.02567
t099__t0                               1.02567
xru99.dt                                     0
t099__t1                               1.02567
t100__t0                               1.02567
xru100.dt                                    0
t100__t1                               1.02567
t101__t0                               1.02567
xru101.dt                                    0
t101__t1                               1.02567
t102__t0                               1.02567
xru102.dt                                    0
t102__t1                               1.02567
t103__t0                               1.02567
xru103.dt                                    0
t103__t1                               1.02567
t104__t0                               1.02567
xru104.dt                                    0
t104__t1                               1.02567
t105__t0                               1.02567
xru105.dt                                    0
t105__t1                               1.02567
t106__t1                               1.02567
xru106.dt                                    0
t106__t0                               1.02567
t107__t1                               1.02567
xru107.dt                                    0
t107__t0                               1.02567
t108__t1                               1.02567
xru108.dt                                    0
t108__t0                               1.02567
t109__t1                               1.02567
xru109.dt                                    0
t109__t0                               1.02567
t110__t1                               1.02567
xru110.dt                                    0
t110__t0                               1.02567
t111__t1                               1.02567
xru111.dt                                    0
t111__t0                               1.02567
t112__t1                               1.02567
xru112.dt                                    0
t112__t0                               1.02567
t113__t1                               1.02567
xru113.dt                                    0
t113__t0                               1.02567
t114__t1                               1.02567
xru114.dt                                    0
t114__t0                               1.02567
t115__t1                               1.02567
xru115.dt                                    0
t115__t0                               1.02567
t116__t1                               1.02567
xru116.dt                                    0
t116__t0                               1.02567
t117__t1                               1.02567
xru117.dt                                    0
t117__t0                               1.02567
t118__t1                               1.02567
xru118.dt                                    0
t118__t0                               1.02567
t119__t1                               1.02567
xru119.dt                                    0
t119__t0                               1.02567
t120__t1                               1.02567
xru120.dt                                    0
t120__t0                               1.02567
t121__t0                               1.02567
xru121.dt                                    0
t121__t1                               1.02567
t122__t0                               1.02567
xru122.dt                                    0
t122__t1                               1.02567
t123__t0                               1.02567
xru123.dt                                    0
t123__t1                               1.02567
t124__t0                               1.02567
xru124.dt                                    0
t124__t1                               1.02567
t125__t0                               1.02567
xru125.dt                                    0
t125__t1                               1.02567
t126__t0                               1.02567
xru126.dt                                    0
t126__t1                               1.02567
tn0__t5                                1.02567
xru127.dt                                    0
tn0__t10                               1.02566
t128__t0                               1.02319
xru128.dt                                    0
t128__t1                               1.02318
t129__t0                               1.02071
xru129.dt                                    0
t129__t1                               1.02071
t130__t0                               1.01824
xru130.dt                                    0
t130__t1                               1.01824
t131__t0                               1.01577
xru131.dt                                    0
t131__t1                               1.01577
t132__t0                                1.0133
xru132.dt                                    0
t132__t1                                1.0133
t133__t0                               1.01082
xru133.dt                                    0
t133__t1                               1.01082
t134__t0                               1.00835
xru134.dt                                    0
t134__t1                               1.00835
t135__t0                               1.00588
xru135.dt                                    0
t135__t1                               1.00587
t136__t1                                1.0034
xru136.dt                                    0
t136__t0                                1.0034
t137__t1                               1.00093
xru137.dt                                    0
t137__t0                               1.00093
t138__t1                              0.998456
xru138.dt                                    0
t138__t0                              0.998455
t139__t1                              0.995983
xru139.dt                                    0
t139__t0                              0.995983
t140__t1                              0.993511
xru140.dt                                    0
t140__t0                              0.993511
t141__t1                              0.991039
xru141.dt                                    0
t141__t0                              0.991038
t142__t1                              0.988566
xru142.dt                                    0
t142__t0                              0.988566
t143__t1                              0.986094
xru143.dt                                    0
t143__t0                              0.986094
t144__t1                              0.983621
xru144.dt                                    0
t144__t0                              0.983621
t145__t1                              0.981149
xru145.dt                                    0
t145__t0                              0.981149
t146__t1                              0.978677
xru146.dt                                    0
t146__t0                              0.978676
t147__t1                              0.976204
xru147.dt                                    0
t147__t0                              0.976204
t148__t1                              0.973732
xru148.dt                                    0
t148__t0                              0.973732
t149__t1                              0.971259
xru149.dt                                    0
t149__t0                              0.971259
t150__t1                              0.968787
xru150.dt                                    0
t150__t0                              0.968781
t151__t0                              0.966309
xru151.dt                                    0
t151__t1                              0.966309
t152__t0                              0.963837
xru152.dt                                    0
t152__t1                              0.963837
t153__t0                              0.961364
xru153.dt                                    0
t153__t1                              0.961364
t154__t0                              0.958892
xru154.dt                                    0
t154__t1                              0.958892
t155__t0                               0.95642
xru155.dt                                    0
t155__t1                              0.956419
t156__t0                              0.953947
xru156.dt                                    0
t156__t1                              0.953947
t157__t0                              0.951475
xru157.dt                                    0
t157__t1                              0.951475
t158__t0                              0.949003
xru158.dt                                    0
t158__t1                              0.949002
t159__t0                               0.94653
xru159.dt                                    0
t159__t1                               0.94653
t160__t0                              0.944058
xru160.dt                                    0
t160__t1                              0.944057
t161__t0                              0.941585
xru161.dt                                    0
t161__t1                              0.941585
t162__t0                              0.939113
xru162.dt                                    0
t162__t1                              0.939113
t163__t0                              0.936641
xru163.dt                                    0
t163__t1                               0.93664
t164__t0                              0.934168
xru164.dt                                    0
t164__t1                              0.934168
t165__t0                              0.931696
xru165.dt                                    0
t165__t1                               0.93169
t166__t1                              0.929218
xru166.dt                                    0
t166__t0                              0.929218
t167__t1                              0.926746
xru167.dt                                    0
t167__t0                              0.926745
t168__t1                              0.924273
xru168.dt                                    0
t168__t0                              0.924273
t169__t1                              0.921801
xru169.dt                                    0
t169__t0                                0.9218
t170__t1                              0.919328
xru170.dt                                    0
t170__t0                              0.919328
t171__t1                              0.916856
xru171.dt                                    0
t171__t0                              0.916856
t172__t1                              0.914384
xru172.dt                                    0
t172__t0                              0.914383
t173__t1                              0.911911
xru173.dt                                    0
t173__t0                              0.911911
t174__t1                              0.909439
xru174.dt                                    0
t174__t0                              0.909439
t175__t1                              0.906966
xru175.dt                                    0
t175__t0                              0.906966
t176__t1                              0.904494
xru176.dt                                    0
t176__t0                              0.904494
t177__t1                              0.902022
xru177.dt                                    0
t177__t0                              0.902021
t178__t1                              0.899549
xru178.dt                                    0
t178__t0                              0.899549
t179__t1                              0.897077
xru179.dt                                    0
t179__t0                              0.897077
t180__t1                              0.894605
xru180.dt                                    0
t180__t0                              0.894599
t181__t0                              0.892127
xru181.dt                                    0
t181__t1                              0.892126
t182__t0                              0.889654
xru182.dt                                    0
t182__t1                              0.889654
t183__t0                              0.887182
xru183.dt                                    0
t183__t1                              0.887182
t184__t0                              0.884709
xru184.dt                                    0
t184__t1                              0.884709
t185__t0                              0.882237
xru185.dt                                    0
t185__t1                              0.882237
t186__t0                              0.879765
xru186.dt                                    0
t186__t1                              0.879764
t187__t0                              0.877292
xru187.dt                                    0
t187__t1                              0.877292
t188__t0                               0.87482
xru188.dt                                    0
t188__t1                               0.87482
t189__t0                              0.872348
xru189.dt                                    0
t189__t1                              0.872347
t190__t0                              0.869875
xru190.dt                                    0
t190__t1                              0.869875
t191__t0                              0.867403
xru191.dt                                    0
t191__t1                              0.867402
t192__t0                               0.86493
xru192.dt                                    0
t192__t1                               0.86493
t193__t0                              0.862458
xru193.dt                                    0
t193__t1                              0.862458
t194__t0                              0.859986
xru194.dt                                    0
t194__t1                              0.859985
t195__t0                              0.857513
xru195.dt                                    0
t195__t1                              0.857507
t196__t1                              0.855035
xru196.dt                                    0
t196__t0                              0.855035
t197__t1                              0.852563
xru197.dt                                    0
t197__t0                              0.852563
t198__t1                              0.850091
xru198.dt                                    0
t198__t0                               0.85009
t199__t1                              0.847618
xru199.dt                                    0
t199__t0                              0.847618
t200__t1                              0.845146
xru200.dt                                    0
t200__t0                              0.845146
t201__t1                              0.842673
xru201.dt                                    0
t201__t0                              0.842673
t202__t1                              0.840201
xru202.dt                                    0
t202__t0                              0.840201
t203__t1                              0.837729
xru203.dt                                    0
t203__t0                              0.837728
t204__t1                              0.835256
xru204.dt                                    0
t204__t0                              0.835256
t205__t1                              0.832784
xru205.dt                                    0
t205__t0                              0.832784
t206__t1                              0.830311
xru206.dt                                    0
t206__t0                              0.830311
t207__t1                              0.827839
xru207.dt                                    0
t207__t0                              0.827839
t208__t1                              0.825367
xru208.dt                                    0
t208__t0                              0.825366
t209__t1                              0.822894
xru209.dt                                    0
t209__t0                              0.822894
t210__t1                              0.820422
xru210.dt                                    0
t210__t0                              0.820416
t211__t0                              0.817944
xru211.dt                                    0
t211__t1                              0.817944
t212__t0                              0.815472
xru212.dt                                    0
t212__t1                              0.815471
t213__t0                              0.812999
xru213.dt                                    0
t213__t1                              0.812999
t214__t0                              0.810527
xru214.dt                                    0
t214__t1                              0.810527
t215__t0                              0.808055
xru215.dt                                    0
t215__t1                              0.808054
t216__t0                              0.805582
xru216.dt                                    0
t216__t1                              0.805582
t217__t0                               0.80311
xru217.dt                                    0
t217__t1                              0.803109
t218__t0                              0.800637
xru218.dt                                    0
t218__t1                              0.800637
t219__t0                              0.798165
xru219.dt                                    0
t219__t1                              0.798165
t220__t0                              0.795693
xru220.dt                                    0
t220__t1                              0.795692
t221__t0                               0.79322
xru221.dt                                    0
t221__t1                               0.79322
t222__t0                              0.790748
xru222.dt                                    0
t222__t1                              0.790748
t223__t0                              0.788275
xru223.dt                                    0
t223__t1                              0.788275
t224__t0                              0.785803
xru224.dt                                    0
t224__t1                              0.785803
t225__t0                              0.783331
xru225.dt                                    0
t225__t1                              0.783325
t226__t1                              0.780853
xru226.dt                                    0
t226__t0                              0.780853
t227__t1                               0.77838
xru227.dt                                    0
t227__t0                               0.77838
t228__t1                              0.775908
xru228.dt                                    0
t228__t0                              0.775908
t229__t1                              0.773436
xru229.dt                                    0
t229__t0                              0.773435
t230__t1                              0.770963
xru230.dt                                    0
t230__t0                              0.770963
t231__t1                              0.768491
xru231.dt                                    0
t231__t0                              0.768491
t232__t1                              0.766018
xru232.dt                                    0
t232__t0                              0.766018
t233__t1                              0.763546
xru233.dt                                    0
t233__t0                              0.763546
t234__t1                              0.761074
xru234.dt                                    0
t234__t0                              0.761073
t235__t1                              0.758601
xru235.dt                                    0
t235__t0                              0.758601
t236__t1                              0.756129
xru236.dt                                    0
t236__t0                              0.756129
t237__t1                              0.753657
xru237.dt                                    0
t237__t0                              0.753656
t238__t1                              0.751184
xru238.dt                                    0
t238__t0                              0.751184
t239__t1                              0.748712
xru239.dt                                    0
t239__t0                              0.748712
t240__t1                              0.746239
xru240.dt                                    0
t240__t0                              0.746234
t241__t0                              0.743762
xru241.dt                                    0
t241__t1                              0.743761
t242__t0                              0.741289
xru242.dt                                    0
t242__t1                              0.741289
t243__t0                              0.738817
xru243.dt                                    0
t243__t1                              0.738816
t244__t0                              0.736344
xru244.dt                                    0
t244__t1                              0.736344
t245__t0                              0.733872
xru245.dt                                    0
t245__t1                              0.733872
t246__t0                                0.7314
xru246.dt                                    0
t246__t1                              0.731399
t247__t0                              0.728927
xru247.dt                                    0
t247__t1                              0.728927
t248__t0                              0.726455
xru248.dt                                    0
t248__t1                              0.726455
t249__t0                              0.723982
xru249.dt                                    0
t249__t1                              0.723982
t250__t0                               0.72151
xru250.dt                                    0
t250__t1                               0.72151
t251__t0                              0.719038
xru251.dt                                    0
t251__t1                              0.719037
t252__t0                              0.716565
xru252.dt                                    0
t252__t1                              0.716565
t253__t0                              0.714093
xru253.dt                                    0
t253__t1                              0.714093
t254__t0                              0.711621
xru254.dt                                    0
t254__t1                               0.71162
cb3__t0                               0.709148
xru255.dt                                    0
sns1                                  0.708438
xq1.s1                             2.84077e-10
xq1.t                                 0.040784
cb2                                   0.653569
xq2.s1                             7.33473e-10
xq2.t                               0.00585615
cb3                                   0.708947
xq3.s1                             2.84279e-10
xq3.t                                0.0416005
sns2                                  0.708702
tn0                                    1.02567
t002                                   1.02567
t004                                   1.02567
t005                                   1.02567
t006                                   1.02567
t008                                   1.02567
t009                                   1.02567
t010                                   1.02567
t011                                   1.02567
t012                                   1.02567
t013                                   1.02567
t014                                   1.02567
t016                                   1.02567
t017                                   1.02567
t018                                   1.02567
t019                                   1.02567
t020                                   1.02567
t021                                   1.02567
t022                                   1.02567
t023                                   1.02567
t024                                   1.02567
t025                                   1.02567
t026                                   1.02567
t027                                   1.02567
t028                                   1.02567
t029                                   1.02567
t030                                   1.02567
t032                                   1.02567
t033                                   1.02567
t034                                   1.02567
t035                                   1.02567
t036                                   1.02567
t037                                   1.02567
t038                                   1.02567
t039                                   1.02567
t040                                   1.02567
t041                                   1.02567
t042                                   1.02567
t043                                   1.02567
t044                                   1.02567
t045                                   1.02567
t046                                   1.02567
t047                                   1.02567
t048                                   1.02567
t049                                   1.02567
t050                                   1.02567
t051                                   1.02567
t052                                   1.02567
t053                                   1.02567
t054                                   1.02567
t055                                   1.02567
t056                                   1.02567
t057                                   1.02567
t058                                   1.02567
t059                                   1.02567
t060                                   1.02567
t061                                   1.02567
t062                                   1.02567
t064                                   1.02567
t065                                   1.02567
t066                                   1.02567
t067                                   1.02567
t068                                   1.02567
t069                                   1.02567
t070                                   1.02567
t071                                   1.02567
t072                                   1.02567
t073                                   1.02567
t074                                   1.02567
t075                                   1.02567
t076                                   1.02567
t077                                   1.02567
t078                                   1.02567
t079                                   1.02567
t080                                   1.02567
t081                                   1.02567
t082                                   1.02567
t083                                   1.02567
t084                                   1.02567
t085                                   1.02567
t086                                   1.02567
t087                                   1.02567
t088                                   1.02567
t089                                   1.02567
t090                                   1.02567
t091                                   1.02567
t092                                   1.02567
t093                                   1.02567
t094                                   1.02567
t095                                   1.02567
t096                                   1.02567
t097                                   1.02567
t098                                   1.02567
t099                                   1.02567
t100                                   1.02567
t101                                   1.02567
t102                                   1.02567
t103                                   1.02567
t104                                   1.02567
t105                                   1.02567
t106                                   1.02567
t107                                   1.02567
t108                                   1.02567
t109                                   1.02567
t110                                   1.02567
t111                                   1.02567
t112                                   1.02567
t113                                   1.02567
t114                                   1.02567
t115                                   1.02567
t116                                   1.02567
t117                                   1.02567
t118                                   1.02567
t119                                   1.02567
t120                                   1.02567
t121                                   1.02567
t122                                   1.02567
t123                                   1.02567
t124                                   1.02567
t125                                   1.02567
t126                                   1.02567
t128                                   1.02318
t129                                   1.02071
t130                                   1.01824
t131                                   1.01577
t132                                    1.0133
t133                                   1.01082
t134                                   1.00835
t135                                   1.00588
t136                                    1.0034
t137                                   1.00093
t138                                  0.998456
t139                                  0.995983
t140                                  0.993511
t141                                  0.991038
t142                                  0.988566
t143                                  0.986094
t144                                  0.983621
t145                                  0.981149
t146                                  0.978677
t147                                  0.976204
t148                                  0.973732
t149                                  0.971259
t150                                  0.968784
t151                                  0.966309
t152                                  0.963837
t153                                  0.961364
t154                                  0.958892
t155                                   0.95642
t156                                  0.953947
t157                                  0.951475
t158                                  0.949002
t159                                   0.94653
t160                                  0.944058
t161                                  0.941585
t162                                  0.939113
t163                                   0.93664
t164                                  0.934168
t165                                  0.931693
t166                                  0.929218
t167                                  0.926745
t168                                  0.924273
t169                                  0.921801
t170                                  0.919328
t171                                  0.916856
t172                                  0.914383
t173                                  0.911911
t174                                  0.909439
t175                                  0.906966
t176                                  0.904494
t177                                  0.902022
t178                                  0.899549
t179                                  0.897077
t180                                  0.894602
t181                                  0.892126
t182                                  0.889654
t183                                  0.887182
t184                                  0.884709
t185                                  0.882237
t186                                  0.879765
t187                                  0.877292
t188                                   0.87482
t189                                  0.872347
t190                                  0.869875
t191                                  0.867403
t192                                   0.86493
t193                                  0.862458
t194                                  0.859985
t195                                   0.85751
t196                                  0.855035
t197                                  0.852563
t198                                   0.85009
t199                                  0.847618
t200                                  0.845146
t201                                  0.842673
t202                                  0.840201
t203                                  0.837729
t204                                  0.835256
t205                                  0.832784
t206                                  0.830311
t207                                  0.827839
t208                                  0.825367
t209                                  0.822894
t210                                  0.820419
t211                                  0.817944
t212                                  0.815472
t213                                  0.812999
t214                                  0.810527
t215                                  0.808054
t216                                  0.805582
t217                                   0.80311
t218                                  0.800637
t219                                  0.798165
t220                                  0.795692
t221                                   0.79322
t222                                  0.790748
t223                                  0.788275
t224                                  0.785803
t225                                  0.783328
t226                                  0.780853
t227                                   0.77838
t228                                  0.775908
t229                                  0.773435
t230                                  0.770963
t231                                  0.768491
t232                                  0.766018
t233                                  0.763546
t234                                  0.761074
t235                                  0.758601
t236                                  0.756129
t237                                  0.753656
t238                                  0.751184
t239                                  0.748712
t240                                  0.746237
t241                                  0.743761
t242                                  0.741289
t243                                  0.738817
t244                                  0.736344
t245                                  0.733872
t246                                  0.731399
t247                                  0.728927
t248                                  0.726455
t249                                  0.723982
t250                                   0.72151
t251                                  0.719038
t252                                  0.716565
t253                                  0.714093
t254                                   0.71162
vref                                   1.05075
vss__par                                     0
pa_00                                0.0548698
pa_01                              5.12898e-06
pa_02                              5.16914e-06
pa_03                                  66122.8
pa_04                                  10749.4
bpa_04#branch                                0
vm2a#branch                        4.57043e-06
vm2b#branch                        5.58551e-07
bpa_03#branch                                0
vm3a#branch                        4.05613e-06
vm3b#branch                        5.56507e-07
vm3c#branch                        5.56503e-07
bpa_02#branch                                0
bpa_01#branch                                0
bpa_00#branch                                0
vm1#branch                         5.07133e-06
vvss#branch                        2.03695e-05
vvdd#branch                       -2.03695e-05


No. of Data Rows : 59

  Measurements for Transient Analysis

vref_v              =  1.05075e+00
vpexfb_v            =  2.13739e+00
vbe_q1_v            =  7.08438e-01
vbe_q2_v            =  6.53569e-01
vbe_q3_v            =  7.08947e-01
dvbe_ptat_v         =  5.48698e-02
i_leg1_a            =  5.07133e-06
i_leg2_a            =  5.12898e-06
i_leg3_a            =  5.16914e-06
r1_ohm              =  6.61228e+04
r2_ohm              =  1.07494e+04

ngspice-46 done
