
Note: No compatibility mode selected!


Circuit: * klt sim -- generated corner deck, do not edit

Doing analysis at TEMP = -40.000000 and TNOM = 27.000000

Using SPARSE 1.3 as Direct Linear Solver


The temperature limiting function received NaN.
Please check your power dissipation and improve your heat sink Rth!
    This message will be shown only once.

Note: Starting dynamic gmin stepping
Note: Dynamic gmin stepping completed

Initial Transient Solution
--------------------------

Node                                   Voltage
----                                   -------
vdd                                       3.63
vss                                          0
fb                                     2.80187
vdd__t0                                3.62997
vm1_p                                 0.790251
vdd__t1                                   3.63
sns1__t0                              0.790251
vdd__t2                                3.62999
vm2a_p                                0.803488
vdd__t3                                   3.63
sns2__t0                              0.803488
vdd__t4                                   3.63
vm2b_p                                0.803477
vdd__t5                                   3.63
sns2__t1                              0.803477
vdd__t6                                3.62999
vm3a_p                                 1.13772
vdd__t7                                   3.63
vref__t0                               1.13772
vdd__t10                                  3.63
vm3b_p                                 1.13771
vdd__t8                                   3.63
vref__t2                               1.13771
vdd__t11                                  3.63
vm3c_p                                 1.13771
vdd__t9                                   3.63
vref__t3                               1.13771
sns2__t2                              0.803452
vsubs                                        0
cb2__t0                               0.748249
xr2.dt                                       0
vref__t1                               1.13768
tn0__t2                                1.11239
xr1.dt                                       0
tn0__t0                                1.11237
tn0__t1                                1.11237
xru1.dt                                      0
tn0__t8                                1.11237
t002__t1                               1.11237
xru2.dt                                      0
t002__t0                               1.11237
tn0__t13                               1.11237
xru3.dt                                      0
tn0__t15                               1.11237
t004__t0                               1.11237
xru4.dt                                      0
t004__t1                               1.11237
t005__t0                               1.11237
xru5.dt                                      0
t005__t1                               1.11237
t006__t0                               1.11237
xru6.dt                                      0
t006__t1                               1.11237
tn0__t9                                1.11237
xru7.dt                                      0
tn0__t11                               1.11237
t008__t0                               1.11237
xru8.dt                                      0
t008__t1                               1.11237
t009__t0                               1.11237
xru9.dt                                      0
t009__t1                               1.11237
t010__t0                               1.11237
xru10.dt                                     0
t010__t1                               1.11237
t011__t0                               1.11237
xru11.dt                                     0
t011__t1                               1.11237
t012__t0                               1.11237
xru12.dt                                     0
t012__t1                               1.11237
t013__t0                               1.11237
xru13.dt                                     0
t013__t1                               1.11237
t014__t0                               1.11237
xru14.dt                                     0
t014__t1                               1.11237
tn0__t3                                1.11237
xru15.dt                                     0
tn0__t4                                1.11237
t016__t1                               1.11237
xru16.dt                                     0
t016__t0                               1.11237
t017__t1                               1.11237
xru17.dt                                     0
t017__t0                               1.11237
t018__t1                               1.11237
xru18.dt                                     0
t018__t0                               1.11237
t019__t1                               1.11237
xru19.dt                                     0
t019__t0                               1.11237
t020__t1                               1.11237
xru20.dt                                     0
t020__t0                               1.11237
t021__t1                               1.11237
xru21.dt                                     0
t021__t0                               1.11237
t022__t1                               1.11237
xru22.dt                                     0
t022__t0                               1.11237
t023__t1                               1.11237
xru23.dt                                     0
t023__t0                               1.11237
t024__t1                               1.11237
xru24.dt                                     0
t024__t0                               1.11237
t025__t1                               1.11237
xru25.dt                                     0
t025__t0                               1.11237
t026__t1                               1.11237
xru26.dt                                     0
t026__t0                               1.11237
t027__t1                               1.11237
xru27.dt                                     0
t027__t0                               1.11237
t028__t1                               1.11237
xru28.dt                                     0
t028__t0                               1.11237
t029__t1                               1.11237
xru29.dt                                     0
t029__t0                               1.11237
t030__t1                               1.11237
xru30.dt                                     0
t030__t0                               1.11237
tn0__t6                                1.11237
xru31.dt                                     0
tn0__t12                               1.11237
t032__t0                               1.11237
xru32.dt                                     0
t032__t1                               1.11237
t033__t0                               1.11237
xru33.dt                                     0
t033__t1                               1.11237
t034__t0                               1.11237
xru34.dt                                     0
t034__t1                               1.11237
t035__t0                               1.11237
xru35.dt                                     0
t035__t1                               1.11237
t036__t0                               1.11237
xru36.dt                                     0
t036__t1                               1.11237
t037__t0                               1.11237
xru37.dt                                     0
t037__t1                               1.11237
t038__t0                               1.11237
xru38.dt                                     0
t038__t1                               1.11237
t039__t0                               1.11237
xru39.dt                                     0
t039__t1                               1.11237
t040__t0                               1.11237
xru40.dt                                     0
t040__t1                               1.11237
t041__t0                               1.11237
xru41.dt                                     0
t041__t1                               1.11237
t042__t0                               1.11237
xru42.dt                                     0
t042__t1                               1.11237
t043__t0                               1.11237
xru43.dt                                     0
t043__t1                               1.11237
t044__t0                               1.11237
xru44.dt                                     0
t044__t1                               1.11237
t045__t0                               1.11237
xru45.dt                                     0
t045__t1                               1.11237
t046__t1                               1.11237
xru46.dt                                     0
t046__t0                               1.11237
t047__t1                               1.11237
xru47.dt                                     0
t047__t0                               1.11237
t048__t1                               1.11237
xru48.dt                                     0
t048__t0                               1.11237
t049__t1                               1.11237
xru49.dt                                     0
t049__t0                               1.11237
t050__t1                               1.11237
xru50.dt                                     0
t050__t0                               1.11237
t051__t1                               1.11237
xru51.dt                                     0
t051__t0                               1.11237
t052__t1                               1.11237
xru52.dt                                     0
t052__t0                               1.11237
t053__t1                               1.11237
xru53.dt                                     0
t053__t0                               1.11237
t054__t1                               1.11237
xru54.dt                                     0
t054__t0                               1.11237
t055__t1                               1.11237
xru55.dt                                     0
t055__t0                               1.11237
t056__t1                               1.11237
xru56.dt                                     0
t056__t0                               1.11237
t057__t1                               1.11237
xru57.dt                                     0
t057__t0                               1.11237
t058__t1                               1.11237
xru58.dt                                     0
t058__t0                               1.11237
t059__t1                               1.11237
xru59.dt                                     0
t059__t0                               1.11237
t060__t1                               1.11237
xru60.dt                                     0
t060__t0                               1.11237
t061__t0                               1.11237
xru61.dt                                     0
t061__t1                               1.11237
t062__t0                               1.11237
xru62.dt                                     0
t062__t1                               1.11237
tn0__t7                                1.11237
xru63.dt                                     0
tn0__t14                               1.11237
t064__t0                               1.11237
xru64.dt                                     0
t064__t1                               1.11237
t065__t0                               1.11237
xru65.dt                                     0
t065__t1                               1.11237
t066__t0                               1.11237
xru66.dt                                     0
t066__t1                               1.11237
t067__t0                               1.11237
xru67.dt                                     0
t067__t1                               1.11237
t068__t0                               1.11237
xru68.dt                                     0
t068__t1                               1.11237
t069__t0                               1.11237
xru69.dt                                     0
t069__t1                               1.11237
t070__t0                               1.11237
xru70.dt                                     0
t070__t1                               1.11237
t071__t0                               1.11237
xru71.dt                                     0
t071__t1                               1.11237
t072__t0                               1.11237
xru72.dt                                     0
t072__t1                               1.11237
t073__t0                               1.11237
xru73.dt                                     0
t073__t1                               1.11237
t074__t0                               1.11237
xru74.dt                                     0
t074__t1                               1.11237
t075__t0                               1.11237
xru75.dt                                     0
t075__t1                               1.11237
t076__t1                               1.11237
xru76.dt                                     0
t076__t0                               1.11237
t077__t1                               1.11237
xru77.dt                                     0
t077__t0                               1.11237
t078__t1                               1.11237
xru78.dt                                     0
t078__t0                               1.11237
t079__t1                               1.11237
xru79.dt                                     0
t079__t0                               1.11237
t080__t1                               1.11237
xru80.dt                                     0
t080__t0                               1.11237
t081__t1                               1.11237
xru81.dt                                     0
t081__t0                               1.11237
t082__t1                               1.11237
xru82.dt                                     0
t082__t0                               1.11237
t083__t1                               1.11237
xru83.dt                                     0
t083__t0                               1.11237
t084__t1                               1.11237
xru84.dt                                     0
t084__t0                               1.11237
t085__t1                               1.11237
xru85.dt                                     0
t085__t0                               1.11237
t086__t1                               1.11237
xru86.dt                                     0
t086__t0                               1.11237
t087__t1                               1.11237
xru87.dt                                     0
t087__t0                               1.11237
t088__t1                               1.11237
xru88.dt                                     0
t088__t0                               1.11237
t089__t1                               1.11237
xru89.dt                                     0
t089__t0                               1.11237
t090__t1                               1.11237
xru90.dt                                     0
t090__t0                               1.11237
t091__t0                               1.11237
xru91.dt                                     0
t091__t1                               1.11237
t092__t0                               1.11237
xru92.dt                                     0
t092__t1                               1.11237
t093__t0                               1.11237
xru93.dt                                     0
t093__t1                               1.11237
t094__t0                               1.11237
xru94.dt                                     0
t094__t1                               1.11237
t095__t0                               1.11237
xru95.dt                                     0
t095__t1                               1.11237
t096__t0                               1.11237
xru96.dt                                     0
t096__t1                               1.11237
t097__t0                               1.11237
xru97.dt                                     0
t097__t1                               1.11237
t098__t0                               1.11237
xru98.dt                                     0
t098__t1                               1.11237
t099__t0                               1.11237
xru99.dt                                     0
t099__t1                               1.11237
t100__t0                               1.11237
xru100.dt                                    0
t100__t1                               1.11237
t101__t0                               1.11237
xru101.dt                                    0
t101__t1                               1.11237
t102__t0                               1.11237
xru102.dt                                    0
t102__t1                               1.11237
t103__t0                               1.11237
xru103.dt                                    0
t103__t1                               1.11237
t104__t0                               1.11237
xru104.dt                                    0
t104__t1                               1.11237
t105__t0                               1.11237
xru105.dt                                    0
t105__t1                               1.11237
t106__t1                               1.11237
xru106.dt                                    0
t106__t0                               1.11237
t107__t1                               1.11237
xru107.dt                                    0
t107__t0                               1.11237
t108__t1                               1.11237
xru108.dt                                    0
t108__t0                               1.11237
t109__t1                               1.11237
xru109.dt                                    0
t109__t0                               1.11237
t110__t1                               1.11237
xru110.dt                                    0
t110__t0                               1.11237
t111__t1                               1.11237
xru111.dt                                    0
t111__t0                               1.11237
t112__t1                               1.11237
xru112.dt                                    0
t112__t0                               1.11237
t113__t1                               1.11237
xru113.dt                                    0
t113__t0                               1.11237
t114__t1                               1.11237
xru114.dt                                    0
t114__t0                               1.11237
t115__t1                               1.11237
xru115.dt                                    0
t115__t0                               1.11237
t116__t1                               1.11237
xru116.dt                                    0
t116__t0                               1.11237
t117__t1                               1.11237
xru117.dt                                    0
t117__t0                               1.11237
t118__t1                               1.11237
xru118.dt                                    0
t118__t0                               1.11237
t119__t1                               1.11237
xru119.dt                                    0
t119__t0                               1.11237
t120__t1                               1.11237
xru120.dt                                    0
t120__t0                               1.11237
t121__t0                               1.11237
xru121.dt                                    0
t121__t1                               1.11237
t122__t0                               1.11237
xru122.dt                                    0
t122__t1                               1.11237
t123__t0                               1.11237
xru123.dt                                    0
t123__t1                               1.11237
t124__t0                               1.11237
xru124.dt                                    0
t124__t1                               1.11237
t125__t0                               1.11237
xru125.dt                                    0
t125__t1                               1.11237
t126__t0                               1.11237
xru126.dt                                    0
t126__t1                               1.11237
tn0__t5                                1.11237
xru127.dt                                    0
tn0__t10                               1.11236
t128__t0                               1.10985
xru128.dt                                    0
t128__t1                               1.10985
t129__t0                               1.10734
xru129.dt                                    0
t129__t1                               1.10734
t130__t0                               1.10483
xru130.dt                                    0
t130__t1                               1.10483
t131__t0                               1.10232
xru131.dt                                    0
t131__t1                               1.10232
t132__t0                               1.09981
xru132.dt                                    0
t132__t1                               1.09981
t133__t0                                1.0973
xru133.dt                                    0
t133__t1                                1.0973
t134__t0                               1.09479
xru134.dt                                    0
t134__t1                               1.09479
t135__t0                               1.09228
xru135.dt                                    0
t135__t1                               1.09227
t136__t1                               1.08976
xru136.dt                                    0
t136__t0                               1.08976
t137__t1                               1.08725
xru137.dt                                    0
t137__t0                               1.08725
t138__t1                               1.08474
xru138.dt                                    0
t138__t0                               1.08474
t139__t1                               1.08223
xru139.dt                                    0
t139__t0                               1.08223
t140__t1                               1.07972
xru140.dt                                    0
t140__t0                               1.07972
t141__t1                               1.07721
xru141.dt                                    0
t141__t0                               1.07721
t142__t1                                1.0747
xru142.dt                                    0
t142__t0                                1.0747
t143__t1                               1.07219
xru143.dt                                    0
t143__t0                               1.07219
t144__t1                               1.06968
xru144.dt                                    0
t144__t0                               1.06968
t145__t1                               1.06717
xru145.dt                                    0
t145__t0                               1.06717
t146__t1                               1.06466
xru146.dt                                    0
t146__t0                               1.06466
t147__t1                               1.06215
xru147.dt                                    0
t147__t0                               1.06215
t148__t1                               1.05964
xru148.dt                                    0
t148__t0                               1.05964
t149__t1                               1.05713
xru149.dt                                    0
t149__t0                               1.05713
t150__t1                               1.05462
xru150.dt                                    0
t150__t0                               1.05462
t151__t0                               1.05211
xru151.dt                                    0
t151__t1                               1.05211
t152__t0                                1.0496
xru152.dt                                    0
t152__t1                                1.0496
t153__t0                               1.04709
xru153.dt                                    0
t153__t1                               1.04709
t154__t0                               1.04458
xru154.dt                                    0
t154__t1                               1.04458
t155__t0                               1.04207
xru155.dt                                    0
t155__t1                               1.04207
t156__t0                               1.03956
xru156.dt                                    0
t156__t1                               1.03956
t157__t0                               1.03705
xru157.dt                                    0
t157__t1                               1.03705
t158__t0                               1.03454
xru158.dt                                    0
t158__t1                               1.03454
t159__t0                               1.03203
xru159.dt                                    0
t159__t1                               1.03203
t160__t0                               1.02952
xru160.dt                                    0
t160__t1                               1.02952
t161__t0                               1.02701
xru161.dt                                    0
t161__t1                               1.02701
t162__t0                                1.0245
xru162.dt                                    0
t162__t1                                1.0245
t163__t0                               1.02199
xru163.dt                                    0
t163__t1                               1.02199
t164__t0                               1.01948
xru164.dt                                    0
t164__t1                               1.01948
t165__t0                               1.01697
xru165.dt                                    0
t165__t1                               1.01696
t166__t1                               1.01445
xru166.dt                                    0
t166__t0                               1.01445
t167__t1                               1.01194
xru167.dt                                    0
t167__t0                               1.01194
t168__t1                               1.00943
xru168.dt                                    0
t168__t0                               1.00943
t169__t1                               1.00692
xru169.dt                                    0
t169__t0                               1.00692
t170__t1                               1.00441
xru170.dt                                    0
t170__t0                               1.00441
t171__t1                                1.0019
xru171.dt                                    0
t171__t0                                1.0019
t172__t1                              0.999391
xru172.dt                                    0
t172__t0                              0.999391
t173__t1                              0.996881
xru173.dt                                    0
t173__t0                              0.996881
t174__t1                              0.994371
xru174.dt                                    0
t174__t0                               0.99437
t175__t1                              0.991861
xru175.dt                                    0
t175__t0                               0.99186
t176__t1                              0.989351
xru176.dt                                    0
t176__t0                               0.98935
t177__t1                              0.986841
xru177.dt                                    0
t177__t0                               0.98684
t178__t1                               0.98433
xru178.dt                                    0
t178__t0                               0.98433
t179__t1                               0.98182
xru179.dt                                    0
t179__t0                               0.98182
t180__t1                               0.97931
xru180.dt                                    0
t180__t0                              0.979304
t181__t0                              0.976795
xru181.dt                                    0
t181__t1                              0.976794
t182__t0                              0.974285
xru182.dt                                    0
t182__t1                              0.974284
t183__t0                              0.971774
xru183.dt                                    0
t183__t1                              0.971774
t184__t0                              0.969264
xru184.dt                                    0
t184__t1                              0.969264
t185__t0                              0.966754
xru185.dt                                    0
t185__t1                              0.966754
t186__t0                              0.964244
xru186.dt                                    0
t186__t1                              0.964244
t187__t0                              0.961734
xru187.dt                                    0
t187__t1                              0.961734
t188__t0                              0.959224
xru188.dt                                    0
t188__t1                              0.959224
t189__t0                              0.956714
xru189.dt                                    0
t189__t1                              0.956714
t190__t0                              0.954204
xru190.dt                                    0
t190__t1                              0.954204
t191__t0                              0.951694
xru191.dt                                    0
t191__t1                              0.951694
t192__t0                              0.949184
xru192.dt                                    0
t192__t1                              0.949184
t193__t0                              0.946674
xru193.dt                                    0
t193__t1                              0.946673
t194__t0                              0.944164
xru194.dt                                    0
t194__t1                              0.944163
t195__t0                              0.941654
xru195.dt                                    0
t195__t1                              0.941648
t196__t1                              0.939138
xru196.dt                                    0
t196__t0                              0.939138
t197__t1                              0.936628
xru197.dt                                    0
t197__t0                              0.936628
t198__t1                              0.934118
xru198.dt                                    0
t198__t0                              0.934117
t199__t1                              0.931608
xru199.dt                                    0
t199__t0                              0.931607
t200__t1                              0.929098
xru200.dt                                    0
t200__t0                              0.929097
t201__t1                              0.926588
xru201.dt                                    0
t201__t0                              0.926587
t202__t1                              0.924077
xru202.dt                                    0
t202__t0                              0.924077
t203__t1                              0.921567
xru203.dt                                    0
t203__t0                              0.921567
t204__t1                              0.919057
xru204.dt                                    0
t204__t0                              0.919057
t205__t1                              0.916547
xru205.dt                                    0
t205__t0                              0.916547
t206__t1                              0.914037
xru206.dt                                    0
t206__t0                              0.914037
t207__t1                              0.911527
xru207.dt                                    0
t207__t0                              0.911527
t208__t1                              0.909017
xru208.dt                                    0
t208__t0                              0.909017
t209__t1                              0.906507
xru209.dt                                    0
t209__t0                              0.906507
t210__t1                              0.903997
xru210.dt                                    0
t210__t0                              0.903991
t211__t0                              0.901481
xru211.dt                                    0
t211__t1                              0.901481
t212__t0                              0.898971
xru212.dt                                    0
t212__t1                              0.898971
t213__t0                              0.896461
xru213.dt                                    0
t213__t1                              0.896461
t214__t0                              0.893951
xru214.dt                                    0
t214__t1                              0.893951
t215__t0                              0.891441
xru215.dt                                    0
t215__t1                              0.891441
t216__t0                              0.888931
xru216.dt                                    0
t216__t1                              0.888931
t217__t0                              0.886421
xru217.dt                                    0
t217__t1                               0.88642
t218__t0                              0.883911
xru218.dt                                    0
t218__t1                               0.88391
t219__t0                              0.881401
xru219.dt                                    0
t219__t1                                0.8814
t220__t0                              0.878891
xru220.dt                                    0
t220__t1                               0.87889
t221__t0                               0.87638
xru221.dt                                    0
t221__t1                               0.87638
t222__t0                               0.87387
xru222.dt                                    0
t222__t1                               0.87387
t223__t0                               0.87136
xru223.dt                                    0
t223__t1                               0.87136
t224__t0                               0.86885
xru224.dt                                    0
t224__t1                               0.86885
t225__t0                               0.86634
xru225.dt                                    0
t225__t1                              0.866334
t226__t1                              0.863824
xru226.dt                                    0
t226__t0                              0.863824
t227__t1                              0.861314
xru227.dt                                    0
t227__t0                              0.861314
t228__t1                              0.858804
xru228.dt                                    0
t228__t0                              0.858804
t229__t1                              0.856294
xru229.dt                                    0
t229__t0                              0.856294
t230__t1                              0.853784
xru230.dt                                    0
t230__t0                              0.853784
t231__t1                              0.851274
xru231.dt                                    0
t231__t0                              0.851274
t232__t1                              0.848764
xru232.dt                                    0
t232__t0                              0.848764
t233__t1                              0.846254
xru233.dt                                    0
t233__t0                              0.846254
t234__t1                              0.843744
xru234.dt                                    0
t234__t0                              0.843744
t235__t1                              0.841234
xru235.dt                                    0
t235__t0                              0.841234
t236__t1                              0.838724
xru236.dt                                    0
t236__t0                              0.838723
t237__t1                              0.836214
xru237.dt                                    0
t237__t0                              0.836213
t238__t1                              0.833704
xru238.dt                                    0
t238__t0                              0.833703
t239__t1                              0.831194
xru239.dt                                    0
t239__t0                              0.831193
t240__t1                              0.828683
xru240.dt                                    0
t240__t0                              0.828678
t241__t0                              0.826168
xru241.dt                                    0
t241__t1                              0.826167
t242__t0                              0.823658
xru242.dt                                    0
t242__t1                              0.823657
t243__t0                              0.821148
xru243.dt                                    0
t243__t1                              0.821147
t244__t0                              0.818638
xru244.dt                                    0
t244__t1                              0.818637
t245__t0                              0.816127
xru245.dt                                    0
t245__t1                              0.816127
t246__t0                              0.813617
xru246.dt                                    0
t246__t1                              0.813617
t247__t0                              0.811107
xru247.dt                                    0
t247__t1                              0.811107
t248__t0                              0.808597
xru248.dt                                    0
t248__t1                              0.808597
t249__t0                              0.806087
xru249.dt                                    0
t249__t1                              0.806087
t250__t0                              0.803577
xru250.dt                                    0
t250__t1                              0.803577
t251__t0                              0.801067
xru251.dt                                    0
t251__t1                              0.801067
t252__t0                              0.798557
xru252.dt                                    0
t252__t1                              0.798557
t253__t0                              0.796047
xru253.dt                                    0
t253__t1                              0.796047
t254__t0                              0.793537
xru254.dt                                    0
t254__t1                              0.793536
cb3__t0                               0.791027
xru255.dt                                    0
sns1                                  0.790173
xq1.s1                              3.1597e-10
xq1.t                                0.0458014
cb2                                   0.748129
xq2.s1                             8.22909e-10
xq2.t                               0.00679273
cb3                                   0.790822
xq3.s1                             3.16226e-10
xq3.t                                0.0472887
sns2                                  0.803475
tn0                                    1.11237
t002                                   1.11237
t004                                   1.11237
t005                                   1.11237
t006                                   1.11237
t008                                   1.11237
t009                                   1.11237
t010                                   1.11237
t011                                   1.11237
t012                                   1.11237
t013                                   1.11237
t014                                   1.11237
t016                                   1.11237
t017                                   1.11237
t018                                   1.11237
t019                                   1.11237
t020                                   1.11237
t021                                   1.11237
t022                                   1.11237
t023                                   1.11237
t024                                   1.11237
t025                                   1.11237
t026                                   1.11237
t027                                   1.11237
t028                                   1.11237
t029                                   1.11237
t030                                   1.11237
t032                                   1.11237
t033                                   1.11237
t034                                   1.11237
t035                                   1.11237
t036                                   1.11237
t037                                   1.11237
t038                                   1.11237
t039                                   1.11237
t040                                   1.11237
t041                                   1.11237
t042                                   1.11237
t043                                   1.11237
t044                                   1.11237
t045                                   1.11237
t046                                   1.11237
t047                                   1.11237
t048                                   1.11237
t049                                   1.11237
t050                                   1.11237
t051                                   1.11237
t052                                   1.11237
t053                                   1.11237
t054                                   1.11237
t055                                   1.11237
t056                                   1.11237
t057                                   1.11237
t058                                   1.11237
t059                                   1.11237
t060                                   1.11237
t061                                   1.11237
t062                                   1.11237
t064                                   1.11237
t065                                   1.11237
t066                                   1.11237
t067                                   1.11237
t068                                   1.11237
t069                                   1.11237
t070                                   1.11237
t071                                   1.11237
t072                                   1.11237
t073                                   1.11237
t074                                   1.11237
t075                                   1.11237
t076                                   1.11237
t077                                   1.11237
t078                                   1.11237
t079                                   1.11237
t080                                   1.11237
t081                                   1.11237
t082                                   1.11237
t083                                   1.11237
t084                                   1.11237
t085                                   1.11237
t086                                   1.11237
t087                                   1.11237
t088                                   1.11237
t089                                   1.11237
t090                                   1.11237
t091                                   1.11237
t092                                   1.11237
t093                                   1.11237
t094                                   1.11237
t095                                   1.11237
t096                                   1.11237
t097                                   1.11237
t098                                   1.11237
t099                                   1.11237
t100                                   1.11237
t101                                   1.11237
t102                                   1.11237
t103                                   1.11237
t104                                   1.11237
t105                                   1.11237
t106                                   1.11237
t107                                   1.11237
t108                                   1.11237
t109                                   1.11237
t110                                   1.11237
t111                                   1.11237
t112                                   1.11237
t113                                   1.11237
t114                                   1.11237
t115                                   1.11237
t116                                   1.11237
t117                                   1.11237
t118                                   1.11237
t119                                   1.11237
t120                                   1.11237
t121                                   1.11237
t122                                   1.11237
t123                                   1.11237
t124                                   1.11237
t125                                   1.11237
t126                                   1.11237
t128                                   1.10985
t129                                   1.10734
t130                                   1.10483
t131                                   1.10232
t132                                   1.09981
t133                                    1.0973
t134                                   1.09479
t135                                   1.09228
t136                                   1.08976
t137                                   1.08725
t138                                   1.08474
t139                                   1.08223
t140                                   1.07972
t141                                   1.07721
t142                                    1.0747
t143                                   1.07219
t144                                   1.06968
t145                                   1.06717
t146                                   1.06466
t147                                   1.06215
t148                                   1.05964
t149                                   1.05713
t150                                   1.05462
t151                                   1.05211
t152                                    1.0496
t153                                   1.04709
t154                                   1.04458
t155                                   1.04207
t156                                   1.03956
t157                                   1.03705
t158                                   1.03454
t159                                   1.03203
t160                                   1.02952
t161                                   1.02701
t162                                    1.0245
t163                                   1.02199
t164                                   1.01948
t165                                   1.01696
t166                                   1.01445
t167                                   1.01194
t168                                   1.00943
t169                                   1.00692
t170                                   1.00441
t171                                    1.0019
t172                                  0.999391
t173                                  0.996881
t174                                  0.994371
t175                                  0.991861
t176                                   0.98935
t177                                   0.98684
t178                                   0.98433
t179                                   0.98182
t180                                  0.979307
t181                                  0.976794
t182                                  0.974284
t183                                  0.971774
t184                                  0.969264
t185                                  0.966754
t186                                  0.964244
t187                                  0.961734
t188                                  0.959224
t189                                  0.956714
t190                                  0.954204
t191                                  0.951694
t192                                  0.949184
t193                                  0.946674
t194                                  0.944164
t195                                  0.941651
t196                                  0.939138
t197                                  0.936628
t198                                  0.934118
t199                                  0.931608
t200                                  0.929097
t201                                  0.926587
t202                                  0.924077
t203                                  0.921567
t204                                  0.919057
t205                                  0.916547
t206                                  0.914037
t207                                  0.911527
t208                                  0.909017
t209                                  0.906507
t210                                  0.903994
t211                                  0.901481
t212                                  0.898971
t213                                  0.896461
t214                                  0.893951
t215                                  0.891441
t216                                  0.888931
t217                                  0.886421
t218                                  0.883911
t219                                    0.8814
t220                                   0.87889
t221                                   0.87638
t222                                   0.87387
t223                                   0.87136
t224                                   0.86885
t225                                  0.866337
t226                                  0.863824
t227                                  0.861314
t228                                  0.858804
t229                                  0.856294
t230                                  0.853784
t231                                  0.851274
t232                                  0.848764
t233                                  0.846254
t234                                  0.843744
t235                                  0.841234
t236                                  0.838724
t237                                  0.836214
t238                                  0.833703
t239                                  0.831193
t240                                   0.82868
t241                                  0.826168
t242                                  0.823658
t243                                  0.821147
t244                                  0.818637
t245                                  0.816127
t246                                  0.813617
t247                                  0.811107
t248                                  0.808597
t249                                  0.806087
t250                                  0.803577
t251                                  0.801067
t252                                  0.798557
t253                                  0.796047
t254                                  0.793537
vref                                   1.13771
vss__par                                     0
pa_00                                0.0420443
pa_01                              5.19727e-06
pa_02                              5.27025e-06
pa_03                                  65819.7
pa_04                                  10649.1
bpa_04#branch                                0
vm2a#branch                        4.60387e-06
vm2b#branch                        5.93406e-07
bpa_03#branch                                0
vm3a#branch                        4.08806e-06
vm3b#branch                        5.91101e-07
vm3c#branch                        5.91096e-07
bpa_02#branch                                0
bpa_01#branch                                0
bpa_00#branch                                0
vm1#branch                         5.10608e-06
vvss#branch                        2.05736e-05
vvdd#branch                       -2.05736e-05


No. of Data Rows : 59

  Measurements for Transient Analysis

vref_v              =  1.13771e+00
vpexfb_v            =  2.80187e+00
vbe_q1_v            =  7.90173e-01
vbe_q2_v            =  7.48129e-01
vbe_q3_v            =  7.90822e-01
dvbe_ptat_v         =  4.20443e-02
i_leg1_a            =  5.10608e-06
i_leg2_a            =  5.19727e-06
i_leg3_a            =  5.27025e-06
r1_ohm              =  6.58197e+04
r2_ohm              =  1.06491e+04

ngspice-46 done
