
Note: No compatibility mode selected!


Circuit: * klt sim -- generated corner deck, do not edit

Doing analysis at TEMP = -40.000000 and TNOM = 27.000000

Using SPARSE 1.3 as Direct Linear Solver


The temperature limiting function received NaN.
Please check your power dissipation and improve your heat sink Rth!
    This message will be shown only once.

Note: Starting dynamic gmin stepping
Note: Dynamic gmin stepping completed

Initial Transient Solution
--------------------------

Node                                   Voltage
----                                   -------
vdd                                        3.3
vss                                          0
fb                                     2.47187
vdd__t0                                3.29997
vm1_p                                 0.790187
vdd__t1                                    3.3
sns1__t0                              0.790187
vdd__t2                                3.29999
vm2a_p                                0.803249
vdd__t3                                    3.3
sns2__t0                              0.803249
vdd__t4                                    3.3
vm2b_p                                0.803238
vdd__t5                                    3.3
sns2__t1                              0.803238
vdd__t6                                3.29999
vm3a_p                                 1.13652
vdd__t7                                    3.3
vref__t0                               1.13652
vdd__t10                                   3.3
vm3b_p                                  1.1365
vdd__t8                                    3.3
vref__t2                                1.1365
vdd__t11                                   3.3
vm3c_p                                 1.13651
vdd__t9                                    3.3
vref__t3                               1.13651
sns2__t2                              0.803213
vsubs                                        0
cb2__t0                               0.748184
xr2.dt                                       0
vref__t1                               1.13647
tn0__t2                                1.11127
xr1.dt                                       0
tn0__t0                                1.11125
tn0__t1                                1.11125
xru1.dt                                      0
tn0__t8                                1.11125
t002__t1                               1.11125
xru2.dt                                      0
t002__t0                               1.11125
tn0__t13                               1.11125
xru3.dt                                      0
tn0__t15                               1.11125
t004__t0                               1.11125
xru4.dt                                      0
t004__t1                               1.11125
t005__t0                               1.11125
xru5.dt                                      0
t005__t1                               1.11125
t006__t0                               1.11125
xru6.dt                                      0
t006__t1                               1.11125
tn0__t9                                1.11125
xru7.dt                                      0
tn0__t11                               1.11125
t008__t0                               1.11125
xru8.dt                                      0
t008__t1                               1.11125
t009__t0                               1.11125
xru9.dt                                      0
t009__t1                               1.11125
t010__t0                               1.11125
xru10.dt                                     0
t010__t1                               1.11125
t011__t0                               1.11125
xru11.dt                                     0
t011__t1                               1.11125
t012__t0                               1.11125
xru12.dt                                     0
t012__t1                               1.11125
t013__t0                               1.11125
xru13.dt                                     0
t013__t1                               1.11125
t014__t0                               1.11125
xru14.dt                                     0
t014__t1                               1.11125
tn0__t3                                1.11125
xru15.dt                                     0
tn0__t4                                1.11125
t016__t1                               1.11125
xru16.dt                                     0
t016__t0                               1.11125
t017__t1                               1.11125
xru17.dt                                     0
t017__t0                               1.11125
t018__t1                               1.11125
xru18.dt                                     0
t018__t0                               1.11125
t019__t1                               1.11125
xru19.dt                                     0
t019__t0                               1.11125
t020__t1                               1.11125
xru20.dt                                     0
t020__t0                               1.11125
t021__t1                               1.11125
xru21.dt                                     0
t021__t0                               1.11125
t022__t1                               1.11125
xru22.dt                                     0
t022__t0                               1.11125
t023__t1                               1.11125
xru23.dt                                     0
t023__t0                               1.11125
t024__t1                               1.11125
xru24.dt                                     0
t024__t0                               1.11125
t025__t1                               1.11125
xru25.dt                                     0
t025__t0                               1.11125
t026__t1                               1.11125
xru26.dt                                     0
t026__t0                               1.11125
t027__t1                               1.11125
xru27.dt                                     0
t027__t0                               1.11125
t028__t1                               1.11125
xru28.dt                                     0
t028__t0                               1.11125
t029__t1                               1.11125
xru29.dt                                     0
t029__t0                               1.11125
t030__t1                               1.11125
xru30.dt                                     0
t030__t0                               1.11125
tn0__t6                                1.11125
xru31.dt                                     0
tn0__t12                               1.11125
t032__t0                               1.11125
xru32.dt                                     0
t032__t1                               1.11125
t033__t0                               1.11125
xru33.dt                                     0
t033__t1                               1.11125
t034__t0                               1.11125
xru34.dt                                     0
t034__t1                               1.11125
t035__t0                               1.11125
xru35.dt                                     0
t035__t1                               1.11125
t036__t0                               1.11125
xru36.dt                                     0
t036__t1                               1.11125
t037__t0                               1.11125
xru37.dt                                     0
t037__t1                               1.11125
t038__t0                               1.11125
xru38.dt                                     0
t038__t1                               1.11125
t039__t0                               1.11125
xru39.dt                                     0
t039__t1                               1.11125
t040__t0                               1.11125
xru40.dt                                     0
t040__t1                               1.11125
t041__t0                               1.11125
xru41.dt                                     0
t041__t1                               1.11125
t042__t0                               1.11125
xru42.dt                                     0
t042__t1                               1.11125
t043__t0                               1.11125
xru43.dt                                     0
t043__t1                               1.11125
t044__t0                               1.11125
xru44.dt                                     0
t044__t1                               1.11125
t045__t0                               1.11125
xru45.dt                                     0
t045__t1                               1.11125
t046__t1                               1.11125
xru46.dt                                     0
t046__t0                               1.11125
t047__t1                               1.11125
xru47.dt                                     0
t047__t0                               1.11125
t048__t1                               1.11125
xru48.dt                                     0
t048__t0                               1.11125
t049__t1                               1.11125
xru49.dt                                     0
t049__t0                               1.11125
t050__t1                               1.11125
xru50.dt                                     0
t050__t0                               1.11125
t051__t1                               1.11125
xru51.dt                                     0
t051__t0                               1.11125
t052__t1                               1.11125
xru52.dt                                     0
t052__t0                               1.11125
t053__t1                               1.11125
xru53.dt                                     0
t053__t0                               1.11125
t054__t1                               1.11125
xru54.dt                                     0
t054__t0                               1.11125
t055__t1                               1.11125
xru55.dt                                     0
t055__t0                               1.11125
t056__t1                               1.11125
xru56.dt                                     0
t056__t0                               1.11125
t057__t1                               1.11125
xru57.dt                                     0
t057__t0                               1.11125
t058__t1                               1.11125
xru58.dt                                     0
t058__t0                               1.11125
t059__t1                               1.11125
xru59.dt                                     0
t059__t0                               1.11125
t060__t1                               1.11125
xru60.dt                                     0
t060__t0                               1.11125
t061__t0                               1.11125
xru61.dt                                     0
t061__t1                               1.11125
t062__t0                               1.11125
xru62.dt                                     0
t062__t1                               1.11125
tn0__t7                                1.11125
xru63.dt                                     0
tn0__t14                               1.11125
t064__t0                               1.11125
xru64.dt                                     0
t064__t1                               1.11125
t065__t0                               1.11125
xru65.dt                                     0
t065__t1                               1.11125
t066__t0                               1.11125
xru66.dt                                     0
t066__t1                               1.11125
t067__t0                               1.11125
xru67.dt                                     0
t067__t1                               1.11125
t068__t0                               1.11125
xru68.dt                                     0
t068__t1                               1.11125
t069__t0                               1.11125
xru69.dt                                     0
t069__t1                               1.11125
t070__t0                               1.11125
xru70.dt                                     0
t070__t1                               1.11125
t071__t0                               1.11125
xru71.dt                                     0
t071__t1                               1.11125
t072__t0                               1.11125
xru72.dt                                     0
t072__t1                               1.11125
t073__t0                               1.11125
xru73.dt                                     0
t073__t1                               1.11125
t074__t0                               1.11125
xru74.dt                                     0
t074__t1                               1.11125
t075__t0                               1.11125
xru75.dt                                     0
t075__t1                               1.11125
t076__t1                               1.11125
xru76.dt                                     0
t076__t0                               1.11125
t077__t1                               1.11125
xru77.dt                                     0
t077__t0                               1.11125
t078__t1                               1.11125
xru78.dt                                     0
t078__t0                               1.11125
t079__t1                               1.11125
xru79.dt                                     0
t079__t0                               1.11125
t080__t1                               1.11125
xru80.dt                                     0
t080__t0                               1.11125
t081__t1                               1.11125
xru81.dt                                     0
t081__t0                               1.11125
t082__t1                               1.11125
xru82.dt                                     0
t082__t0                               1.11125
t083__t1                               1.11125
xru83.dt                                     0
t083__t0                               1.11125
t084__t1                               1.11125
xru84.dt                                     0
t084__t0                               1.11125
t085__t1                               1.11125
xru85.dt                                     0
t085__t0                               1.11125
t086__t1                               1.11125
xru86.dt                                     0
t086__t0                               1.11125
t087__t1                               1.11125
xru87.dt                                     0
t087__t0                               1.11125
t088__t1                               1.11125
xru88.dt                                     0
t088__t0                               1.11125
t089__t1                               1.11125
xru89.dt                                     0
t089__t0                               1.11125
t090__t1                               1.11125
xru90.dt                                     0
t090__t0                               1.11125
t091__t0                               1.11125
xru91.dt                                     0
t091__t1                               1.11125
t092__t0                               1.11125
xru92.dt                                     0
t092__t1                               1.11125
t093__t0                               1.11125
xru93.dt                                     0
t093__t1                               1.11125
t094__t0                               1.11125
xru94.dt                                     0
t094__t1                               1.11125
t095__t0                               1.11125
xru95.dt                                     0
t095__t1                               1.11125
t096__t0                               1.11125
xru96.dt                                     0
t096__t1                               1.11125
t097__t0                               1.11125
xru97.dt                                     0
t097__t1                               1.11125
t098__t0                               1.11125
xru98.dt                                     0
t098__t1                               1.11125
t099__t0                               1.11125
xru99.dt                                     0
t099__t1                               1.11125
t100__t0                               1.11125
xru100.dt                                    0
t100__t1                               1.11125
t101__t0                               1.11125
xru101.dt                                    0
t101__t1                               1.11125
t102__t0                               1.11125
xru102.dt                                    0
t102__t1                               1.11125
t103__t0                               1.11125
xru103.dt                                    0
t103__t1                               1.11125
t104__t0                               1.11125
xru104.dt                                    0
t104__t1                               1.11125
t105__t0                               1.11125
xru105.dt                                    0
t105__t1                               1.11125
t106__t1                               1.11125
xru106.dt                                    0
t106__t0                               1.11125
t107__t1                               1.11125
xru107.dt                                    0
t107__t0                               1.11125
t108__t1                               1.11125
xru108.dt                                    0
t108__t0                               1.11125
t109__t1                               1.11125
xru109.dt                                    0
t109__t0                               1.11125
t110__t1                               1.11125
xru110.dt                                    0
t110__t0                               1.11125
t111__t1                               1.11125
xru111.dt                                    0
t111__t0                               1.11125
t112__t1                               1.11125
xru112.dt                                    0
t112__t0                               1.11125
t113__t1                               1.11125
xru113.dt                                    0
t113__t0                               1.11125
t114__t1                               1.11125
xru114.dt                                    0
t114__t0                               1.11125
t115__t1                               1.11125
xru115.dt                                    0
t115__t0                               1.11125
t116__t1                               1.11125
xru116.dt                                    0
t116__t0                               1.11125
t117__t1                               1.11125
xru117.dt                                    0
t117__t0                               1.11125
t118__t1                               1.11125
xru118.dt                                    0
t118__t0                               1.11125
t119__t1                               1.11125
xru119.dt                                    0
t119__t0                               1.11125
t120__t1                               1.11125
xru120.dt                                    0
t120__t0                               1.11125
t121__t0                               1.11125
xru121.dt                                    0
t121__t1                               1.11125
t122__t0                               1.11125
xru122.dt                                    0
t122__t1                               1.11125
t123__t0                               1.11125
xru123.dt                                    0
t123__t1                               1.11125
t124__t0                               1.11125
xru124.dt                                    0
t124__t1                               1.11125
t125__t0                               1.11125
xru125.dt                                    0
t125__t1                               1.11125
t126__t0                               1.11125
xru126.dt                                    0
t126__t1                               1.11125
tn0__t5                                1.11125
xru127.dt                                    0
tn0__t10                               1.11124
t128__t0                               1.10874
xru128.dt                                    0
t128__t1                               1.10874
t129__t0                               1.10623
xru129.dt                                    0
t129__t1                               1.10623
t130__t0                               1.10373
xru130.dt                                    0
t130__t1                               1.10373
t131__t0                               1.10123
xru131.dt                                    0
t131__t1                               1.10123
t132__t0                               1.09873
xru132.dt                                    0
t132__t1                               1.09873
t133__t0                               1.09623
xru133.dt                                    0
t133__t1                               1.09623
t134__t0                               1.09373
xru134.dt                                    0
t134__t1                               1.09373
t135__t0                               1.09122
xru135.dt                                    0
t135__t1                               1.09122
t136__t1                               1.08872
xru136.dt                                    0
t136__t0                               1.08872
t137__t1                               1.08621
xru137.dt                                    0
t137__t0                               1.08621
t138__t1                               1.08371
xru138.dt                                    0
t138__t0                               1.08371
t139__t1                               1.08121
xru139.dt                                    0
t139__t0                               1.08121
t140__t1                               1.07871
xru140.dt                                    0
t140__t0                               1.07871
t141__t1                               1.07621
xru141.dt                                    0
t141__t0                               1.07621
t142__t1                               1.07371
xru142.dt                                    0
t142__t0                                1.0737
t143__t1                                1.0712
xru143.dt                                    0
t143__t0                                1.0712
t144__t1                                1.0687
xru144.dt                                    0
t144__t0                                1.0687
t145__t1                                1.0662
xru145.dt                                    0
t145__t0                                1.0662
t146__t1                                1.0637
xru146.dt                                    0
t146__t0                                1.0637
t147__t1                                1.0612
xru147.dt                                    0
t147__t0                                1.0612
t148__t1                               1.05869
xru148.dt                                    0
t148__t0                               1.05869
t149__t1                               1.05619
xru149.dt                                    0
t149__t0                               1.05619
t150__t1                               1.05369
xru150.dt                                    0
t150__t0                               1.05368
t151__t0                               1.05118
xru151.dt                                    0
t151__t1                               1.05118
t152__t0                               1.04868
xru152.dt                                    0
t152__t1                               1.04868
t153__t0                               1.04618
xru153.dt                                    0
t153__t1                               1.04618
t154__t0                               1.04368
xru154.dt                                    0
t154__t1                               1.04368
t155__t0                               1.04118
xru155.dt                                    0
t155__t1                               1.04118
t156__t0                               1.03867
xru156.dt                                    0
t156__t1                               1.03867
t157__t0                               1.03617
xru157.dt                                    0
t157__t1                               1.03617
t158__t0                               1.03367
xru158.dt                                    0
t158__t1                               1.03367
t159__t0                               1.03117
xru159.dt                                    0
t159__t1                               1.03117
t160__t0                               1.02867
xru160.dt                                    0
t160__t1                               1.02867
t161__t0                               1.02616
xru161.dt                                    0
t161__t1                               1.02616
t162__t0                               1.02366
xru162.dt                                    0
t162__t1                               1.02366
t163__t0                               1.02116
xru163.dt                                    0
t163__t1                               1.02116
t164__t0                               1.01866
xru164.dt                                    0
t164__t1                               1.01866
t165__t0                               1.01616
xru165.dt                                    0
t165__t1                               1.01615
t166__t1                               1.01365
xru166.dt                                    0
t166__t0                               1.01365
t167__t1                               1.01115
xru167.dt                                    0
t167__t0                               1.01115
t168__t1                               1.00865
xru168.dt                                    0
t168__t0                               1.00865
t169__t1                               1.00614
xru169.dt                                    0
t169__t0                               1.00614
t170__t1                               1.00364
xru170.dt                                    0
t170__t0                               1.00364
t171__t1                               1.00114
xru171.dt                                    0
t171__t0                               1.00114
t172__t1                              0.998639
xru172.dt                                    0
t172__t0                              0.998639
t173__t1                              0.996137
xru173.dt                                    0
t173__t0                              0.996137
t174__t1                              0.993635
xru174.dt                                    0
t174__t0                              0.993635
t175__t1                              0.991133
xru175.dt                                    0
t175__t0                              0.991133
t176__t1                              0.988632
xru176.dt                                    0
t176__t0                              0.988631
t177__t1                               0.98613
xru177.dt                                    0
t177__t0                               0.98613
t178__t1                              0.983628
xru178.dt                                    0
t178__t0                              0.983628
t179__t1                              0.981126
xru179.dt                                    0
t179__t0                              0.981126
t180__t1                              0.978624
xru180.dt                                    0
t180__t0                              0.978618
t181__t0                              0.976117
xru181.dt                                    0
t181__t1                              0.976117
t182__t0                              0.973615
xru182.dt                                    0
t182__t1                              0.973615
t183__t0                              0.971113
xru183.dt                                    0
t183__t1                              0.971113
t184__t0                              0.968611
xru184.dt                                    0
t184__t1                              0.968611
t185__t0                               0.96611
xru185.dt                                    0
t185__t1                              0.966109
t186__t0                              0.963608
xru186.dt                                    0
t186__t1                              0.963607
t187__t0                              0.961106
xru187.dt                                    0
t187__t1                              0.961106
t188__t0                              0.958604
xru188.dt                                    0
t188__t1                              0.958604
t189__t0                              0.956102
xru189.dt                                    0
t189__t1                              0.956102
t190__t0                                0.9536
xru190.dt                                    0
t190__t1                                0.9536
t191__t0                              0.951099
xru191.dt                                    0
t191__t1                              0.951098
t192__t0                              0.948597
xru192.dt                                    0
t192__t1                              0.948596
t193__t0                              0.946095
xru193.dt                                    0
t193__t1                              0.946095
t194__t0                              0.943593
xru194.dt                                    0
t194__t1                              0.943593
t195__t0                              0.941091
xru195.dt                                    0
t195__t1                              0.941085
t196__t1                              0.938584
xru196.dt                                    0
t196__t0                              0.938583
t197__t1                              0.936082
xru197.dt                                    0
t197__t0                              0.936082
t198__t1                               0.93358
xru198.dt                                    0
t198__t0                               0.93358
t199__t1                              0.931078
xru199.dt                                    0
t199__t0                              0.931078
t200__t1                              0.928576
xru200.dt                                    0
t200__t0                              0.928576
t201__t1                              0.926075
xru201.dt                                    0
t201__t0                              0.926074
t202__t1                              0.923573
xru202.dt                                    0
t202__t0                              0.923572
t203__t1                              0.921071
xru203.dt                                    0
t203__t0                              0.921071
t204__t1                              0.918569
xru204.dt                                    0
t204__t0                              0.918569
t205__t1                              0.916067
xru205.dt                                    0
t205__t0                              0.916067
t206__t1                              0.913565
xru206.dt                                    0
t206__t0                              0.913565
t207__t1                              0.911064
xru207.dt                                    0
t207__t0                              0.911063
t208__t1                              0.908562
xru208.dt                                    0
t208__t0                              0.908561
t209__t1                               0.90606
xru209.dt                                    0
t209__t0                               0.90606
t210__t1                              0.903558
xru210.dt                                    0
t210__t0                              0.903552
t211__t0                              0.901051
xru211.dt                                    0
t211__t1                               0.90105
t212__t0                              0.898549
xru212.dt                                    0
t212__t1                              0.898548
t213__t0                              0.896047
xru213.dt                                    0
t213__t1                              0.896047
t214__t0                              0.893545
xru214.dt                                    0
t214__t1                              0.893545
t215__t0                              0.891043
xru215.dt                                    0
t215__t1                              0.891043
t216__t0                              0.888541
xru216.dt                                    0
t216__t1                              0.888541
t217__t0                               0.88604
xru217.dt                                    0
t217__t1                              0.886039
t218__t0                              0.883538
xru218.dt                                    0
t218__t1                              0.883537
t219__t0                              0.881036
xru219.dt                                    0
t219__t1                              0.881036
t220__t0                              0.878534
xru220.dt                                    0
t220__t1                              0.878534
t221__t0                              0.876032
xru221.dt                                    0
t221__t1                              0.876032
t222__t0                               0.87353
xru222.dt                                    0
t222__t1                               0.87353
t223__t0                              0.871029
xru223.dt                                    0
t223__t1                              0.871028
t224__t0                              0.868527
xru224.dt                                    0
t224__t1                              0.868526
t225__t0                              0.866025
xru225.dt                                    0
t225__t1                              0.866019
t226__t1                              0.863517
xru226.dt                                    0
t226__t0                              0.863517
t227__t1                              0.861016
xru227.dt                                    0
t227__t0                              0.861015
t228__t1                              0.858514
xru228.dt                                    0
t228__t0                              0.858514
t229__t1                              0.856012
xru229.dt                                    0
t229__t0                              0.856012
t230__t1                               0.85351
xru230.dt                                    0
t230__t0                               0.85351
t231__t1                              0.851008
xru231.dt                                    0
t231__t0                              0.851008
t232__t1                              0.848506
xru232.dt                                    0
t232__t0                              0.848506
t233__t1                              0.846005
xru233.dt                                    0
t233__t0                              0.846004
t234__t1                              0.843503
xru234.dt                                    0
t234__t0                              0.843503
t235__t1                              0.841001
xru235.dt                                    0
t235__t0                              0.841001
t236__t1                              0.838499
xru236.dt                                    0
t236__t0                              0.838499
t237__t1                              0.835997
xru237.dt                                    0
t237__t0                              0.835997
t238__t1                              0.833495
xru238.dt                                    0
t238__t0                              0.833495
t239__t1                              0.830994
xru239.dt                                    0
t239__t0                              0.830993
t240__t1                              0.828492
xru240.dt                                    0
t240__t0                              0.828486
t241__t0                              0.825984
xru241.dt                                    0
t241__t1                              0.825984
t242__t0                              0.823483
xru242.dt                                    0
t242__t1                              0.823482
t243__t0                              0.820981
xru243.dt                                    0
t243__t1                               0.82098
t244__t0                              0.818479
xru244.dt                                    0
t244__t1                              0.818479
t245__t0                              0.815977
xru245.dt                                    0
t245__t1                              0.815977
t246__t0                              0.813475
xru246.dt                                    0
t246__t1                              0.813475
t247__t0                              0.810973
xru247.dt                                    0
t247__t1                              0.810973
t248__t0                              0.808472
xru248.dt                                    0
t248__t1                              0.808471
t249__t0                               0.80597
xru249.dt                                    0
t249__t1                              0.805969
t250__t0                              0.803468
xru250.dt                                    0
t250__t1                              0.803468
t251__t0                              0.800966
xru251.dt                                    0
t251__t1                              0.800966
t252__t0                              0.798464
xru252.dt                                    0
t252__t1                              0.798464
t253__t0                              0.795962
xru253.dt                                    0
t253__t1                              0.795962
t254__t0                              0.793461
xru254.dt                                    0
t254__t1                               0.79346
cb3__t0                               0.790959
xru255.dt                                    0
sns1                                   0.79011
xq1.s1                             3.15945e-10
xq1.t                                0.0456571
cb2                                   0.748065
xq2.s1                             8.22838e-10
xq2.t                               0.00677066
cb3                                   0.790754
xq3.s1                             3.16199e-10
xq3.t                                0.0471294
sns2                                  0.803236
tn0                                    1.11125
t002                                   1.11125
t004                                   1.11125
t005                                   1.11125
t006                                   1.11125
t008                                   1.11125
t009                                   1.11125
t010                                   1.11125
t011                                   1.11125
t012                                   1.11125
t013                                   1.11125
t014                                   1.11125
t016                                   1.11125
t017                                   1.11125
t018                                   1.11125
t019                                   1.11125
t020                                   1.11125
t021                                   1.11125
t022                                   1.11125
t023                                   1.11125
t024                                   1.11125
t025                                   1.11125
t026                                   1.11125
t027                                   1.11125
t028                                   1.11125
t029                                   1.11125
t030                                   1.11125
t032                                   1.11125
t033                                   1.11125
t034                                   1.11125
t035                                   1.11125
t036                                   1.11125
t037                                   1.11125
t038                                   1.11125
t039                                   1.11125
t040                                   1.11125
t041                                   1.11125
t042                                   1.11125
t043                                   1.11125
t044                                   1.11125
t045                                   1.11125
t046                                   1.11125
t047                                   1.11125
t048                                   1.11125
t049                                   1.11125
t050                                   1.11125
t051                                   1.11125
t052                                   1.11125
t053                                   1.11125
t054                                   1.11125
t055                                   1.11125
t056                                   1.11125
t057                                   1.11125
t058                                   1.11125
t059                                   1.11125
t060                                   1.11125
t061                                   1.11125
t062                                   1.11125
t064                                   1.11125
t065                                   1.11125
t066                                   1.11125
t067                                   1.11125
t068                                   1.11125
t069                                   1.11125
t070                                   1.11125
t071                                   1.11125
t072                                   1.11125
t073                                   1.11125
t074                                   1.11125
t075                                   1.11125
t076                                   1.11125
t077                                   1.11125
t078                                   1.11125
t079                                   1.11125
t080                                   1.11125
t081                                   1.11125
t082                                   1.11125
t083                                   1.11125
t084                                   1.11125
t085                                   1.11125
t086                                   1.11125
t087                                   1.11125
t088                                   1.11125
t089                                   1.11125
t090                                   1.11125
t091                                   1.11125
t092                                   1.11125
t093                                   1.11125
t094                                   1.11125
t095                                   1.11125
t096                                   1.11125
t097                                   1.11125
t098                                   1.11125
t099                                   1.11125
t100                                   1.11125
t101                                   1.11125
t102                                   1.11125
t103                                   1.11125
t104                                   1.11125
t105                                   1.11125
t106                                   1.11125
t107                                   1.11125
t108                                   1.11125
t109                                   1.11125
t110                                   1.11125
t111                                   1.11125
t112                                   1.11125
t113                                   1.11125
t114                                   1.11125
t115                                   1.11125
t116                                   1.11125
t117                                   1.11125
t118                                   1.11125
t119                                   1.11125
t120                                   1.11125
t121                                   1.11125
t122                                   1.11125
t123                                   1.11125
t124                                   1.11125
t125                                   1.11125
t126                                   1.11125
t128                                   1.10874
t129                                   1.10623
t130                                   1.10373
t131                                   1.10123
t132                                   1.09873
t133                                   1.09623
t134                                   1.09373
t135                                   1.09122
t136                                   1.08872
t137                                   1.08621
t138                                   1.08371
t139                                   1.08121
t140                                   1.07871
t141                                   1.07621
t142                                   1.07371
t143                                    1.0712
t144                                    1.0687
t145                                    1.0662
t146                                    1.0637
t147                                    1.0612
t148                                   1.05869
t149                                   1.05619
t150                                   1.05369
t151                                   1.05118
t152                                   1.04868
t153                                   1.04618
t154                                   1.04368
t155                                   1.04118
t156                                   1.03867
t157                                   1.03617
t158                                   1.03367
t159                                   1.03117
t160                                   1.02867
t161                                   1.02616
t162                                   1.02366
t163                                   1.02116
t164                                   1.01866
t165                                   1.01615
t166                                   1.01365
t167                                   1.01115
t168                                   1.00865
t169                                   1.00614
t170                                   1.00364
t171                                   1.00114
t172                                  0.998639
t173                                  0.996137
t174                                  0.993635
t175                                  0.991133
t176                                  0.988632
t177                                   0.98613
t178                                  0.983628
t179                                  0.981126
t180                                  0.978621
t181                                  0.976117
t182                                  0.973615
t183                                  0.971113
t184                                  0.968611
t185                                  0.966109
t186                                  0.963608
t187                                  0.961106
t188                                  0.958604
t189                                  0.956102
t190                                    0.9536
t191                                  0.951098
t192                                  0.948597
t193                                  0.946095
t194                                  0.943593
t195                                  0.941088
t196                                  0.938584
t197                                  0.936082
t198                                   0.93358
t199                                  0.931078
t200                                  0.928576
t201                                  0.926074
t202                                  0.923573
t203                                  0.921071
t204                                  0.918569
t205                                  0.916067
t206                                  0.913565
t207                                  0.911063
t208                                  0.908562
t209                                   0.90606
t210                                  0.903555
t211                                   0.90105
t212                                  0.898549
t213                                  0.896047
t214                                  0.893545
t215                                  0.891043
t216                                  0.888541
t217                                  0.886039
t218                                  0.883538
t219                                  0.881036
t220                                  0.878534
t221                                  0.876032
t222                                   0.87353
t223                                  0.871028
t224                                  0.868527
t225                                  0.866022
t226                                  0.863517
t227                                  0.861016
t228                                  0.858514
t229                                  0.856012
t230                                   0.85351
t231                                  0.851008
t232                                  0.848506
t233                                  0.846005
t234                                  0.843503
t235                                  0.841001
t236                                  0.838499
t237                                  0.835997
t238                                  0.833495
t239                                  0.830994
t240                                  0.828489
t241                                  0.825984
t242                                  0.823482
t243                                  0.820981
t244                                  0.818479
t245                                  0.815977
t246                                  0.813475
t247                                  0.810973
t248                                  0.808471
t249                                   0.80597
t250                                  0.803468
t251                                  0.800966
t252                                  0.798464
t253                                  0.795962
t254                                   0.79346
vref                                    1.1365
vss__par                                     0
pa_00                                0.0420457
pa_01                              5.18084e-06
pa_02                              5.25295e-06
pa_03                                  65819.7
pa_04                                  10649.1
bpa_04#branch                                0
vm2a#branch                         4.5897e-06
vm2b#branch                        5.91143e-07
bpa_03#branch                                0
vm3a#branch                        4.07529e-06
vm3b#branch                        5.88833e-07
vm3c#branch                        5.88828e-07
bpa_02#branch                                0
bpa_01#branch                                0
bpa_00#branch                                0
vm1#branch                          5.0904e-06
vvss#branch                        2.05242e-05
vvdd#branch                       -2.05242e-05


No. of Data Rows : 59

  Measurements for Transient Analysis

vref_v              =  1.13650e+00
vpexfb_v            =  2.47187e+00
vbe_q1_v            =  7.90110e-01
vbe_q2_v            =  7.48065e-01
vbe_q3_v            =  7.90754e-01
dvbe_ptat_v         =  4.20457e-02
i_leg1_a            =  5.09040e-06
i_leg2_a            =  5.18084e-06
i_leg3_a            =  5.25295e-06
r1_ohm              =  6.58197e+04
r2_ohm              =  1.06491e+04

ngspice-46 done
