
Note: No compatibility mode selected!


Circuit: * klt sim -- generated corner deck, do not edit

Doing analysis at TEMP = -40.000000 and TNOM = 27.000000

Using SPARSE 1.3 as Direct Linear Solver

Initial Transient Solution
--------------------------

Node                                   Voltage
----                                   -------
vdd                                       2.97
vss                                          0
fb                                     2.14187
vdd__t0                                2.96997
vm1_p                                 0.790123
vdd__t1                                   2.97
sns1__t0                              0.790123
vdd__t2                                2.96999
vm2a_p                                0.803007
vdd__t3                                   2.97
sns2__t0                              0.803007
vdd__t4                                   2.97
vm2b_p                                0.802996
vdd__t5                                   2.97
sns2__t1                              0.802996
vdd__t6                                2.96999
vm3a_p                                 1.13526
vdd__t7                                   2.97
vref__t0                               1.13526
vdd__t10                                  2.97
vm3b_p                                 1.13525
vdd__t8                                   2.97
vref__t2                               1.13525
vdd__t11                                  2.97
vm3c_p                                 1.13525
vdd__t9                                   2.97
vref__t3                               1.13525
sns2__t2                              0.802971
vsubs                                        0
cb2__t0                               0.748118
xr2.dt                                       0
vref__t1                               1.13522
tn0__t2                                 1.1101
xr1.dt                                       0
tn0__t0                                1.11008
tn0__t1                                1.11008
xru1.dt                                      0
tn0__t8                                1.11008
t002__t1                               1.11008
xru2.dt                                      0
t002__t0                               1.11008
tn0__t13                               1.11008
xru3.dt                                      0
tn0__t15                               1.11008
t004__t0                               1.11008
xru4.dt                                      0
t004__t1                               1.11008
t005__t0                               1.11008
xru5.dt                                      0
t005__t1                               1.11008
t006__t0                               1.11008
xru6.dt                                      0
t006__t1                               1.11008
tn0__t9                                1.11008
xru7.dt                                      0
tn0__t11                               1.11008
t008__t0                               1.11008
xru8.dt                                      0
t008__t1                               1.11008
t009__t0                               1.11008
xru9.dt                                      0
t009__t1                               1.11008
t010__t0                               1.11008
xru10.dt                                     0
t010__t1                               1.11008
t011__t0                               1.11008
xru11.dt                                     0
t011__t1                               1.11008
t012__t0                               1.11008
xru12.dt                                     0
t012__t1                               1.11008
t013__t0                               1.11008
xru13.dt                                     0
t013__t1                               1.11008
t014__t0                               1.11008
xru14.dt                                     0
t014__t1                               1.11008
tn0__t3                                1.11008
xru15.dt                                     0
tn0__t4                                1.11008
t016__t1                               1.11008
xru16.dt                                     0
t016__t0                               1.11008
t017__t1                               1.11008
xru17.dt                                     0
t017__t0                               1.11008
t018__t1                               1.11008
xru18.dt                                     0
t018__t0                               1.11008
t019__t1                               1.11008
xru19.dt                                     0
t019__t0                               1.11008
t020__t1                               1.11008
xru20.dt                                     0
t020__t0                               1.11008
t021__t1                               1.11008
xru21.dt                                     0
t021__t0                               1.11008
t022__t1                               1.11008
xru22.dt                                     0
t022__t0                               1.11008
t023__t1                               1.11008
xru23.dt                                     0
t023__t0                               1.11008
t024__t1                               1.11008
xru24.dt                                     0
t024__t0                               1.11008
t025__t1                               1.11008
xru25.dt                                     0
t025__t0                               1.11008
t026__t1                               1.11008
xru26.dt                                     0
t026__t0                               1.11008
t027__t1                               1.11008
xru27.dt                                     0
t027__t0                               1.11008
t028__t1                               1.11008
xru28.dt                                     0
t028__t0                               1.11008
t029__t1                               1.11008
xru29.dt                                     0
t029__t0                               1.11008
t030__t1                               1.11008
xru30.dt                                     0
t030__t0                               1.11008
tn0__t6                                1.11008
xru31.dt                                     0
tn0__t12                               1.11008
t032__t0                               1.11008
xru32.dt                                     0
t032__t1                               1.11008
t033__t0                               1.11008
xru33.dt                                     0
t033__t1                               1.11008
t034__t0                               1.11008
xru34.dt                                     0
t034__t1                               1.11008
t035__t0                               1.11008
xru35.dt                                     0
t035__t1                               1.11008
t036__t0                               1.11008
xru36.dt                                     0
t036__t1                               1.11008
t037__t0                               1.11008
xru37.dt                                     0
t037__t1                               1.11008
t038__t0                               1.11008
xru38.dt                                     0
t038__t1                               1.11008
t039__t0                               1.11008
xru39.dt                                     0
t039__t1                               1.11008
t040__t0                               1.11008
xru40.dt                                     0
t040__t1                               1.11008
t041__t0                               1.11008
xru41.dt                                     0
t041__t1                               1.11008
t042__t0                               1.11008
xru42.dt                                     0
t042__t1                               1.11008
t043__t0                               1.11008
xru43.dt                                     0
t043__t1                               1.11008
t044__t0                               1.11008
xru44.dt                                     0
t044__t1                               1.11008
t045__t0                               1.11008
xru45.dt                                     0
t045__t1                               1.11008
t046__t1                               1.11008
xru46.dt                                     0
t046__t0                               1.11008
t047__t1                               1.11008
xru47.dt                                     0
t047__t0                               1.11008
t048__t1                               1.11008
xru48.dt                                     0
t048__t0                               1.11008
t049__t1                               1.11008
xru49.dt                                     0
t049__t0                               1.11008
t050__t1                               1.11008
xru50.dt                                     0
t050__t0                               1.11008
t051__t1                               1.11008
xru51.dt                                     0
t051__t0                               1.11008
t052__t1                               1.11008
xru52.dt                                     0
t052__t0                               1.11008
t053__t1                               1.11008
xru53.dt                                     0
t053__t0                               1.11008
t054__t1                               1.11008
xru54.dt                                     0
t054__t0                               1.11008
t055__t1                               1.11008
xru55.dt                                     0
t055__t0                               1.11008
t056__t1                               1.11008
xru56.dt                                     0
t056__t0                               1.11008
t057__t1                               1.11008
xru57.dt                                     0
t057__t0                               1.11008
t058__t1                               1.11008
xru58.dt                                     0
t058__t0                               1.11008
t059__t1                               1.11008
xru59.dt                                     0
t059__t0                               1.11008
t060__t1                               1.11008
xru60.dt                                     0
t060__t0                               1.11008
t061__t0                               1.11008
xru61.dt                                     0
t061__t1                               1.11008
t062__t0                               1.11008
xru62.dt                                     0
t062__t1                               1.11008
tn0__t7                                1.11008
xru63.dt                                     0
tn0__t14                               1.11008
t064__t0                               1.11008
xru64.dt                                     0
t064__t1                               1.11008
t065__t0                               1.11008
xru65.dt                                     0
t065__t1                               1.11008
t066__t0                               1.11008
xru66.dt                                     0
t066__t1                               1.11008
t067__t0                               1.11008
xru67.dt                                     0
t067__t1                               1.11008
t068__t0                               1.11008
xru68.dt                                     0
t068__t1                               1.11008
t069__t0                               1.11008
xru69.dt                                     0
t069__t1                               1.11008
t070__t0                               1.11008
xru70.dt                                     0
t070__t1                               1.11008
t071__t0                               1.11008
xru71.dt                                     0
t071__t1                               1.11008
t072__t0                               1.11008
xru72.dt                                     0
t072__t1                               1.11008
t073__t0                               1.11008
xru73.dt                                     0
t073__t1                               1.11008
t074__t0                               1.11008
xru74.dt                                     0
t074__t1                               1.11008
t075__t0                               1.11008
xru75.dt                                     0
t075__t1                               1.11008
t076__t1                               1.11008
xru76.dt                                     0
t076__t0                               1.11008
t077__t1                               1.11008
xru77.dt                                     0
t077__t0                               1.11008
t078__t1                               1.11008
xru78.dt                                     0
t078__t0                               1.11008
t079__t1                               1.11008
xru79.dt                                     0
t079__t0                               1.11008
t080__t1                               1.11008
xru80.dt                                     0
t080__t0                               1.11008
t081__t1                               1.11008
xru81.dt                                     0
t081__t0                               1.11008
t082__t1                               1.11008
xru82.dt                                     0
t082__t0                               1.11008
t083__t1                               1.11008
xru83.dt                                     0
t083__t0                               1.11008
t084__t1                               1.11008
xru84.dt                                     0
t084__t0                               1.11008
t085__t1                               1.11008
xru85.dt                                     0
t085__t0                               1.11008
t086__t1                               1.11008
xru86.dt                                     0
t086__t0                               1.11008
t087__t1                               1.11008
xru87.dt                                     0
t087__t0                               1.11008
t088__t1                               1.11008
xru88.dt                                     0
t088__t0                               1.11008
t089__t1                               1.11008
xru89.dt                                     0
t089__t0                               1.11008
t090__t1                               1.11008
xru90.dt                                     0
t090__t0                               1.11008
t091__t0                               1.11008
xru91.dt                                     0
t091__t1                               1.11008
t092__t0                               1.11008
xru92.dt                                     0
t092__t1                               1.11008
t093__t0                               1.11008
xru93.dt                                     0
t093__t1                               1.11008
t094__t0                               1.11008
xru94.dt                                     0
t094__t1                               1.11008
t095__t0                               1.11008
xru95.dt                                     0
t095__t1                               1.11008
t096__t0                               1.11008
xru96.dt                                     0
t096__t1                               1.11008
t097__t0                               1.11008
xru97.dt                                     0
t097__t1                               1.11008
t098__t0                               1.11008
xru98.dt                                     0
t098__t1                               1.11008
t099__t0                               1.11008
xru99.dt                                     0
t099__t1                               1.11008
t100__t0                               1.11008
xru100.dt                                    0
t100__t1                               1.11008
t101__t0                               1.11008
xru101.dt                                    0
t101__t1                               1.11008
t102__t0                               1.11008
xru102.dt                                    0
t102__t1                               1.11008
t103__t0                               1.11008
xru103.dt                                    0
t103__t1                               1.11008
t104__t0                               1.11008
xru104.dt                                    0
t104__t1                               1.11008
t105__t0                               1.11008
xru105.dt                                    0
t105__t1                               1.11008
t106__t1                               1.11008
xru106.dt                                    0
t106__t0                               1.11008
t107__t1                               1.11008
xru107.dt                                    0
t107__t0                               1.11008
t108__t1                               1.11008
xru108.dt                                    0
t108__t0                               1.11008
t109__t1                               1.11008
xru109.dt                                    0
t109__t0                               1.11008
t110__t1                               1.11008
xru110.dt                                    0
t110__t0                               1.11008
t111__t1                               1.11008
xru111.dt                                    0
t111__t0                               1.11008
t112__t1                               1.11008
xru112.dt                                    0
t112__t0                               1.11008
t113__t1                               1.11008
xru113.dt                                    0
t113__t0                               1.11008
t114__t1                               1.11008
xru114.dt                                    0
t114__t0                               1.11008
t115__t1                               1.11008
xru115.dt                                    0
t115__t0                               1.11008
t116__t1                               1.11008
xru116.dt                                    0
t116__t0                               1.11008
t117__t1                               1.11008
xru117.dt                                    0
t117__t0                               1.11008
t118__t1                               1.11008
xru118.dt                                    0
t118__t0                               1.11008
t119__t1                               1.11008
xru119.dt                                    0
t119__t0                               1.11008
t120__t1                               1.11008
xru120.dt                                    0
t120__t0                               1.11008
t121__t0                               1.11008
xru121.dt                                    0
t121__t1                               1.11008
t122__t0                               1.11008
xru122.dt                                    0
t122__t1                               1.11008
t123__t0                               1.11008
xru123.dt                                    0
t123__t1                               1.11008
t124__t0                               1.11008
xru124.dt                                    0
t124__t1                               1.11008
t125__t0                               1.11008
xru125.dt                                    0
t125__t1                               1.11008
t126__t0                               1.11008
xru126.dt                                    0
t126__t1                               1.11008
tn0__t5                                1.11008
xru127.dt                                    0
tn0__t10                               1.11007
t128__t0                               1.10758
xru128.dt                                    0
t128__t1                               1.10758
t129__t0                               1.10508
xru129.dt                                    0
t129__t1                               1.10508
t130__t0                               1.10259
xru130.dt                                    0
t130__t1                               1.10259
t131__t0                                1.1001
xru131.dt                                    0
t131__t1                                1.1001
t132__t0                                1.0976
xru132.dt                                    0
t132__t1                                1.0976
t133__t0                               1.09511
xru133.dt                                    0
t133__t1                               1.09511
t134__t0                               1.09262
xru134.dt                                    0
t134__t1                               1.09262
t135__t0                               1.09012
xru135.dt                                    0
t135__t1                               1.09012
t136__t1                               1.08763
xru136.dt                                    0
t136__t0                               1.08763
t137__t1                               1.08513
xru137.dt                                    0
t137__t0                               1.08513
t138__t1                               1.08264
xru138.dt                                    0
t138__t0                               1.08264
t139__t1                               1.08015
xru139.dt                                    0
t139__t0                               1.08015
t140__t1                               1.07765
xru140.dt                                    0
t140__t0                               1.07765
t141__t1                               1.07516
xru141.dt                                    0
t141__t0                               1.07516
t142__t1                               1.07267
xru142.dt                                    0
t142__t0                               1.07267
t143__t1                               1.07017
xru143.dt                                    0
t143__t0                               1.07017
t144__t1                               1.06768
xru144.dt                                    0
t144__t0                               1.06768
t145__t1                               1.06519
xru145.dt                                    0
t145__t0                               1.06519
t146__t1                               1.06269
xru146.dt                                    0
t146__t0                               1.06269
t147__t1                                1.0602
xru147.dt                                    0
t147__t0                                1.0602
t148__t1                               1.05771
xru148.dt                                    0
t148__t0                               1.05771
t149__t1                               1.05521
xru149.dt                                    0
t149__t0                               1.05521
t150__t1                               1.05272
xru150.dt                                    0
t150__t0                               1.05271
t151__t0                               1.05022
xru151.dt                                    0
t151__t1                               1.05022
t152__t0                               1.04773
xru152.dt                                    0
t152__t1                               1.04773
t153__t0                               1.04523
xru153.dt                                    0
t153__t1                               1.04523
t154__t0                               1.04274
xru154.dt                                    0
t154__t1                               1.04274
t155__t0                               1.04025
xru155.dt                                    0
t155__t1                               1.04025
t156__t0                               1.03775
xru156.dt                                    0
t156__t1                               1.03775
t157__t0                               1.03526
xru157.dt                                    0
t157__t1                               1.03526
t158__t0                               1.03277
xru158.dt                                    0
t158__t1                               1.03277
t159__t0                               1.03027
xru159.dt                                    0
t159__t1                               1.03027
t160__t0                               1.02778
xru160.dt                                    0
t160__t1                               1.02778
t161__t0                               1.02529
xru161.dt                                    0
t161__t1                               1.02529
t162__t0                                1.0228
xru162.dt                                    0
t162__t1                               1.02279
t163__t0                                1.0203
xru163.dt                                    0
t163__t1                                1.0203
t164__t0                               1.01781
xru164.dt                                    0
t164__t1                               1.01781
t165__t0                               1.01532
xru165.dt                                    0
t165__t1                               1.01531
t166__t1                               1.01282
xru166.dt                                    0
t166__t0                               1.01282
t167__t1                               1.01032
xru167.dt                                    0
t167__t0                               1.01032
t168__t1                               1.00783
xru168.dt                                    0
t168__t0                               1.00783
t169__t1                               1.00534
xru169.dt                                    0
t169__t0                               1.00534
t170__t1                               1.00284
xru170.dt                                    0
t170__t0                               1.00284
t171__t1                               1.00035
xru171.dt                                    0
t171__t0                               1.00035
t172__t1                              0.997857
xru172.dt                                    0
t172__t0                              0.997857
t173__t1                              0.995364
xru173.dt                                    0
t173__t0                              0.995363
t174__t1                               0.99287
xru174.dt                                    0
t174__t0                               0.99287
t175__t1                              0.990377
xru175.dt                                    0
t175__t0                              0.990377
t176__t1                              0.987884
xru176.dt                                    0
t176__t0                              0.987884
t177__t1                              0.985391
xru177.dt                                    0
t177__t0                               0.98539
t178__t1                              0.982897
xru178.dt                                    0
t178__t0                              0.982897
t179__t1                              0.980404
xru179.dt                                    0
t179__t0                              0.980404
t180__t1                              0.977911
xru180.dt                                    0
t180__t0                              0.977905
t181__t0                              0.975412
xru181.dt                                    0
t181__t1                              0.975412
t182__t0                              0.972919
xru182.dt                                    0
t182__t1                              0.972918
t183__t0                              0.970425
xru183.dt                                    0
t183__t1                              0.970425
t184__t0                              0.967932
xru184.dt                                    0
t184__t1                              0.967932
t185__t0                              0.965439
xru185.dt                                    0
t185__t1                              0.965439
t186__t0                              0.962946
xru186.dt                                    0
t186__t1                              0.962945
t187__t0                              0.960452
xru187.dt                                    0
t187__t1                              0.960452
t188__t0                              0.957959
xru188.dt                                    0
t188__t1                              0.957959
t189__t0                              0.955466
xru189.dt                                    0
t189__t1                              0.955465
t190__t0                              0.952972
xru190.dt                                    0
t190__t1                              0.952972
t191__t0                              0.950479
xru191.dt                                    0
t191__t1                              0.950479
t192__t0                              0.947986
xru192.dt                                    0
t192__t1                              0.947986
t193__t0                              0.945493
xru193.dt                                    0
t193__t1                              0.945492
t194__t0                              0.942999
xru194.dt                                    0
t194__t1                              0.942999
t195__t0                              0.940506
xru195.dt                                    0
t195__t1                                0.9405
t196__t1                              0.938007
xru196.dt                                    0
t196__t0                              0.938007
t197__t1                              0.935514
xru197.dt                                    0
t197__t0                              0.935514
t198__t1                              0.933021
xru198.dt                                    0
t198__t0                               0.93302
t199__t1                              0.930527
xru199.dt                                    0
t199__t0                              0.930527
t200__t1                              0.928034
xru200.dt                                    0
t200__t0                              0.928034
t201__t1                              0.925541
xru201.dt                                    0
t201__t0                              0.925541
t202__t1                              0.923048
xru202.dt                                    0
t202__t0                              0.923047
t203__t1                              0.920554
xru203.dt                                    0
t203__t0                              0.920554
t204__t1                              0.918061
xru204.dt                                    0
t204__t0                              0.918061
t205__t1                              0.915568
xru205.dt                                    0
t205__t0                              0.915568
t206__t1                              0.913075
xru206.dt                                    0
t206__t0                              0.913074
t207__t1                              0.910581
xru207.dt                                    0
t207__t0                              0.910581
t208__t1                              0.908088
xru208.dt                                    0
t208__t0                              0.908088
t209__t1                              0.905595
xru209.dt                                    0
t209__t0                              0.905595
t210__t1                              0.903102
xru210.dt                                    0
t210__t0                              0.903096
t211__t0                              0.900603
xru211.dt                                    0
t211__t1                              0.900602
t212__t0                              0.898109
xru212.dt                                    0
t212__t1                              0.898109
t213__t0                              0.895616
xru213.dt                                    0
t213__t1                              0.895616
t214__t0                              0.893123
xru214.dt                                    0
t214__t1                              0.893123
t215__t0                               0.89063
xru215.dt                                    0
t215__t1                              0.890629
t216__t0                              0.888136
xru216.dt                                    0
t216__t1                              0.888136
t217__t0                              0.885643
xru217.dt                                    0
t217__t1                              0.885643
t218__t0                               0.88315
xru218.dt                                    0
t218__t1                               0.88315
t219__t0                              0.880657
xru219.dt                                    0
t219__t1                              0.880656
t220__t0                              0.878163
xru220.dt                                    0
t220__t1                              0.878163
t221__t0                               0.87567
xru221.dt                                    0
t221__t1                               0.87567
t222__t0                              0.873177
xru222.dt                                    0
t222__t1                              0.873176
t223__t0                              0.870683
xru223.dt                                    0
t223__t1                              0.870683
t224__t0                               0.86819
xru224.dt                                    0
t224__t1                               0.86819
t225__t0                              0.865697
xru225.dt                                    0
t225__t1                              0.865691
t226__t1                              0.863198
xru226.dt                                    0
t226__t0                              0.863198
t227__t1                              0.860705
xru227.dt                                    0
t227__t0                              0.860705
t228__t1                              0.858212
xru228.dt                                    0
t228__t0                              0.858211
t229__t1                              0.855718
xru229.dt                                    0
t229__t0                              0.855718
t230__t1                              0.853225
xru230.dt                                    0
t230__t0                              0.853225
t231__t1                              0.850732
xru231.dt                                    0
t231__t0                              0.850731
t232__t1                              0.848238
xru232.dt                                    0
t232__t0                              0.848238
t233__t1                              0.845745
xru233.dt                                    0
t233__t0                              0.845745
t234__t1                              0.843252
xru234.dt                                    0
t234__t0                              0.843252
t235__t1                              0.840759
xru235.dt                                    0
t235__t0                              0.840758
t236__t1                              0.838265
xru236.dt                                    0
t236__t0                              0.838265
t237__t1                              0.835772
xru237.dt                                    0
t237__t0                              0.835772
t238__t1                              0.833279
xru238.dt                                    0
t238__t0                              0.833279
t239__t1                              0.830786
xru239.dt                                    0
t239__t0                              0.830785
t240__t1                              0.828292
xru240.dt                                    0
t240__t0                              0.828286
t241__t0                              0.825793
xru241.dt                                    0
t241__t1                              0.825793
t242__t0                                0.8233
xru242.dt                                    0
t242__t1                                0.8233
t243__t0                              0.820807
xru243.dt                                    0
t243__t1                              0.820807
t244__t0                              0.818314
xru244.dt                                    0
t244__t1                              0.818313
t245__t0                               0.81582
xru245.dt                                    0
t245__t1                               0.81582
t246__t0                              0.813327
xru246.dt                                    0
t246__t1                              0.813327
t247__t0                              0.810834
xru247.dt                                    0
t247__t1                              0.810834
t248__t0                              0.808341
xru248.dt                                    0
t248__t1                               0.80834
t249__t0                              0.805847
xru249.dt                                    0
t249__t1                              0.805847
t250__t0                              0.803354
xru250.dt                                    0
t250__t1                              0.803354
t251__t0                              0.800861
xru251.dt                                    0
t251__t1                               0.80086
t252__t0                              0.798368
xru252.dt                                    0
t252__t1                              0.798367
t253__t0                              0.795874
xru253.dt                                    0
t253__t1                              0.795874
t254__t0                              0.793381
xru254.dt                                    0
t254__t1                              0.793381
cb3__t0                               0.790888
xru255.dt                                    0
sns1                                  0.790047
xq1.s1                              3.1592e-10
xq1.t                                0.0455115
cb2                                   0.747999
xq2.s1                             8.22766e-10
xq2.t                               0.00674837
cb3                                   0.790684
xq3.s1                             3.16171e-10
xq3.t                                0.0469876
sns2                                  0.802994
tn0                                    1.11008
t002                                   1.11008
t004                                   1.11008
t005                                   1.11008
t006                                   1.11008
t008                                   1.11008
t009                                   1.11008
t010                                   1.11008
t011                                   1.11008
t012                                   1.11008
t013                                   1.11008
t014                                   1.11008
t016                                   1.11008
t017                                   1.11008
t018                                   1.11008
t019                                   1.11008
t020                                   1.11008
t021                                   1.11008
t022                                   1.11008
t023                                   1.11008
t024                                   1.11008
t025                                   1.11008
t026                                   1.11008
t027                                   1.11008
t028                                   1.11008
t029                                   1.11008
t030                                   1.11008
t032                                   1.11008
t033                                   1.11008
t034                                   1.11008
t035                                   1.11008
t036                                   1.11008
t037                                   1.11008
t038                                   1.11008
t039                                   1.11008
t040                                   1.11008
t041                                   1.11008
t042                                   1.11008
t043                                   1.11008
t044                                   1.11008
t045                                   1.11008
t046                                   1.11008
t047                                   1.11008
t048                                   1.11008
t049                                   1.11008
t050                                   1.11008
t051                                   1.11008
t052                                   1.11008
t053                                   1.11008
t054                                   1.11008
t055                                   1.11008
t056                                   1.11008
t057                                   1.11008
t058                                   1.11008
t059                                   1.11008
t060                                   1.11008
t061                                   1.11008
t062                                   1.11008
t064                                   1.11008
t065                                   1.11008
t066                                   1.11008
t067                                   1.11008
t068                                   1.11008
t069                                   1.11008
t070                                   1.11008
t071                                   1.11008
t072                                   1.11008
t073                                   1.11008
t074                                   1.11008
t075                                   1.11008
t076                                   1.11008
t077                                   1.11008
t078                                   1.11008
t079                                   1.11008
t080                                   1.11008
t081                                   1.11008
t082                                   1.11008
t083                                   1.11008
t084                                   1.11008
t085                                   1.11008
t086                                   1.11008
t087                                   1.11008
t088                                   1.11008
t089                                   1.11008
t090                                   1.11008
t091                                   1.11008
t092                                   1.11008
t093                                   1.11008
t094                                   1.11008
t095                                   1.11008
t096                                   1.11008
t097                                   1.11008
t098                                   1.11008
t099                                   1.11008
t100                                   1.11008
t101                                   1.11008
t102                                   1.11008
t103                                   1.11008
t104                                   1.11008
t105                                   1.11008
t106                                   1.11008
t107                                   1.11008
t108                                   1.11008
t109                                   1.11008
t110                                   1.11008
t111                                   1.11008
t112                                   1.11008
t113                                   1.11008
t114                                   1.11008
t115                                   1.11008
t116                                   1.11008
t117                                   1.11008
t118                                   1.11008
t119                                   1.11008
t120                                   1.11008
t121                                   1.11008
t122                                   1.11008
t123                                   1.11008
t124                                   1.11008
t125                                   1.11008
t126                                   1.11008
t128                                   1.10758
t129                                   1.10508
t130                                   1.10259
t131                                    1.1001
t132                                    1.0976
t133                                   1.09511
t134                                   1.09262
t135                                   1.09012
t136                                   1.08763
t137                                   1.08513
t138                                   1.08264
t139                                   1.08015
t140                                   1.07765
t141                                   1.07516
t142                                   1.07267
t143                                   1.07017
t144                                   1.06768
t145                                   1.06519
t146                                   1.06269
t147                                    1.0602
t148                                   1.05771
t149                                   1.05521
t150                                   1.05272
t151                                   1.05022
t152                                   1.04773
t153                                   1.04523
t154                                   1.04274
t155                                   1.04025
t156                                   1.03775
t157                                   1.03526
t158                                   1.03277
t159                                   1.03027
t160                                   1.02778
t161                                   1.02529
t162                                    1.0228
t163                                    1.0203
t164                                   1.01781
t165                                   1.01531
t166                                   1.01282
t167                                   1.01032
t168                                   1.00783
t169                                   1.00534
t170                                   1.00284
t171                                   1.00035
t172                                  0.997857
t173                                  0.995363
t174                                   0.99287
t175                                  0.990377
t176                                  0.987884
t177                                   0.98539
t178                                  0.982897
t179                                  0.980404
t180                                  0.977908
t181                                  0.975412
t182                                  0.972918
t183                                  0.970425
t184                                  0.967932
t185                                  0.965439
t186                                  0.962945
t187                                  0.960452
t188                                  0.957959
t189                                  0.955466
t190                                  0.952972
t191                                  0.950479
t192                                  0.947986
t193                                  0.945493
t194                                  0.942999
t195                                  0.940503
t196                                  0.938007
t197                                  0.935514
t198                                  0.933021
t199                                  0.930527
t200                                  0.928034
t201                                  0.925541
t202                                  0.923048
t203                                  0.920554
t204                                  0.918061
t205                                  0.915568
t206                                  0.913074
t207                                  0.910581
t208                                  0.908088
t209                                  0.905595
t210                                  0.903099
t211                                  0.900603
t212                                  0.898109
t213                                  0.895616
t214                                  0.893123
t215                                  0.890629
t216                                  0.888136
t217                                  0.885643
t218                                   0.88315
t219                                  0.880656
t220                                  0.878163
t221                                   0.87567
t222                                  0.873177
t223                                  0.870683
t224                                   0.86819
t225                                  0.865694
t226                                  0.863198
t227                                  0.860705
t228                                  0.858211
t229                                  0.855718
t230                                  0.853225
t231                                  0.850732
t232                                  0.848238
t233                                  0.845745
t234                                  0.843252
t235                                  0.840759
t236                                  0.838265
t237                                  0.835772
t238                                  0.833279
t239                                  0.830785
t240                                  0.828289
t241                                  0.825793
t242                                    0.8233
t243                                  0.820807
t244                                  0.818314
t245                                   0.81582
t246                                  0.813327
t247                                  0.810834
t248                                   0.80834
t249                                  0.805847
t250                                  0.803354
t251                                  0.800861
t252                                  0.798367
t253                                  0.795874
t254                                  0.793381
vref                                   1.13525
vss__par                                     0
pa_00                                0.0420473
pa_01                              5.16426e-06
pa_02                              5.23497e-06
pa_03                                  65819.7
pa_04                                  10649.1
bpa_04#branch                                0
vm2a#branch                        4.57539e-06
vm2b#branch                        5.88869e-07
bpa_03#branch                                0
vm3a#branch                        4.06199e-06
vm3b#branch                        5.86494e-07
vm3c#branch                        5.86488e-07
bpa_02#branch                                0
bpa_01#branch                                0
bpa_00#branch                                0
vm1#branch                          5.0746e-06
vvss#branch                        2.04738e-05
vvdd#branch                       -2.04738e-05


No. of Data Rows : 59

  Measurements for Transient Analysis

vref_v              =  1.13525e+00
vpexfb_v            =  2.14187e+00
vbe_q1_v            =  7.90047e-01
vbe_q2_v            =  7.47999e-01
vbe_q3_v            =  7.90684e-01
dvbe_ptat_v         =  4.20473e-02
i_leg1_a            =  5.07460e-06
i_leg2_a            =  5.16426e-06
i_leg3_a            =  5.23497e-06
r1_ohm              =  6.58197e+04
r2_ohm              =  1.06491e+04

ngspice-46 done
