
Note: No compatibility mode selected!


Circuit: * klt sim -- generated corner deck, do not edit

Doing analysis at TEMP = 125.000000 and TNOM = 27.000000

Using SPARSE 1.3 as Direct Linear Solver
Warning: singular matrix:  check nodes t235 and t221

Note: Starting dynamic gmin stepping


The temperature limiting function received NaN.
Please check your power dissipation and improve your heat sink Rth!
    This message will be shown only once.

Note: Dynamic gmin stepping completed

Initial Transient Solution
--------------------------

Node                                   Voltage
----                                   -------
vdd                                       2.97
vss                                          0
fb                                     2.28969
vdd__t0                                2.96997
vm1_p                                 0.580304
vdd__t1                                   2.97
sns1__t0                              0.580304
vdd__t2                                2.96999
vm2a_p                                0.562546
vdd__t3                                   2.97
sns2__t0                              0.562546
vdd__t4                                   2.97
vm2b_p                                0.562535
vdd__t5                                   2.97
sns2__t1                              0.562535
vdd__t6                                2.96999
vm3a_p                                0.926993
vdd__t7                                   2.97
vref__t0                              0.926993
vdd__t10                                  2.97
vm3b_p                                0.926979
vdd__t8                                   2.97
vref__t2                              0.926979
vdd__t11                                  2.97
vm3c_p                                0.926981
vdd__t9                                   2.97
vref__t3                              0.926981
sns2__t2                               0.56251
vsubs                             -1.49012e-08
cb2__t0                               0.506359
xr2.dt                                       0
vref__t1                               0.92695
tn0__t2                               0.901428
xr1.dt                                       0
tn0__t0                               0.901409
tn0__t1                               0.901409
xru1.dt                                      0
tn0__t8                               0.901409
t002__t1                              0.901409
xru2.dt                                      0
t002__t0                              0.901409
tn0__t13                              0.901409
xru3.dt                                      0
tn0__t15                              0.901409
t004__t0                              0.901409
xru4.dt                                      0
t004__t1                              0.901409
t005__t0                              0.901409
xru5.dt                                      0
t005__t1                              0.901409
t006__t0                              0.901409
xru6.dt                                      0
t006__t1                              0.901409
tn0__t9                               0.901409
xru7.dt                                      0
tn0__t11                              0.901409
t008__t0                              0.901409
xru8.dt                                      0
t008__t1                              0.901409
t009__t0                              0.901409
xru9.dt                                      0
t009__t1                              0.901409
t010__t0                              0.901409
xru10.dt                                     0
t010__t1                              0.901409
t011__t0                              0.901409
xru11.dt                                     0
t011__t1                              0.901409
t012__t0                              0.901409
xru12.dt                                     0
t012__t1                              0.901409
t013__t0                              0.901409
xru13.dt                                     0
t013__t1                              0.901409
t014__t0                              0.901409
xru14.dt                                     0
t014__t1                              0.901409
tn0__t3                               0.901409
xru15.dt                                     0
tn0__t4                               0.901409
t016__t1                              0.901409
xru16.dt                                     0
t016__t0                              0.901409
t017__t1                              0.901409
xru17.dt                                     0
t017__t0                              0.901409
t018__t1                              0.901409
xru18.dt                                     0
t018__t0                              0.901409
t019__t1                              0.901409
xru19.dt                                     0
t019__t0                              0.901409
t020__t1                              0.901409
xru20.dt                                     0
t020__t0                              0.901409
t021__t1                              0.901409
xru21.dt                                     0
t021__t0                              0.901409
t022__t1                              0.901409
xru22.dt                                     0
t022__t0                              0.901409
t023__t1                              0.901409
xru23.dt                                     0
t023__t0                              0.901409
t024__t1                              0.901409
xru24.dt                                     0
t024__t0                              0.901409
t025__t1                              0.901409
xru25.dt                                     0
t025__t0                              0.901409
t026__t1                              0.901409
xru26.dt                                     0
t026__t0                              0.901409
t027__t1                              0.901409
xru27.dt                                     0
t027__t0                              0.901409
t028__t1                              0.901409
xru28.dt                                     0
t028__t0                              0.901409
t029__t1                              0.901409
xru29.dt                                     0
t029__t0                              0.901409
t030__t1                              0.901409
xru30.dt                                     0
t030__t0                              0.901409
tn0__t6                               0.901409
xru31.dt                                     0
tn0__t12                              0.901409
t032__t0                              0.901409
xru32.dt                                     0
t032__t1                              0.901409
t033__t0                              0.901409
xru33.dt                                     0
t033__t1                              0.901409
t034__t0                              0.901409
xru34.dt                                     0
t034__t1                              0.901409
t035__t0                              0.901409
xru35.dt                                     0
t035__t1                              0.901409
t036__t0                              0.901409
xru36.dt                                     0
t036__t1                              0.901409
t037__t0                              0.901409
xru37.dt                                     0
t037__t1                              0.901409
t038__t0                              0.901409
xru38.dt                                     0
t038__t1                              0.901409
t039__t0                              0.901409
xru39.dt                                     0
t039__t1                              0.901409
t040__t0                              0.901409
xru40.dt                                     0
t040__t1                              0.901409
t041__t0                              0.901409
xru41.dt                                     0
t041__t1                              0.901409
t042__t0                              0.901409
xru42.dt                                     0
t042__t1                              0.901409
t043__t0                              0.901409
xru43.dt                                     0
t043__t1                              0.901409
t044__t0                              0.901409
xru44.dt                                     0
t044__t1                              0.901409
t045__t0                              0.901409
xru45.dt                                     0
t045__t1                              0.901409
t046__t1                              0.901409
xru46.dt                                     0
t046__t0                              0.901409
t047__t1                              0.901409
xru47.dt                                     0
t047__t0                              0.901409
t048__t1                              0.901409
xru48.dt                                     0
t048__t0                              0.901409
t049__t1                              0.901409
xru49.dt                                     0
t049__t0                              0.901409
t050__t1                              0.901409
xru50.dt                                     0
t050__t0                              0.901409
t051__t1                              0.901409
xru51.dt                                     0
t051__t0                              0.901409
t052__t1                              0.901409
xru52.dt                                     0
t052__t0                              0.901409
t053__t1                              0.901409
xru53.dt                                     0
t053__t0                              0.901409
t054__t1                              0.901409
xru54.dt                                     0
t054__t0                              0.901409
t055__t1                              0.901409
xru55.dt                                     0
t055__t0                              0.901409
t056__t1                              0.901409
xru56.dt                                     0
t056__t0                              0.901409
t057__t1                              0.901409
xru57.dt                                     0
t057__t0                              0.901409
t058__t1                              0.901409
xru58.dt                                     0
t058__t0                              0.901409
t059__t1                              0.901409
xru59.dt                                     0
t059__t0                              0.901409
t060__t1                              0.901409
xru60.dt                                     0
t060__t0                              0.901409
t061__t0                              0.901409
xru61.dt                                     0
t061__t1                              0.901409
t062__t0                              0.901409
xru62.dt                                     0
t062__t1                              0.901409
tn0__t7                               0.901409
xru63.dt                                     0
tn0__t14                              0.901409
t064__t0                              0.901409
xru64.dt                                     0
t064__t1                              0.901409
t065__t0                              0.901409
xru65.dt                                     0
t065__t1                              0.901409
t066__t0                              0.901409
xru66.dt                                     0
t066__t1                              0.901409
t067__t0                              0.901409
xru67.dt                                     0
t067__t1                              0.901409
t068__t0                              0.901409
xru68.dt                                     0
t068__t1                              0.901409
t069__t0                              0.901409
xru69.dt                                     0
t069__t1                              0.901409
t070__t0                              0.901409
xru70.dt                                     0
t070__t1                              0.901409
t071__t0                              0.901409
xru71.dt                                     0
t071__t1                              0.901409
t072__t0                              0.901409
xru72.dt                                     0
t072__t1                              0.901409
t073__t0                              0.901409
xru73.dt                                     0
t073__t1                              0.901409
t074__t0                              0.901409
xru74.dt                                     0
t074__t1                              0.901409
t075__t0                              0.901409
xru75.dt                                     0
t075__t1                              0.901409
t076__t1                              0.901409
xru76.dt                                     0
t076__t0                              0.901409
t077__t1                              0.901409
xru77.dt                                     0
t077__t0                              0.901409
t078__t1                              0.901409
xru78.dt                                     0
t078__t0                              0.901409
t079__t1                              0.901409
xru79.dt                                     0
t079__t0                              0.901409
t080__t1                              0.901409
xru80.dt                                     0
t080__t0                              0.901409
t081__t1                              0.901409
xru81.dt                                     0
t081__t0                              0.901409
t082__t1                              0.901409
xru82.dt                                     0
t082__t0                              0.901409
t083__t1                              0.901409
xru83.dt                                     0
t083__t0                              0.901409
t084__t1                              0.901409
xru84.dt                                     0
t084__t0                              0.901409
t085__t1                              0.901409
xru85.dt                                     0
t085__t0                              0.901409
t086__t1                              0.901409
xru86.dt                                     0
t086__t0                              0.901409
t087__t1                              0.901409
xru87.dt                                     0
t087__t0                              0.901409
t088__t1                              0.901409
xru88.dt                                     0
t088__t0                              0.901409
t089__t1                              0.901409
xru89.dt                                     0
t089__t0                              0.901409
t090__t1                              0.901409
xru90.dt                                     0
t090__t0                              0.901409
t091__t0                              0.901409
xru91.dt                                     0
t091__t1                              0.901409
t092__t0                              0.901409
xru92.dt                                     0
t092__t1                              0.901409
t093__t0                              0.901409
xru93.dt                                     0
t093__t1                              0.901409
t094__t0                              0.901409
xru94.dt                                     0
t094__t1                              0.901409
t095__t0                              0.901409
xru95.dt                                     0
t095__t1                              0.901409
t096__t0                              0.901409
xru96.dt                                     0
t096__t1                              0.901409
t097__t0                              0.901409
xru97.dt                                     0
t097__t1                              0.901409
t098__t0                              0.901409
xru98.dt                                     0
t098__t1                              0.901409
t099__t0                              0.901409
xru99.dt                                     0
t099__t1                              0.901409
t100__t0                              0.901409
xru100.dt                                    0
t100__t1                              0.901409
t101__t0                              0.901409
xru101.dt                                    0
t101__t1                              0.901409
t102__t0                              0.901409
xru102.dt                                    0
t102__t1                              0.901409
t103__t0                              0.901409
xru103.dt                                    0
t103__t1                              0.901409
t104__t0                              0.901409
xru104.dt                                    0
t104__t1                              0.901409
t105__t0                              0.901409
xru105.dt                                    0
t105__t1                              0.901409
t106__t1                              0.901409
xru106.dt                                    0
t106__t0                              0.901409
t107__t1                              0.901409
xru107.dt                                    0
t107__t0                              0.901409
t108__t1                              0.901409
xru108.dt                                    0
t108__t0                              0.901409
t109__t1                              0.901409
xru109.dt                                    0
t109__t0                              0.901409
t110__t1                              0.901409
xru110.dt                                    0
t110__t0                              0.901409
t111__t1                              0.901409
xru111.dt                                    0
t111__t0                              0.901409
t112__t1                              0.901409
xru112.dt                                    0
t112__t0                              0.901409
t113__t1                              0.901409
xru113.dt                                    0
t113__t0                              0.901409
t114__t1                              0.901409
xru114.dt                                    0
t114__t0                              0.901409
t115__t1                              0.901409
xru115.dt                                    0
t115__t0                              0.901409
t116__t1                              0.901409
xru116.dt                                    0
t116__t0                              0.901409
t117__t1                              0.901409
xru117.dt                                    0
t117__t0                              0.901409
t118__t1                              0.901409
xru118.dt                                    0
t118__t0                              0.901409
t119__t1                              0.901409
xru119.dt                                    0
t119__t0                              0.901409
t120__t1                              0.901409
xru120.dt                                    0
t120__t0                              0.901409
t121__t0                              0.901409
xru121.dt                                    0
t121__t1                              0.901409
t122__t0                              0.901409
xru122.dt                                    0
t122__t1                              0.901409
t123__t0                              0.901409
xru123.dt                                    0
t123__t1                              0.901409
t124__t0                              0.901409
xru124.dt                                    0
t124__t1                              0.901409
t125__t0                              0.901409
xru125.dt                                    0
t125__t1                              0.901409
t126__t0                              0.901409
xru126.dt                                    0
t126__t1                              0.901409
tn0__t5                               0.901409
xru127.dt                                    0
tn0__t10                              0.901398
t128__t0                              0.898896
xru128.dt                                    0
t128__t1                              0.898896
t129__t0                              0.896394
xru129.dt                                    0
t129__t1                              0.896394
t130__t0                              0.893891
xru130.dt                                    0
t130__t1                              0.893891
t131__t0                              0.891389
xru131.dt                                    0
t131__t1                              0.891389
t132__t0                              0.888886
xru132.dt                                    0
t132__t1                              0.888886
t133__t0                              0.886384
xru133.dt                                    0
t133__t1                              0.886384
t134__t0                              0.883882
xru134.dt                                    0
t134__t1                              0.883881
t135__t0                              0.881379
xru135.dt                                    0
t135__t1                              0.881373
t136__t1                              0.878871
xru136.dt                                    0
t136__t0                              0.878871
t137__t1                              0.876369
xru137.dt                                    0
t137__t0                              0.876368
t138__t1                              0.873866
xru138.dt                                    0
t138__t0                              0.873866
t139__t1                              0.871364
xru139.dt                                    0
t139__t0                              0.871363
t140__t1                              0.868861
xru140.dt                                    0
t140__t0                              0.868861
t141__t1                              0.866359
xru141.dt                                    0
t141__t0                              0.866359
t142__t1                              0.863856
xru142.dt                                    0
t142__t0                              0.863856
t143__t1                              0.861354
xru143.dt                                    0
t143__t0                              0.861354
t144__t1                              0.858851
xru144.dt                                    0
t144__t0                              0.858851
t145__t1                              0.856349
xru145.dt                                    0
t145__t0                              0.856349
t146__t1                              0.853847
xru146.dt                                    0
t146__t0                              0.853846
t147__t1                              0.851344
xru147.dt                                    0
t147__t0                              0.851344
t148__t1                              0.848842
xru148.dt                                    0
t148__t0                              0.848841
t149__t1                              0.846339
xru149.dt                                    0
t149__t0                              0.846339
t150__t1                              0.843837
xru150.dt                                    0
t150__t0                              0.843831
t151__t0                              0.841329
xru151.dt                                    0
t151__t1                              0.841329
t152__t0                              0.838826
xru152.dt                                    0
t152__t1                              0.838826
t153__t0                              0.836324
xru153.dt                                    0
t153__t1                              0.836324
t154__t0                              0.833821
xru154.dt                                    0
t154__t1                              0.833821
t155__t0                              0.831319
xru155.dt                                    0
t155__t1                              0.831319
t156__t0                              0.828817
xru156.dt                                    0
t156__t1                              0.828816
t157__t0                              0.826314
xru157.dt                                    0
t157__t1                              0.826314
t158__t0                              0.823812
xru158.dt                                    0
t158__t1                              0.823811
t159__t0                              0.821309
xru159.dt                                    0
t159__t1                              0.821309
t160__t0                              0.818807
xru160.dt                                    0
t160__t1                              0.818806
t161__t0                              0.816304
xru161.dt                                    0
t161__t1                              0.816304
t162__t0                              0.813802
xru162.dt                                    0
t162__t1                              0.813802
t163__t0                              0.811299
xru163.dt                                    0
t163__t1                              0.811299
t164__t0                              0.808797
xru164.dt                                    0
t164__t1                              0.808797
t165__t0                              0.806294
xru165.dt                                    0
t165__t1                              0.806289
t166__t1                              0.803787
xru166.dt                                    0
t166__t0                              0.803786
t167__t1                              0.801284
xru167.dt                                    0
t167__t0                              0.801284
t168__t1                              0.798782
xru168.dt                                    0
t168__t0                              0.798781
t169__t1                              0.796279
xru169.dt                                    0
t169__t0                              0.796279
t170__t1                              0.793777
xru170.dt                                    0
t170__t0                              0.793776
t171__t1                              0.791274
xru171.dt                                    0
t171__t0                              0.791274
t172__t1                              0.788772
xru172.dt                                    0
t172__t0                              0.788772
t173__t1                              0.786269
xru173.dt                                    0
t173__t0                              0.786269
t174__t1                              0.783767
xru174.dt                                    0
t174__t0                              0.783767
t175__t1                              0.781264
xru175.dt                                    0
t175__t0                              0.781264
t176__t1                              0.778762
xru176.dt                                    0
t176__t0                              0.778762
t177__t1                               0.77626
xru177.dt                                    0
t177__t0                              0.776259
t178__t1                              0.773757
xru178.dt                                    0
t178__t0                              0.773757
t179__t1                              0.771255
xru179.dt                                    0
t179__t0                              0.771254
t180__t1                              0.768752
xru180.dt                                    0
t180__t0                              0.768746
t181__t0                              0.766244
xru181.dt                                    0
t181__t1                              0.766244
t182__t0                              0.763742
xru182.dt                                    0
t182__t1                              0.763741
t183__t0                              0.761239
xru183.dt                                    0
t183__t1                              0.761239
t184__t0                              0.758737
xru184.dt                                    0
t184__t1                              0.758737
t185__t0                              0.756234
xru185.dt                                    0
t185__t1                              0.756234
t186__t0                              0.753732
xru186.dt                                    0
t186__t1                              0.753732
t187__t0                               0.75123
xru187.dt                                    0
t187__t1                              0.751229
t188__t0                              0.748727
xru188.dt                                    0
t188__t1                              0.748727
t189__t0                              0.746225
xru189.dt                                    0
t189__t1                              0.746224
t190__t0                              0.743722
xru190.dt                                    0
t190__t1                              0.743722
t191__t0                               0.74122
xru191.dt                                    0
t191__t1                              0.741219
t192__t0                              0.738717
xru192.dt                                    0
t192__t1                              0.738717
t193__t0                              0.736215
xru193.dt                                    0
t193__t1                              0.736215
t194__t0                              0.733712
xru194.dt                                    0
t194__t1                              0.733712
t195__t0                               0.73121
xru195.dt                                    0
t195__t1                              0.731204
t196__t1                              0.728702
xru196.dt                                    0
t196__t0                              0.728702
t197__t1                              0.726199
xru197.dt                                    0
t197__t0                              0.726199
t198__t1                              0.723697
xru198.dt                                    0
t198__t0                              0.723697
t199__t1                              0.721195
xru199.dt                                    0
t199__t0                              0.721194
t200__t1                              0.718692
xru200.dt                                    0
t200__t0                              0.718692
t201__t1                               0.71619
xru201.dt                                    0
t201__t0                              0.716189
t202__t1                              0.713687
xru202.dt                                    0
t202__t0                              0.713687
t203__t1                              0.711185
xru203.dt                                    0
t203__t0                              0.711184
t204__t1                              0.708682
xru204.dt                                    0
t204__t0                              0.708682
t205__t1                               0.70618
xru205.dt                                    0
t205__t0                               0.70618
t206__t1                              0.703677
xru206.dt                                    0
t206__t0                              0.703677
t207__t1                              0.701175
xru207.dt                                    0
t207__t0                              0.701175
t208__t1                              0.698673
xru208.dt                                    0
t208__t0                              0.698672
t209__t1                               0.69617
xru209.dt                                    0
t209__t0                               0.69617
t210__t1                              0.693668
xru210.dt                                    0
t210__t0                              0.693662
t211__t0                               0.69116
xru211.dt                                    0
t211__t1                              0.691159
t212__t0                              0.688657
xru212.dt                                    0
t212__t1                              0.688657
t213__t0                              0.686155
xru213.dt                                    0
t213__t1                              0.686154
t214__t0                              0.683652
xru214.dt                                    0
t214__t1                              0.683652
t215__t0                               0.68115
xru215.dt                                    0
t215__t1                               0.68115
t216__t0                              0.678647
xru216.dt                                    0
t216__t1                              0.678647
t217__t0                              0.676145
xru217.dt                                    0
t217__t1                              0.676145
t218__t0                              0.673642
xru218.dt                                    0
t218__t1                              0.673642
t219__t0                               0.67114
xru219.dt                                    0
t219__t1                               0.67114
t220__t0                              0.668638
xru220.dt                                    0
t220__t1                              0.668637
t221__t0                              0.666135
xru221.dt                                    0
t221__t1                              0.666135
t222__t0                              0.663633
xru222.dt                                    0
t222__t1                              0.663632
t223__t0                               0.66113
xru223.dt                                    0
t223__t1                               0.66113
t224__t0                              0.658628
xru224.dt                                    0
t224__t1                              0.658627
t225__t0                              0.656125
xru225.dt                                    0
t225__t1                               0.65612
t226__t1                              0.653617
xru226.dt                                    0
t226__t0                              0.653617
t227__t1                              0.651115
xru227.dt                                    0
t227__t0                              0.651115
t228__t1                              0.648612
xru228.dt                                    0
t228__t0                              0.648612
t229__t1                               0.64611
xru229.dt                                    0
t229__t0                               0.64611
t230__t1                              0.643608
xru230.dt                                    0
t230__t0                              0.643607
t231__t1                              0.641105
xru231.dt                                    0
t231__t0                              0.641105
t232__t1                              0.638603
xru232.dt                                    0
t232__t0                              0.638602
t233__t1                                0.6361
xru233.dt                                    0
t233__t0                                0.6361
t234__t1                              0.633598
xru234.dt                                    0
t234__t0                              0.633597
t235__t1                              0.631095
xru235.dt                                    0
t235__t0                              0.631095
t236__t1                              0.628593
xru236.dt                                    0
t236__t0                              0.628593
t237__t1                               0.62609
xru237.dt                                    0
t237__t0                               0.62609
t238__t1                              0.623588
xru238.dt                                    0
t238__t0                              0.623588
t239__t1                              0.621086
xru239.dt                                    0
t239__t0                              0.621085
t240__t1                              0.618583
xru240.dt                                    0
t240__t0                              0.618577
t241__t0                              0.616075
xru241.dt                                    0
t241__t1                              0.616075
t242__t0                              0.613573
xru242.dt                                    0
t242__t1                              0.613572
t243__t0                               0.61107
xru243.dt                                    0
t243__t1                               0.61107
t244__t0                              0.608568
xru244.dt                                    0
t244__t1                              0.608567
t245__t0                              0.606065
xru245.dt                                    0
t245__t1                              0.606065
t246__t0                              0.603563
xru246.dt                                    0
t246__t1                              0.603563
t247__t0                               0.60106
xru247.dt                                    0
t247__t1                               0.60106
t248__t0                              0.598558
xru248.dt                                    0
t248__t1                              0.598558
t249__t0                              0.596055
xru249.dt                                    0
t249__t1                              0.596055
t250__t0                              0.593553
xru250.dt                                    0
t250__t1                              0.593553
t251__t0                              0.591051
xru251.dt                                    0
t251__t1                               0.59105
t252__t0                              0.588548
xru252.dt                                    0
t252__t1                              0.588548
t253__t0                              0.586046
xru253.dt                                    0
t253__t1                              0.586045
t254__t0                              0.583543
xru254.dt                                    0
t254__t1                              0.583543
cb3__t0                               0.581041
xru255.dt                                    0
sns1                                  0.580228
xq1.s1                             3.42323e-08
xq1.t                                0.0334701
cb2                                   0.506241
xq2.s1                             4.11958e-07
xq2.t                               0.00454021
cb3                                    0.58084
xq3.s1                             3.42348e-08
xq3.t                                0.0342049
sns2                                  0.562533
tn0                                   0.901409
t002                                  0.901409
t004                                  0.901409
t005                                  0.901409
t006                                  0.901409
t008                                  0.901409
t009                                  0.901409
t010                                  0.901409
t011                                  0.901409
t012                                  0.901409
t013                                  0.901409
t014                                  0.901409
t016                                  0.901409
t017                                  0.901409
t018                                  0.901409
t019                                  0.901409
t020                                  0.901409
t021                                  0.901409
t022                                  0.901409
t023                                  0.901409
t024                                  0.901409
t025                                  0.901409
t026                                  0.901409
t027                                  0.901409
t028                                  0.901409
t029                                  0.901409
t030                                  0.901409
t032                                  0.901409
t033                                  0.901409
t034                                  0.901409
t035                                  0.901409
t036                                  0.901409
t037                                  0.901409
t038                                  0.901409
t039                                  0.901409
t040                                  0.901409
t041                                  0.901409
t042                                  0.901409
t043                                  0.901409
t044                                  0.901409
t045                                  0.901409
t046                                  0.901409
t047                                  0.901409
t048                                  0.901409
t049                                  0.901409
t050                                  0.901409
t051                                  0.901409
t052                                  0.901409
t053                                  0.901409
t054                                  0.901409
t055                                  0.901409
t056                                  0.901409
t057                                  0.901409
t058                                  0.901409
t059                                  0.901409
t060                                  0.901409
t061                                  0.901409
t062                                  0.901409
t064                                  0.901409
t065                                  0.901409
t066                                  0.901409
t067                                  0.901409
t068                                  0.901409
t069                                  0.901409
t070                                  0.901409
t071                                  0.901409
t072                                  0.901409
t073                                  0.901409
t074                                  0.901409
t075                                  0.901409
t076                                  0.901409
t077                                  0.901409
t078                                  0.901409
t079                                  0.901409
t080                                  0.901409
t081                                  0.901409
t082                                  0.901409
t083                                  0.901409
t084                                  0.901409
t085                                  0.901409
t086                                  0.901409
t087                                  0.901409
t088                                  0.901409
t089                                  0.901409
t090                                  0.901409
t091                                  0.901409
t092                                  0.901409
t093                                  0.901409
t094                                  0.901409
t095                                  0.901409
t096                                  0.901409
t097                                  0.901409
t098                                  0.901409
t099                                  0.901409
t100                                  0.901409
t101                                  0.901409
t102                                  0.901409
t103                                  0.901409
t104                                  0.901409
t105                                  0.901409
t106                                  0.901409
t107                                  0.901409
t108                                  0.901409
t109                                  0.901409
t110                                  0.901409
t111                                  0.901409
t112                                  0.901409
t113                                  0.901409
t114                                  0.901409
t115                                  0.901409
t116                                  0.901409
t117                                  0.901409
t118                                  0.901409
t119                                  0.901409
t120                                  0.901409
t121                                  0.901409
t122                                  0.901409
t123                                  0.901409
t124                                  0.901409
t125                                  0.901409
t126                                  0.901409
t128                                  0.898896
t129                                  0.896394
t130                                  0.893891
t131                                  0.891389
t132                                  0.888886
t133                                  0.886384
t134                                  0.883881
t135                                  0.881376
t136                                  0.878871
t137                                  0.876369
t138                                  0.873866
t139                                  0.871364
t140                                  0.868861
t141                                  0.866359
t142                                  0.863856
t143                                  0.861354
t144                                  0.858851
t145                                  0.856349
t146                                  0.853846
t147                                  0.851344
t148                                  0.848842
t149                                  0.846339
t150                                  0.843834
t151                                  0.841329
t152                                  0.838826
t153                                  0.836324
t154                                  0.833821
t155                                  0.831319
t156                                  0.828816
t157                                  0.826314
t158                                  0.823811
t159                                  0.821309
t160                                  0.818807
t161                                  0.816304
t162                                  0.813802
t163                                  0.811299
t164                                  0.808797
t165                                  0.806292
t166                                  0.803786
t167                                  0.801284
t168                                  0.798781
t169                                  0.796279
t170                                  0.793777
t171                                  0.791274
t172                                  0.788772
t173                                  0.786269
t174                                  0.783767
t175                                  0.781264
t176                                  0.778762
t177                                  0.776259
t178                                  0.773757
t179                                  0.771254
t180                                  0.768749
t181                                  0.766244
t182                                  0.763742
t183                                  0.761239
t184                                  0.758737
t185                                  0.756234
t186                                  0.753732
t187                                  0.751229
t188                                  0.748727
t189                                  0.746224
t190                                  0.743722
t191                                   0.74122
t192                                  0.738717
t193                                  0.736215
t194                                  0.733712
t195                                  0.731207
t196                                  0.728702
t197                                  0.726199
t198                                  0.723697
t199                                  0.721194
t200                                  0.718692
t201                                   0.71619
t202                                  0.713687
t203                                  0.711185
t204                                  0.708682
t205                                   0.70618
t206                                  0.703677
t207                                  0.701175
t208                                  0.698672
t209                                   0.69617
t210                                  0.693665
t211                                   0.69116
t212                                  0.688657
t213                                  0.686155
t214                                  0.683652
t215                                   0.68115
t216                                  0.678647
t217                                  0.676145
t218                                  0.673642
t219                                   0.67114
t220                                  0.668637
t221                                  0.666135
t222                                  0.663633
t223                                   0.66113
t224                                  0.658628
t225                                  0.656122
t226                                  0.653617
t227                                  0.651115
t228                                  0.648612
t229                                   0.64611
t230                                  0.643607
t231                                  0.641105
t232                                  0.638603
t233                                    0.6361
t234                                  0.633598
t235                                  0.631095
t236                                  0.628593
t237                                   0.62609
t238                                  0.623588
t239                                  0.621085
t240                                   0.61858
t241                                  0.616075
t242                                  0.613572
t243                                   0.61107
t244                                  0.608568
t245                                  0.606065
t246                                  0.603563
t247                                   0.60106
t248                                  0.598558
t249                                  0.596055
t250                                  0.593553
t251                                   0.59105
t252                                  0.588548
t253                                  0.586046
t254                                  0.583543
vref                                  0.926978
vss__par                                     0
pa_00                                0.0739864
pa_01                              5.13368e-06
pa_02                              5.16902e-06
pa_03                                  66964.1
pa_04                                  10965.2
bpa_04#branch                                0
vm2a#branch                        4.58028e-06
vm2b#branch                        5.53406e-07
bpa_03#branch                                0
vm3a#branch                        4.06592e-06
vm3b#branch                        5.51548e-07
vm3c#branch                        5.51544e-07
bpa_02#branch                                0
bpa_01#branch                                0
bpa_00#branch                                0
vm1#branch                         5.08151e-06
vvss#branch                        2.03842e-05
vvdd#branch                       -2.03842e-05


No. of Data Rows : 59

  Measurements for Transient Analysis

vref_v              =  9.26978e-01
vpexfb_v            =  2.28969e+00
vbe_q1_v            =  5.80228e-01
vbe_q2_v            =  5.06241e-01
vbe_q3_v            =  5.80840e-01
dvbe_ptat_v         =  7.39864e-02
i_leg1_a            =  5.08151e-06
i_leg2_a            =  5.13368e-06
i_leg3_a            =  5.16902e-06
r1_ohm              =  6.69641e+04
r2_ohm              =  1.09652e+04

ngspice-46 done
