
Note: No compatibility mode selected!


Circuit: * klt sim -- generated corner deck, do not edit

Doing analysis at TEMP = 125.000000 and TNOM = 27.000000

Using SPARSE 1.3 as Direct Linear Solver
Warning: singular matrix:  check nodes t243 and t241

Note: Starting dynamic gmin stepping


The temperature limiting function received NaN.
Please check your power dissipation and improve your heat sink Rth!
    This message will be shown only once.

Note: Dynamic gmin stepping completed

Initial Transient Solution
--------------------------

Node                                   Voltage
----                                   -------
vdd                                       3.63
vss                                          0
fb                                     2.94969
vdd__t0                                3.62997
vm1_p                                 0.580482
vdd__t1                                   3.63
sns1__t0                              0.580482
vdd__t2                                3.62999
vm2a_p                                0.563016
vdd__t3                                   3.63
sns2__t0                              0.563016
vdd__t4                                   3.63
vm2b_p                                0.563004
vdd__t5                                   3.63
sns2__t1                              0.563004
vdd__t6                                3.62999
vm3a_p                                0.928974
vdd__t7                                   3.63
vref__t0                              0.928974
vdd__t10                                  3.63
vm3b_p                                0.928961
vdd__t8                                   3.63
vref__t2                              0.928961
vdd__t11                                  3.63
vm3c_p                                0.928963
vdd__t9                                   3.63
vref__t3                              0.928963
sns2__t2                               0.56298
vsubs                             -1.49012e-08
cb2__t0                               0.506542
xr2.dt                                       0
vref__t1                              0.928932
tn0__t2                               0.903277
xr1.dt                                       0
tn0__t0                               0.903258
tn0__t1                               0.903258
xru1.dt                                      0
tn0__t8                               0.903258
t002__t1                              0.903258
xru2.dt                                      0
t002__t0                              0.903258
tn0__t13                              0.903258
xru3.dt                                      0
tn0__t15                              0.903258
t004__t0                              0.903258
xru4.dt                                      0
t004__t1                              0.903258
t005__t0                              0.903258
xru5.dt                                      0
t005__t1                              0.903258
t006__t0                              0.903258
xru6.dt                                      0
t006__t1                              0.903258
tn0__t9                               0.903258
xru7.dt                                      0
tn0__t11                              0.903258
t008__t0                              0.903258
xru8.dt                                      0
t008__t1                              0.903258
t009__t0                              0.903258
xru9.dt                                      0
t009__t1                              0.903258
t010__t0                              0.903258
xru10.dt                                     0
t010__t1                              0.903258
t011__t0                              0.903258
xru11.dt                                     0
t011__t1                              0.903258
t012__t0                              0.903258
xru12.dt                                     0
t012__t1                              0.903258
t013__t0                              0.903258
xru13.dt                                     0
t013__t1                              0.903258
t014__t0                              0.903258
xru14.dt                                     0
t014__t1                              0.903258
tn0__t3                               0.903258
xru15.dt                                     0
tn0__t4                               0.903258
t016__t1                              0.903258
xru16.dt                                     0
t016__t0                              0.903258
t017__t1                              0.903258
xru17.dt                                     0
t017__t0                              0.903258
t018__t1                              0.903258
xru18.dt                                     0
t018__t0                              0.903258
t019__t1                              0.903258
xru19.dt                                     0
t019__t0                              0.903258
t020__t1                              0.903258
xru20.dt                                     0
t020__t0                              0.903258
t021__t1                              0.903258
xru21.dt                                     0
t021__t0                              0.903258
t022__t1                              0.903258
xru22.dt                                     0
t022__t0                              0.903258
t023__t1                              0.903258
xru23.dt                                     0
t023__t0                              0.903258
t024__t1                              0.903258
xru24.dt                                     0
t024__t0                              0.903258
t025__t1                              0.903258
xru25.dt                                     0
t025__t0                              0.903258
t026__t1                              0.903258
xru26.dt                                     0
t026__t0                              0.903258
t027__t1                              0.903258
xru27.dt                                     0
t027__t0                              0.903258
t028__t1                              0.903258
xru28.dt                                     0
t028__t0                              0.903258
t029__t1                              0.903258
xru29.dt                                     0
t029__t0                              0.903258
t030__t1                              0.903258
xru30.dt                                     0
t030__t0                              0.903258
tn0__t6                               0.903258
xru31.dt                                     0
tn0__t12                              0.903258
t032__t0                              0.903258
xru32.dt                                     0
t032__t1                              0.903258
t033__t0                              0.903258
xru33.dt                                     0
t033__t1                              0.903258
t034__t0                              0.903258
xru34.dt                                     0
t034__t1                              0.903258
t035__t0                              0.903258
xru35.dt                                     0
t035__t1                              0.903258
t036__t0                              0.903258
xru36.dt                                     0
t036__t1                              0.903258
t037__t0                              0.903258
xru37.dt                                     0
t037__t1                              0.903258
t038__t0                              0.903258
xru38.dt                                     0
t038__t1                              0.903258
t039__t0                              0.903258
xru39.dt                                     0
t039__t1                              0.903258
t040__t0                              0.903258
xru40.dt                                     0
t040__t1                              0.903258
t041__t0                              0.903258
xru41.dt                                     0
t041__t1                              0.903258
t042__t0                              0.903258
xru42.dt                                     0
t042__t1                              0.903258
t043__t0                              0.903258
xru43.dt                                     0
t043__t1                              0.903258
t044__t0                              0.903258
xru44.dt                                     0
t044__t1                              0.903258
t045__t0                              0.903258
xru45.dt                                     0
t045__t1                              0.903258
t046__t1                              0.903258
xru46.dt                                     0
t046__t0                              0.903258
t047__t1                              0.903258
xru47.dt                                     0
t047__t0                              0.903258
t048__t1                              0.903258
xru48.dt                                     0
t048__t0                              0.903258
t049__t1                              0.903258
xru49.dt                                     0
t049__t0                              0.903258
t050__t1                              0.903258
xru50.dt                                     0
t050__t0                              0.903258
t051__t1                              0.903258
xru51.dt                                     0
t051__t0                              0.903258
t052__t1                              0.903258
xru52.dt                                     0
t052__t0                              0.903258
t053__t1                              0.903258
xru53.dt                                     0
t053__t0                              0.903258
t054__t1                              0.903258
xru54.dt                                     0
t054__t0                              0.903258
t055__t1                              0.903258
xru55.dt                                     0
t055__t0                              0.903258
t056__t1                              0.903258
xru56.dt                                     0
t056__t0                              0.903258
t057__t1                              0.903258
xru57.dt                                     0
t057__t0                              0.903258
t058__t1                              0.903258
xru58.dt                                     0
t058__t0                              0.903258
t059__t1                              0.903258
xru59.dt                                     0
t059__t0                              0.903258
t060__t1                              0.903258
xru60.dt                                     0
t060__t0                              0.903258
t061__t0                              0.903258
xru61.dt                                     0
t061__t1                              0.903258
t062__t0                              0.903258
xru62.dt                                     0
t062__t1                              0.903258
tn0__t7                               0.903258
xru63.dt                                     0
tn0__t14                              0.903258
t064__t0                              0.903258
xru64.dt                                     0
t064__t1                              0.903258
t065__t0                              0.903258
xru65.dt                                     0
t065__t1                              0.903258
t066__t0                              0.903258
xru66.dt                                     0
t066__t1                              0.903258
t067__t0                              0.903258
xru67.dt                                     0
t067__t1                              0.903258
t068__t0                              0.903258
xru68.dt                                     0
t068__t1                              0.903258
t069__t0                              0.903258
xru69.dt                                     0
t069__t1                              0.903258
t070__t0                              0.903258
xru70.dt                                     0
t070__t1                              0.903258
t071__t0                              0.903258
xru71.dt                                     0
t071__t1                              0.903258
t072__t0                              0.903258
xru72.dt                                     0
t072__t1                              0.903258
t073__t0                              0.903258
xru73.dt                                     0
t073__t1                              0.903258
t074__t0                              0.903258
xru74.dt                                     0
t074__t1                              0.903258
t075__t0                              0.903258
xru75.dt                                     0
t075__t1                              0.903258
t076__t1                              0.903258
xru76.dt                                     0
t076__t0                              0.903258
t077__t1                              0.903258
xru77.dt                                     0
t077__t0                              0.903258
t078__t1                              0.903258
xru78.dt                                     0
t078__t0                              0.903258
t079__t1                              0.903258
xru79.dt                                     0
t079__t0                              0.903258
t080__t1                              0.903258
xru80.dt                                     0
t080__t0                              0.903258
t081__t1                              0.903258
xru81.dt                                     0
t081__t0                              0.903258
t082__t1                              0.903258
xru82.dt                                     0
t082__t0                              0.903258
t083__t1                              0.903258
xru83.dt                                     0
t083__t0                              0.903258
t084__t1                              0.903258
xru84.dt                                     0
t084__t0                              0.903258
t085__t1                              0.903258
xru85.dt                                     0
t085__t0                              0.903258
t086__t1                              0.903258
xru86.dt                                     0
t086__t0                              0.903258
t087__t1                              0.903258
xru87.dt                                     0
t087__t0                              0.903258
t088__t1                              0.903258
xru88.dt                                     0
t088__t0                              0.903258
t089__t1                              0.903258
xru89.dt                                     0
t089__t0                              0.903258
t090__t1                              0.903258
xru90.dt                                     0
t090__t0                              0.903258
t091__t0                              0.903258
xru91.dt                                     0
t091__t1                              0.903258
t092__t0                              0.903258
xru92.dt                                     0
t092__t1                              0.903258
t093__t0                              0.903258
xru93.dt                                     0
t093__t1                              0.903258
t094__t0                              0.903258
xru94.dt                                     0
t094__t1                              0.903258
t095__t0                              0.903258
xru95.dt                                     0
t095__t1                              0.903258
t096__t0                              0.903258
xru96.dt                                     0
t096__t1                              0.903258
t097__t0                              0.903258
xru97.dt                                     0
t097__t1                              0.903258
t098__t0                              0.903258
xru98.dt                                     0
t098__t1                              0.903258
t099__t0                              0.903258
xru99.dt                                     0
t099__t1                              0.903258
t100__t0                              0.903258
xru100.dt                                    0
t100__t1                              0.903258
t101__t0                              0.903258
xru101.dt                                    0
t101__t1                              0.903258
t102__t0                              0.903258
xru102.dt                                    0
t102__t1                              0.903258
t103__t0                              0.903258
xru103.dt                                    0
t103__t1                              0.903258
t104__t0                              0.903258
xru104.dt                                    0
t104__t1                              0.903258
t105__t0                              0.903258
xru105.dt                                    0
t105__t1                              0.903258
t106__t1                              0.903258
xru106.dt                                    0
t106__t0                              0.903258
t107__t1                              0.903258
xru107.dt                                    0
t107__t0                              0.903258
t108__t1                              0.903258
xru108.dt                                    0
t108__t0                              0.903258
t109__t1                              0.903258
xru109.dt                                    0
t109__t0                              0.903258
t110__t1                              0.903258
xru110.dt                                    0
t110__t0                              0.903258
t111__t1                              0.903258
xru111.dt                                    0
t111__t0                              0.903258
t112__t1                              0.903258
xru112.dt                                    0
t112__t0                              0.903258
t113__t1                              0.903258
xru113.dt                                    0
t113__t0                              0.903258
t114__t1                              0.903258
xru114.dt                                    0
t114__t0                              0.903258
t115__t1                              0.903258
xru115.dt                                    0
t115__t0                              0.903258
t116__t1                              0.903258
xru116.dt                                    0
t116__t0                              0.903258
t117__t1                              0.903258
xru117.dt                                    0
t117__t0                              0.903258
t118__t1                              0.903258
xru118.dt                                    0
t118__t0                              0.903258
t119__t1                              0.903258
xru119.dt                                    0
t119__t0                              0.903258
t120__t1                              0.903258
xru120.dt                                    0
t120__t0                              0.903258
t121__t0                              0.903258
xru121.dt                                    0
t121__t1                              0.903258
t122__t0                              0.903258
xru122.dt                                    0
t122__t1                              0.903258
t123__t0                              0.903258
xru123.dt                                    0
t123__t1                              0.903258
t124__t0                              0.903258
xru124.dt                                    0
t124__t1                              0.903258
t125__t0                              0.903258
xru125.dt                                    0
t125__t1                              0.903258
t126__t0                              0.903258
xru126.dt                                    0
t126__t1                              0.903258
tn0__t5                               0.903258
xru127.dt                                    0
tn0__t10                              0.903247
t128__t0                              0.900732
xru128.dt                                    0
t128__t1                              0.900732
t129__t0                              0.898217
xru129.dt                                    0
t129__t1                              0.898216
t130__t0                              0.895701
xru130.dt                                    0
t130__t1                              0.895701
t131__t0                              0.893186
xru131.dt                                    0
t131__t1                              0.893186
t132__t0                               0.89067
xru132.dt                                    0
t132__t1                               0.89067
t133__t0                              0.888155
xru133.dt                                    0
t133__t1                              0.888155
t134__t0                               0.88564
xru134.dt                                    0
t134__t1                              0.885639
t135__t0                              0.883124
xru135.dt                                    0
t135__t1                              0.883118
t136__t1                              0.880603
xru136.dt                                    0
t136__t0                              0.880603
t137__t1                              0.878088
xru137.dt                                    0
t137__t0                              0.878087
t138__t1                              0.875572
xru138.dt                                    0
t138__t0                              0.875572
t139__t1                              0.873057
xru139.dt                                    0
t139__t0                              0.873056
t140__t1                              0.870541
xru140.dt                                    0
t140__t0                              0.870541
t141__t1                              0.868026
xru141.dt                                    0
t141__t0                              0.868026
t142__t1                               0.86551
xru142.dt                                    0
t142__t0                               0.86551
t143__t1                              0.862995
xru143.dt                                    0
t143__t0                              0.862995
t144__t1                               0.86048
xru144.dt                                    0
t144__t0                              0.860479
t145__t1                              0.857964
xru145.dt                                    0
t145__t0                              0.857964
t146__t1                              0.855449
xru146.dt                                    0
t146__t0                              0.855448
t147__t1                              0.852933
xru147.dt                                    0
t147__t0                              0.852933
t148__t1                              0.850418
xru148.dt                                    0
t148__t0                              0.850418
t149__t1                              0.847902
xru149.dt                                    0
t149__t0                              0.847902
t150__t1                              0.845387
xru150.dt                                    0
t150__t0                              0.845381
t151__t0                              0.842866
xru151.dt                                    0
t151__t1                              0.842866
t152__t0                              0.840351
xru152.dt                                    0
t152__t1                               0.84035
t153__t0                              0.837835
xru153.dt                                    0
t153__t1                              0.837835
t154__t0                               0.83532
xru154.dt                                    0
t154__t1                              0.835319
t155__t0                              0.832804
xru155.dt                                    0
t155__t1                              0.832804
t156__t0                              0.830289
xru156.dt                                    0
t156__t1                              0.830289
t157__t0                              0.827773
xru157.dt                                    0
t157__t1                              0.827773
t158__t0                              0.825258
xru158.dt                                    0
t158__t1                              0.825258
t159__t0                              0.822743
xru159.dt                                    0
t159__t1                              0.822742
t160__t0                              0.820227
xru160.dt                                    0
t160__t1                              0.820227
t161__t0                              0.817712
xru161.dt                                    0
t161__t1                              0.817711
t162__t0                              0.815196
xru162.dt                                    0
t162__t1                              0.815196
t163__t0                              0.812681
xru163.dt                                    0
t163__t1                               0.81268
t164__t0                              0.810165
xru164.dt                                    0
t164__t1                              0.810165
t165__t0                               0.80765
xru165.dt                                    0
t165__t1                              0.807644
t166__t1                              0.805129
xru166.dt                                    0
t166__t0                              0.805129
t167__t1                              0.802613
xru167.dt                                    0
t167__t0                              0.802613
t168__t1                              0.800098
xru168.dt                                    0
t168__t0                              0.800098
t169__t1                              0.797583
xru169.dt                                    0
t169__t0                              0.797582
t170__t1                              0.795067
xru170.dt                                    0
t170__t0                              0.795067
t171__t1                              0.792552
xru171.dt                                    0
t171__t0                              0.792551
t172__t1                              0.790036
xru172.dt                                    0
t172__t0                              0.790036
t173__t1                              0.787521
xru173.dt                                    0
t173__t0                              0.787521
t174__t1                              0.785005
xru174.dt                                    0
t174__t0                              0.785005
t175__t1                               0.78249
xru175.dt                                    0
t175__t0                               0.78249
t176__t1                              0.779975
xru176.dt                                    0
t176__t0                              0.779974
t177__t1                              0.777459
xru177.dt                                    0
t177__t0                              0.777459
t178__t1                              0.774944
xru178.dt                                    0
t178__t0                              0.774943
t179__t1                              0.772428
xru179.dt                                    0
t179__t0                              0.772428
t180__t1                              0.769913
xru180.dt                                    0
t180__t0                              0.769907
t181__t0                              0.767392
xru181.dt                                    0
t181__t1                              0.767392
t182__t0                              0.764876
xru182.dt                                    0
t182__t1                              0.764876
t183__t0                              0.762361
xru183.dt                                    0
t183__t1                              0.762361
t184__t0                              0.759846
xru184.dt                                    0
t184__t1                              0.759845
t185__t0                               0.75733
xru185.dt                                    0
t185__t1                               0.75733
t186__t0                              0.754815
xru186.dt                                    0
t186__t1                              0.754814
t187__t0                              0.752299
xru187.dt                                    0
t187__t1                              0.752299
t188__t0                              0.749784
xru188.dt                                    0
t188__t1                              0.749783
t189__t0                              0.747268
xru189.dt                                    0
t189__t1                              0.747268
t190__t0                              0.744753
xru190.dt                                    0
t190__t1                              0.744753
t191__t0                              0.742237
xru191.dt                                    0
t191__t1                              0.742237
t192__t0                              0.739722
xru192.dt                                    0
t192__t1                              0.739722
t193__t0                              0.737207
xru193.dt                                    0
t193__t1                              0.737206
t194__t0                              0.734691
xru194.dt                                    0
t194__t1                              0.734691
t195__t0                              0.732176
xru195.dt                                    0
t195__t1                               0.73217
t196__t1                              0.729655
xru196.dt                                    0
t196__t0                              0.729654
t197__t1                              0.727139
xru197.dt                                    0
t197__t0                              0.727139
t198__t1                              0.724624
xru198.dt                                    0
t198__t0                              0.724624
t199__t1                              0.722108
xru199.dt                                    0
t199__t0                              0.722108
t200__t1                              0.719593
xru200.dt                                    0
t200__t0                              0.719593
t201__t1                              0.717078
xru201.dt                                    0
t201__t0                              0.717077
t202__t1                              0.714562
xru202.dt                                    0
t202__t0                              0.714562
t203__t1                              0.712047
xru203.dt                                    0
t203__t0                              0.712046
t204__t1                              0.709531
xru204.dt                                    0
t204__t0                              0.709531
t205__t1                              0.707016
xru205.dt                                    0
t205__t0                              0.707016
t206__t1                                0.7045
xru206.dt                                    0
t206__t0                                0.7045
t207__t1                              0.701985
xru207.dt                                    0
t207__t0                              0.701985
t208__t1                               0.69947
xru208.dt                                    0
t208__t0                              0.699469
t209__t1                              0.696954
xru209.dt                                    0
t209__t0                              0.696954
t210__t1                              0.694439
xru210.dt                                    0
t210__t0                              0.694433
t211__t0                              0.691918
xru211.dt                                    0
t211__t1                              0.691917
t212__t0                              0.689402
xru212.dt                                    0
t212__t1                              0.689402
t213__t0                              0.686887
xru213.dt                                    0
t213__t1                              0.686887
t214__t0                              0.684371
xru214.dt                                    0
t214__t1                              0.684371
t215__t0                              0.681856
xru215.dt                                    0
t215__t1                              0.681856
t216__t0                              0.679341
xru216.dt                                    0
t216__t1                               0.67934
t217__t0                              0.676825
xru217.dt                                    0
t217__t1                              0.676825
t218__t0                               0.67431
xru218.dt                                    0
t218__t1                              0.674309
t219__t0                              0.671794
xru219.dt                                    0
t219__t1                              0.671794
t220__t0                              0.669279
xru220.dt                                    0
t220__t1                              0.669278
t221__t0                              0.666763
xru221.dt                                    0
t221__t1                              0.666763
t222__t0                              0.664248
xru222.dt                                    0
t222__t1                              0.664248
t223__t0                              0.661732
xru223.dt                                    0
t223__t1                              0.661732
t224__t0                              0.659217
xru224.dt                                    0
t224__t1                              0.659217
t225__t0                              0.656702
xru225.dt                                    0
t225__t1                              0.656696
t226__t1                              0.654181
xru226.dt                                    0
t226__t0                               0.65418
t227__t1                              0.651665
xru227.dt                                    0
t227__t0                              0.651665
t228__t1                               0.64915
xru228.dt                                    0
t228__t0                              0.649149
t229__t1                              0.646634
xru229.dt                                    0
t229__t0                              0.646634
t230__t1                              0.644119
xru230.dt                                    0
t230__t0                              0.644119
t231__t1                              0.641603
xru231.dt                                    0
t231__t0                              0.641603
t232__t1                              0.639088
xru232.dt                                    0
t232__t0                              0.639088
t233__t1                              0.636573
xru233.dt                                    0
t233__t0                              0.636572
t234__t1                              0.634057
xru234.dt                                    0
t234__t0                              0.634057
t235__t1                              0.631542
xru235.dt                                    0
t235__t0                              0.631541
t236__t1                              0.629026
xru236.dt                                    0
t236__t0                              0.629026
t237__t1                              0.626511
xru237.dt                                    0
t237__t0                              0.626511
t238__t1                              0.623995
xru238.dt                                    0
t238__t0                              0.623995
t239__t1                               0.62148
xru239.dt                                    0
t239__t0                               0.62148
t240__t1                              0.618965
xru240.dt                                    0
t240__t0                              0.618959
t241__t0                              0.616444
xru241.dt                                    0
t241__t1                              0.616443
t242__t0                              0.613928
xru242.dt                                    0
t242__t1                              0.613928
t243__t0                              0.611413
xru243.dt                                    0
t243__t1                              0.611412
t244__t0                              0.608897
xru244.dt                                    0
t244__t1                              0.608897
t245__t0                              0.606382
xru245.dt                                    0
t245__t1                              0.606382
t246__t0                              0.603866
xru246.dt                                    0
t246__t1                              0.603866
t247__t0                              0.601351
xru247.dt                                    0
t247__t1                              0.601351
t248__t0                              0.598836
xru248.dt                                    0
t248__t1                              0.598835
t249__t0                               0.59632
xru249.dt                                    0
t249__t1                               0.59632
t250__t0                              0.593805
xru250.dt                                    0
t250__t1                              0.593804
t251__t0                              0.591289
xru251.dt                                    0
t251__t1                              0.591289
t252__t0                              0.588774
xru252.dt                                    0
t252__t1                              0.588773
t253__t0                              0.586258
xru253.dt                                    0
t253__t1                              0.586258
t254__t0                              0.583743
xru254.dt                                    0
t254__t1                              0.583743
cb3__t0                               0.581227
xru255.dt                                    0
sns1                                  0.580405
xq1.s1                             3.42329e-08
xq1.t                                0.0336467
cb2                                   0.506423
xq2.s1                             4.11959e-07
xq2.t                               0.00456505
cb3                                   0.581025
xq3.s1                              3.4235e-08
xq3.t                                0.0342707
sns2                                  0.563003
tn0                                   0.903258
t002                                  0.903258
t004                                  0.903258
t005                                  0.903258
t006                                  0.903258
t008                                  0.903258
t009                                  0.903258
t010                                  0.903258
t011                                  0.903258
t012                                  0.903258
t013                                  0.903258
t014                                  0.903258
t016                                  0.903258
t017                                  0.903258
t018                                  0.903258
t019                                  0.903258
t020                                  0.903258
t021                                  0.903258
t022                                  0.903258
t023                                  0.903258
t024                                  0.903258
t025                                  0.903258
t026                                  0.903258
t027                                  0.903258
t028                                  0.903258
t029                                  0.903258
t030                                  0.903258
t032                                  0.903258
t033                                  0.903258
t034                                  0.903258
t035                                  0.903258
t036                                  0.903258
t037                                  0.903258
t038                                  0.903258
t039                                  0.903258
t040                                  0.903258
t041                                  0.903258
t042                                  0.903258
t043                                  0.903258
t044                                  0.903258
t045                                  0.903258
t046                                  0.903258
t047                                  0.903258
t048                                  0.903258
t049                                  0.903258
t050                                  0.903258
t051                                  0.903258
t052                                  0.903258
t053                                  0.903258
t054                                  0.903258
t055                                  0.903258
t056                                  0.903258
t057                                  0.903258
t058                                  0.903258
t059                                  0.903258
t060                                  0.903258
t061                                  0.903258
t062                                  0.903258
t064                                  0.903258
t065                                  0.903258
t066                                  0.903258
t067                                  0.903258
t068                                  0.903258
t069                                  0.903258
t070                                  0.903258
t071                                  0.903258
t072                                  0.903258
t073                                  0.903258
t074                                  0.903258
t075                                  0.903258
t076                                  0.903258
t077                                  0.903258
t078                                  0.903258
t079                                  0.903258
t080                                  0.903258
t081                                  0.903258
t082                                  0.903258
t083                                  0.903258
t084                                  0.903258
t085                                  0.903258
t086                                  0.903258
t087                                  0.903258
t088                                  0.903258
t089                                  0.903258
t090                                  0.903258
t091                                  0.903258
t092                                  0.903258
t093                                  0.903258
t094                                  0.903258
t095                                  0.903258
t096                                  0.903258
t097                                  0.903258
t098                                  0.903258
t099                                  0.903258
t100                                  0.903258
t101                                  0.903258
t102                                  0.903258
t103                                  0.903258
t104                                  0.903258
t105                                  0.903258
t106                                  0.903258
t107                                  0.903258
t108                                  0.903258
t109                                  0.903258
t110                                  0.903258
t111                                  0.903258
t112                                  0.903258
t113                                  0.903258
t114                                  0.903258
t115                                  0.903258
t116                                  0.903258
t117                                  0.903258
t118                                  0.903258
t119                                  0.903258
t120                                  0.903258
t121                                  0.903258
t122                                  0.903258
t123                                  0.903258
t124                                  0.903258
t125                                  0.903258
t126                                  0.903258
t128                                  0.900732
t129                                  0.898217
t130                                  0.895701
t131                                  0.893186
t132                                   0.89067
t133                                  0.888155
t134                                  0.885639
t135                                  0.883121
t136                                  0.880603
t137                                  0.878088
t138                                  0.875572
t139                                  0.873057
t140                                  0.870541
t141                                  0.868026
t142                                   0.86551
t143                                  0.862995
t144                                  0.860479
t145                                  0.857964
t146                                  0.855449
t147                                  0.852933
t148                                  0.850418
t149                                  0.847902
t150                                  0.845384
t151                                  0.842866
t152                                   0.84035
t153                                  0.837835
t154                                   0.83532
t155                                  0.832804
t156                                  0.830289
t157                                  0.827773
t158                                  0.825258
t159                                  0.822742
t160                                  0.820227
t161                                  0.817711
t162                                  0.815196
t163                                  0.812681
t164                                  0.810165
t165                                  0.807647
t166                                  0.805129
t167                                  0.802613
t168                                  0.800098
t169                                  0.797582
t170                                  0.795067
t171                                  0.792552
t172                                  0.790036
t173                                  0.787521
t174                                  0.785005
t175                                   0.78249
t176                                  0.779974
t177                                  0.777459
t178                                  0.774944
t179                                  0.772428
t180                                   0.76991
t181                                  0.767392
t182                                  0.764876
t183                                  0.762361
t184                                  0.759845
t185                                   0.75733
t186                                  0.754815
t187                                  0.752299
t188                                  0.749784
t189                                  0.747268
t190                                  0.744753
t191                                  0.742237
t192                                  0.739722
t193                                  0.737206
t194                                  0.734691
t195                                  0.732173
t196                                  0.729655
t197                                  0.727139
t198                                  0.724624
t199                                  0.722108
t200                                  0.719593
t201                                  0.717077
t202                                  0.714562
t203                                  0.712047
t204                                  0.709531
t205                                  0.707016
t206                                    0.7045
t207                                  0.701985
t208                                  0.699469
t209                                  0.696954
t210                                  0.694436
t211                                  0.691918
t212                                  0.689402
t213                                  0.686887
t214                                  0.684371
t215                                  0.681856
t216                                   0.67934
t217                                  0.676825
t218                                  0.674309
t219                                  0.671794
t220                                  0.669279
t221                                  0.666763
t222                                  0.664248
t223                                  0.661732
t224                                  0.659217
t225                                  0.656699
t226                                   0.65418
t227                                  0.651665
t228                                   0.64915
t229                                  0.646634
t230                                  0.644119
t231                                  0.641603
t232                                  0.639088
t233                                  0.636572
t234                                  0.634057
t235                                  0.631542
t236                                  0.629026
t237                                  0.626511
t238                                  0.623995
t239                                   0.62148
t240                                  0.618962
t241                                  0.616443
t242                                  0.613928
t243                                  0.611413
t244                                  0.608897
t245                                  0.606382
t246                                  0.603866
t247                                  0.601351
t248                                  0.598835
t249                                   0.59632
t250                                  0.593804
t251                                  0.591289
t252                                  0.588774
t253                                  0.586258
t254                                  0.583743
vref                                   0.92896
vss__par                                     0
pa_00                                 0.073982
pa_01                              5.15992e-06
pa_02                              5.19584e-06
pa_03                                  66964.1
pa_04                                  10965.2
bpa_04#branch                                0
vm2a#branch                        4.60316e-06
vm2b#branch                        5.56757e-07
bpa_03#branch                                0
vm3a#branch                        4.08613e-06
vm3b#branch                        5.54854e-07
vm3c#branch                        5.54851e-07
bpa_02#branch                                0
bpa_01#branch                                0
bpa_00#branch                                0
vm1#branch                         5.10675e-06
vvss#branch                        2.04625e-05
vvdd#branch                       -2.04625e-05


No. of Data Rows : 59

  Measurements for Transient Analysis

vref_v              =  9.28960e-01
vpexfb_v            =  2.94969e+00
vbe_q1_v            =  5.80405e-01
vbe_q2_v            =  5.06423e-01
vbe_q3_v            =  5.81025e-01
dvbe_ptat_v         =  7.39820e-02
i_leg1_a            =  5.10675e-06
i_leg2_a            =  5.15992e-06
i_leg3_a            =  5.19584e-06
r1_ohm              =  6.69641e+04
r2_ohm              =  1.09652e+04

ngspice-46 done
