
Note: No compatibility mode selected!


Circuit: * klt sim -- generated corner deck, do not edit

Doing analysis at TEMP = 125.000000 and TNOM = 27.000000

Using SPARSE 1.3 as Direct Linear Solver
Warning: singular matrix:  check nodes t212 and t234

Note: Starting dynamic gmin stepping


The temperature limiting function received NaN.
Please check your power dissipation and improve your heat sink Rth!
    This message will be shown only once.

Note: Dynamic gmin stepping completed

Initial Transient Solution
--------------------------

Node                                   Voltage
----                                   -------
vdd                                        3.3
vss                                          0
fb                                     2.61969
vdd__t0                                3.29997
vm1_p                                 0.580391
vdd__t1                                    3.3
sns1__t0                              0.580391
vdd__t2                                3.29999
vm2a_p                                0.562775
vdd__t3                                    3.3
sns2__t0                              0.562775
vdd__t4                                    3.3
vm2b_p                                0.562763
vdd__t5                                    3.3
sns2__t1                              0.562763
vdd__t6                                3.29999
vm3a_p                                   0.928
vdd__t7                                    3.3
vref__t0                                 0.928
vdd__t10                                   3.3
vm3b_p                                0.927986
vdd__t8                                    3.3
vref__t2                              0.927986
vdd__t11                                   3.3
vm3c_p                                0.927988
vdd__t9                                    3.3
vref__t3                              0.927988
sns2__t2                              0.562739
vsubs                                        0
cb2__t0                               0.506448
xr2.dt                                       0
vref__t1                              0.927957
tn0__t2                               0.902368
xr1.dt                                       0
tn0__t0                               0.902349
tn0__t1                               0.902349
xru1.dt                                      0
tn0__t8                               0.902349
t002__t1                              0.902349
xru2.dt                                      0
t002__t0                              0.902349
tn0__t13                              0.902349
xru3.dt                                      0
tn0__t15                              0.902349
t004__t0                              0.902349
xru4.dt                                      0
t004__t1                              0.902349
t005__t0                              0.902349
xru5.dt                                      0
t005__t1                              0.902349
t006__t0                              0.902349
xru6.dt                                      0
t006__t1                              0.902349
tn0__t9                               0.902349
xru7.dt                                      0
tn0__t11                              0.902349
t008__t0                              0.902349
xru8.dt                                      0
t008__t1                              0.902349
t009__t0                              0.902349
xru9.dt                                      0
t009__t1                              0.902349
t010__t0                              0.902349
xru10.dt                                     0
t010__t1                              0.902349
t011__t0                              0.902349
xru11.dt                                     0
t011__t1                              0.902349
t012__t0                              0.902349
xru12.dt                                     0
t012__t1                              0.902349
t013__t0                              0.902349
xru13.dt                                     0
t013__t1                              0.902349
t014__t0                              0.902349
xru14.dt                                     0
t014__t1                              0.902349
tn0__t3                               0.902349
xru15.dt                                     0
tn0__t4                               0.902349
t016__t1                              0.902349
xru16.dt                                     0
t016__t0                              0.902349
t017__t1                              0.902349
xru17.dt                                     0
t017__t0                              0.902349
t018__t1                              0.902349
xru18.dt                                     0
t018__t0                              0.902349
t019__t1                              0.902349
xru19.dt                                     0
t019__t0                              0.902349
t020__t1                              0.902349
xru20.dt                                     0
t020__t0                              0.902349
t021__t1                              0.902349
xru21.dt                                     0
t021__t0                              0.902349
t022__t1                              0.902349
xru22.dt                                     0
t022__t0                              0.902349
t023__t1                              0.902349
xru23.dt                                     0
t023__t0                              0.902349
t024__t1                              0.902349
xru24.dt                                     0
t024__t0                              0.902349
t025__t1                              0.902349
xru25.dt                                     0
t025__t0                              0.902349
t026__t1                              0.902349
xru26.dt                                     0
t026__t0                              0.902349
t027__t1                              0.902349
xru27.dt                                     0
t027__t0                              0.902349
t028__t1                              0.902349
xru28.dt                                     0
t028__t0                              0.902349
t029__t1                              0.902349
xru29.dt                                     0
t029__t0                              0.902349
t030__t1                              0.902349
xru30.dt                                     0
t030__t0                              0.902349
tn0__t6                               0.902349
xru31.dt                                     0
tn0__t12                              0.902349
t032__t0                              0.902349
xru32.dt                                     0
t032__t1                              0.902349
t033__t0                              0.902349
xru33.dt                                     0
t033__t1                              0.902349
t034__t0                              0.902349
xru34.dt                                     0
t034__t1                              0.902349
t035__t0                              0.902349
xru35.dt                                     0
t035__t1                              0.902349
t036__t0                              0.902349
xru36.dt                                     0
t036__t1                              0.902349
t037__t0                              0.902349
xru37.dt                                     0
t037__t1                              0.902349
t038__t0                              0.902349
xru38.dt                                     0
t038__t1                              0.902349
t039__t0                              0.902349
xru39.dt                                     0
t039__t1                              0.902349
t040__t0                              0.902349
xru40.dt                                     0
t040__t1                              0.902349
t041__t0                              0.902349
xru41.dt                                     0
t041__t1                              0.902349
t042__t0                              0.902349
xru42.dt                                     0
t042__t1                              0.902349
t043__t0                              0.902349
xru43.dt                                     0
t043__t1                              0.902349
t044__t0                              0.902349
xru44.dt                                     0
t044__t1                              0.902349
t045__t0                              0.902349
xru45.dt                                     0
t045__t1                              0.902349
t046__t1                              0.902349
xru46.dt                                     0
t046__t0                              0.902349
t047__t1                              0.902349
xru47.dt                                     0
t047__t0                              0.902349
t048__t1                              0.902349
xru48.dt                                     0
t048__t0                              0.902349
t049__t1                              0.902349
xru49.dt                                     0
t049__t0                              0.902349
t050__t1                              0.902349
xru50.dt                                     0
t050__t0                              0.902349
t051__t1                              0.902349
xru51.dt                                     0
t051__t0                              0.902349
t052__t1                              0.902349
xru52.dt                                     0
t052__t0                              0.902349
t053__t1                              0.902349
xru53.dt                                     0
t053__t0                              0.902349
t054__t1                              0.902349
xru54.dt                                     0
t054__t0                              0.902349
t055__t1                              0.902349
xru55.dt                                     0
t055__t0                              0.902349
t056__t1                              0.902349
xru56.dt                                     0
t056__t0                              0.902349
t057__t1                              0.902349
xru57.dt                                     0
t057__t0                              0.902349
t058__t1                              0.902349
xru58.dt                                     0
t058__t0                              0.902349
t059__t1                              0.902349
xru59.dt                                     0
t059__t0                              0.902349
t060__t1                              0.902349
xru60.dt                                     0
t060__t0                              0.902349
t061__t0                              0.902349
xru61.dt                                     0
t061__t1                              0.902349
t062__t0                              0.902349
xru62.dt                                     0
t062__t1                              0.902349
tn0__t7                               0.902349
xru63.dt                                     0
tn0__t14                              0.902349
t064__t0                              0.902349
xru64.dt                                     0
t064__t1                              0.902349
t065__t0                              0.902349
xru65.dt                                     0
t065__t1                              0.902349
t066__t0                              0.902349
xru66.dt                                     0
t066__t1                              0.902349
t067__t0                              0.902349
xru67.dt                                     0
t067__t1                              0.902349
t068__t0                              0.902349
xru68.dt                                     0
t068__t1                              0.902349
t069__t0                              0.902349
xru69.dt                                     0
t069__t1                              0.902349
t070__t0                              0.902349
xru70.dt                                     0
t070__t1                              0.902349
t071__t0                              0.902349
xru71.dt                                     0
t071__t1                              0.902349
t072__t0                              0.902349
xru72.dt                                     0
t072__t1                              0.902349
t073__t0                              0.902349
xru73.dt                                     0
t073__t1                              0.902349
t074__t0                              0.902349
xru74.dt                                     0
t074__t1                              0.902349
t075__t0                              0.902349
xru75.dt                                     0
t075__t1                              0.902349
t076__t1                              0.902349
xru76.dt                                     0
t076__t0                              0.902349
t077__t1                              0.902349
xru77.dt                                     0
t077__t0                              0.902349
t078__t1                              0.902349
xru78.dt                                     0
t078__t0                              0.902349
t079__t1                              0.902349
xru79.dt                                     0
t079__t0                              0.902349
t080__t1                              0.902349
xru80.dt                                     0
t080__t0                              0.902349
t081__t1                              0.902349
xru81.dt                                     0
t081__t0                              0.902349
t082__t1                              0.902349
xru82.dt                                     0
t082__t0                              0.902349
t083__t1                              0.902349
xru83.dt                                     0
t083__t0                              0.902349
t084__t1                              0.902349
xru84.dt                                     0
t084__t0                              0.902349
t085__t1                              0.902349
xru85.dt                                     0
t085__t0                              0.902349
t086__t1                              0.902349
xru86.dt                                     0
t086__t0                              0.902349
t087__t1                              0.902349
xru87.dt                                     0
t087__t0                              0.902349
t088__t1                              0.902349
xru88.dt                                     0
t088__t0                              0.902349
t089__t1                              0.902349
xru89.dt                                     0
t089__t0                              0.902349
t090__t1                              0.902349
xru90.dt                                     0
t090__t0                              0.902349
t091__t0                              0.902349
xru91.dt                                     0
t091__t1                              0.902349
t092__t0                              0.902349
xru92.dt                                     0
t092__t1                              0.902349
t093__t0                              0.902349
xru93.dt                                     0
t093__t1                              0.902349
t094__t0                              0.902349
xru94.dt                                     0
t094__t1                              0.902349
t095__t0                              0.902349
xru95.dt                                     0
t095__t1                              0.902349
t096__t0                              0.902349
xru96.dt                                     0
t096__t1                              0.902349
t097__t0                              0.902349
xru97.dt                                     0
t097__t1                              0.902349
t098__t0                              0.902349
xru98.dt                                     0
t098__t1                              0.902349
t099__t0                              0.902349
xru99.dt                                     0
t099__t1                              0.902349
t100__t0                              0.902349
xru100.dt                                    0
t100__t1                              0.902349
t101__t0                              0.902349
xru101.dt                                    0
t101__t1                              0.902349
t102__t0                              0.902349
xru102.dt                                    0
t102__t1                              0.902349
t103__t0                              0.902349
xru103.dt                                    0
t103__t1                              0.902349
t104__t0                              0.902349
xru104.dt                                    0
t104__t1                              0.902349
t105__t0                              0.902349
xru105.dt                                    0
t105__t1                              0.902349
t106__t1                              0.902349
xru106.dt                                    0
t106__t0                              0.902349
t107__t1                              0.902349
xru107.dt                                    0
t107__t0                              0.902349
t108__t1                              0.902349
xru108.dt                                    0
t108__t0                              0.902349
t109__t1                              0.902349
xru109.dt                                    0
t109__t0                              0.902349
t110__t1                              0.902349
xru110.dt                                    0
t110__t0                              0.902349
t111__t1                              0.902349
xru111.dt                                    0
t111__t0                              0.902349
t112__t1                              0.902349
xru112.dt                                    0
t112__t0                              0.902349
t113__t1                              0.902349
xru113.dt                                    0
t113__t0                              0.902349
t114__t1                              0.902349
xru114.dt                                    0
t114__t0                              0.902349
t115__t1                              0.902349
xru115.dt                                    0
t115__t0                              0.902349
t116__t1                              0.902349
xru116.dt                                    0
t116__t0                              0.902349
t117__t1                              0.902349
xru117.dt                                    0
t117__t0                              0.902349
t118__t1                              0.902349
xru118.dt                                    0
t118__t0                              0.902349
t119__t1                              0.902349
xru119.dt                                    0
t119__t0                              0.902349
t120__t1                              0.902349
xru120.dt                                    0
t120__t0                              0.902349
t121__t0                              0.902349
xru121.dt                                    0
t121__t1                              0.902349
t122__t0                              0.902349
xru122.dt                                    0
t122__t1                              0.902349
t123__t0                              0.902349
xru123.dt                                    0
t123__t1                              0.902349
t124__t0                              0.902349
xru124.dt                                    0
t124__t1                              0.902349
t125__t0                              0.902349
xru125.dt                                    0
t125__t1                              0.902349
t126__t0                              0.902349
xru126.dt                                    0
t126__t1                              0.902349
tn0__t5                               0.902349
xru127.dt                                    0
tn0__t10                              0.902338
t128__t0                              0.899829
xru128.dt                                    0
t128__t1                              0.899829
t129__t0                               0.89732
xru129.dt                                    0
t129__t1                               0.89732
t130__t0                              0.894811
xru130.dt                                    0
t130__t1                              0.894811
t131__t0                              0.892302
xru131.dt                                    0
t131__t1                              0.892302
t132__t0                              0.889793
xru132.dt                                    0
t132__t1                              0.889792
t133__t0                              0.887284
xru133.dt                                    0
t133__t1                              0.887283
t134__t0                              0.884775
xru134.dt                                    0
t134__t1                              0.884774
t135__t0                              0.882266
xru135.dt                                    0
t135__t1                               0.88226
t136__t1                              0.879751
xru136.dt                                    0
t136__t0                              0.879751
t137__t1                              0.877242
xru137.dt                                    0
t137__t0                              0.877242
t138__t1                              0.874733
xru138.dt                                    0
t138__t0                              0.874733
t139__t1                              0.872224
xru139.dt                                    0
t139__t0                              0.872224
t140__t1                              0.869715
xru140.dt                                    0
t140__t0                              0.869715
t141__t1                              0.867206
xru141.dt                                    0
t141__t0                              0.867206
t142__t1                              0.864697
xru142.dt                                    0
t142__t0                              0.864696
t143__t1                              0.862188
xru143.dt                                    0
t143__t0                              0.862187
t144__t1                              0.859679
xru144.dt                                    0
t144__t0                              0.859678
t145__t1                               0.85717
xru145.dt                                    0
t145__t0                              0.857169
t146__t1                              0.854661
xru146.dt                                    0
t146__t0                               0.85466
t147__t1                              0.852152
xru147.dt                                    0
t147__t0                              0.852151
t148__t1                              0.849642
xru148.dt                                    0
t148__t0                              0.849642
t149__t1                              0.847133
xru149.dt                                    0
t149__t0                              0.847133
t150__t1                              0.844624
xru150.dt                                    0
t150__t0                              0.844619
t151__t0                               0.84211
xru151.dt                                    0
t151__t1                               0.84211
t152__t0                              0.839601
xru152.dt                                    0
t152__t1                                0.8396
t153__t0                              0.837092
xru153.dt                                    0
t153__t1                              0.837091
t154__t0                              0.834583
xru154.dt                                    0
t154__t1                              0.834582
t155__t0                              0.832074
xru155.dt                                    0
t155__t1                              0.832073
t156__t0                              0.829565
xru156.dt                                    0
t156__t1                              0.829564
t157__t0                              0.827055
xru157.dt                                    0
t157__t1                              0.827055
t158__t0                              0.824546
xru158.dt                                    0
t158__t1                              0.824546
t159__t0                              0.822037
xru159.dt                                    0
t159__t1                              0.822037
t160__t0                              0.819528
xru160.dt                                    0
t160__t1                              0.819528
t161__t0                              0.817019
xru161.dt                                    0
t161__t1                              0.817019
t162__t0                               0.81451
xru162.dt                                    0
t162__t1                               0.81451
t163__t0                              0.812001
xru163.dt                                    0
t163__t1                              0.812001
t164__t0                              0.809492
xru164.dt                                    0
t164__t1                              0.809492
t165__t0                              0.806983
xru165.dt                                    0
t165__t1                              0.806977
t166__t1                              0.804469
xru166.dt                                    0
t166__t0                              0.804468
t167__t1                              0.801959
xru167.dt                                    0
t167__t0                              0.801959
t168__t1                               0.79945
xru168.dt                                    0
t168__t0                               0.79945
t169__t1                              0.796941
xru169.dt                                    0
t169__t0                              0.796941
t170__t1                              0.794432
xru170.dt                                    0
t170__t0                              0.794432
t171__t1                              0.791923
xru171.dt                                    0
t171__t0                              0.791923
t172__t1                              0.789414
xru172.dt                                    0
t172__t0                              0.789414
t173__t1                              0.786905
xru173.dt                                    0
t173__t0                              0.786905
t174__t1                              0.784396
xru174.dt                                    0
t174__t0                              0.784396
t175__t1                              0.781887
xru175.dt                                    0
t175__t0                              0.781887
t176__t1                              0.779378
xru176.dt                                    0
t176__t0                              0.779378
t177__t1                              0.776869
xru177.dt                                    0
t177__t0                              0.776869
t178__t1                               0.77436
xru178.dt                                    0
t178__t0                               0.77436
t179__t1                              0.771851
xru179.dt                                    0
t179__t0                              0.771851
t180__t1                              0.769342
xru180.dt                                    0
t180__t0                              0.769336
t181__t0                              0.766827
xru181.dt                                    0
t181__t1                              0.766827
t182__t0                              0.764318
xru182.dt                                    0
t182__t1                              0.764318
t183__t0                              0.761809
xru183.dt                                    0
t183__t1                              0.761809
t184__t0                                0.7593
xru184.dt                                    0
t184__t1                                0.7593
t185__t0                              0.756791
xru185.dt                                    0
t185__t1                              0.756791
t186__t0                              0.754282
xru186.dt                                    0
t186__t1                              0.754282
t187__t0                              0.751773
xru187.dt                                    0
t187__t1                              0.751773
t188__t0                              0.749264
xru188.dt                                    0
t188__t1                              0.749264
t189__t0                              0.746755
xru189.dt                                    0
t189__t1                              0.746755
t190__t0                              0.744246
xru190.dt                                    0
t190__t1                              0.744246
t191__t0                              0.741737
xru191.dt                                    0
t191__t1                              0.741737
t192__t0                              0.739228
xru192.dt                                    0
t192__t1                              0.739227
t193__t0                              0.736719
xru193.dt                                    0
t193__t1                              0.736718
t194__t0                               0.73421
xru194.dt                                    0
t194__t1                              0.734209
t195__t0                              0.731701
xru195.dt                                    0
t195__t1                              0.731695
t196__t1                              0.729186
xru196.dt                                    0
t196__t0                              0.729186
t197__t1                              0.726677
xru197.dt                                    0
t197__t0                              0.726677
t198__t1                              0.724168
xru198.dt                                    0
t198__t0                              0.724168
t199__t1                              0.721659
xru199.dt                                    0
t199__t0                              0.721659
t200__t1                               0.71915
xru200.dt                                    0
t200__t0                               0.71915
t201__t1                              0.716641
xru201.dt                                    0
t201__t0                              0.716641
t202__t1                              0.714132
xru202.dt                                    0
t202__t0                              0.714131
t203__t1                              0.711623
xru203.dt                                    0
t203__t0                              0.711622
t204__t1                              0.709114
xru204.dt                                    0
t204__t0                              0.709113
t205__t1                              0.706605
xru205.dt                                    0
t205__t0                              0.706604
t206__t1                              0.704096
xru206.dt                                    0
t206__t0                              0.704095
t207__t1                              0.701587
xru207.dt                                    0
t207__t0                              0.701586
t208__t1                              0.699077
xru208.dt                                    0
t208__t0                              0.699077
t209__t1                              0.696568
xru209.dt                                    0
t209__t0                              0.696568
t210__t1                              0.694059
xru210.dt                                    0
t210__t0                              0.694054
t211__t0                              0.691545
xru211.dt                                    0
t211__t1                              0.691545
t212__t0                              0.689036
xru212.dt                                    0
t212__t1                              0.689035
t213__t0                              0.686527
xru213.dt                                    0
t213__t1                              0.686526
t214__t0                              0.684018
xru214.dt                                    0
t214__t1                              0.684017
t215__t0                              0.681509
xru215.dt                                    0
t215__t1                              0.681508
t216__t0                                 0.679
xru216.dt                                    0
t216__t1                              0.678999
t217__t0                              0.676491
xru217.dt                                    0
t217__t1                               0.67649
t218__t0                              0.673981
xru218.dt                                    0
t218__t1                              0.673981
t219__t0                              0.671472
xru219.dt                                    0
t219__t1                              0.671472
t220__t0                              0.668963
xru220.dt                                    0
t220__t1                              0.668963
t221__t0                              0.666454
xru221.dt                                    0
t221__t1                              0.666454
t222__t0                              0.663945
xru222.dt                                    0
t222__t1                              0.663945
t223__t0                              0.661436
xru223.dt                                    0
t223__t1                              0.661436
t224__t0                              0.658927
xru224.dt                                    0
t224__t1                              0.658927
t225__t0                              0.656418
xru225.dt                                    0
t225__t1                              0.656412
t226__t1                              0.653904
xru226.dt                                    0
t226__t0                              0.653903
t227__t1                              0.651395
xru227.dt                                    0
t227__t0                              0.651394
t228__t1                              0.648885
xru228.dt                                    0
t228__t0                              0.648885
t229__t1                              0.646376
xru229.dt                                    0
t229__t0                              0.646376
t230__t1                              0.643867
xru230.dt                                    0
t230__t0                              0.643867
t231__t1                              0.641358
xru231.dt                                    0
t231__t0                              0.641358
t232__t1                              0.638849
xru232.dt                                    0
t232__t0                              0.638849
t233__t1                               0.63634
xru233.dt                                    0
t233__t0                               0.63634
t234__t1                              0.633831
xru234.dt                                    0
t234__t0                              0.633831
t235__t1                              0.631322
xru235.dt                                    0
t235__t0                              0.631322
t236__t1                              0.628813
xru236.dt                                    0
t236__t0                              0.628813
t237__t1                              0.626304
xru237.dt                                    0
t237__t0                              0.626304
t238__t1                              0.623795
xru238.dt                                    0
t238__t0                              0.623795
t239__t1                              0.621286
xru239.dt                                    0
t239__t0                              0.621286
t240__t1                              0.618777
xru240.dt                                    0
t240__t0                              0.618771
t241__t0                              0.616262
xru241.dt                                    0
t241__t1                              0.616262
t242__t0                              0.613753
xru242.dt                                    0
t242__t1                              0.613753
t243__t0                              0.611244
xru243.dt                                    0
t243__t1                              0.611244
t244__t0                              0.608735
xru244.dt                                    0
t244__t1                              0.608735
t245__t0                              0.606226
xru245.dt                                    0
t245__t1                              0.606226
t246__t0                              0.603717
xru246.dt                                    0
t246__t1                              0.603717
t247__t0                              0.601208
xru247.dt                                    0
t247__t1                              0.601208
t248__t0                              0.598699
xru248.dt                                    0
t248__t1                              0.598699
t249__t0                               0.59619
xru249.dt                                    0
t249__t1                               0.59619
t250__t0                              0.593681
xru250.dt                                    0
t250__t1                              0.593681
t251__t0                              0.591172
xru251.dt                                    0
t251__t1                              0.591172
t252__t0                              0.588663
xru252.dt                                    0
t252__t1                              0.588663
t253__t0                              0.586154
xru253.dt                                    0
t253__t1                              0.586153
t254__t0                              0.583645
xru254.dt                                    0
t254__t1                              0.583644
cb3__t0                               0.581136
xru255.dt                                    0
sns1                                  0.580314
xq1.s1                             3.42326e-08
xq1.t                                0.0335563
cb2                                    0.50633
xq2.s1                             4.11958e-07
xq2.t                                0.0045523
cb3                                   0.580934
xq3.s1                             3.42351e-08
xq3.t                                0.0343091
sns2                                  0.562762
tn0                                   0.902349
t002                                  0.902349
t004                                  0.902349
t005                                  0.902349
t006                                  0.902349
t008                                  0.902349
t009                                  0.902349
t010                                  0.902349
t011                                  0.902349
t012                                  0.902349
t013                                  0.902349
t014                                  0.902349
t016                                  0.902349
t017                                  0.902349
t018                                  0.902349
t019                                  0.902349
t020                                  0.902349
t021                                  0.902349
t022                                  0.902349
t023                                  0.902349
t024                                  0.902349
t025                                  0.902349
t026                                  0.902349
t027                                  0.902349
t028                                  0.902349
t029                                  0.902349
t030                                  0.902349
t032                                  0.902349
t033                                  0.902349
t034                                  0.902349
t035                                  0.902349
t036                                  0.902349
t037                                  0.902349
t038                                  0.902349
t039                                  0.902349
t040                                  0.902349
t041                                  0.902349
t042                                  0.902349
t043                                  0.902349
t044                                  0.902349
t045                                  0.902349
t046                                  0.902349
t047                                  0.902349
t048                                  0.902349
t049                                  0.902349
t050                                  0.902349
t051                                  0.902349
t052                                  0.902349
t053                                  0.902349
t054                                  0.902349
t055                                  0.902349
t056                                  0.902349
t057                                  0.902349
t058                                  0.902349
t059                                  0.902349
t060                                  0.902349
t061                                  0.902349
t062                                  0.902349
t064                                  0.902349
t065                                  0.902349
t066                                  0.902349
t067                                  0.902349
t068                                  0.902349
t069                                  0.902349
t070                                  0.902349
t071                                  0.902349
t072                                  0.902349
t073                                  0.902349
t074                                  0.902349
t075                                  0.902349
t076                                  0.902349
t077                                  0.902349
t078                                  0.902349
t079                                  0.902349
t080                                  0.902349
t081                                  0.902349
t082                                  0.902349
t083                                  0.902349
t084                                  0.902349
t085                                  0.902349
t086                                  0.902349
t087                                  0.902349
t088                                  0.902349
t089                                  0.902349
t090                                  0.902349
t091                                  0.902349
t092                                  0.902349
t093                                  0.902349
t094                                  0.902349
t095                                  0.902349
t096                                  0.902349
t097                                  0.902349
t098                                  0.902349
t099                                  0.902349
t100                                  0.902349
t101                                  0.902349
t102                                  0.902349
t103                                  0.902349
t104                                  0.902349
t105                                  0.902349
t106                                  0.902349
t107                                  0.902349
t108                                  0.902349
t109                                  0.902349
t110                                  0.902349
t111                                  0.902349
t112                                  0.902349
t113                                  0.902349
t114                                  0.902349
t115                                  0.902349
t116                                  0.902349
t117                                  0.902349
t118                                  0.902349
t119                                  0.902349
t120                                  0.902349
t121                                  0.902349
t122                                  0.902349
t123                                  0.902349
t124                                  0.902349
t125                                  0.902349
t126                                  0.902349
t128                                  0.899829
t129                                   0.89732
t130                                  0.894811
t131                                  0.892302
t132                                  0.889793
t133                                  0.887284
t134                                  0.884775
t135                                  0.882263
t136                                  0.879751
t137                                  0.877242
t138                                  0.874733
t139                                  0.872224
t140                                  0.869715
t141                                  0.867206
t142                                  0.864697
t143                                  0.862188
t144                                  0.859679
t145                                  0.857169
t146                                   0.85466
t147                                  0.852151
t148                                  0.849642
t149                                  0.847133
t150                                  0.844621
t151                                   0.84211
t152                                  0.839601
t153                                  0.837092
t154                                  0.834582
t155                                  0.832073
t156                                  0.829564
t157                                  0.827055
t158                                  0.824546
t159                                  0.822037
t160                                  0.819528
t161                                  0.817019
t162                                   0.81451
t163                                  0.812001
t164                                  0.809492
t165                                   0.80698
t166                                  0.804468
t167                                  0.801959
t168                                   0.79945
t169                                  0.796941
t170                                  0.794432
t171                                  0.791923
t172                                  0.789414
t173                                  0.786905
t174                                  0.784396
t175                                  0.781887
t176                                  0.779378
t177                                  0.776869
t178                                   0.77436
t179                                  0.771851
t180                                  0.769339
t181                                  0.766827
t182                                  0.764318
t183                                  0.761809
t184                                    0.7593
t185                                  0.756791
t186                                  0.754282
t187                                  0.751773
t188                                  0.749264
t189                                  0.746755
t190                                  0.744246
t191                                  0.741737
t192                                  0.739228
t193                                  0.736719
t194                                   0.73421
t195                                  0.731698
t196                                  0.729186
t197                                  0.726677
t198                                  0.724168
t199                                  0.721659
t200                                   0.71915
t201                                  0.716641
t202                                  0.714132
t203                                  0.711623
t204                                  0.709114
t205                                  0.706604
t206                                  0.704095
t207                                  0.701586
t208                                  0.699077
t209                                  0.696568
t210                                  0.694056
t211                                  0.691545
t212                                  0.689036
t213                                  0.686527
t214                                  0.684018
t215                                  0.681508
t216                                  0.678999
t217                                   0.67649
t218                                  0.673981
t219                                  0.671472
t220                                  0.668963
t221                                  0.666454
t222                                  0.663945
t223                                  0.661436
t224                                  0.658927
t225                                  0.656415
t226                                  0.653903
t227                                  0.651394
t228                                  0.648885
t229                                  0.646376
t230                                  0.643867
t231                                  0.641358
t232                                  0.638849
t233                                   0.63634
t234                                  0.633831
t235                                  0.631322
t236                                  0.628813
t237                                  0.626304
t238                                  0.623795
t239                                  0.621286
t240                                  0.618774
t241                                  0.616262
t242                                  0.613753
t243                                  0.611244
t244                                  0.608735
t245                                  0.606226
t246                                  0.603717
t247                                  0.601208
t248                                  0.598699
t249                                   0.59619
t250                                  0.593681
t251                                  0.591172
t252                                  0.588663
t253                                  0.586154
t254                                  0.583645
vref                                  0.927985
vss__par                                     0
pa_00                                0.0739845
pa_01                              5.14645e-06
pa_02                              5.18264e-06
pa_03                                  66964.1
pa_04                                  10965.2
bpa_04#branch                                0
vm2a#branch                        4.59141e-06
vm2b#branch                        5.55042e-07
bpa_03#branch                                0
vm3a#branch                         4.0762e-06
vm3b#branch                        5.53222e-07
vm3c#branch                        5.53218e-07
bpa_02#branch                                0
bpa_01#branch                                0
bpa_00#branch                                0
vm1#branch                         5.09383e-06
vvss#branch                        2.04229e-05
vvdd#branch                       -2.04229e-05


No. of Data Rows : 59

  Measurements for Transient Analysis

vref_v              =  9.27985e-01
vpexfb_v            =  2.61969e+00
vbe_q1_v            =  5.80314e-01
vbe_q2_v            =  5.06330e-01
vbe_q3_v            =  5.80934e-01
dvbe_ptat_v         =  7.39845e-02
i_leg1_a            =  5.09383e-06
i_leg2_a            =  5.14645e-06
i_leg3_a            =  5.18264e-06
r1_ohm              =  6.69641e+04
r2_ohm              =  1.09652e+04

ngspice-46 done
