
Note: No compatibility mode selected!


Circuit: * klt sim -- generated corner deck, do not edit

Doing analysis at TEMP = 27.000000 and TNOM = 27.000000

Using SPARSE 1.3 as Direct Linear Solver

Initial Transient Solution
--------------------------

Node                                   Voltage
----                                   -------
vdd                                        3.3
vss                                          0
fb                                     2.52313
vdd__t0                                3.29997
vm1_p                                 0.708615
vdd__t1                                    3.3
sns1__t0                              0.708615
vdd__t2                                3.29999
vm2a_p                                0.709243
vdd__t3                                    3.3
sns2__t0                              0.709243
vdd__t4                                    3.3
vm2b_p                                0.709231
vdd__t5                                    3.3
sns2__t1                              0.709231
vdd__t6                                3.29999
vm3a_p                                 1.05415
vdd__t7                                    3.3
vref__t0                               1.05415
vdd__t10                                   3.3
vm3b_p                                 1.05413
vdd__t8                                    3.3
vref__t2                               1.05413
vdd__t11                                   3.3
vm3c_p                                 1.05414
vdd__t9                                    3.3
vref__t3                               1.05414
sns2__t2                              0.709206
vsubs                                        0
cb2__t0                               0.653858
xr2.dt                                       0
vref__t1                                1.0541
tn0__t2                                1.02884
xr1.dt                                       0
tn0__t0                                1.02882
tn0__t1                                1.02882
xru1.dt                                      0
tn0__t8                                1.02882
t002__t1                               1.02882
xru2.dt                                      0
t002__t0                               1.02882
tn0__t13                               1.02882
xru3.dt                                      0
tn0__t15                               1.02882
t004__t0                               1.02882
xru4.dt                                      0
t004__t1                               1.02882
t005__t0                               1.02882
xru5.dt                                      0
t005__t1                               1.02882
t006__t0                               1.02882
xru6.dt                                      0
t006__t1                               1.02882
tn0__t9                                1.02882
xru7.dt                                      0
tn0__t11                               1.02882
t008__t0                               1.02882
xru8.dt                                      0
t008__t1                               1.02882
t009__t0                               1.02882
xru9.dt                                      0
t009__t1                               1.02882
t010__t0                               1.02882
xru10.dt                                     0
t010__t1                               1.02882
t011__t0                               1.02882
xru11.dt                                     0
t011__t1                               1.02882
t012__t0                               1.02882
xru12.dt                                     0
t012__t1                               1.02882
t013__t0                               1.02882
xru13.dt                                     0
t013__t1                               1.02882
t014__t0                               1.02882
xru14.dt                                     0
t014__t1                               1.02882
tn0__t3                                1.02882
xru15.dt                                     0
tn0__t4                                1.02882
t016__t1                               1.02882
xru16.dt                                     0
t016__t0                               1.02882
t017__t1                               1.02882
xru17.dt                                     0
t017__t0                               1.02882
t018__t1                               1.02882
xru18.dt                                     0
t018__t0                               1.02882
t019__t1                               1.02882
xru19.dt                                     0
t019__t0                               1.02882
t020__t1                               1.02882
xru20.dt                                     0
t020__t0                               1.02882
t021__t1                               1.02882
xru21.dt                                     0
t021__t0                               1.02882
t022__t1                               1.02882
xru22.dt                                     0
t022__t0                               1.02882
t023__t1                               1.02882
xru23.dt                                     0
t023__t0                               1.02882
t024__t1                               1.02882
xru24.dt                                     0
t024__t0                               1.02882
t025__t1                               1.02882
xru25.dt                                     0
t025__t0                               1.02882
t026__t1                               1.02882
xru26.dt                                     0
t026__t0                               1.02882
t027__t1                               1.02882
xru27.dt                                     0
t027__t0                               1.02882
t028__t1                               1.02882
xru28.dt                                     0
t028__t0                               1.02882
t029__t1                               1.02882
xru29.dt                                     0
t029__t0                               1.02882
t030__t1                               1.02882
xru30.dt                                     0
t030__t0                               1.02882
tn0__t6                                1.02882
xru31.dt                                     0
tn0__t12                               1.02882
t032__t0                               1.02882
xru32.dt                                     0
t032__t1                               1.02882
t033__t0                               1.02882
xru33.dt                                     0
t033__t1                               1.02882
t034__t0                               1.02882
xru34.dt                                     0
t034__t1                               1.02882
t035__t0                               1.02882
xru35.dt                                     0
t035__t1                               1.02882
t036__t0                               1.02882
xru36.dt                                     0
t036__t1                               1.02882
t037__t0                               1.02882
xru37.dt                                     0
t037__t1                               1.02882
t038__t0                               1.02882
xru38.dt                                     0
t038__t1                               1.02882
t039__t0                               1.02882
xru39.dt                                     0
t039__t1                               1.02882
t040__t0                               1.02882
xru40.dt                                     0
t040__t1                               1.02882
t041__t0                               1.02882
xru41.dt                                     0
t041__t1                               1.02882
t042__t0                               1.02882
xru42.dt                                     0
t042__t1                               1.02882
t043__t0                               1.02882
xru43.dt                                     0
t043__t1                               1.02882
t044__t0                               1.02882
xru44.dt                                     0
t044__t1                               1.02882
t045__t0                               1.02882
xru45.dt                                     0
t045__t1                               1.02882
t046__t1                               1.02882
xru46.dt                                     0
t046__t0                               1.02882
t047__t1                               1.02882
xru47.dt                                     0
t047__t0                               1.02882
t048__t1                               1.02882
xru48.dt                                     0
t048__t0                               1.02882
t049__t1                               1.02882
xru49.dt                                     0
t049__t0                               1.02882
t050__t1                               1.02882
xru50.dt                                     0
t050__t0                               1.02882
t051__t1                               1.02882
xru51.dt                                     0
t051__t0                               1.02882
t052__t1                               1.02882
xru52.dt                                     0
t052__t0                               1.02882
t053__t1                               1.02882
xru53.dt                                     0
t053__t0                               1.02882
t054__t1                               1.02882
xru54.dt                                     0
t054__t0                               1.02882
t055__t1                               1.02882
xru55.dt                                     0
t055__t0                               1.02882
t056__t1                               1.02882
xru56.dt                                     0
t056__t0                               1.02882
t057__t1                               1.02882
xru57.dt                                     0
t057__t0                               1.02882
t058__t1                               1.02882
xru58.dt                                     0
t058__t0                               1.02882
t059__t1                               1.02882
xru59.dt                                     0
t059__t0                               1.02882
t060__t1                               1.02882
xru60.dt                                     0
t060__t0                               1.02882
t061__t0                               1.02882
xru61.dt                                     0
t061__t1                               1.02882
t062__t0                               1.02882
xru62.dt                                     0
t062__t1                               1.02882
tn0__t7                                1.02882
xru63.dt                                     0
tn0__t14                               1.02882
t064__t0                               1.02882
xru64.dt                                     0
t064__t1                               1.02882
t065__t0                               1.02882
xru65.dt                                     0
t065__t1                               1.02882
t066__t0                               1.02882
xru66.dt                                     0
t066__t1                               1.02882
t067__t0                               1.02882
xru67.dt                                     0
t067__t1                               1.02882
t068__t0                               1.02882
xru68.dt                                     0
t068__t1                               1.02882
t069__t0                               1.02882
xru69.dt                                     0
t069__t1                               1.02882
t070__t0                               1.02882
xru70.dt                                     0
t070__t1                               1.02882
t071__t0                               1.02882
xru71.dt                                     0
t071__t1                               1.02882
t072__t0                               1.02882
xru72.dt                                     0
t072__t1                               1.02882
t073__t0                               1.02882
xru73.dt                                     0
t073__t1                               1.02882
t074__t0                               1.02882
xru74.dt                                     0
t074__t1                               1.02882
t075__t0                               1.02882
xru75.dt                                     0
t075__t1                               1.02882
t076__t1                               1.02882
xru76.dt                                     0
t076__t0                               1.02882
t077__t1                               1.02882
xru77.dt                                     0
t077__t0                               1.02882
t078__t1                               1.02882
xru78.dt                                     0
t078__t0                               1.02882
t079__t1                               1.02882
xru79.dt                                     0
t079__t0                               1.02882
t080__t1                               1.02882
xru80.dt                                     0
t080__t0                               1.02882
t081__t1                               1.02882
xru81.dt                                     0
t081__t0                               1.02882
t082__t1                               1.02882
xru82.dt                                     0
t082__t0                               1.02882
t083__t1                               1.02882
xru83.dt                                     0
t083__t0                               1.02882
t084__t1                               1.02882
xru84.dt                                     0
t084__t0                               1.02882
t085__t1                               1.02882
xru85.dt                                     0
t085__t0                               1.02882
t086__t1                               1.02882
xru86.dt                                     0
t086__t0                               1.02882
t087__t1                               1.02882
xru87.dt                                     0
t087__t0                               1.02882
t088__t1                               1.02882
xru88.dt                                     0
t088__t0                               1.02882
t089__t1                               1.02882
xru89.dt                                     0
t089__t0                               1.02882
t090__t1                               1.02882
xru90.dt                                     0
t090__t0                               1.02882
t091__t0                               1.02882
xru91.dt                                     0
t091__t1                               1.02882
t092__t0                               1.02882
xru92.dt                                     0
t092__t1                               1.02882
t093__t0                               1.02882
xru93.dt                                     0
t093__t1                               1.02882
t094__t0                               1.02882
xru94.dt                                     0
t094__t1                               1.02882
t095__t0                               1.02882
xru95.dt                                     0
t095__t1                               1.02882
t096__t0                               1.02882
xru96.dt                                     0
t096__t1                               1.02882
t097__t0                               1.02882
xru97.dt                                     0
t097__t1                               1.02882
t098__t0                               1.02882
xru98.dt                                     0
t098__t1                               1.02882
t099__t0                               1.02882
xru99.dt                                     0
t099__t1                               1.02882
t100__t0                               1.02882
xru100.dt                                    0
t100__t1                               1.02882
t101__t0                               1.02882
xru101.dt                                    0
t101__t1                               1.02882
t102__t0                               1.02882
xru102.dt                                    0
t102__t1                               1.02882
t103__t0                               1.02882
xru103.dt                                    0
t103__t1                               1.02882
t104__t0                               1.02882
xru104.dt                                    0
t104__t1                               1.02882
t105__t0                               1.02882
xru105.dt                                    0
t105__t1                               1.02882
t106__t1                               1.02882
xru106.dt                                    0
t106__t0                               1.02882
t107__t1                               1.02882
xru107.dt                                    0
t107__t0                               1.02882
t108__t1                               1.02882
xru108.dt                                    0
t108__t0                               1.02882
t109__t1                               1.02882
xru109.dt                                    0
t109__t0                               1.02882
t110__t1                               1.02882
xru110.dt                                    0
t110__t0                               1.02882
t111__t1                               1.02882
xru111.dt                                    0
t111__t0                               1.02882
t112__t1                               1.02882
xru112.dt                                    0
t112__t0                               1.02882
t113__t1                               1.02882
xru113.dt                                    0
t113__t0                               1.02882
t114__t1                               1.02882
xru114.dt                                    0
t114__t0                               1.02882
t115__t1                               1.02882
xru115.dt                                    0
t115__t0                               1.02882
t116__t1                               1.02882
xru116.dt                                    0
t116__t0                               1.02882
t117__t1                               1.02882
xru117.dt                                    0
t117__t0                               1.02882
t118__t1                               1.02882
xru118.dt                                    0
t118__t0                               1.02882
t119__t1                               1.02882
xru119.dt                                    0
t119__t0                               1.02882
t120__t1                               1.02882
xru120.dt                                    0
t120__t0                               1.02882
t121__t0                               1.02882
xru121.dt                                    0
t121__t1                               1.02882
t122__t0                               1.02882
xru122.dt                                    0
t122__t1                               1.02882
t123__t0                               1.02882
xru123.dt                                    0
t123__t1                               1.02882
t124__t0                               1.02882
xru124.dt                                    0
t124__t1                               1.02882
t125__t0                               1.02882
xru125.dt                                    0
t125__t1                               1.02882
t126__t0                               1.02882
xru126.dt                                    0
t126__t1                               1.02882
tn0__t5                                1.02882
xru127.dt                                    0
tn0__t10                               1.02881
t128__t0                               1.02632
xru128.dt                                    0
t128__t1                               1.02632
t129__t0                               1.02382
xru129.dt                                    0
t129__t1                               1.02382
t130__t0                               1.02133
xru130.dt                                    0
t130__t1                               1.02133
t131__t0                               1.01883
xru131.dt                                    0
t131__t1                               1.01883
t132__t0                               1.01634
xru132.dt                                    0
t132__t1                               1.01634
t133__t0                               1.01384
xru133.dt                                    0
t133__t1                               1.01384
t134__t0                               1.01135
xru134.dt                                    0
t134__t1                               1.01135
t135__t0                               1.00885
xru135.dt                                    0
t135__t1                               1.00885
t136__t1                               1.00635
xru136.dt                                    0
t136__t0                               1.00635
t137__t1                               1.00386
xru137.dt                                    0
t137__t0                               1.00386
t138__t1                               1.00136
xru138.dt                                    0
t138__t0                               1.00136
t139__t1                              0.998867
xru139.dt                                    0
t139__t0                              0.998867
t140__t1                              0.996372
xru140.dt                                    0
t140__t0                              0.996372
t141__t1                              0.993877
xru141.dt                                    0
t141__t0                              0.993876
t142__t1                              0.991382
xru142.dt                                    0
t142__t0                              0.991381
t143__t1                              0.988886
xru143.dt                                    0
t143__t0                              0.988886
t144__t1                              0.986391
xru144.dt                                    0
t144__t0                              0.986391
t145__t1                              0.983896
xru145.dt                                    0
t145__t0                              0.983896
t146__t1                              0.981401
xru146.dt                                    0
t146__t0                              0.981401
t147__t1                              0.978906
xru147.dt                                    0
t147__t0                              0.978906
t148__t1                              0.976411
xru148.dt                                    0
t148__t0                              0.976411
t149__t1                              0.973916
xru149.dt                                    0
t149__t0                              0.973915
t150__t1                              0.971421
xru150.dt                                    0
t150__t0                              0.971415
t151__t0                               0.96892
xru151.dt                                    0
t151__t1                               0.96892
t152__t0                              0.966425
xru152.dt                                    0
t152__t1                              0.966424
t153__t0                               0.96393
xru153.dt                                    0
t153__t1                              0.963929
t154__t0                              0.961435
xru154.dt                                    0
t154__t1                              0.961434
t155__t0                              0.958939
xru155.dt                                    0
t155__t1                              0.958939
t156__t0                              0.956444
xru156.dt                                    0
t156__t1                              0.956444
t157__t0                              0.953949
xru157.dt                                    0
t157__t1                              0.953949
t158__t0                              0.951454
xru158.dt                                    0
t158__t1                              0.951454
t159__t0                              0.948959
xru159.dt                                    0
t159__t1                              0.948959
t160__t0                              0.946464
xru160.dt                                    0
t160__t1                              0.946463
t161__t0                              0.943969
xru161.dt                                    0
t161__t1                              0.943968
t162__t0                              0.941474
xru162.dt                                    0
t162__t1                              0.941473
t163__t0                              0.938978
xru163.dt                                    0
t163__t1                              0.938978
t164__t0                              0.936483
xru164.dt                                    0
t164__t1                              0.936483
t165__t0                              0.933988
xru165.dt                                    0
t165__t1                              0.933982
t166__t1                              0.931487
xru166.dt                                    0
t166__t0                              0.931487
t167__t1                              0.928992
xru167.dt                                    0
t167__t0                              0.928992
t168__t1                              0.926497
xru168.dt                                    0
t168__t0                              0.926497
t169__t1                              0.924002
xru169.dt                                    0
t169__t0                              0.924002
t170__t1                              0.921507
xru170.dt                                    0
t170__t0                              0.921507
t171__t1                              0.919012
xru171.dt                                    0
t171__t0                              0.919012
t172__t1                              0.916517
xru172.dt                                    0
t172__t0                              0.916516
t173__t1                              0.914022
xru173.dt                                    0
t173__t0                              0.914021
t174__t1                              0.911526
xru174.dt                                    0
t174__t0                              0.911526
t175__t1                              0.909031
xru175.dt                                    0
t175__t0                              0.909031
t176__t1                              0.906536
xru176.dt                                    0
t176__t0                              0.906536
t177__t1                              0.904041
xru177.dt                                    0
t177__t0                              0.904041
t178__t1                              0.901546
xru178.dt                                    0
t178__t0                              0.901546
t179__t1                              0.899051
xru179.dt                                    0
t179__t0                              0.899051
t180__t1                              0.896556
xru180.dt                                    0
t180__t0                               0.89655
t181__t0                              0.894055
xru181.dt                                    0
t181__t1                              0.894055
t182__t0                               0.89156
xru182.dt                                    0
t182__t1                               0.89156
t183__t0                              0.889065
xru183.dt                                    0
t183__t1                              0.889065
t184__t0                               0.88657
xru184.dt                                    0
t184__t1                              0.886569
t185__t0                              0.884075
xru185.dt                                    0
t185__t1                              0.884074
t186__t0                              0.881579
xru186.dt                                    0
t186__t1                              0.881579
t187__t0                              0.879084
xru187.dt                                    0
t187__t1                              0.879084
t188__t0                              0.876589
xru188.dt                                    0
t188__t1                              0.876589
t189__t0                              0.874094
xru189.dt                                    0
t189__t1                              0.874094
t190__t0                              0.871599
xru190.dt                                    0
t190__t1                              0.871599
t191__t0                              0.869104
xru191.dt                                    0
t191__t1                              0.869104
t192__t0                              0.866609
xru192.dt                                    0
t192__t1                              0.866608
t193__t0                              0.864114
xru193.dt                                    0
t193__t1                              0.864113
t194__t0                              0.861618
xru194.dt                                    0
t194__t1                              0.861618
t195__t0                              0.859123
xru195.dt                                    0
t195__t1                              0.859117
t196__t1                              0.856623
xru196.dt                                    0
t196__t0                              0.856622
t197__t1                              0.854128
xru197.dt                                    0
t197__t0                              0.854127
t198__t1                              0.851632
xru198.dt                                    0
t198__t0                              0.851632
t199__t1                              0.849137
xru199.dt                                    0
t199__t0                              0.849137
t200__t1                              0.846642
xru200.dt                                    0
t200__t0                              0.846642
t201__t1                              0.844147
xru201.dt                                    0
t201__t0                              0.844147
t202__t1                              0.841652
xru202.dt                                    0
t202__t0                              0.841652
t203__t1                              0.839157
xru203.dt                                    0
t203__t0                              0.839156
t204__t1                              0.836662
xru204.dt                                    0
t204__t0                              0.836661
t205__t1                              0.834167
xru205.dt                                    0
t205__t0                              0.834166
t206__t1                              0.831671
xru206.dt                                    0
t206__t0                              0.831671
t207__t1                              0.829176
xru207.dt                                    0
t207__t0                              0.829176
t208__t1                              0.826681
xru208.dt                                    0
t208__t0                              0.826681
t209__t1                              0.824186
xru209.dt                                    0
t209__t0                              0.824186
t210__t1                              0.821691
xru210.dt                                    0
t210__t0                              0.821685
t211__t0                               0.81919
xru211.dt                                    0
t211__t1                               0.81919
t212__t0                              0.816695
xru212.dt                                    0
t212__t1                              0.816695
t213__t0                                0.8142
xru213.dt                                    0
t213__t1                                0.8142
t214__t0                              0.811705
xru214.dt                                    0
t214__t1                              0.811705
t215__t0                               0.80921
xru215.dt                                    0
t215__t1                              0.809209
t216__t0                              0.806715
xru216.dt                                    0
t216__t1                              0.806714
t217__t0                              0.804219
xru217.dt                                    0
t217__t1                              0.804219
t218__t0                              0.801724
xru218.dt                                    0
t218__t1                              0.801724
t219__t0                              0.799229
xru219.dt                                    0
t219__t1                              0.799229
t220__t0                              0.796734
xru220.dt                                    0
t220__t1                              0.796734
t221__t0                              0.794239
xru221.dt                                    0
t221__t1                              0.794239
t222__t0                              0.791744
xru222.dt                                    0
t222__t1                              0.791744
t223__t0                              0.789249
xru223.dt                                    0
t223__t1                              0.789248
t224__t0                              0.786754
xru224.dt                                    0
t224__t1                              0.786753
t225__t0                              0.784259
xru225.dt                                    0
t225__t1                              0.784253
t226__t1                              0.781758
xru226.dt                                    0
t226__t0                              0.781758
t227__t1                              0.779263
xru227.dt                                    0
t227__t0                              0.779262
t228__t1                              0.776768
xru228.dt                                    0
t228__t0                              0.776767
t229__t1                              0.774272
xru229.dt                                    0
t229__t0                              0.774272
t230__t1                              0.771777
xru230.dt                                    0
t230__t0                              0.771777
t231__t1                              0.769282
xru231.dt                                    0
t231__t0                              0.769282
t232__t1                              0.766787
xru232.dt                                    0
t232__t0                              0.766787
t233__t1                              0.764292
xru233.dt                                    0
t233__t0                              0.764292
t234__t1                              0.761797
xru234.dt                                    0
t234__t0                              0.761797
t235__t1                              0.759302
xru235.dt                                    0
t235__t0                              0.759301
t236__t1                              0.756807
xru236.dt                                    0
t236__t0                              0.756806
t237__t1                              0.754311
xru237.dt                                    0
t237__t0                              0.754311
t238__t1                              0.751816
xru238.dt                                    0
t238__t0                              0.751816
t239__t1                              0.749321
xru239.dt                                    0
t239__t0                              0.749321
t240__t1                              0.746826
xru240.dt                                    0
t240__t0                               0.74682
t241__t0                              0.744325
xru241.dt                                    0
t241__t1                              0.744325
t242__t0                               0.74183
xru242.dt                                    0
t242__t1                               0.74183
t243__t0                              0.739335
xru243.dt                                    0
t243__t1                              0.739335
t244__t0                               0.73684
xru244.dt                                    0
t244__t1                               0.73684
t245__t0                              0.734345
xru245.dt                                    0
t245__t1                              0.734345
t246__t0                               0.73185
xru246.dt                                    0
t246__t1                               0.73185
t247__t0                              0.729355
xru247.dt                                    0
t247__t1                              0.729354
t248__t0                               0.72686
xru248.dt                                    0
t248__t1                              0.726859
t249__t0                              0.724364
xru249.dt                                    0
t249__t1                              0.724364
t250__t0                              0.721869
xru250.dt                                    0
t250__t1                              0.721869
t251__t0                              0.719374
xru251.dt                                    0
t251__t1                              0.719374
t252__t0                              0.716879
xru252.dt                                    0
t252__t1                              0.716879
t253__t0                              0.714384
xru253.dt                                    0
t253__t1                              0.714384
t254__t0                              0.711889
xru254.dt                                    0
t254__t1                              0.711889
cb3__t0                               0.709394
xru255.dt                                    0
sns1                                  0.708538
xq1.s1                             2.84117e-10
xq1.t                                0.0409426
cb2                                   0.653739
xq2.s1                              7.3366e-10
xq2.t                               0.00589558
cb3                                   0.709191
xq3.s1                             2.84375e-10
xq3.t                                0.0419976
sns2                                  0.709229
tn0                                    1.02882
t002                                   1.02882
t004                                   1.02882
t005                                   1.02882
t006                                   1.02882
t008                                   1.02882
t009                                   1.02882
t010                                   1.02882
t011                                   1.02882
t012                                   1.02882
t013                                   1.02882
t014                                   1.02882
t016                                   1.02882
t017                                   1.02882
t018                                   1.02882
t019                                   1.02882
t020                                   1.02882
t021                                   1.02882
t022                                   1.02882
t023                                   1.02882
t024                                   1.02882
t025                                   1.02882
t026                                   1.02882
t027                                   1.02882
t028                                   1.02882
t029                                   1.02882
t030                                   1.02882
t032                                   1.02882
t033                                   1.02882
t034                                   1.02882
t035                                   1.02882
t036                                   1.02882
t037                                   1.02882
t038                                   1.02882
t039                                   1.02882
t040                                   1.02882
t041                                   1.02882
t042                                   1.02882
t043                                   1.02882
t044                                   1.02882
t045                                   1.02882
t046                                   1.02882
t047                                   1.02882
t048                                   1.02882
t049                                   1.02882
t050                                   1.02882
t051                                   1.02882
t052                                   1.02882
t053                                   1.02882
t054                                   1.02882
t055                                   1.02882
t056                                   1.02882
t057                                   1.02882
t058                                   1.02882
t059                                   1.02882
t060                                   1.02882
t061                                   1.02882
t062                                   1.02882
t064                                   1.02882
t065                                   1.02882
t066                                   1.02882
t067                                   1.02882
t068                                   1.02882
t069                                   1.02882
t070                                   1.02882
t071                                   1.02882
t072                                   1.02882
t073                                   1.02882
t074                                   1.02882
t075                                   1.02882
t076                                   1.02882
t077                                   1.02882
t078                                   1.02882
t079                                   1.02882
t080                                   1.02882
t081                                   1.02882
t082                                   1.02882
t083                                   1.02882
t084                                   1.02882
t085                                   1.02882
t086                                   1.02882
t087                                   1.02882
t088                                   1.02882
t089                                   1.02882
t090                                   1.02882
t091                                   1.02882
t092                                   1.02882
t093                                   1.02882
t094                                   1.02882
t095                                   1.02882
t096                                   1.02882
t097                                   1.02882
t098                                   1.02882
t099                                   1.02882
t100                                   1.02882
t101                                   1.02882
t102                                   1.02882
t103                                   1.02882
t104                                   1.02882
t105                                   1.02882
t106                                   1.02882
t107                                   1.02882
t108                                   1.02882
t109                                   1.02882
t110                                   1.02882
t111                                   1.02882
t112                                   1.02882
t113                                   1.02882
t114                                   1.02882
t115                                   1.02882
t116                                   1.02882
t117                                   1.02882
t118                                   1.02882
t119                                   1.02882
t120                                   1.02882
t121                                   1.02882
t122                                   1.02882
t123                                   1.02882
t124                                   1.02882
t125                                   1.02882
t126                                   1.02882
t128                                   1.02632
t129                                   1.02382
t130                                   1.02133
t131                                   1.01883
t132                                   1.01634
t133                                   1.01384
t134                                   1.01135
t135                                   1.00885
t136                                   1.00635
t137                                   1.00386
t138                                   1.00136
t139                                  0.998867
t140                                  0.996372
t141                                  0.993877
t142                                  0.991381
t143                                  0.988886
t144                                  0.986391
t145                                  0.983896
t146                                  0.981401
t147                                  0.978906
t148                                  0.976411
t149                                  0.973916
t150                                  0.971418
t151                                   0.96892
t152                                  0.966425
t153                                  0.963929
t154                                  0.961434
t155                                  0.958939
t156                                  0.956444
t157                                  0.953949
t158                                  0.951454
t159                                  0.948959
t160                                  0.946464
t161                                  0.943969
t162                                  0.941473
t163                                  0.938978
t164                                  0.936483
t165                                  0.933985
t166                                  0.931487
t167                                  0.928992
t168                                  0.926497
t169                                  0.924002
t170                                  0.921507
t171                                  0.919012
t172                                  0.916517
t173                                  0.914021
t174                                  0.911526
t175                                  0.909031
t176                                  0.906536
t177                                  0.904041
t178                                  0.901546
t179                                  0.899051
t180                                  0.896553
t181                                  0.894055
t182                                   0.89156
t183                                  0.889065
t184                                   0.88657
t185                                  0.884074
t186                                  0.881579
t187                                  0.879084
t188                                  0.876589
t189                                  0.874094
t190                                  0.871599
t191                                  0.869104
t192                                  0.866609
t193                                  0.864113
t194                                  0.861618
t195                                   0.85912
t196                                  0.856622
t197                                  0.854127
t198                                  0.851632
t199                                  0.849137
t200                                  0.846642
t201                                  0.844147
t202                                  0.841652
t203                                  0.839157
t204                                  0.836662
t205                                  0.834166
t206                                  0.831671
t207                                  0.829176
t208                                  0.826681
t209                                  0.824186
t210                                  0.821688
t211                                   0.81919
t212                                  0.816695
t213                                    0.8142
t214                                  0.811705
t215                                   0.80921
t216                                  0.806714
t217                                  0.804219
t218                                  0.801724
t219                                  0.799229
t220                                  0.796734
t221                                  0.794239
t222                                  0.791744
t223                                  0.789249
t224                                  0.786753
t225                                  0.784256
t226                                  0.781758
t227                                  0.779263
t228                                  0.776767
t229                                  0.774272
t230                                  0.771777
t231                                  0.769282
t232                                  0.766787
t233                                  0.764292
t234                                  0.761797
t235                                  0.759302
t236                                  0.756806
t237                                  0.754311
t238                                  0.751816
t239                                  0.749321
t240                                  0.746823
t241                                  0.744325
t242                                   0.74183
t243                                  0.739335
t244                                   0.73684
t245                                  0.734345
t246                                   0.73185
t247                                  0.729355
t248                                  0.726859
t249                                  0.724364
t250                                  0.721869
t251                                  0.719374
t252                                  0.716879
t253                                  0.714384
t254                                  0.711889
vref                                   1.05413
vss__par                                     0
pa_00                                0.0547985
pa_01                              5.16217e-06
pa_02                              5.21668e-06
pa_03                                  66122.8
pa_04                                  10749.4
bpa_04#branch                                0
vm2a#branch                        4.58892e-06
vm2b#branch                        5.73255e-07
bpa_03#branch                                0
vm3a#branch                         4.0743e-06
vm3b#branch                        5.71192e-07
vm3c#branch                        5.71187e-07
bpa_02#branch                                0
bpa_01#branch                                0
bpa_00#branch                                0
vm1#branch                         5.09033e-06
vvss#branch                        2.04692e-05
vvdd#branch                       -2.04692e-05


No. of Data Rows : 59

  Measurements for Transient Analysis

vref_v              =  1.05413e+00
vpexfb_v            =  2.52313e+00
vbe_q1_v            =  7.08538e-01
vbe_q2_v            =  6.53739e-01
vbe_q3_v            =  7.09191e-01
dvbe_ptat_v         =  5.47985e-02
i_leg1_a            =  5.09033e-06
i_leg2_a            =  5.16217e-06
i_leg3_a            =  5.21668e-06
r1_ohm              =  6.61228e+04
r2_ohm              =  1.07494e+04

ngspice-46 done
