
Note: No compatibility mode selected!


Circuit: * klt sim -- generated corner deck, do not edit

Doing analysis at TEMP = 27.000000 and TNOM = 27.000000

Using SPARSE 1.3 as Direct Linear Solver

Initial Transient Solution
--------------------------

Node                                   Voltage
----                                   -------
vdd                                       3.63
vss                                          0
fb                                     2.85313
vdd__t0                                3.62997
vm1_p                                  0.70869
vdd__t1                                   3.63
sns1__t0                               0.70869
vdd__t2                                3.62999
vm2a_p                                0.709479
vdd__t3                                   3.63
sns2__t0                              0.709479
vdd__t4                                   3.63
vm2b_p                                0.709467
vdd__t5                                   3.63
sns2__t1                              0.709467
vdd__t6                                3.62999
vm3a_p                                 1.05524
vdd__t7                                   3.63
vref__t0                               1.05524
vdd__t10                                  3.63
vm3b_p                                 1.05523
vdd__t8                                   3.63
vref__t2                               1.05523
vdd__t11                                  3.63
vm3c_p                                 1.05523
vdd__t9                                   3.63
vref__t3                               1.05523
sns2__t2                              0.709442
vsubs                                        0
cb2__t0                               0.653935
xr2.dt                                       0
vref__t1                                1.0552
tn0__t2                                1.02986
xr1.dt                                       0
tn0__t0                                1.02984
tn0__t1                                1.02984
xru1.dt                                      0
tn0__t8                                1.02984
t002__t1                               1.02984
xru2.dt                                      0
t002__t0                               1.02984
tn0__t13                               1.02984
xru3.dt                                      0
tn0__t15                               1.02984
t004__t0                               1.02984
xru4.dt                                      0
t004__t1                               1.02984
t005__t0                               1.02984
xru5.dt                                      0
t005__t1                               1.02984
t006__t0                               1.02984
xru6.dt                                      0
t006__t1                               1.02984
tn0__t9                                1.02984
xru7.dt                                      0
tn0__t11                               1.02984
t008__t0                               1.02984
xru8.dt                                      0
t008__t1                               1.02984
t009__t0                               1.02984
xru9.dt                                      0
t009__t1                               1.02984
t010__t0                               1.02984
xru10.dt                                     0
t010__t1                               1.02984
t011__t0                               1.02984
xru11.dt                                     0
t011__t1                               1.02984
t012__t0                               1.02984
xru12.dt                                     0
t012__t1                               1.02984
t013__t0                               1.02984
xru13.dt                                     0
t013__t1                               1.02984
t014__t0                               1.02984
xru14.dt                                     0
t014__t1                               1.02984
tn0__t3                                1.02984
xru15.dt                                     0
tn0__t4                                1.02984
t016__t1                               1.02984
xru16.dt                                     0
t016__t0                               1.02984
t017__t1                               1.02984
xru17.dt                                     0
t017__t0                               1.02984
t018__t1                               1.02984
xru18.dt                                     0
t018__t0                               1.02984
t019__t1                               1.02984
xru19.dt                                     0
t019__t0                               1.02984
t020__t1                               1.02984
xru20.dt                                     0
t020__t0                               1.02984
t021__t1                               1.02984
xru21.dt                                     0
t021__t0                               1.02984
t022__t1                               1.02984
xru22.dt                                     0
t022__t0                               1.02984
t023__t1                               1.02984
xru23.dt                                     0
t023__t0                               1.02984
t024__t1                               1.02984
xru24.dt                                     0
t024__t0                               1.02984
t025__t1                               1.02984
xru25.dt                                     0
t025__t0                               1.02984
t026__t1                               1.02984
xru26.dt                                     0
t026__t0                               1.02984
t027__t1                               1.02984
xru27.dt                                     0
t027__t0                               1.02984
t028__t1                               1.02984
xru28.dt                                     0
t028__t0                               1.02984
t029__t1                               1.02984
xru29.dt                                     0
t029__t0                               1.02984
t030__t1                               1.02984
xru30.dt                                     0
t030__t0                               1.02984
tn0__t6                                1.02984
xru31.dt                                     0
tn0__t12                               1.02984
t032__t0                               1.02984
xru32.dt                                     0
t032__t1                               1.02984
t033__t0                               1.02984
xru33.dt                                     0
t033__t1                               1.02984
t034__t0                               1.02984
xru34.dt                                     0
t034__t1                               1.02984
t035__t0                               1.02984
xru35.dt                                     0
t035__t1                               1.02984
t036__t0                               1.02984
xru36.dt                                     0
t036__t1                               1.02984
t037__t0                               1.02984
xru37.dt                                     0
t037__t1                               1.02984
t038__t0                               1.02984
xru38.dt                                     0
t038__t1                               1.02984
t039__t0                               1.02984
xru39.dt                                     0
t039__t1                               1.02984
t040__t0                               1.02984
xru40.dt                                     0
t040__t1                               1.02984
t041__t0                               1.02984
xru41.dt                                     0
t041__t1                               1.02984
t042__t0                               1.02984
xru42.dt                                     0
t042__t1                               1.02984
t043__t0                               1.02984
xru43.dt                                     0
t043__t1                               1.02984
t044__t0                               1.02984
xru44.dt                                     0
t044__t1                               1.02984
t045__t0                               1.02984
xru45.dt                                     0
t045__t1                               1.02984
t046__t1                               1.02984
xru46.dt                                     0
t046__t0                               1.02984
t047__t1                               1.02984
xru47.dt                                     0
t047__t0                               1.02984
t048__t1                               1.02984
xru48.dt                                     0
t048__t0                               1.02984
t049__t1                               1.02984
xru49.dt                                     0
t049__t0                               1.02984
t050__t1                               1.02984
xru50.dt                                     0
t050__t0                               1.02984
t051__t1                               1.02984
xru51.dt                                     0
t051__t0                               1.02984
t052__t1                               1.02984
xru52.dt                                     0
t052__t0                               1.02984
t053__t1                               1.02984
xru53.dt                                     0
t053__t0                               1.02984
t054__t1                               1.02984
xru54.dt                                     0
t054__t0                               1.02984
t055__t1                               1.02984
xru55.dt                                     0
t055__t0                               1.02984
t056__t1                               1.02984
xru56.dt                                     0
t056__t0                               1.02984
t057__t1                               1.02984
xru57.dt                                     0
t057__t0                               1.02984
t058__t1                               1.02984
xru58.dt                                     0
t058__t0                               1.02984
t059__t1                               1.02984
xru59.dt                                     0
t059__t0                               1.02984
t060__t1                               1.02984
xru60.dt                                     0
t060__t0                               1.02984
t061__t0                               1.02984
xru61.dt                                     0
t061__t1                               1.02984
t062__t0                               1.02984
xru62.dt                                     0
t062__t1                               1.02984
tn0__t7                                1.02984
xru63.dt                                     0
tn0__t14                               1.02984
t064__t0                               1.02984
xru64.dt                                     0
t064__t1                               1.02984
t065__t0                               1.02984
xru65.dt                                     0
t065__t1                               1.02984
t066__t0                               1.02984
xru66.dt                                     0
t066__t1                               1.02984
t067__t0                               1.02984
xru67.dt                                     0
t067__t1                               1.02984
t068__t0                               1.02984
xru68.dt                                     0
t068__t1                               1.02984
t069__t0                               1.02984
xru69.dt                                     0
t069__t1                               1.02984
t070__t0                               1.02984
xru70.dt                                     0
t070__t1                               1.02984
t071__t0                               1.02984
xru71.dt                                     0
t071__t1                               1.02984
t072__t0                               1.02984
xru72.dt                                     0
t072__t1                               1.02984
t073__t0                               1.02984
xru73.dt                                     0
t073__t1                               1.02984
t074__t0                               1.02984
xru74.dt                                     0
t074__t1                               1.02984
t075__t0                               1.02984
xru75.dt                                     0
t075__t1                               1.02984
t076__t1                               1.02984
xru76.dt                                     0
t076__t0                               1.02984
t077__t1                               1.02984
xru77.dt                                     0
t077__t0                               1.02984
t078__t1                               1.02984
xru78.dt                                     0
t078__t0                               1.02984
t079__t1                               1.02984
xru79.dt                                     0
t079__t0                               1.02984
t080__t1                               1.02984
xru80.dt                                     0
t080__t0                               1.02984
t081__t1                               1.02984
xru81.dt                                     0
t081__t0                               1.02984
t082__t1                               1.02984
xru82.dt                                     0
t082__t0                               1.02984
t083__t1                               1.02984
xru83.dt                                     0
t083__t0                               1.02984
t084__t1                               1.02984
xru84.dt                                     0
t084__t0                               1.02984
t085__t1                               1.02984
xru85.dt                                     0
t085__t0                               1.02984
t086__t1                               1.02984
xru86.dt                                     0
t086__t0                               1.02984
t087__t1                               1.02984
xru87.dt                                     0
t087__t0                               1.02984
t088__t1                               1.02984
xru88.dt                                     0
t088__t0                               1.02984
t089__t1                               1.02984
xru89.dt                                     0
t089__t0                               1.02984
t090__t1                               1.02984
xru90.dt                                     0
t090__t0                               1.02984
t091__t0                               1.02984
xru91.dt                                     0
t091__t1                               1.02984
t092__t0                               1.02984
xru92.dt                                     0
t092__t1                               1.02984
t093__t0                               1.02984
xru93.dt                                     0
t093__t1                               1.02984
t094__t0                               1.02984
xru94.dt                                     0
t094__t1                               1.02984
t095__t0                               1.02984
xru95.dt                                     0
t095__t1                               1.02984
t096__t0                               1.02984
xru96.dt                                     0
t096__t1                               1.02984
t097__t0                               1.02984
xru97.dt                                     0
t097__t1                               1.02984
t098__t0                               1.02984
xru98.dt                                     0
t098__t1                               1.02984
t099__t0                               1.02984
xru99.dt                                     0
t099__t1                               1.02984
t100__t0                               1.02984
xru100.dt                                    0
t100__t1                               1.02984
t101__t0                               1.02984
xru101.dt                                    0
t101__t1                               1.02984
t102__t0                               1.02984
xru102.dt                                    0
t102__t1                               1.02984
t103__t0                               1.02984
xru103.dt                                    0
t103__t1                               1.02984
t104__t0                               1.02984
xru104.dt                                    0
t104__t1                               1.02984
t105__t0                               1.02984
xru105.dt                                    0
t105__t1                               1.02984
t106__t1                               1.02984
xru106.dt                                    0
t106__t0                               1.02984
t107__t1                               1.02984
xru107.dt                                    0
t107__t0                               1.02984
t108__t1                               1.02984
xru108.dt                                    0
t108__t0                               1.02984
t109__t1                               1.02984
xru109.dt                                    0
t109__t0                               1.02984
t110__t1                               1.02984
xru110.dt                                    0
t110__t0                               1.02984
t111__t1                               1.02984
xru111.dt                                    0
t111__t0                               1.02984
t112__t1                               1.02984
xru112.dt                                    0
t112__t0                               1.02984
t113__t1                               1.02984
xru113.dt                                    0
t113__t0                               1.02984
t114__t1                               1.02984
xru114.dt                                    0
t114__t0                               1.02984
t115__t1                               1.02984
xru115.dt                                    0
t115__t0                               1.02984
t116__t1                               1.02984
xru116.dt                                    0
t116__t0                               1.02984
t117__t1                               1.02984
xru117.dt                                    0
t117__t0                               1.02984
t118__t1                               1.02984
xru118.dt                                    0
t118__t0                               1.02984
t119__t1                               1.02984
xru119.dt                                    0
t119__t0                               1.02984
t120__t1                               1.02984
xru120.dt                                    0
t120__t0                               1.02984
t121__t0                               1.02984
xru121.dt                                    0
t121__t1                               1.02984
t122__t0                               1.02984
xru122.dt                                    0
t122__t1                               1.02984
t123__t0                               1.02984
xru123.dt                                    0
t123__t1                               1.02984
t124__t0                               1.02984
xru124.dt                                    0
t124__t1                               1.02984
t125__t0                               1.02984
xru125.dt                                    0
t125__t1                               1.02984
t126__t0                               1.02984
xru126.dt                                    0
t126__t1                               1.02984
tn0__t5                                1.02984
xru127.dt                                    0
tn0__t10                               1.02983
t128__t0                               1.02733
xru128.dt                                    0
t128__t1                               1.02733
t129__t0                               1.02483
xru129.dt                                    0
t129__t1                               1.02483
t130__t0                               1.02232
xru130.dt                                    0
t130__t1                               1.02232
t131__t0                               1.01982
xru131.dt                                    0
t131__t1                               1.01982
t132__t0                               1.01732
xru132.dt                                    0
t132__t1                               1.01732
t133__t0                               1.01482
xru133.dt                                    0
t133__t1                               1.01482
t134__t0                               1.01231
xru134.dt                                    0
t134__t1                               1.01231
t135__t0                               1.00981
xru135.dt                                    0
t135__t1                               1.00981
t136__t1                                1.0073
xru136.dt                                    0
t136__t0                                1.0073
t137__t1                                1.0048
xru137.dt                                    0
t137__t0                                1.0048
t138__t1                                1.0023
xru138.dt                                    0
t138__t0                                1.0023
t139__t1                              0.999797
xru139.dt                                    0
t139__t0                              0.999797
t140__t1                              0.997295
xru140.dt                                    0
t140__t0                              0.997294
t141__t1                              0.994792
xru141.dt                                    0
t141__t0                              0.994792
t142__t1                               0.99229
xru142.dt                                    0
t142__t0                              0.992289
t143__t1                              0.989787
xru143.dt                                    0
t143__t0                              0.989787
t144__t1                              0.987285
xru144.dt                                    0
t144__t0                              0.987284
t145__t1                              0.984782
xru145.dt                                    0
t145__t0                              0.984782
t146__t1                               0.98228
xru146.dt                                    0
t146__t0                               0.98228
t147__t1                              0.979777
xru147.dt                                    0
t147__t0                              0.979777
t148__t1                              0.977275
xru148.dt                                    0
t148__t0                              0.977275
t149__t1                              0.974772
xru149.dt                                    0
t149__t0                              0.974772
t150__t1                               0.97227
xru150.dt                                    0
t150__t0                              0.972264
t151__t0                              0.969762
xru151.dt                                    0
t151__t1                              0.969762
t152__t0                              0.967259
xru152.dt                                    0
t152__t1                              0.967259
t153__t0                              0.964757
xru153.dt                                    0
t153__t1                              0.964757
t154__t0                              0.962255
xru154.dt                                    0
t154__t1                              0.962254
t155__t0                              0.959752
xru155.dt                                    0
t155__t1                              0.959752
t156__t0                               0.95725
xru156.dt                                    0
t156__t1                              0.957249
t157__t0                              0.954747
xru157.dt                                    0
t157__t1                              0.954747
t158__t0                              0.952245
xru158.dt                                    0
t158__t1                              0.952244
t159__t0                              0.949742
xru159.dt                                    0
t159__t1                              0.949742
t160__t0                               0.94724
xru160.dt                                    0
t160__t1                              0.947239
t161__t0                              0.944737
xru161.dt                                    0
t161__t1                              0.944737
t162__t0                              0.942235
xru162.dt                                    0
t162__t1                              0.942235
t163__t0                              0.939732
xru163.dt                                    0
t163__t1                              0.939732
t164__t0                               0.93723
xru164.dt                                    0
t164__t1                               0.93723
t165__t0                              0.934727
xru165.dt                                    0
t165__t1                              0.934722
t166__t1                              0.932219
xru166.dt                                    0
t166__t0                              0.932219
t167__t1                              0.929717
xru167.dt                                    0
t167__t0                              0.929717
t168__t1                              0.927214
xru168.dt                                    0
t168__t0                              0.927214
t169__t1                              0.924712
xru169.dt                                    0
t169__t0                              0.924712
t170__t1                               0.92221
xru170.dt                                    0
t170__t0                              0.922209
t171__t1                              0.919707
xru171.dt                                    0
t171__t0                              0.919707
t172__t1                              0.917205
xru172.dt                                    0
t172__t0                              0.917204
t173__t1                              0.914702
xru173.dt                                    0
t173__t0                              0.914702
t174__t1                                0.9122
xru174.dt                                    0
t174__t0                              0.912199
t175__t1                              0.909697
xru175.dt                                    0
t175__t0                              0.909697
t176__t1                              0.907195
xru176.dt                                    0
t176__t0                              0.907195
t177__t1                              0.904692
xru177.dt                                    0
t177__t0                              0.904692
t178__t1                               0.90219
xru178.dt                                    0
t178__t0                               0.90219
t179__t1                              0.899687
xru179.dt                                    0
t179__t0                              0.899687
t180__t1                              0.897185
xru180.dt                                    0
t180__t0                              0.897179
t181__t0                              0.894677
xru181.dt                                    0
t181__t1                              0.894677
t182__t0                              0.892174
xru182.dt                                    0
t182__t1                              0.892174
t183__t0                              0.889672
xru183.dt                                    0
t183__t1                              0.889672
t184__t0                               0.88717
xru184.dt                                    0
t184__t1                              0.887169
t185__t0                              0.884667
xru185.dt                                    0
t185__t1                              0.884667
t186__t0                              0.882165
xru186.dt                                    0
t186__t1                              0.882164
t187__t0                              0.879662
xru187.dt                                    0
t187__t1                              0.879662
t188__t0                               0.87716
xru188.dt                                    0
t188__t1                              0.877159
t189__t0                              0.874657
xru189.dt                                    0
t189__t1                              0.874657
t190__t0                              0.872155
xru190.dt                                    0
t190__t1                              0.872154
t191__t0                              0.869652
xru191.dt                                    0
t191__t1                              0.869652
t192__t0                               0.86715
xru192.dt                                    0
t192__t1                               0.86715
t193__t0                              0.864647
xru193.dt                                    0
t193__t1                              0.864647
t194__t0                              0.862145
xru194.dt                                    0
t194__t1                              0.862145
t195__t0                              0.859642
xru195.dt                                    0
t195__t1                              0.859637
t196__t1                              0.857134
xru196.dt                                    0
t196__t0                              0.857134
t197__t1                              0.854632
xru197.dt                                    0
t197__t0                              0.854632
t198__t1                              0.852129
xru198.dt                                    0
t198__t0                              0.852129
t199__t1                              0.849627
xru199.dt                                    0
t199__t0                              0.849627
t200__t1                              0.847125
xru200.dt                                    0
t200__t0                              0.847124
t201__t1                              0.844622
xru201.dt                                    0
t201__t0                              0.844622
t202__t1                               0.84212
xru202.dt                                    0
t202__t0                              0.842119
t203__t1                              0.839617
xru203.dt                                    0
t203__t0                              0.839617
t204__t1                              0.837115
xru204.dt                                    0
t204__t0                              0.837114
t205__t1                              0.834612
xru205.dt                                    0
t205__t0                              0.834612
t206__t1                               0.83211
xru206.dt                                    0
t206__t0                               0.83211
t207__t1                              0.829607
xru207.dt                                    0
t207__t0                              0.829607
t208__t1                              0.827105
xru208.dt                                    0
t208__t0                              0.827105
t209__t1                              0.824602
xru209.dt                                    0
t209__t0                              0.824602
t210__t1                                0.8221
xru210.dt                                    0
t210__t0                              0.822094
t211__t0                              0.819592
xru211.dt                                    0
t211__t1                              0.819592
t212__t0                              0.817089
xru212.dt                                    0
t212__t1                              0.817089
t213__t0                              0.814587
xru213.dt                                    0
t213__t1                              0.814587
t214__t0                              0.812085
xru214.dt                                    0
t214__t1                              0.812084
t215__t0                              0.809582
xru215.dt                                    0
t215__t1                              0.809582
t216__t0                               0.80708
xru216.dt                                    0
t216__t1                              0.807079
t217__t0                              0.804577
xru217.dt                                    0
t217__t1                              0.804577
t218__t0                              0.802075
xru218.dt                                    0
t218__t1                              0.802074
t219__t0                              0.799572
xru219.dt                                    0
t219__t1                              0.799572
t220__t0                               0.79707
xru220.dt                                    0
t220__t1                              0.797069
t221__t0                              0.794567
xru221.dt                                    0
t221__t1                              0.794567
t222__t0                              0.792065
xru222.dt                                    0
t222__t1                              0.792065
t223__t0                              0.789562
xru223.dt                                    0
t223__t1                              0.789562
t224__t0                               0.78706
xru224.dt                                    0
t224__t1                               0.78706
t225__t0                              0.784557
xru225.dt                                    0
t225__t1                              0.784552
t226__t1                              0.782049
xru226.dt                                    0
t226__t0                              0.782049
t227__t1                              0.779547
xru227.dt                                    0
t227__t0                              0.779547
t228__t1                              0.777045
xru228.dt                                    0
t228__t0                              0.777044
t229__t1                              0.774542
xru229.dt                                    0
t229__t0                              0.774542
t230__t1                               0.77204
xru230.dt                                    0
t230__t0                              0.772039
t231__t1                              0.769537
xru231.dt                                    0
t231__t0                              0.769537
t232__t1                              0.767035
xru232.dt                                    0
t232__t0                              0.767034
t233__t1                              0.764532
xru233.dt                                    0
t233__t0                              0.764532
t234__t1                               0.76203
xru234.dt                                    0
t234__t0                              0.762029
t235__t1                              0.759527
xru235.dt                                    0
t235__t0                              0.759527
t236__t1                              0.757025
xru236.dt                                    0
t236__t0                              0.757025
t237__t1                              0.754522
xru237.dt                                    0
t237__t0                              0.754522
t238__t1                               0.75202
xru238.dt                                    0
t238__t0                               0.75202
t239__t1                              0.749517
xru239.dt                                    0
t239__t0                              0.749517
t240__t1                              0.747015
xru240.dt                                    0
t240__t0                              0.747009
t241__t0                              0.744507
xru241.dt                                    0
t241__t1                              0.744507
t242__t0                              0.742004
xru242.dt                                    0
t242__t1                              0.742004
t243__t0                              0.739502
xru243.dt                                    0
t243__t1                              0.739502
t244__t0                                 0.737
xru244.dt                                    0
t244__t1                              0.736999
t245__t0                              0.734497
xru245.dt                                    0
t245__t1                              0.734497
t246__t0                              0.731995
xru246.dt                                    0
t246__t1                              0.731994
t247__t0                              0.729492
xru247.dt                                    0
t247__t1                              0.729492
t248__t0                               0.72699
xru248.dt                                    0
t248__t1                              0.726989
t249__t0                              0.724487
xru249.dt                                    0
t249__t1                              0.724487
t250__t0                              0.721985
xru250.dt                                    0
t250__t1                              0.721985
t251__t0                              0.719482
xru251.dt                                    0
t251__t1                              0.719482
t252__t0                               0.71698
xru252.dt                                    0
t252__t1                               0.71698
t253__t0                              0.714477
xru253.dt                                    0
t253__t1                              0.714477
t254__t0                              0.711975
xru254.dt                                    0
t254__t1                              0.711975
cb3__t0                               0.709472
xru255.dt                                    0
sns1                                  0.708612
xq1.s1                             2.84146e-10
xq1.t                                0.0410616
cb2                                   0.653816
xq2.s1                             7.33744e-10
xq2.t                               0.00591325
cb3                                   0.709269
xq3.s1                             2.84406e-10
xq3.t                                0.0421257
sns2                                  0.709465
tn0                                    1.02984
t002                                   1.02984
t004                                   1.02984
t005                                   1.02984
t006                                   1.02984
t008                                   1.02984
t009                                   1.02984
t010                                   1.02984
t011                                   1.02984
t012                                   1.02984
t013                                   1.02984
t014                                   1.02984
t016                                   1.02984
t017                                   1.02984
t018                                   1.02984
t019                                   1.02984
t020                                   1.02984
t021                                   1.02984
t022                                   1.02984
t023                                   1.02984
t024                                   1.02984
t025                                   1.02984
t026                                   1.02984
t027                                   1.02984
t028                                   1.02984
t029                                   1.02984
t030                                   1.02984
t032                                   1.02984
t033                                   1.02984
t034                                   1.02984
t035                                   1.02984
t036                                   1.02984
t037                                   1.02984
t038                                   1.02984
t039                                   1.02984
t040                                   1.02984
t041                                   1.02984
t042                                   1.02984
t043                                   1.02984
t044                                   1.02984
t045                                   1.02984
t046                                   1.02984
t047                                   1.02984
t048                                   1.02984
t049                                   1.02984
t050                                   1.02984
t051                                   1.02984
t052                                   1.02984
t053                                   1.02984
t054                                   1.02984
t055                                   1.02984
t056                                   1.02984
t057                                   1.02984
t058                                   1.02984
t059                                   1.02984
t060                                   1.02984
t061                                   1.02984
t062                                   1.02984
t064                                   1.02984
t065                                   1.02984
t066                                   1.02984
t067                                   1.02984
t068                                   1.02984
t069                                   1.02984
t070                                   1.02984
t071                                   1.02984
t072                                   1.02984
t073                                   1.02984
t074                                   1.02984
t075                                   1.02984
t076                                   1.02984
t077                                   1.02984
t078                                   1.02984
t079                                   1.02984
t080                                   1.02984
t081                                   1.02984
t082                                   1.02984
t083                                   1.02984
t084                                   1.02984
t085                                   1.02984
t086                                   1.02984
t087                                   1.02984
t088                                   1.02984
t089                                   1.02984
t090                                   1.02984
t091                                   1.02984
t092                                   1.02984
t093                                   1.02984
t094                                   1.02984
t095                                   1.02984
t096                                   1.02984
t097                                   1.02984
t098                                   1.02984
t099                                   1.02984
t100                                   1.02984
t101                                   1.02984
t102                                   1.02984
t103                                   1.02984
t104                                   1.02984
t105                                   1.02984
t106                                   1.02984
t107                                   1.02984
t108                                   1.02984
t109                                   1.02984
t110                                   1.02984
t111                                   1.02984
t112                                   1.02984
t113                                   1.02984
t114                                   1.02984
t115                                   1.02984
t116                                   1.02984
t117                                   1.02984
t118                                   1.02984
t119                                   1.02984
t120                                   1.02984
t121                                   1.02984
t122                                   1.02984
t123                                   1.02984
t124                                   1.02984
t125                                   1.02984
t126                                   1.02984
t128                                   1.02733
t129                                   1.02483
t130                                   1.02232
t131                                   1.01982
t132                                   1.01732
t133                                   1.01482
t134                                   1.01231
t135                                   1.00981
t136                                    1.0073
t137                                    1.0048
t138                                    1.0023
t139                                  0.999797
t140                                  0.997294
t141                                  0.994792
t142                                   0.99229
t143                                  0.989787
t144                                  0.987285
t145                                  0.984782
t146                                   0.98228
t147                                  0.979777
t148                                  0.977275
t149                                  0.974772
t150                                  0.972267
t151                                  0.969762
t152                                  0.967259
t153                                  0.964757
t154                                  0.962254
t155                                  0.959752
t156                                  0.957249
t157                                  0.954747
t158                                  0.952245
t159                                  0.949742
t160                                   0.94724
t161                                  0.944737
t162                                  0.942235
t163                                  0.939732
t164                                   0.93723
t165                                  0.934725
t166                                  0.932219
t167                                  0.929717
t168                                  0.927214
t169                                  0.924712
t170                                  0.922209
t171                                  0.919707
t172                                  0.917205
t173                                  0.914702
t174                                    0.9122
t175                                  0.909697
t176                                  0.907195
t177                                  0.904692
t178                                   0.90219
t179                                  0.899687
t180                                  0.897182
t181                                  0.894677
t182                                  0.892174
t183                                  0.889672
t184                                  0.887169
t185                                  0.884667
t186                                  0.882164
t187                                  0.879662
t188                                   0.87716
t189                                  0.874657
t190                                  0.872155
t191                                  0.869652
t192                                   0.86715
t193                                  0.864647
t194                                  0.862145
t195                                   0.85964
t196                                  0.857134
t197                                  0.854632
t198                                  0.852129
t199                                  0.849627
t200                                  0.847124
t201                                  0.844622
t202                                   0.84212
t203                                  0.839617
t204                                  0.837115
t205                                  0.834612
t206                                   0.83211
t207                                  0.829607
t208                                  0.827105
t209                                  0.824602
t210                                  0.822097
t211                                  0.819592
t212                                  0.817089
t213                                  0.814587
t214                                  0.812084
t215                                  0.809582
t216                                  0.807079
t217                                  0.804577
t218                                  0.802075
t219                                  0.799572
t220                                   0.79707
t221                                  0.794567
t222                                  0.792065
t223                                  0.789562
t224                                   0.78706
t225                                  0.784555
t226                                  0.782049
t227                                  0.779547
t228                                  0.777044
t229                                  0.774542
t230                                  0.772039
t231                                  0.769537
t232                                  0.767035
t233                                  0.764532
t234                                   0.76203
t235                                  0.759527
t236                                  0.757025
t237                                  0.754522
t238                                   0.75202
t239                                  0.749517
t240                                  0.747012
t241                                  0.744507
t242                                  0.742004
t243                                  0.739502
t244                                  0.736999
t245                                  0.734497
t246                                  0.731994
t247                                  0.729492
t248                                   0.72699
t249                                  0.724487
t250                                  0.721985
t251                                  0.719482
t252                                   0.71698
t253                                  0.714477
t254                                  0.711975
vref                                   1.05522
vss__par                                     0
pa_00                                0.0547968
pa_01                              5.17704e-06
pa_02                              5.23203e-06
pa_03                                  66122.8
pa_04                                  10749.4
bpa_04#branch                                0
vm2a#branch                         4.6018e-06
vm2b#branch                        5.75235e-07
bpa_03#branch                                0
vm3a#branch                        4.08573e-06
vm3b#branch                        5.73152e-07
vm3c#branch                        5.73147e-07
bpa_02#branch                                0
bpa_01#branch                                0
bpa_00#branch                                0
vm1#branch                         5.10458e-06
vvss#branch                        2.05136e-05
vvdd#branch                       -2.05136e-05


No. of Data Rows : 59

  Measurements for Transient Analysis

vref_v              =  1.05522e+00
vpexfb_v            =  2.85313e+00
vbe_q1_v            =  7.08612e-01
vbe_q2_v            =  6.53816e-01
vbe_q3_v            =  7.09269e-01
dvbe_ptat_v         =  5.47968e-02
i_leg1_a            =  5.10458e-06
i_leg2_a            =  5.17704e-06
i_leg3_a            =  5.23203e-06
r1_ohm              =  6.61228e+04
r2_ohm              =  1.07494e+04

ngspice-46 done
