
Note: No compatibility mode selected!


Circuit: * klt sim -- generated corner deck, do not edit

Doing analysis at TEMP = -40.000000 and TNOM = 27.000000

Using SPARSE 1.3 as Direct Linear Solver


The temperature limiting function received NaN.
Please check your power dissipation and improve your heat sink Rth!
    This message will be shown only once.

Note: Starting dynamic gmin stepping
Note: Dynamic gmin stepping completed

Initial Transient Solution
--------------------------

Node                                   Voltage
----                                   -------
vdd                                       2.97
vss                                          0
fb                                     2.11365
vdd__t0                                2.96997
vm1_p                                 0.790113
vdd__t1                                   2.97
sns1__t0                              0.790113
vdd__t2                                2.96999
vm2a_p                                0.802854
vdd__t3                                   2.97
sns2__t0                              0.802854
vdd__t4                                   2.97
vm2b_p                                0.802842
vdd__t5                                   2.97
sns2__t1                              0.802842
vdd__t6                                2.96999
vm3a_p                                 1.13399
vdd__t7                                   2.97
vref__t0                               1.13399
vdd__t10                                  2.97
vm3b_p                                 1.13398
vdd__t8                                   2.97
vref__t2                               1.13398
vdd__t11                                  2.97
vm3c_p                                 1.13398
vdd__t9                                   2.97
vref__t3                               1.13398
sns2__t2                              0.802818
vsubs                                        0
cb2__t0                               0.748077
xr2.dt                                       0
vref__t1                               1.13395
tn0__t2                                1.10892
xr1.dt                                       0
tn0__t0                                 1.1089
tn0__t1                                 1.1089
xru1.dt                                      0
tn0__t8                                 1.1089
t002__t1                                1.1089
xru2.dt                                      0
t002__t0                                1.1089
tn0__t13                                1.1089
xru3.dt                                      0
tn0__t15                                1.1089
t004__t0                                1.1089
xru4.dt                                      0
t004__t1                                1.1089
t005__t0                                1.1089
xru5.dt                                      0
t005__t1                                1.1089
t006__t0                                1.1089
xru6.dt                                      0
t006__t1                                1.1089
tn0__t9                                 1.1089
xru7.dt                                      0
tn0__t11                                1.1089
t008__t0                                1.1089
xru8.dt                                      0
t008__t1                                1.1089
t009__t0                                1.1089
xru9.dt                                      0
t009__t1                                1.1089
t010__t0                                1.1089
xru10.dt                                     0
t010__t1                                1.1089
t011__t0                                1.1089
xru11.dt                                     0
t011__t1                                1.1089
t012__t0                                1.1089
xru12.dt                                     0
t012__t1                                1.1089
t013__t0                                1.1089
xru13.dt                                     0
t013__t1                                1.1089
t014__t0                                1.1089
xru14.dt                                     0
t014__t1                                1.1089
tn0__t3                                 1.1089
xru15.dt                                     0
tn0__t4                                 1.1089
t016__t1                                1.1089
xru16.dt                                     0
t016__t0                                1.1089
t017__t1                                1.1089
xru17.dt                                     0
t017__t0                                1.1089
t018__t1                                1.1089
xru18.dt                                     0
t018__t0                                1.1089
t019__t1                                1.1089
xru19.dt                                     0
t019__t0                                1.1089
t020__t1                                1.1089
xru20.dt                                     0
t020__t0                                1.1089
t021__t1                                1.1089
xru21.dt                                     0
t021__t0                                1.1089
t022__t1                                1.1089
xru22.dt                                     0
t022__t0                                1.1089
t023__t1                                1.1089
xru23.dt                                     0
t023__t0                                1.1089
t024__t1                                1.1089
xru24.dt                                     0
t024__t0                                1.1089
t025__t1                                1.1089
xru25.dt                                     0
t025__t0                                1.1089
t026__t1                                1.1089
xru26.dt                                     0
t026__t0                                1.1089
t027__t1                                1.1089
xru27.dt                                     0
t027__t0                                1.1089
t028__t1                                1.1089
xru28.dt                                     0
t028__t0                                1.1089
t029__t1                                1.1089
xru29.dt                                     0
t029__t0                                1.1089
t030__t1                                1.1089
xru30.dt                                     0
t030__t0                                1.1089
tn0__t6                                 1.1089
xru31.dt                                     0
tn0__t12                                1.1089
t032__t0                                1.1089
xru32.dt                                     0
t032__t1                                1.1089
t033__t0                                1.1089
xru33.dt                                     0
t033__t1                                1.1089
t034__t0                                1.1089
xru34.dt                                     0
t034__t1                                1.1089
t035__t0                                1.1089
xru35.dt                                     0
t035__t1                                1.1089
t036__t0                                1.1089
xru36.dt                                     0
t036__t1                                1.1089
t037__t0                                1.1089
xru37.dt                                     0
t037__t1                                1.1089
t038__t0                                1.1089
xru38.dt                                     0
t038__t1                                1.1089
t039__t0                                1.1089
xru39.dt                                     0
t039__t1                                1.1089
t040__t0                                1.1089
xru40.dt                                     0
t040__t1                                1.1089
t041__t0                                1.1089
xru41.dt                                     0
t041__t1                                1.1089
t042__t0                                1.1089
xru42.dt                                     0
t042__t1                                1.1089
t043__t0                                1.1089
xru43.dt                                     0
t043__t1                                1.1089
t044__t0                                1.1089
xru44.dt                                     0
t044__t1                                1.1089
t045__t0                                1.1089
xru45.dt                                     0
t045__t1                                1.1089
t046__t1                                1.1089
xru46.dt                                     0
t046__t0                                1.1089
t047__t1                                1.1089
xru47.dt                                     0
t047__t0                                1.1089
t048__t1                                1.1089
xru48.dt                                     0
t048__t0                                1.1089
t049__t1                                1.1089
xru49.dt                                     0
t049__t0                                1.1089
t050__t1                                1.1089
xru50.dt                                     0
t050__t0                                1.1089
t051__t1                                1.1089
xru51.dt                                     0
t051__t0                                1.1089
t052__t1                                1.1089
xru52.dt                                     0
t052__t0                                1.1089
t053__t1                                1.1089
xru53.dt                                     0
t053__t0                                1.1089
t054__t1                                1.1089
xru54.dt                                     0
t054__t0                                1.1089
t055__t1                                1.1089
xru55.dt                                     0
t055__t0                                1.1089
t056__t1                                1.1089
xru56.dt                                     0
t056__t0                                1.1089
t057__t1                                1.1089
xru57.dt                                     0
t057__t0                                1.1089
t058__t1                                1.1089
xru58.dt                                     0
t058__t0                                1.1089
t059__t1                                1.1089
xru59.dt                                     0
t059__t0                                1.1089
t060__t1                                1.1089
xru60.dt                                     0
t060__t0                                1.1089
t061__t0                                1.1089
xru61.dt                                     0
t061__t1                                1.1089
t062__t0                                1.1089
xru62.dt                                     0
t062__t1                                1.1089
tn0__t7                                 1.1089
xru63.dt                                     0
tn0__t14                                1.1089
t064__t0                                1.1089
xru64.dt                                     0
t064__t1                                1.1089
t065__t0                                1.1089
xru65.dt                                     0
t065__t1                                1.1089
t066__t0                                1.1089
xru66.dt                                     0
t066__t1                                1.1089
t067__t0                                1.1089
xru67.dt                                     0
t067__t1                                1.1089
t068__t0                                1.1089
xru68.dt                                     0
t068__t1                                1.1089
t069__t0                                1.1089
xru69.dt                                     0
t069__t1                                1.1089
t070__t0                                1.1089
xru70.dt                                     0
t070__t1                                1.1089
t071__t0                                1.1089
xru71.dt                                     0
t071__t1                                1.1089
t072__t0                                1.1089
xru72.dt                                     0
t072__t1                                1.1089
t073__t0                                1.1089
xru73.dt                                     0
t073__t1                                1.1089
t074__t0                                1.1089
xru74.dt                                     0
t074__t1                                1.1089
t075__t0                                1.1089
xru75.dt                                     0
t075__t1                                1.1089
t076__t1                                1.1089
xru76.dt                                     0
t076__t0                                1.1089
t077__t1                                1.1089
xru77.dt                                     0
t077__t0                                1.1089
t078__t1                                1.1089
xru78.dt                                     0
t078__t0                                1.1089
t079__t1                                1.1089
xru79.dt                                     0
t079__t0                                1.1089
t080__t1                                1.1089
xru80.dt                                     0
t080__t0                                1.1089
t081__t1                                1.1089
xru81.dt                                     0
t081__t0                                1.1089
t082__t1                                1.1089
xru82.dt                                     0
t082__t0                                1.1089
t083__t1                                1.1089
xru83.dt                                     0
t083__t0                                1.1089
t084__t1                                1.1089
xru84.dt                                     0
t084__t0                                1.1089
t085__t1                                1.1089
xru85.dt                                     0
t085__t0                                1.1089
t086__t1                                1.1089
xru86.dt                                     0
t086__t0                                1.1089
t087__t1                                1.1089
xru87.dt                                     0
t087__t0                                1.1089
t088__t1                                1.1089
xru88.dt                                     0
t088__t0                                1.1089
t089__t1                                1.1089
xru89.dt                                     0
t089__t0                                1.1089
t090__t1                                1.1089
xru90.dt                                     0
t090__t0                                1.1089
t091__t0                                1.1089
xru91.dt                                     0
t091__t1                                1.1089
t092__t0                                1.1089
xru92.dt                                     0
t092__t1                                1.1089
t093__t0                                1.1089
xru93.dt                                     0
t093__t1                                1.1089
t094__t0                                1.1089
xru94.dt                                     0
t094__t1                                1.1089
t095__t0                                1.1089
xru95.dt                                     0
t095__t1                                1.1089
t096__t0                                1.1089
xru96.dt                                     0
t096__t1                                1.1089
t097__t0                                1.1089
xru97.dt                                     0
t097__t1                                1.1089
t098__t0                                1.1089
xru98.dt                                     0
t098__t1                                1.1089
t099__t0                                1.1089
xru99.dt                                     0
t099__t1                                1.1089
t100__t0                                1.1089
xru100.dt                                    0
t100__t1                                1.1089
t101__t0                                1.1089
xru101.dt                                    0
t101__t1                                1.1089
t102__t0                                1.1089
xru102.dt                                    0
t102__t1                                1.1089
t103__t0                                1.1089
xru103.dt                                    0
t103__t1                                1.1089
t104__t0                                1.1089
xru104.dt                                    0
t104__t1                                1.1089
t105__t0                                1.1089
xru105.dt                                    0
t105__t1                                1.1089
t106__t1                                1.1089
xru106.dt                                    0
t106__t0                                1.1089
t107__t1                                1.1089
xru107.dt                                    0
t107__t0                                1.1089
t108__t1                                1.1089
xru108.dt                                    0
t108__t0                                1.1089
t109__t1                                1.1089
xru109.dt                                    0
t109__t0                                1.1089
t110__t1                                1.1089
xru110.dt                                    0
t110__t0                                1.1089
t111__t1                                1.1089
xru111.dt                                    0
t111__t0                                1.1089
t112__t1                                1.1089
xru112.dt                                    0
t112__t0                                1.1089
t113__t1                                1.1089
xru113.dt                                    0
t113__t0                                1.1089
t114__t1                                1.1089
xru114.dt                                    0
t114__t0                                1.1089
t115__t1                                1.1089
xru115.dt                                    0
t115__t0                                1.1089
t116__t1                                1.1089
xru116.dt                                    0
t116__t0                                1.1089
t117__t1                                1.1089
xru117.dt                                    0
t117__t0                                1.1089
t118__t1                                1.1089
xru118.dt                                    0
t118__t0                                1.1089
t119__t1                                1.1089
xru119.dt                                    0
t119__t0                                1.1089
t120__t1                                1.1089
xru120.dt                                    0
t120__t0                                1.1089
t121__t0                                1.1089
xru121.dt                                    0
t121__t1                                1.1089
t122__t0                                1.1089
xru122.dt                                    0
t122__t1                                1.1089
t123__t0                                1.1089
xru123.dt                                    0
t123__t1                                1.1089
t124__t0                                1.1089
xru124.dt                                    0
t124__t1                                1.1089
t125__t0                                1.1089
xru125.dt                                    0
t125__t1                                1.1089
t126__t0                                1.1089
xru126.dt                                    0
t126__t1                                1.1089
tn0__t5                                 1.1089
xru127.dt                                    0
tn0__t10                               1.10889
t128__t0                                1.1064
xru128.dt                                    0
t128__t1                                1.1064
t129__t0                               1.10392
xru129.dt                                    0
t129__t1                               1.10392
t130__t0                               1.10143
xru130.dt                                    0
t130__t1                               1.10143
t131__t0                               1.09895
xru131.dt                                    0
t131__t1                               1.09895
t132__t0                               1.09646
xru132.dt                                    0
t132__t1                               1.09646
t133__t0                               1.09398
xru133.dt                                    0
t133__t1                               1.09398
t134__t0                               1.09149
xru134.dt                                    0
t134__t1                               1.09149
t135__t0                               1.08901
xru135.dt                                    0
t135__t1                                 1.089
t136__t1                               1.08652
xru136.dt                                    0
t136__t0                               1.08652
t137__t1                               1.08403
xru137.dt                                    0
t137__t0                               1.08403
t138__t1                               1.08155
xru138.dt                                    0
t138__t0                               1.08155
t139__t1                               1.07907
xru139.dt                                    0
t139__t0                               1.07906
t140__t1                               1.07658
xru140.dt                                    0
t140__t0                               1.07658
t141__t1                                1.0741
xru141.dt                                    0
t141__t0                                1.0741
t142__t1                               1.07161
xru142.dt                                    0
t142__t0                               1.07161
t143__t1                               1.06913
xru143.dt                                    0
t143__t0                               1.06913
t144__t1                               1.06664
xru144.dt                                    0
t144__t0                               1.06664
t145__t1                               1.06416
xru145.dt                                    0
t145__t0                               1.06416
t146__t1                               1.06167
xru146.dt                                    0
t146__t0                               1.06167
t147__t1                               1.05919
xru147.dt                                    0
t147__t0                               1.05919
t148__t1                                1.0567
xru148.dt                                    0
t148__t0                                1.0567
t149__t1                               1.05422
xru149.dt                                    0
t149__t0                               1.05422
t150__t1                               1.05173
xru150.dt                                    0
t150__t0                               1.05173
t151__t0                               1.04924
xru151.dt                                    0
t151__t1                               1.04924
t152__t0                               1.04676
xru152.dt                                    0
t152__t1                               1.04676
t153__t0                               1.04428
xru153.dt                                    0
t153__t1                               1.04428
t154__t0                               1.04179
xru154.dt                                    0
t154__t1                               1.04179
t155__t0                               1.03931
xru155.dt                                    0
t155__t1                               1.03931
t156__t0                               1.03682
xru156.dt                                    0
t156__t1                               1.03682
t157__t0                               1.03434
xru157.dt                                    0
t157__t1                               1.03434
t158__t0                               1.03185
xru158.dt                                    0
t158__t1                               1.03185
t159__t0                               1.02937
xru159.dt                                    0
t159__t1                               1.02937
t160__t0                               1.02688
xru160.dt                                    0
t160__t1                               1.02688
t161__t0                                1.0244
xru161.dt                                    0
t161__t1                                1.0244
t162__t0                               1.02191
xru162.dt                                    0
t162__t1                               1.02191
t163__t0                               1.01943
xru163.dt                                    0
t163__t1                               1.01943
t164__t0                               1.01695
xru164.dt                                    0
t164__t1                               1.01694
t165__t0                               1.01446
xru165.dt                                    0
t165__t1                               1.01445
t166__t1                               1.01197
xru166.dt                                    0
t166__t0                               1.01197
t167__t1                               1.00949
xru167.dt                                    0
t167__t0                               1.00949
t168__t1                                 1.007
xru168.dt                                    0
t168__t0                                 1.007
t169__t1                               1.00452
xru169.dt                                    0
t169__t0                               1.00452
t170__t1                               1.00203
xru170.dt                                    0
t170__t0                               1.00203
t171__t1                              0.999548
xru171.dt                                    0
t171__t0                              0.999547
t172__t1                              0.997063
xru172.dt                                    0
t172__t0                              0.997063
t173__t1                              0.994578
xru173.dt                                    0
t173__t0                              0.994578
t174__t1                              0.992094
xru174.dt                                    0
t174__t0                              0.992094
t175__t1                              0.989609
xru175.dt                                    0
t175__t0                              0.989609
t176__t1                              0.987125
xru176.dt                                    0
t176__t0                              0.987124
t177__t1                               0.98464
xru177.dt                                    0
t177__t0                               0.98464
t178__t1                              0.982156
xru178.dt                                    0
t178__t0                              0.982155
t179__t1                              0.979671
xru179.dt                                    0
t179__t0                              0.979671
t180__t1                              0.977186
xru180.dt                                    0
t180__t0                               0.97718
t181__t0                              0.974696
xru181.dt                                    0
t181__t1                              0.974696
t182__t0                              0.972212
xru182.dt                                    0
t182__t1                              0.972211
t183__t0                              0.969727
xru183.dt                                    0
t183__t1                              0.969727
t184__t0                              0.967242
xru184.dt                                    0
t184__t1                              0.967242
t185__t0                              0.964758
xru185.dt                                    0
t185__t1                              0.964758
t186__t0                              0.962273
xru186.dt                                    0
t186__t1                              0.962273
t187__t0                              0.959789
xru187.dt                                    0
t187__t1                              0.959788
t188__t0                              0.957304
xru188.dt                                    0
t188__t1                              0.957304
t189__t0                               0.95482
xru189.dt                                    0
t189__t1                              0.954819
t190__t0                              0.952335
xru190.dt                                    0
t190__t1                              0.952335
t191__t0                               0.94985
xru191.dt                                    0
t191__t1                               0.94985
t192__t0                              0.947366
xru192.dt                                    0
t192__t1                              0.947366
t193__t0                              0.944881
xru193.dt                                    0
t193__t1                              0.944881
t194__t0                              0.942397
xru194.dt                                    0
t194__t1                              0.942396
t195__t0                              0.939912
xru195.dt                                    0
t195__t1                              0.939906
t196__t1                              0.937422
xru196.dt                                    0
t196__t0                              0.937422
t197__t1                              0.934937
xru197.dt                                    0
t197__t0                              0.934937
t198__t1                              0.932453
xru198.dt                                    0
t198__t0                              0.932453
t199__t1                              0.929968
xru199.dt                                    0
t199__t0                              0.929968
t200__t1                              0.927484
xru200.dt                                    0
t200__t0                              0.927483
t201__t1                              0.924999
xru201.dt                                    0
t201__t0                              0.924999
t202__t1                              0.922515
xru202.dt                                    0
t202__t0                              0.922514
t203__t1                               0.92003
xru203.dt                                    0
t203__t0                               0.92003
t204__t1                              0.917545
xru204.dt                                    0
t204__t0                              0.917545
t205__t1                              0.915061
xru205.dt                                    0
t205__t0                              0.915061
t206__t1                              0.912576
xru206.dt                                    0
t206__t0                              0.912576
t207__t1                              0.910092
xru207.dt                                    0
t207__t0                              0.910091
t208__t1                              0.907607
xru208.dt                                    0
t208__t0                              0.907607
t209__t1                              0.905123
xru209.dt                                    0
t209__t0                              0.905122
t210__t1                              0.902638
xru210.dt                                    0
t210__t0                              0.902632
t211__t0                              0.900148
xru211.dt                                    0
t211__t1                              0.900148
t212__t0                              0.897663
xru212.dt                                    0
t212__t1                              0.897663
t213__t0                              0.895179
xru213.dt                                    0
t213__t1                              0.895178
t214__t0                              0.892694
xru214.dt                                    0
t214__t1                              0.892694
t215__t0                               0.89021
xru215.dt                                    0
t215__t1                              0.890209
t216__t0                              0.887725
xru216.dt                                    0
t216__t1                              0.887725
t217__t0                               0.88524
xru217.dt                                    0
t217__t1                               0.88524
t218__t0                              0.882756
xru218.dt                                    0
t218__t1                              0.882756
t219__t0                              0.880271
xru219.dt                                    0
t219__t1                              0.880271
t220__t0                              0.877787
xru220.dt                                    0
t220__t1                              0.877786
t221__t0                              0.875302
xru221.dt                                    0
t221__t1                              0.875302
t222__t0                              0.872818
xru222.dt                                    0
t222__t1                              0.872817
t223__t0                              0.870333
xru223.dt                                    0
t223__t1                              0.870333
t224__t0                              0.867848
xru224.dt                                    0
t224__t1                              0.867848
t225__t0                              0.865364
xru225.dt                                    0
t225__t1                              0.865358
t226__t1                              0.862874
xru226.dt                                    0
t226__t0                              0.862873
t227__t1                              0.860389
xru227.dt                                    0
t227__t0                              0.860389
t228__t1                              0.857905
xru228.dt                                    0
t228__t0                              0.857904
t229__t1                               0.85542
xru229.dt                                    0
t229__t0                               0.85542
t230__t1                              0.852935
xru230.dt                                    0
t230__t0                              0.852935
t231__t1                              0.850451
xru231.dt                                    0
t231__t0                              0.850451
t232__t1                              0.847966
xru232.dt                                    0
t232__t0                              0.847966
t233__t1                              0.845482
xru233.dt                                    0
t233__t0                              0.845481
t234__t1                              0.842997
xru234.dt                                    0
t234__t0                              0.842997
t235__t1                              0.840513
xru235.dt                                    0
t235__t0                              0.840512
t236__t1                              0.838028
xru236.dt                                    0
t236__t0                              0.838028
t237__t1                              0.835543
xru237.dt                                    0
t237__t0                              0.835543
t238__t1                              0.833059
xru238.dt                                    0
t238__t0                              0.833059
t239__t1                              0.830574
xru239.dt                                    0
t239__t0                              0.830574
t240__t1                               0.82809
xru240.dt                                    0
t240__t0                              0.828084
t241__t0                                0.8256
xru241.dt                                    0
t241__t1                              0.825599
t242__t0                              0.823115
xru242.dt                                    0
t242__t1                              0.823115
t243__t0                               0.82063
xru243.dt                                    0
t243__t1                               0.82063
t244__t0                              0.818146
xru244.dt                                    0
t244__t1                              0.818146
t245__t0                              0.815661
xru245.dt                                    0
t245__t1                              0.815661
t246__t0                              0.813177
xru246.dt                                    0
t246__t1                              0.813176
t247__t0                              0.810692
xru247.dt                                    0
t247__t1                              0.810692
t248__t0                              0.808207
xru248.dt                                    0
t248__t1                              0.808207
t249__t0                              0.805723
xru249.dt                                    0
t249__t1                              0.805723
t250__t0                              0.803238
xru250.dt                                    0
t250__t1                              0.803238
t251__t0                              0.800754
xru251.dt                                    0
t251__t1                              0.800753
t252__t0                              0.798269
xru252.dt                                    0
t252__t1                              0.798269
t253__t0                              0.795785
xru253.dt                                    0
t253__t1                              0.795784
t254__t0                                0.7933
xru254.dt                                    0
t254__t1                                0.7933
cb3__t0                               0.790815
xru255.dt                                    0
sns1                                  0.790036
xq1.s1                             3.15916e-10
xq1.t                                0.0454884
cb2                                   0.747958
xq2.s1                             8.22721e-10
xq2.t                               0.00673428
cb3                                   0.790612
xq3.s1                             3.16143e-10
xq3.t                                0.0467956
sns2                                   0.80284
tn0                                     1.1089
t002                                    1.1089
t004                                    1.1089
t005                                    1.1089
t006                                    1.1089
t008                                    1.1089
t009                                    1.1089
t010                                    1.1089
t011                                    1.1089
t012                                    1.1089
t013                                    1.1089
t014                                    1.1089
t016                                    1.1089
t017                                    1.1089
t018                                    1.1089
t019                                    1.1089
t020                                    1.1089
t021                                    1.1089
t022                                    1.1089
t023                                    1.1089
t024                                    1.1089
t025                                    1.1089
t026                                    1.1089
t027                                    1.1089
t028                                    1.1089
t029                                    1.1089
t030                                    1.1089
t032                                    1.1089
t033                                    1.1089
t034                                    1.1089
t035                                    1.1089
t036                                    1.1089
t037                                    1.1089
t038                                    1.1089
t039                                    1.1089
t040                                    1.1089
t041                                    1.1089
t042                                    1.1089
t043                                    1.1089
t044                                    1.1089
t045                                    1.1089
t046                                    1.1089
t047                                    1.1089
t048                                    1.1089
t049                                    1.1089
t050                                    1.1089
t051                                    1.1089
t052                                    1.1089
t053                                    1.1089
t054                                    1.1089
t055                                    1.1089
t056                                    1.1089
t057                                    1.1089
t058                                    1.1089
t059                                    1.1089
t060                                    1.1089
t061                                    1.1089
t062                                    1.1089
t064                                    1.1089
t065                                    1.1089
t066                                    1.1089
t067                                    1.1089
t068                                    1.1089
t069                                    1.1089
t070                                    1.1089
t071                                    1.1089
t072                                    1.1089
t073                                    1.1089
t074                                    1.1089
t075                                    1.1089
t076                                    1.1089
t077                                    1.1089
t078                                    1.1089
t079                                    1.1089
t080                                    1.1089
t081                                    1.1089
t082                                    1.1089
t083                                    1.1089
t084                                    1.1089
t085                                    1.1089
t086                                    1.1089
t087                                    1.1089
t088                                    1.1089
t089                                    1.1089
t090                                    1.1089
t091                                    1.1089
t092                                    1.1089
t093                                    1.1089
t094                                    1.1089
t095                                    1.1089
t096                                    1.1089
t097                                    1.1089
t098                                    1.1089
t099                                    1.1089
t100                                    1.1089
t101                                    1.1089
t102                                    1.1089
t103                                    1.1089
t104                                    1.1089
t105                                    1.1089
t106                                    1.1089
t107                                    1.1089
t108                                    1.1089
t109                                    1.1089
t110                                    1.1089
t111                                    1.1089
t112                                    1.1089
t113                                    1.1089
t114                                    1.1089
t115                                    1.1089
t116                                    1.1089
t117                                    1.1089
t118                                    1.1089
t119                                    1.1089
t120                                    1.1089
t121                                    1.1089
t122                                    1.1089
t123                                    1.1089
t124                                    1.1089
t125                                    1.1089
t126                                    1.1089
t128                                    1.1064
t129                                   1.10392
t130                                   1.10143
t131                                   1.09895
t132                                   1.09646
t133                                   1.09398
t134                                   1.09149
t135                                   1.08901
t136                                   1.08652
t137                                   1.08403
t138                                   1.08155
t139                                   1.07906
t140                                   1.07658
t141                                    1.0741
t142                                   1.07161
t143                                   1.06913
t144                                   1.06664
t145                                   1.06416
t146                                   1.06167
t147                                   1.05919
t148                                    1.0567
t149                                   1.05422
t150                                   1.05173
t151                                   1.04924
t152                                   1.04676
t153                                   1.04428
t154                                   1.04179
t155                                   1.03931
t156                                   1.03682
t157                                   1.03434
t158                                   1.03185
t159                                   1.02937
t160                                   1.02688
t161                                    1.0244
t162                                   1.02191
t163                                   1.01943
t164                                   1.01694
t165                                   1.01446
t166                                   1.01197
t167                                   1.00949
t168                                     1.007
t169                                   1.00452
t170                                   1.00203
t171                                  0.999547
t172                                  0.997063
t173                                  0.994578
t174                                  0.992094
t175                                  0.989609
t176                                  0.987125
t177                                   0.98464
t178                                  0.982155
t179                                  0.979671
t180                                  0.977183
t181                                  0.974696
t182                                  0.972211
t183                                  0.969727
t184                                  0.967242
t185                                  0.964758
t186                                  0.962273
t187                                  0.959789
t188                                  0.957304
t189                                  0.954819
t190                                  0.952335
t191                                   0.94985
t192                                  0.947366
t193                                  0.944881
t194                                  0.942397
t195                                  0.939909
t196                                  0.937422
t197                                  0.934937
t198                                  0.932453
t199                                  0.929968
t200                                  0.927484
t201                                  0.924999
t202                                  0.922514
t203                                   0.92003
t204                                  0.917545
t205                                  0.915061
t206                                  0.912576
t207                                  0.910092
t208                                  0.907607
t209                                  0.905122
t210                                  0.902635
t211                                  0.900148
t212                                  0.897663
t213                                  0.895179
t214                                  0.892694
t215                                  0.890209
t216                                  0.887725
t217                                   0.88524
t218                                  0.882756
t219                                  0.880271
t220                                  0.877787
t221                                  0.875302
t222                                  0.872817
t223                                  0.870333
t224                                  0.867848
t225                                  0.865361
t226                                  0.862874
t227                                  0.860389
t228                                  0.857904
t229                                   0.85542
t230                                  0.852935
t231                                  0.850451
t232                                  0.847966
t233                                  0.845482
t234                                  0.842997
t235                                  0.840512
t236                                  0.838028
t237                                  0.835543
t238                                  0.833059
t239                                  0.830574
t240                                  0.828087
t241                                  0.825599
t242                                  0.823115
t243                                   0.82063
t244                                  0.818146
t245                                  0.815661
t246                                  0.813177
t247                                  0.810692
t248                                  0.808207
t249                                  0.805723
t250                                  0.803238
t251                                  0.800754
t252                                  0.798269
t253                                  0.795784
t254                                    0.7933
vref                                   1.13397
vss__par                                     0
pa_00                                0.0420785
pa_01                              5.15375e-06
pa_02                              5.21671e-06
pa_03                                  65819.7
pa_04                                  10649.1
bpa_04#branch                                0
vm2a#branch                        4.57236e-06
vm2b#branch                         5.8139e-07
bpa_03#branch                                0
vm3a#branch                        4.05859e-06
vm3b#branch                        5.79063e-07
vm3c#branch                        5.79057e-07
bpa_02#branch                                0
bpa_01#branch                                0
bpa_00#branch                                0
vm1#branch                         5.07207e-06
vvss#branch                        2.04425e-05
vvdd#branch                       -2.04425e-05


No. of Data Rows : 59

  Measurements for Transient Analysis

vref_v              =  1.13397e+00
vpexfb_v            =  2.11365e+00
vbe_q1_v            =  7.90036e-01
vbe_q2_v            =  7.47958e-01
vbe_q3_v            =  7.90612e-01
dvbe_ptat_v         =  4.20785e-02
i_leg1_a            =  5.07207e-06
i_leg2_a            =  5.15375e-06
i_leg3_a            =  5.21671e-06
r1_ohm              =  6.58197e+04
r2_ohm              =  1.06491e+04

ngspice-46 done
