
Note: No compatibility mode selected!


Circuit: * klt sim -- generated corner deck, do not edit

Doing analysis at TEMP = 125.000000 and TNOM = 27.000000

Using SPARSE 1.3 as Direct Linear Solver
Warning: singular matrix:  check node t214

Note: Starting dynamic gmin stepping
OSDI(debug) n.xr2.nr1: WARNING: V(i2,c) voltage is greater than specified by vmax
OSDI(debug) n.xr2.nr1: WARNING: V(i2,c) voltage is greater than specified by vmax
OSDI(debug) n.xr2.nr1: WARNING: V(i2,c) voltage is greater than specified by vmax
OSDI(debug) n.xr2.nr1: WARNING: V(i2,c) voltage is greater than specified by vmax
OSDI(debug) n.xr2.nr1: WARNING: V(i2,c) voltage is greater than specified by vmax
OSDI(debug) n.xr2.nr1: WARNING: V(i2,c) voltage is greater than specified by vmax
OSDI(debug) n.xr2.nr1: WARNING: V(i2,c) voltage is greater than specified by vmax
OSDI(debug) n.xr2.nr1: WARNING: V(i2,c) voltage is greater than specified by vmax


The temperature limiting function received NaN.
Please check your power dissipation and improve your heat sink Rth!
    This message will be shown only once.

Note: Dynamic gmin stepping completed

Initial Transient Solution
--------------------------

Node                                   Voltage
----                                   -------
vdd                                        3.3
vss                                          0
fb                                     2.59237
vdd__t0                                3.29997
vm1_p                                 0.580373
vdd__t1                                    3.3
sns1__t0                              0.580373
vdd__t2                                3.29999
vm2a_p                                 0.56263
vdd__t3                                    3.3
sns2__t0                               0.56263
vdd__t4                                    3.3
vm2b_p                                0.562618
vdd__t5                                    3.3
sns2__t1                              0.562618
vdd__t6                                3.29999
vm3a_p                                0.927008
vdd__t7                                    3.3
vref__t0                              0.927008
vdd__t10                                   3.3
vm3b_p                                0.926994
vdd__t8                                    3.3
vref__t2                              0.926994
vdd__t11                                   3.3
vm3c_p                                0.926996
vdd__t9                                    3.3
vref__t3                              0.926996
sns2__t2                              0.562594
vsubs                                        0
cb2__t0                               0.506392
xr2.dt                                       0
vref__t1                              0.926965
tn0__t2                               0.901442
xr1.dt                                       0
tn0__t0                               0.901423
tn0__t1                               0.901423
xru1.dt                                      0
tn0__t8                               0.901423
t002__t1                              0.901423
xru2.dt                                      0
t002__t0                              0.901423
tn0__t13                              0.901423
xru3.dt                                      0
tn0__t15                              0.901423
t004__t0                              0.901423
xru4.dt                                      0
t004__t1                              0.901423
t005__t0                              0.901423
xru5.dt                                      0
t005__t1                              0.901423
t006__t0                              0.901423
xru6.dt                                      0
t006__t1                              0.901423
tn0__t9                               0.901423
xru7.dt                                      0
tn0__t11                              0.901423
t008__t0                              0.901423
xru8.dt                                      0
t008__t1                              0.901423
t009__t0                              0.901423
xru9.dt                                      0
t009__t1                              0.901423
t010__t0                              0.901423
xru10.dt                                     0
t010__t1                              0.901423
t011__t0                              0.901423
xru11.dt                                     0
t011__t1                              0.901423
t012__t0                              0.901423
xru12.dt                                     0
t012__t1                              0.901423
t013__t0                              0.901423
xru13.dt                                     0
t013__t1                              0.901423
t014__t0                              0.901423
xru14.dt                                     0
t014__t1                              0.901423
tn0__t3                               0.901423
xru15.dt                                     0
tn0__t4                               0.901423
t016__t1                              0.901423
xru16.dt                                     0
t016__t0                              0.901423
t017__t1                              0.901423
xru17.dt                                     0
t017__t0                              0.901423
t018__t1                              0.901423
xru18.dt                                     0
t018__t0                              0.901423
t019__t1                              0.901423
xru19.dt                                     0
t019__t0                              0.901423
t020__t1                              0.901423
xru20.dt                                     0
t020__t0                              0.901423
t021__t1                              0.901423
xru21.dt                                     0
t021__t0                              0.901423
t022__t1                              0.901423
xru22.dt                                     0
t022__t0                              0.901423
t023__t1                              0.901423
xru23.dt                                     0
t023__t0                              0.901423
t024__t1                              0.901423
xru24.dt                                     0
t024__t0                              0.901423
t025__t1                              0.901423
xru25.dt                                     0
t025__t0                              0.901423
t026__t1                              0.901423
xru26.dt                                     0
t026__t0                              0.901423
t027__t1                              0.901423
xru27.dt                                     0
t027__t0                              0.901423
t028__t1                              0.901423
xru28.dt                                     0
t028__t0                              0.901423
t029__t1                              0.901423
xru29.dt                                     0
t029__t0                              0.901423
t030__t1                              0.901423
xru30.dt                                     0
t030__t0                              0.901423
tn0__t6                               0.901423
xru31.dt                                     0
tn0__t12                              0.901423
t032__t0                              0.901423
xru32.dt                                     0
t032__t1                              0.901423
t033__t0                              0.901423
xru33.dt                                     0
t033__t1                              0.901423
t034__t0                              0.901423
xru34.dt                                     0
t034__t1                              0.901423
t035__t0                              0.901423
xru35.dt                                     0
t035__t1                              0.901423
t036__t0                              0.901423
xru36.dt                                     0
t036__t1                              0.901423
t037__t0                              0.901423
xru37.dt                                     0
t037__t1                              0.901423
t038__t0                              0.901423
xru38.dt                                     0
t038__t1                              0.901423
t039__t0                              0.901423
xru39.dt                                     0
t039__t1                              0.901423
t040__t0                              0.901423
xru40.dt                                     0
t040__t1                              0.901423
t041__t0                              0.901423
xru41.dt                                     0
t041__t1                              0.901423
t042__t0                              0.901423
xru42.dt                                     0
t042__t1                              0.901423
t043__t0                              0.901423
xru43.dt                                     0
t043__t1                              0.901423
t044__t0                              0.901423
xru44.dt                                     0
t044__t1                              0.901423
t045__t0                              0.901423
xru45.dt                                     0
t045__t1                              0.901423
t046__t1                              0.901423
xru46.dt                                     0
t046__t0                              0.901423
t047__t1                              0.901423
xru47.dt                                     0
t047__t0                              0.901423
t048__t1                              0.901423
xru48.dt                                     0
t048__t0                              0.901423
t049__t1                              0.901423
xru49.dt                                     0
t049__t0                              0.901423
t050__t1                              0.901423
xru50.dt                                     0
t050__t0                              0.901423
t051__t1                              0.901423
xru51.dt                                     0
t051__t0                              0.901423
t052__t1                              0.901423
xru52.dt                                     0
t052__t0                              0.901423
t053__t1                              0.901423
xru53.dt                                     0
t053__t0                              0.901423
t054__t1                              0.901423
xru54.dt                                     0
t054__t0                              0.901423
t055__t1                              0.901423
xru55.dt                                     0
t055__t0                              0.901423
t056__t1                              0.901423
xru56.dt                                     0
t056__t0                              0.901423
t057__t1                              0.901423
xru57.dt                                     0
t057__t0                              0.901423
t058__t1                              0.901423
xru58.dt                                     0
t058__t0                              0.901423
t059__t1                              0.901423
xru59.dt                                     0
t059__t0                              0.901423
t060__t1                              0.901423
xru60.dt                                     0
t060__t0                              0.901423
t061__t0                              0.901423
xru61.dt                                     0
t061__t1                              0.901423
t062__t0                              0.901423
xru62.dt                                     0
t062__t1                              0.901423
tn0__t7                               0.901423
xru63.dt                                     0
tn0__t14                              0.901423
t064__t0                              0.901423
xru64.dt                                     0
t064__t1                              0.901423
t065__t0                              0.901423
xru65.dt                                     0
t065__t1                              0.901423
t066__t0                              0.901423
xru66.dt                                     0
t066__t1                              0.901423
t067__t0                              0.901423
xru67.dt                                     0
t067__t1                              0.901423
t068__t0                              0.901423
xru68.dt                                     0
t068__t1                              0.901423
t069__t0                              0.901423
xru69.dt                                     0
t069__t1                              0.901423
t070__t0                              0.901423
xru70.dt                                     0
t070__t1                              0.901423
t071__t0                              0.901423
xru71.dt                                     0
t071__t1                              0.901423
t072__t0                              0.901423
xru72.dt                                     0
t072__t1                              0.901423
t073__t0                              0.901423
xru73.dt                                     0
t073__t1                              0.901423
t074__t0                              0.901423
xru74.dt                                     0
t074__t1                              0.901423
t075__t0                              0.901423
xru75.dt                                     0
t075__t1                              0.901423
t076__t1                              0.901423
xru76.dt                                     0
t076__t0                              0.901423
t077__t1                              0.901423
xru77.dt                                     0
t077__t0                              0.901423
t078__t1                              0.901423
xru78.dt                                     0
t078__t0                              0.901423
t079__t1                              0.901423
xru79.dt                                     0
t079__t0                              0.901423
t080__t1                              0.901423
xru80.dt                                     0
t080__t0                              0.901423
t081__t1                              0.901423
xru81.dt                                     0
t081__t0                              0.901423
t082__t1                              0.901423
xru82.dt                                     0
t082__t0                              0.901423
t083__t1                              0.901423
xru83.dt                                     0
t083__t0                              0.901423
t084__t1                              0.901423
xru84.dt                                     0
t084__t0                              0.901423
t085__t1                              0.901423
xru85.dt                                     0
t085__t0                              0.901423
t086__t1                              0.901423
xru86.dt                                     0
t086__t0                              0.901423
t087__t1                              0.901423
xru87.dt                                     0
t087__t0                              0.901423
t088__t1                              0.901423
xru88.dt                                     0
t088__t0                              0.901423
t089__t1                              0.901423
xru89.dt                                     0
t089__t0                              0.901423
t090__t1                              0.901423
xru90.dt                                     0
t090__t0                              0.901423
t091__t0                              0.901423
xru91.dt                                     0
t091__t1                              0.901423
t092__t0                              0.901423
xru92.dt                                     0
t092__t1                              0.901423
t093__t0                              0.901423
xru93.dt                                     0
t093__t1                              0.901423
t094__t0                              0.901423
xru94.dt                                     0
t094__t1                              0.901423
t095__t0                              0.901423
xru95.dt                                     0
t095__t1                              0.901423
t096__t0                              0.901423
xru96.dt                                     0
t096__t1                              0.901423
t097__t0                              0.901423
xru97.dt                                     0
t097__t1                              0.901423
t098__t0                              0.901423
xru98.dt                                     0
t098__t1                              0.901423
t099__t0                              0.901423
xru99.dt                                     0
t099__t1                              0.901423
t100__t0                              0.901423
xru100.dt                                    0
t100__t1                              0.901423
t101__t0                              0.901423
xru101.dt                                    0
t101__t1                              0.901423
t102__t0                              0.901423
xru102.dt                                    0
t102__t1                              0.901423
t103__t0                              0.901423
xru103.dt                                    0
t103__t1                              0.901423
t104__t0                              0.901423
xru104.dt                                    0
t104__t1                              0.901423
t105__t0                              0.901423
xru105.dt                                    0
t105__t1                              0.901423
t106__t1                              0.901423
xru106.dt                                    0
t106__t0                              0.901423
t107__t1                              0.901423
xru107.dt                                    0
t107__t0                              0.901423
t108__t1                              0.901423
xru108.dt                                    0
t108__t0                              0.901423
t109__t1                              0.901423
xru109.dt                                    0
t109__t0                              0.901423
t110__t1                              0.901423
xru110.dt                                    0
t110__t0                              0.901423
t111__t1                              0.901423
xru111.dt                                    0
t111__t0                              0.901423
t112__t1                              0.901423
xru112.dt                                    0
t112__t0                              0.901423
t113__t1                              0.901423
xru113.dt                                    0
t113__t0                              0.901423
t114__t1                              0.901423
xru114.dt                                    0
t114__t0                              0.901423
t115__t1                              0.901423
xru115.dt                                    0
t115__t0                              0.901423
t116__t1                              0.901423
xru116.dt                                    0
t116__t0                              0.901423
t117__t1                              0.901423
xru117.dt                                    0
t117__t0                              0.901423
t118__t1                              0.901423
xru118.dt                                    0
t118__t0                              0.901423
t119__t1                              0.901423
xru119.dt                                    0
t119__t0                              0.901423
t120__t1                              0.901423
xru120.dt                                    0
t120__t0                              0.901423
t121__t0                              0.901423
xru121.dt                                    0
t121__t1                              0.901423
t122__t0                              0.901423
xru122.dt                                    0
t122__t1                              0.901423
t123__t0                              0.901423
xru123.dt                                    0
t123__t1                              0.901423
t124__t0                              0.901423
xru124.dt                                    0
t124__t1                              0.901423
t125__t0                              0.901423
xru125.dt                                    0
t125__t1                              0.901423
t126__t0                              0.901423
xru126.dt                                    0
t126__t1                              0.901423
tn0__t5                               0.901423
xru127.dt                                    0
tn0__t10                              0.901412
t128__t0                               0.89891
xru128.dt                                    0
t128__t1                               0.89891
t129__t0                              0.896408
xru129.dt                                    0
t129__t1                              0.896407
t130__t0                              0.893905
xru130.dt                                    0
t130__t1                              0.893905
t131__t0                              0.891402
xru131.dt                                    0
t131__t1                              0.891402
t132__t0                                0.8889
xru132.dt                                    0
t132__t1                                0.8889
t133__t0                              0.886397
xru133.dt                                    0
t133__t1                              0.886397
t134__t0                              0.883895
xru134.dt                                    0
t134__t1                              0.883894
t135__t0                              0.881392
xru135.dt                                    0
t135__t1                              0.881386
t136__t1                              0.878884
xru136.dt                                    0
t136__t0                              0.878884
t137__t1                              0.876382
xru137.dt                                    0
t137__t0                              0.876381
t138__t1                              0.873879
xru138.dt                                    0
t138__t0                              0.873879
t139__t1                              0.871376
xru139.dt                                    0
t139__t0                              0.871376
t140__t1                              0.868874
xru140.dt                                    0
t140__t0                              0.868874
t141__t1                              0.866371
xru141.dt                                    0
t141__t0                              0.866371
t142__t1                              0.863869
xru142.dt                                    0
t142__t0                              0.863869
t143__t1                              0.861366
xru143.dt                                    0
t143__t0                              0.861366
t144__t1                              0.858864
xru144.dt                                    0
t144__t0                              0.858863
t145__t1                              0.856361
xru145.dt                                    0
t145__t0                              0.856361
t146__t1                              0.853859
xru146.dt                                    0
t146__t0                              0.853858
t147__t1                              0.851356
xru147.dt                                    0
t147__t0                              0.851356
t148__t1                              0.848854
xru148.dt                                    0
t148__t0                              0.848853
t149__t1                              0.846351
xru149.dt                                    0
t149__t0                              0.846351
t150__t1                              0.843848
xru150.dt                                    0
t150__t0                              0.843843
t151__t0                               0.84134
xru151.dt                                    0
t151__t1                               0.84134
t152__t0                              0.838838
xru152.dt                                    0
t152__t1                              0.838838
t153__t0                              0.836335
xru153.dt                                    0
t153__t1                              0.836335
t154__t0                              0.833833
xru154.dt                                    0
t154__t1                              0.833832
t155__t0                               0.83133
xru155.dt                                    0
t155__t1                               0.83133
t156__t0                              0.828828
xru156.dt                                    0
t156__t1                              0.828827
t157__t0                              0.826325
xru157.dt                                    0
t157__t1                              0.826325
t158__t0                              0.823823
xru158.dt                                    0
t158__t1                              0.823822
t159__t0                               0.82132
xru159.dt                                    0
t159__t1                               0.82132
t160__t0                              0.818817
xru160.dt                                    0
t160__t1                              0.818817
t161__t0                              0.816315
xru161.dt                                    0
t161__t1                              0.816315
t162__t0                              0.813812
xru162.dt                                    0
t162__t1                              0.813812
t163__t0                               0.81131
xru163.dt                                    0
t163__t1                               0.81131
t164__t0                              0.808807
xru164.dt                                    0
t164__t1                              0.808807
t165__t0                              0.806305
xru165.dt                                    0
t165__t1                              0.806299
t166__t1                              0.803797
xru166.dt                                    0
t166__t0                              0.803796
t167__t1                              0.801294
xru167.dt                                    0
t167__t0                              0.801294
t168__t1                              0.798792
xru168.dt                                    0
t168__t0                              0.798791
t169__t1                              0.796289
xru169.dt                                    0
t169__t0                              0.796289
t170__t1                              0.793786
xru170.dt                                    0
t170__t0                              0.793786
t171__t1                              0.791284
xru171.dt                                    0
t171__t0                              0.791284
t172__t1                              0.788781
xru172.dt                                    0
t172__t0                              0.788781
t173__t1                              0.786279
xru173.dt                                    0
t173__t0                              0.786279
t174__t1                              0.783776
xru174.dt                                    0
t174__t0                              0.783776
t175__t1                              0.781274
xru175.dt                                    0
t175__t0                              0.781273
t176__t1                              0.778771
xru176.dt                                    0
t176__t0                              0.778771
t177__t1                              0.776269
xru177.dt                                    0
t177__t0                              0.776268
t178__t1                              0.773766
xru178.dt                                    0
t178__t0                              0.773766
t179__t1                              0.771264
xru179.dt                                    0
t179__t0                              0.771263
t180__t1                              0.768761
xru180.dt                                    0
t180__t0                              0.768755
t181__t0                              0.766253
xru181.dt                                    0
t181__t1                              0.766253
t182__t0                               0.76375
xru182.dt                                    0
t182__t1                               0.76375
t183__t0                              0.761248
xru183.dt                                    0
t183__t1                              0.761248
t184__t0                              0.758745
xru184.dt                                    0
t184__t1                              0.758745
t185__t0                              0.756243
xru185.dt                                    0
t185__t1                              0.756242
t186__t0                               0.75374
xru186.dt                                    0
t186__t1                               0.75374
t187__t0                              0.751238
xru187.dt                                    0
t187__t1                              0.751237
t188__t0                              0.748735
xru188.dt                                    0
t188__t1                              0.748735
t189__t0                              0.746233
xru189.dt                                    0
t189__t1                              0.746232
t190__t0                               0.74373
xru190.dt                                    0
t190__t1                               0.74373
t191__t0                              0.741227
xru191.dt                                    0
t191__t1                              0.741227
t192__t0                              0.738725
xru192.dt                                    0
t192__t1                              0.738725
t193__t0                              0.736222
xru193.dt                                    0
t193__t1                              0.736222
t194__t0                               0.73372
xru194.dt                                    0
t194__t1                              0.733719
t195__t0                              0.731217
xru195.dt                                    0
t195__t1                              0.731211
t196__t1                              0.728709
xru196.dt                                    0
t196__t0                              0.728709
t197__t1                              0.726207
xru197.dt                                    0
t197__t0                              0.726206
t198__t1                              0.723704
xru198.dt                                    0
t198__t0                              0.723704
t199__t1                              0.721202
xru199.dt                                    0
t199__t0                              0.721201
t200__t1                              0.718699
xru200.dt                                    0
t200__t0                              0.718699
t201__t1                              0.716196
xru201.dt                                    0
t201__t0                              0.716196
t202__t1                              0.713694
xru202.dt                                    0
t202__t0                              0.713694
t203__t1                              0.711191
xru203.dt                                    0
t203__t0                              0.711191
t204__t1                              0.708689
xru204.dt                                    0
t204__t0                              0.708688
t205__t1                              0.706186
xru205.dt                                    0
t205__t0                              0.706186
t206__t1                              0.703684
xru206.dt                                    0
t206__t0                              0.703683
t207__t1                              0.701181
xru207.dt                                    0
t207__t0                              0.701181
t208__t1                              0.698679
xru208.dt                                    0
t208__t0                              0.698678
t209__t1                              0.696176
xru209.dt                                    0
t209__t0                              0.696176
t210__t1                              0.693673
xru210.dt                                    0
t210__t0                              0.693668
t211__t0                              0.691165
xru211.dt                                    0
t211__t1                              0.691165
t212__t0                              0.688663
xru212.dt                                    0
t212__t1                              0.688663
t213__t0                               0.68616
xru213.dt                                    0
t213__t1                               0.68616
t214__t0                              0.683658
xru214.dt                                    0
t214__t1                              0.683657
t215__t0                              0.681155
xru215.dt                                    0
t215__t1                              0.681155
t216__t0                              0.678653
xru216.dt                                    0
t216__t1                              0.678652
t217__t0                               0.67615
xru217.dt                                    0
t217__t1                               0.67615
t218__t0                              0.673648
xru218.dt                                    0
t218__t1                              0.673647
t219__t0                              0.671145
xru219.dt                                    0
t219__t1                              0.671145
t220__t0                              0.668642
xru220.dt                                    0
t220__t1                              0.668642
t221__t0                               0.66614
xru221.dt                                    0
t221__t1                               0.66614
t222__t0                              0.663637
xru222.dt                                    0
t222__t1                              0.663637
t223__t0                              0.661135
xru223.dt                                    0
t223__t1                              0.661135
t224__t0                              0.658632
xru224.dt                                    0
t224__t1                              0.658632
t225__t0                               0.65613
xru225.dt                                    0
t225__t1                              0.656124
t226__t1                              0.653622
xru226.dt                                    0
t226__t0                              0.653621
t227__t1                              0.651119
xru227.dt                                    0
t227__t0                              0.651119
t228__t1                              0.648617
xru228.dt                                    0
t228__t0                              0.648616
t229__t1                              0.646114
xru229.dt                                    0
t229__t0                              0.646114
t230__t1                              0.643611
xru230.dt                                    0
t230__t0                              0.643611
t231__t1                              0.641109
xru231.dt                                    0
t231__t0                              0.641109
t232__t1                              0.638606
xru232.dt                                    0
t232__t0                              0.638606
t233__t1                              0.636104
xru233.dt                                    0
t233__t0                              0.636104
t234__t1                              0.633601
xru234.dt                                    0
t234__t0                              0.633601
t235__t1                              0.631099
xru235.dt                                    0
t235__t0                              0.631098
t236__t1                              0.628596
xru236.dt                                    0
t236__t0                              0.628596
t237__t1                              0.626094
xru237.dt                                    0
t237__t0                              0.626093
t238__t1                              0.623591
xru238.dt                                    0
t238__t0                              0.623591
t239__t1                              0.621089
xru239.dt                                    0
t239__t0                              0.621088
t240__t1                              0.618586
xru240.dt                                    0
t240__t0                               0.61858
t241__t0                              0.616078
xru241.dt                                    0
t241__t1                              0.616078
t242__t0                              0.613575
xru242.dt                                    0
t242__t1                              0.613575
t243__t0                              0.611073
xru243.dt                                    0
t243__t1                              0.611073
t244__t0                               0.60857
xru244.dt                                    0
t244__t1                               0.60857
t245__t0                              0.606068
xru245.dt                                    0
t245__t1                              0.606067
t246__t0                              0.603565
xru246.dt                                    0
t246__t1                              0.603565
t247__t0                              0.601063
xru247.dt                                    0
t247__t1                              0.601062
t248__t0                               0.59856
xru248.dt                                    0
t248__t1                               0.59856
t249__t0                              0.596058
xru249.dt                                    0
t249__t1                              0.596057
t250__t0                              0.593555
xru250.dt                                    0
t250__t1                              0.593555
t251__t0                              0.591052
xru251.dt                                    0
t251__t1                              0.591052
t252__t0                               0.58855
xru252.dt                                    0
t252__t1                               0.58855
t253__t0                              0.586047
xru253.dt                                    0
t253__t1                              0.586047
t254__t0                              0.583545
xru254.dt                                    0
t254__t1                              0.583545
cb3__t0                               0.581042
xru255.dt                                    0
sns1                                  0.580296
xq1.s1                             3.42325e-08
xq1.t                                 0.033538
cb2                                   0.506274
xq2.s1                             4.11958e-07
xq2.t                               0.00454463
cb3                                   0.580841
xq3.s1                             3.42344e-08
xq3.t                                0.0340842
sns2                                  0.562617
tn0                                   0.901423
t002                                  0.901423
t004                                  0.901423
t005                                  0.901423
t006                                  0.901423
t008                                  0.901423
t009                                  0.901423
t010                                  0.901423
t011                                  0.901423
t012                                  0.901423
t013                                  0.901423
t014                                  0.901423
t016                                  0.901423
t017                                  0.901423
t018                                  0.901423
t019                                  0.901423
t020                                  0.901423
t021                                  0.901423
t022                                  0.901423
t023                                  0.901423
t024                                  0.901423
t025                                  0.901423
t026                                  0.901423
t027                                  0.901423
t028                                  0.901423
t029                                  0.901423
t030                                  0.901423
t032                                  0.901423
t033                                  0.901423
t034                                  0.901423
t035                                  0.901423
t036                                  0.901423
t037                                  0.901423
t038                                  0.901423
t039                                  0.901423
t040                                  0.901423
t041                                  0.901423
t042                                  0.901423
t043                                  0.901423
t044                                  0.901423
t045                                  0.901423
t046                                  0.901423
t047                                  0.901423
t048                                  0.901423
t049                                  0.901423
t050                                  0.901423
t051                                  0.901423
t052                                  0.901423
t053                                  0.901423
t054                                  0.901423
t055                                  0.901423
t056                                  0.901423
t057                                  0.901423
t058                                  0.901423
t059                                  0.901423
t060                                  0.901423
t061                                  0.901423
t062                                  0.901423
t064                                  0.901423
t065                                  0.901423
t066                                  0.901423
t067                                  0.901423
t068                                  0.901423
t069                                  0.901423
t070                                  0.901423
t071                                  0.901423
t072                                  0.901423
t073                                  0.901423
t074                                  0.901423
t075                                  0.901423
t076                                  0.901423
t077                                  0.901423
t078                                  0.901423
t079                                  0.901423
t080                                  0.901423
t081                                  0.901423
t082                                  0.901423
t083                                  0.901423
t084                                  0.901423
t085                                  0.901423
t086                                  0.901423
t087                                  0.901423
t088                                  0.901423
t089                                  0.901423
t090                                  0.901423
t091                                  0.901423
t092                                  0.901423
t093                                  0.901423
t094                                  0.901423
t095                                  0.901423
t096                                  0.901423
t097                                  0.901423
t098                                  0.901423
t099                                  0.901423
t100                                  0.901423
t101                                  0.901423
t102                                  0.901423
t103                                  0.901423
t104                                  0.901423
t105                                  0.901423
t106                                  0.901423
t107                                  0.901423
t108                                  0.901423
t109                                  0.901423
t110                                  0.901423
t111                                  0.901423
t112                                  0.901423
t113                                  0.901423
t114                                  0.901423
t115                                  0.901423
t116                                  0.901423
t117                                  0.901423
t118                                  0.901423
t119                                  0.901423
t120                                  0.901423
t121                                  0.901423
t122                                  0.901423
t123                                  0.901423
t124                                  0.901423
t125                                  0.901423
t126                                  0.901423
t128                                   0.89891
t129                                  0.896407
t130                                  0.893905
t131                                  0.891402
t132                                    0.8889
t133                                  0.886397
t134                                  0.883895
t135                                  0.881389
t136                                  0.878884
t137                                  0.876381
t138                                  0.873879
t139                                  0.871376
t140                                  0.868874
t141                                  0.866371
t142                                  0.863869
t143                                  0.861366
t144                                  0.858864
t145                                  0.856361
t146                                  0.853859
t147                                  0.851356
t148                                  0.848853
t149                                  0.846351
t150                                  0.843846
t151                                   0.84134
t152                                  0.838838
t153                                  0.836335
t154                                  0.833833
t155                                   0.83133
t156                                  0.828828
t157                                  0.826325
t158                                  0.823822
t159                                   0.82132
t160                                  0.818817
t161                                  0.816315
t162                                  0.813812
t163                                   0.81131
t164                                  0.808807
t165                                  0.806302
t166                                  0.803796
t167                                  0.801294
t168                                  0.798791
t169                                  0.796289
t170                                  0.793786
t171                                  0.791284
t172                                  0.788781
t173                                  0.786279
t174                                  0.783776
t175                                  0.781274
t176                                  0.778771
t177                                  0.776268
t178                                  0.773766
t179                                  0.771263
t180                                  0.768758
t181                                  0.766253
t182                                   0.76375
t183                                  0.761248
t184                                  0.758745
t185                                  0.756243
t186                                   0.75374
t187                                  0.751237
t188                                  0.748735
t189                                  0.746232
t190                                   0.74373
t191                                  0.741227
t192                                  0.738725
t193                                  0.736222
t194                                   0.73372
t195                                  0.731214
t196                                  0.728709
t197                                  0.726206
t198                                  0.723704
t199                                  0.721201
t200                                  0.718699
t201                                  0.716196
t202                                  0.713694
t203                                  0.711191
t204                                  0.708689
t205                                  0.706186
t206                                  0.703684
t207                                  0.701181
t208                                  0.698678
t209                                  0.696176
t210                                  0.693671
t211                                  0.691165
t212                                  0.688663
t213                                   0.68616
t214                                  0.683658
t215                                  0.681155
t216                                  0.678653
t217                                   0.67615
t218                                  0.673647
t219                                  0.671145
t220                                  0.668642
t221                                   0.66614
t222                                  0.663637
t223                                  0.661135
t224                                  0.658632
t225                                  0.656127
t226                                  0.653622
t227                                  0.651119
t228                                  0.648616
t229                                  0.646114
t230                                  0.643611
t231                                  0.641109
t232                                  0.638606
t233                                  0.636104
t234                                  0.633601
t235                                  0.631099
t236                                  0.628596
t237                                  0.626094
t238                                  0.623591
t239                                  0.621088
t240                                  0.618583
t241                                  0.616078
t242                                  0.613575
t243                                  0.611073
t244                                   0.60857
t245                                  0.606068
t246                                  0.603565
t247                                  0.601063
t248                                   0.59856
t249                                  0.596057
t250                                  0.593555
t251                                  0.591052
t252                                   0.58855
t253                                  0.586047
t254                                  0.583545
vref                                  0.926993
vss__par                                     0
pa_00                                0.0740224
pa_01                              5.13835e-06
pa_02                              5.16922e-06
pa_03                                  66964.1
pa_04                                  10965.2
bpa_04#branch                                0
vm2a#branch                        4.58851e-06
vm2b#branch                        5.49842e-07
bpa_03#branch                                0
vm3a#branch                        4.07312e-06
vm3b#branch                        5.48052e-07
vm3c#branch                        5.48048e-07
bpa_02#branch                                0
bpa_01#branch                                0
bpa_00#branch                                0
vm1#branch                         5.09122e-06
vvss#branch                        2.03988e-05
vvdd#branch                       -2.03988e-05


No. of Data Rows : 59

  Measurements for Transient Analysis

vref_v              =  9.26993e-01
vpexfb_v            =  2.59237e+00
vbe_q1_v            =  5.80296e-01
vbe_q2_v            =  5.06274e-01
vbe_q3_v            =  5.80841e-01
dvbe_ptat_v         =  7.40224e-02
i_leg1_a            =  5.09122e-06
i_leg2_a            =  5.13835e-06
i_leg3_a            =  5.16922e-06
r1_ohm              =  6.69641e+04
r2_ohm              =  1.09652e+04

ngspice-46 done
