
Note: No compatibility mode selected!


Circuit: * klt sim -- generated corner deck, do not edit

Doing analysis at TEMP = 27.000000 and TNOM = 27.000000

Using SPARSE 1.3 as Direct Linear Solver

Initial Transient Solution
--------------------------

Node                                   Voltage
----                                   -------
vdd                                       3.63
vss                                          0
fb                                     2.82526
vdd__t0                                3.62997
vm1_p                                 0.708676
vdd__t1                                   3.63
sns1__t0                              0.708676
vdd__t2                                3.62999
vm2a_p                                0.709329
vdd__t3                                   3.63
sns2__t0                              0.709329
vdd__t4                                   3.63
vm2b_p                                0.709317
vdd__t5                                   3.63
sns2__t1                              0.709317
vdd__t6                                3.62999
vm3a_p                                  1.0541
vdd__t7                                   3.63
vref__t0                                1.0541
vdd__t10                                  3.63
vm3b_p                                 1.05408
vdd__t8                                   3.63
vref__t2                               1.05408
vdd__t11                                  3.63
vm3c_p                                 1.05408
vdd__t9                                   3.63
vref__t3                               1.05408
sns2__t2                              0.709292
vsubs                                        0
cb2__t0                               0.653886
xr2.dt                                       0
vref__t1                               1.05405
tn0__t2                                 1.0288
xr1.dt                                       0
tn0__t0                                1.02878
tn0__t1                                1.02878
xru1.dt                                      0
tn0__t8                                1.02878
t002__t1                               1.02878
xru2.dt                                      0
t002__t0                               1.02878
tn0__t13                               1.02878
xru3.dt                                      0
tn0__t15                               1.02878
t004__t0                               1.02878
xru4.dt                                      0
t004__t1                               1.02878
t005__t0                               1.02878
xru5.dt                                      0
t005__t1                               1.02878
t006__t0                               1.02878
xru6.dt                                      0
t006__t1                               1.02878
tn0__t9                                1.02878
xru7.dt                                      0
tn0__t11                               1.02878
t008__t0                               1.02878
xru8.dt                                      0
t008__t1                               1.02878
t009__t0                               1.02878
xru9.dt                                      0
t009__t1                               1.02878
t010__t0                               1.02878
xru10.dt                                     0
t010__t1                               1.02878
t011__t0                               1.02878
xru11.dt                                     0
t011__t1                               1.02878
t012__t0                               1.02878
xru12.dt                                     0
t012__t1                               1.02878
t013__t0                               1.02878
xru13.dt                                     0
t013__t1                               1.02878
t014__t0                               1.02878
xru14.dt                                     0
t014__t1                               1.02878
tn0__t3                                1.02878
xru15.dt                                     0
tn0__t4                                1.02878
t016__t1                               1.02878
xru16.dt                                     0
t016__t0                               1.02878
t017__t1                               1.02878
xru17.dt                                     0
t017__t0                               1.02878
t018__t1                               1.02878
xru18.dt                                     0
t018__t0                               1.02878
t019__t1                               1.02878
xru19.dt                                     0
t019__t0                               1.02878
t020__t1                               1.02878
xru20.dt                                     0
t020__t0                               1.02878
t021__t1                               1.02878
xru21.dt                                     0
t021__t0                               1.02878
t022__t1                               1.02878
xru22.dt                                     0
t022__t0                               1.02878
t023__t1                               1.02878
xru23.dt                                     0
t023__t0                               1.02878
t024__t1                               1.02878
xru24.dt                                     0
t024__t0                               1.02878
t025__t1                               1.02878
xru25.dt                                     0
t025__t0                               1.02878
t026__t1                               1.02878
xru26.dt                                     0
t026__t0                               1.02878
t027__t1                               1.02878
xru27.dt                                     0
t027__t0                               1.02878
t028__t1                               1.02878
xru28.dt                                     0
t028__t0                               1.02878
t029__t1                               1.02878
xru29.dt                                     0
t029__t0                               1.02878
t030__t1                               1.02878
xru30.dt                                     0
t030__t0                               1.02878
tn0__t6                                1.02878
xru31.dt                                     0
tn0__t12                               1.02878
t032__t0                               1.02878
xru32.dt                                     0
t032__t1                               1.02878
t033__t0                               1.02878
xru33.dt                                     0
t033__t1                               1.02878
t034__t0                               1.02878
xru34.dt                                     0
t034__t1                               1.02878
t035__t0                               1.02878
xru35.dt                                     0
t035__t1                               1.02878
t036__t0                               1.02878
xru36.dt                                     0
t036__t1                               1.02878
t037__t0                               1.02878
xru37.dt                                     0
t037__t1                               1.02878
t038__t0                               1.02878
xru38.dt                                     0
t038__t1                               1.02878
t039__t0                               1.02878
xru39.dt                                     0
t039__t1                               1.02878
t040__t0                               1.02878
xru40.dt                                     0
t040__t1                               1.02878
t041__t0                               1.02878
xru41.dt                                     0
t041__t1                               1.02878
t042__t0                               1.02878
xru42.dt                                     0
t042__t1                               1.02878
t043__t0                               1.02878
xru43.dt                                     0
t043__t1                               1.02878
t044__t0                               1.02878
xru44.dt                                     0
t044__t1                               1.02878
t045__t0                               1.02878
xru45.dt                                     0
t045__t1                               1.02878
t046__t1                               1.02878
xru46.dt                                     0
t046__t0                               1.02878
t047__t1                               1.02878
xru47.dt                                     0
t047__t0                               1.02878
t048__t1                               1.02878
xru48.dt                                     0
t048__t0                               1.02878
t049__t1                               1.02878
xru49.dt                                     0
t049__t0                               1.02878
t050__t1                               1.02878
xru50.dt                                     0
t050__t0                               1.02878
t051__t1                               1.02878
xru51.dt                                     0
t051__t0                               1.02878
t052__t1                               1.02878
xru52.dt                                     0
t052__t0                               1.02878
t053__t1                               1.02878
xru53.dt                                     0
t053__t0                               1.02878
t054__t1                               1.02878
xru54.dt                                     0
t054__t0                               1.02878
t055__t1                               1.02878
xru55.dt                                     0
t055__t0                               1.02878
t056__t1                               1.02878
xru56.dt                                     0
t056__t0                               1.02878
t057__t1                               1.02878
xru57.dt                                     0
t057__t0                               1.02878
t058__t1                               1.02878
xru58.dt                                     0
t058__t0                               1.02878
t059__t1                               1.02878
xru59.dt                                     0
t059__t0                               1.02878
t060__t1                               1.02878
xru60.dt                                     0
t060__t0                               1.02878
t061__t0                               1.02878
xru61.dt                                     0
t061__t1                               1.02878
t062__t0                               1.02878
xru62.dt                                     0
t062__t1                               1.02878
tn0__t7                                1.02878
xru63.dt                                     0
tn0__t14                               1.02878
t064__t0                               1.02878
xru64.dt                                     0
t064__t1                               1.02878
t065__t0                               1.02878
xru65.dt                                     0
t065__t1                               1.02878
t066__t0                               1.02878
xru66.dt                                     0
t066__t1                               1.02878
t067__t0                               1.02878
xru67.dt                                     0
t067__t1                               1.02878
t068__t0                               1.02878
xru68.dt                                     0
t068__t1                               1.02878
t069__t0                               1.02878
xru69.dt                                     0
t069__t1                               1.02878
t070__t0                               1.02878
xru70.dt                                     0
t070__t1                               1.02878
t071__t0                               1.02878
xru71.dt                                     0
t071__t1                               1.02878
t072__t0                               1.02878
xru72.dt                                     0
t072__t1                               1.02878
t073__t0                               1.02878
xru73.dt                                     0
t073__t1                               1.02878
t074__t0                               1.02878
xru74.dt                                     0
t074__t1                               1.02878
t075__t0                               1.02878
xru75.dt                                     0
t075__t1                               1.02878
t076__t1                               1.02878
xru76.dt                                     0
t076__t0                               1.02878
t077__t1                               1.02878
xru77.dt                                     0
t077__t0                               1.02878
t078__t1                               1.02878
xru78.dt                                     0
t078__t0                               1.02878
t079__t1                               1.02878
xru79.dt                                     0
t079__t0                               1.02878
t080__t1                               1.02878
xru80.dt                                     0
t080__t0                               1.02878
t081__t1                               1.02878
xru81.dt                                     0
t081__t0                               1.02878
t082__t1                               1.02878
xru82.dt                                     0
t082__t0                               1.02878
t083__t1                               1.02878
xru83.dt                                     0
t083__t0                               1.02878
t084__t1                               1.02878
xru84.dt                                     0
t084__t0                               1.02878
t085__t1                               1.02878
xru85.dt                                     0
t085__t0                               1.02878
t086__t1                               1.02878
xru86.dt                                     0
t086__t0                               1.02878
t087__t1                               1.02878
xru87.dt                                     0
t087__t0                               1.02878
t088__t1                               1.02878
xru88.dt                                     0
t088__t0                               1.02878
t089__t1                               1.02878
xru89.dt                                     0
t089__t0                               1.02878
t090__t1                               1.02878
xru90.dt                                     0
t090__t0                               1.02878
t091__t0                               1.02878
xru91.dt                                     0
t091__t1                               1.02878
t092__t0                               1.02878
xru92.dt                                     0
t092__t1                               1.02878
t093__t0                               1.02878
xru93.dt                                     0
t093__t1                               1.02878
t094__t0                               1.02878
xru94.dt                                     0
t094__t1                               1.02878
t095__t0                               1.02878
xru95.dt                                     0
t095__t1                               1.02878
t096__t0                               1.02878
xru96.dt                                     0
t096__t1                               1.02878
t097__t0                               1.02878
xru97.dt                                     0
t097__t1                               1.02878
t098__t0                               1.02878
xru98.dt                                     0
t098__t1                               1.02878
t099__t0                               1.02878
xru99.dt                                     0
t099__t1                               1.02878
t100__t0                               1.02878
xru100.dt                                    0
t100__t1                               1.02878
t101__t0                               1.02878
xru101.dt                                    0
t101__t1                               1.02878
t102__t0                               1.02878
xru102.dt                                    0
t102__t1                               1.02878
t103__t0                               1.02878
xru103.dt                                    0
t103__t1                               1.02878
t104__t0                               1.02878
xru104.dt                                    0
t104__t1                               1.02878
t105__t0                               1.02878
xru105.dt                                    0
t105__t1                               1.02878
t106__t1                               1.02878
xru106.dt                                    0
t106__t0                               1.02878
t107__t1                               1.02878
xru107.dt                                    0
t107__t0                               1.02878
t108__t1                               1.02878
xru108.dt                                    0
t108__t0                               1.02878
t109__t1                               1.02878
xru109.dt                                    0
t109__t0                               1.02878
t110__t1                               1.02878
xru110.dt                                    0
t110__t0                               1.02878
t111__t1                               1.02878
xru111.dt                                    0
t111__t0                               1.02878
t112__t1                               1.02878
xru112.dt                                    0
t112__t0                               1.02878
t113__t1                               1.02878
xru113.dt                                    0
t113__t0                               1.02878
t114__t1                               1.02878
xru114.dt                                    0
t114__t0                               1.02878
t115__t1                               1.02878
xru115.dt                                    0
t115__t0                               1.02878
t116__t1                               1.02878
xru116.dt                                    0
t116__t0                               1.02878
t117__t1                               1.02878
xru117.dt                                    0
t117__t0                               1.02878
t118__t1                               1.02878
xru118.dt                                    0
t118__t0                               1.02878
t119__t1                               1.02878
xru119.dt                                    0
t119__t0                               1.02878
t120__t1                               1.02878
xru120.dt                                    0
t120__t0                               1.02878
t121__t0                               1.02878
xru121.dt                                    0
t121__t1                               1.02878
t122__t0                               1.02878
xru122.dt                                    0
t122__t1                               1.02878
t123__t0                               1.02878
xru123.dt                                    0
t123__t1                               1.02878
t124__t0                               1.02878
xru124.dt                                    0
t124__t1                               1.02878
t125__t0                               1.02878
xru125.dt                                    0
t125__t1                               1.02878
t126__t0                               1.02878
xru126.dt                                    0
t126__t1                               1.02878
tn0__t5                                1.02878
xru127.dt                                    0
tn0__t10                               1.02877
t128__t0                               1.02627
xru128.dt                                    0
t128__t1                               1.02627
t129__t0                               1.02378
xru129.dt                                    0
t129__t1                               1.02378
t130__t0                               1.02128
xru130.dt                                    0
t130__t1                               1.02128
t131__t0                               1.01879
xru131.dt                                    0
t131__t1                               1.01879
t132__t0                               1.01629
xru132.dt                                    0
t132__t1                               1.01629
t133__t0                                1.0138
xru133.dt                                    0
t133__t1                                1.0138
t134__t0                                1.0113
xru134.dt                                    0
t134__t1                                1.0113
t135__t0                               1.00881
xru135.dt                                    0
t135__t1                                1.0088
t136__t1                               1.00631
xru136.dt                                    0
t136__t0                               1.00631
t137__t1                               1.00381
xru137.dt                                    0
t137__t0                               1.00381
t138__t1                               1.00132
xru138.dt                                    0
t138__t0                               1.00132
t139__t1                              0.998824
xru139.dt                                    0
t139__t0                              0.998824
t140__t1                              0.996329
xru140.dt                                    0
t140__t0                              0.996329
t141__t1                              0.993834
xru141.dt                                    0
t141__t0                              0.993834
t142__t1                              0.991339
xru142.dt                                    0
t142__t0                              0.991339
t143__t1                              0.988845
xru143.dt                                    0
t143__t0                              0.988844
t144__t1                               0.98635
xru144.dt                                    0
t144__t0                               0.98635
t145__t1                              0.983855
xru145.dt                                    0
t145__t0                              0.983855
t146__t1                               0.98136
xru146.dt                                    0
t146__t0                               0.98136
t147__t1                              0.978866
xru147.dt                                    0
t147__t0                              0.978865
t148__t1                              0.976371
xru148.dt                                    0
t148__t0                               0.97637
t149__t1                              0.973876
xru149.dt                                    0
t149__t0                              0.973876
t150__t1                              0.971381
xru150.dt                                    0
t150__t0                              0.971375
t151__t0                              0.968881
xru151.dt                                    0
t151__t1                              0.968881
t152__t0                              0.966386
xru152.dt                                    0
t152__t1                              0.966386
t153__t0                              0.963891
xru153.dt                                    0
t153__t1                              0.963891
t154__t0                              0.961397
xru154.dt                                    0
t154__t1                              0.961396
t155__t0                              0.958902
xru155.dt                                    0
t155__t1                              0.958901
t156__t0                              0.956407
xru156.dt                                    0
t156__t1                              0.956407
t157__t0                              0.953912
xru157.dt                                    0
t157__t1                              0.953912
t158__t0                              0.951417
xru158.dt                                    0
t158__t1                              0.951417
t159__t0                              0.948923
xru159.dt                                    0
t159__t1                              0.948922
t160__t0                              0.946428
xru160.dt                                    0
t160__t1                              0.946428
t161__t0                              0.943933
xru161.dt                                    0
t161__t1                              0.943933
t162__t0                              0.941438
xru162.dt                                    0
t162__t1                              0.941438
t163__t0                              0.938943
xru163.dt                                    0
t163__t1                              0.938943
t164__t0                              0.936449
xru164.dt                                    0
t164__t1                              0.936448
t165__t0                              0.933954
xru165.dt                                    0
t165__t1                              0.933948
t166__t1                              0.931454
xru166.dt                                    0
t166__t0                              0.931453
t167__t1                              0.928959
xru167.dt                                    0
t167__t0                              0.928958
t168__t1                              0.926464
xru168.dt                                    0
t168__t0                              0.926464
t169__t1                              0.923969
xru169.dt                                    0
t169__t0                              0.923969
t170__t1                              0.921474
xru170.dt                                    0
t170__t0                              0.921474
t171__t1                               0.91898
xru171.dt                                    0
t171__t0                              0.918979
t172__t1                              0.916485
xru172.dt                                    0
t172__t0                              0.916485
t173__t1                               0.91399
xru173.dt                                    0
t173__t0                               0.91399
t174__t1                              0.911495
xru174.dt                                    0
t174__t0                              0.911495
t175__t1                                 0.909
xru175.dt                                    0
t175__t0                                 0.909
t176__t1                              0.906506
xru176.dt                                    0
t176__t0                              0.906505
t177__t1                              0.904011
xru177.dt                                    0
t177__t0                              0.904011
t178__t1                              0.901516
xru178.dt                                    0
t178__t0                              0.901516
t179__t1                              0.899021
xru179.dt                                    0
t179__t0                              0.899021
t180__t1                              0.896527
xru180.dt                                    0
t180__t0                              0.896521
t181__t0                              0.894026
xru181.dt                                    0
t181__t1                              0.894026
t182__t0                              0.891531
xru182.dt                                    0
t182__t1                              0.891531
t183__t0                              0.889037
xru183.dt                                    0
t183__t1                              0.889036
t184__t0                              0.886542
xru184.dt                                    0
t184__t1                              0.886542
t185__t0                              0.884047
xru185.dt                                    0
t185__t1                              0.884047
t186__t0                              0.881552
xru186.dt                                    0
t186__t1                              0.881552
t187__t0                              0.879058
xru187.dt                                    0
t187__t1                              0.879057
t188__t0                              0.876563
xru188.dt                                    0
t188__t1                              0.876562
t189__t0                              0.874068
xru189.dt                                    0
t189__t1                              0.874068
t190__t0                              0.871573
xru190.dt                                    0
t190__t1                              0.871573
t191__t0                              0.869078
xru191.dt                                    0
t191__t1                              0.869078
t192__t0                              0.866584
xru192.dt                                    0
t192__t1                              0.866583
t193__t0                              0.864089
xru193.dt                                    0
t193__t1                              0.864089
t194__t0                              0.861594
xru194.dt                                    0
t194__t1                              0.861594
t195__t0                              0.859099
xru195.dt                                    0
t195__t1                              0.859093
t196__t1                              0.856599
xru196.dt                                    0
t196__t0                              0.856599
t197__t1                              0.854104
xru197.dt                                    0
t197__t0                              0.854104
t198__t1                              0.851609
xru198.dt                                    0
t198__t0                              0.851609
t199__t1                              0.849115
xru199.dt                                    0
t199__t0                              0.849114
t200__t1                               0.84662
xru200.dt                                    0
t200__t0                              0.846619
t201__t1                              0.844125
xru201.dt                                    0
t201__t0                              0.844125
t202__t1                               0.84163
xru202.dt                                    0
t202__t0                               0.84163
t203__t1                              0.839135
xru203.dt                                    0
t203__t0                              0.839135
t204__t1                              0.836641
xru204.dt                                    0
t204__t0                               0.83664
t205__t1                              0.834146
xru205.dt                                    0
t205__t0                              0.834146
t206__t1                              0.831651
xru206.dt                                    0
t206__t0                              0.831651
t207__t1                              0.829156
xru207.dt                                    0
t207__t0                              0.829156
t208__t1                              0.826662
xru208.dt                                    0
t208__t0                              0.826661
t209__t1                              0.824167
xru209.dt                                    0
t209__t0                              0.824166
t210__t1                              0.821672
xru210.dt                                    0
t210__t0                              0.821666
t211__t0                              0.819172
xru211.dt                                    0
t211__t1                              0.819171
t212__t0                              0.816677
xru212.dt                                    0
t212__t1                              0.816677
t213__t0                              0.814182
xru213.dt                                    0
t213__t1                              0.814182
t214__t0                              0.811687
xru214.dt                                    0
t214__t1                              0.811687
t215__t0                              0.809192
xru215.dt                                    0
t215__t1                              0.809192
t216__t0                              0.806698
xru216.dt                                    0
t216__t1                              0.806697
t217__t0                              0.804203
xru217.dt                                    0
t217__t1                              0.804203
t218__t0                              0.801708
xru218.dt                                    0
t218__t1                              0.801708
t219__t0                              0.799213
xru219.dt                                    0
t219__t1                              0.799213
t220__t0                              0.796719
xru220.dt                                    0
t220__t1                              0.796718
t221__t0                              0.794224
xru221.dt                                    0
t221__t1                              0.794223
t222__t0                              0.791729
xru222.dt                                    0
t222__t1                              0.791729
t223__t0                              0.789234
xru223.dt                                    0
t223__t1                              0.789234
t224__t0                              0.786739
xru224.dt                                    0
t224__t1                              0.786739
t225__t0                              0.784245
xru225.dt                                    0
t225__t1                              0.784239
t226__t1                              0.781744
xru226.dt                                    0
t226__t0                              0.781744
t227__t1                               0.77925
xru227.dt                                    0
t227__t0                              0.779249
t228__t1                              0.776755
xru228.dt                                    0
t228__t0                              0.776754
t229__t1                               0.77426
xru229.dt                                    0
t229__t0                               0.77426
t230__t1                              0.771765
xru230.dt                                    0
t230__t0                              0.771765
t231__t1                               0.76927
xru231.dt                                    0
t231__t0                               0.76927
t232__t1                              0.766776
xru232.dt                                    0
t232__t0                              0.766775
t233__t1                              0.764281
xru233.dt                                    0
t233__t0                              0.764281
t234__t1                              0.761786
xru234.dt                                    0
t234__t0                              0.761786
t235__t1                              0.759291
xru235.dt                                    0
t235__t0                              0.759291
t236__t1                              0.756796
xru236.dt                                    0
t236__t0                              0.756796
t237__t1                              0.754302
xru237.dt                                    0
t237__t0                              0.754301
t238__t1                              0.751807
xru238.dt                                    0
t238__t0                              0.751807
t239__t1                              0.749312
xru239.dt                                    0
t239__t0                              0.749312
t240__t1                              0.746817
xru240.dt                                    0
t240__t0                              0.746811
t241__t0                              0.744317
xru241.dt                                    0
t241__t1                              0.744317
t242__t0                              0.741822
xru242.dt                                    0
t242__t1                              0.741822
t243__t0                              0.739327
xru243.dt                                    0
t243__t1                              0.739327
t244__t0                              0.736833
xru244.dt                                    0
t244__t1                              0.736832
t245__t0                              0.734338
xru245.dt                                    0
t245__t1                              0.734338
t246__t0                              0.731843
xru246.dt                                    0
t246__t1                              0.731843
t247__t0                              0.729348
xru247.dt                                    0
t247__t1                              0.729348
t248__t0                              0.726854
xru248.dt                                    0
t248__t1                              0.726853
t249__t0                              0.724359
xru249.dt                                    0
t249__t1                              0.724358
t250__t0                              0.721864
xru250.dt                                    0
t250__t1                              0.721864
t251__t0                              0.719369
xru251.dt                                    0
t251__t1                              0.719369
t252__t0                              0.716874
xru252.dt                                    0
t252__t1                              0.716874
t253__t0                               0.71438
xru253.dt                                    0
t253__t1                              0.714379
t254__t0                              0.711885
xru254.dt                                    0
t254__t1                              0.711885
cb3__t0                                0.70939
xru255.dt                                    0
sns1                                  0.708599
xq1.s1                             2.84141e-10
xq1.t                                0.0410394
cb2                                   0.653767
xq2.s1                             7.33691e-10
xq2.t                               0.00590202
cb3                                   0.709187
xq3.s1                             2.84374e-10
xq3.t                                0.0419916
sns2                                  0.709315
tn0                                    1.02878
t002                                   1.02878
t004                                   1.02878
t005                                   1.02878
t006                                   1.02878
t008                                   1.02878
t009                                   1.02878
t010                                   1.02878
t011                                   1.02878
t012                                   1.02878
t013                                   1.02878
t014                                   1.02878
t016                                   1.02878
t017                                   1.02878
t018                                   1.02878
t019                                   1.02878
t020                                   1.02878
t021                                   1.02878
t022                                   1.02878
t023                                   1.02878
t024                                   1.02878
t025                                   1.02878
t026                                   1.02878
t027                                   1.02878
t028                                   1.02878
t029                                   1.02878
t030                                   1.02878
t032                                   1.02878
t033                                   1.02878
t034                                   1.02878
t035                                   1.02878
t036                                   1.02878
t037                                   1.02878
t038                                   1.02878
t039                                   1.02878
t040                                   1.02878
t041                                   1.02878
t042                                   1.02878
t043                                   1.02878
t044                                   1.02878
t045                                   1.02878
t046                                   1.02878
t047                                   1.02878
t048                                   1.02878
t049                                   1.02878
t050                                   1.02878
t051                                   1.02878
t052                                   1.02878
t053                                   1.02878
t054                                   1.02878
t055                                   1.02878
t056                                   1.02878
t057                                   1.02878
t058                                   1.02878
t059                                   1.02878
t060                                   1.02878
t061                                   1.02878
t062                                   1.02878
t064                                   1.02878
t065                                   1.02878
t066                                   1.02878
t067                                   1.02878
t068                                   1.02878
t069                                   1.02878
t070                                   1.02878
t071                                   1.02878
t072                                   1.02878
t073                                   1.02878
t074                                   1.02878
t075                                   1.02878
t076                                   1.02878
t077                                   1.02878
t078                                   1.02878
t079                                   1.02878
t080                                   1.02878
t081                                   1.02878
t082                                   1.02878
t083                                   1.02878
t084                                   1.02878
t085                                   1.02878
t086                                   1.02878
t087                                   1.02878
t088                                   1.02878
t089                                   1.02878
t090                                   1.02878
t091                                   1.02878
t092                                   1.02878
t093                                   1.02878
t094                                   1.02878
t095                                   1.02878
t096                                   1.02878
t097                                   1.02878
t098                                   1.02878
t099                                   1.02878
t100                                   1.02878
t101                                   1.02878
t102                                   1.02878
t103                                   1.02878
t104                                   1.02878
t105                                   1.02878
t106                                   1.02878
t107                                   1.02878
t108                                   1.02878
t109                                   1.02878
t110                                   1.02878
t111                                   1.02878
t112                                   1.02878
t113                                   1.02878
t114                                   1.02878
t115                                   1.02878
t116                                   1.02878
t117                                   1.02878
t118                                   1.02878
t119                                   1.02878
t120                                   1.02878
t121                                   1.02878
t122                                   1.02878
t123                                   1.02878
t124                                   1.02878
t125                                   1.02878
t126                                   1.02878
t128                                   1.02627
t129                                   1.02378
t130                                   1.02128
t131                                   1.01879
t132                                   1.01629
t133                                    1.0138
t134                                    1.0113
t135                                   1.00881
t136                                   1.00631
t137                                   1.00381
t138                                   1.00132
t139                                  0.998824
t140                                  0.996329
t141                                  0.993834
t142                                  0.991339
t143                                  0.988845
t144                                   0.98635
t145                                  0.983855
t146                                   0.98136
t147                                  0.978865
t148                                  0.976371
t149                                  0.973876
t150                                  0.971378
t151                                  0.968881
t152                                  0.966386
t153                                  0.963891
t154                                  0.961396
t155                                  0.958902
t156                                  0.956407
t157                                  0.953912
t158                                  0.951417
t159                                  0.948922
t160                                  0.946428
t161                                  0.943933
t162                                  0.941438
t163                                  0.938943
t164                                  0.936449
t165                                  0.933951
t166                                  0.931453
t167                                  0.928959
t168                                  0.926464
t169                                  0.923969
t170                                  0.921474
t171                                  0.918979
t172                                  0.916485
t173                                   0.91399
t174                                  0.911495
t175                                     0.909
t176                                  0.906506
t177                                  0.904011
t178                                  0.901516
t179                                  0.899021
t180                                  0.896524
t181                                  0.894026
t182                                  0.891531
t183                                  0.889037
t184                                  0.886542
t185                                  0.884047
t186                                  0.881552
t187                                  0.879057
t188                                  0.876563
t189                                  0.874068
t190                                  0.871573
t191                                  0.869078
t192                                  0.866583
t193                                  0.864089
t194                                  0.861594
t195                                  0.859096
t196                                  0.856599
t197                                  0.854104
t198                                  0.851609
t199                                  0.849114
t200                                   0.84662
t201                                  0.844125
t202                                   0.84163
t203                                  0.839135
t204                                  0.836641
t205                                  0.834146
t206                                  0.831651
t207                                  0.829156
t208                                  0.826661
t209                                  0.824167
t210                                  0.821669
t211                                  0.819171
t212                                  0.816677
t213                                  0.814182
t214                                  0.811687
t215                                  0.809192
t216                                  0.806698
t217                                  0.804203
t218                                  0.801708
t219                                  0.799213
t220                                  0.796718
t221                                  0.794224
t222                                  0.791729
t223                                  0.789234
t224                                  0.786739
t225                                  0.784242
t226                                  0.781744
t227                                  0.779249
t228                                  0.776755
t229                                   0.77426
t230                                  0.771765
t231                                   0.76927
t232                                  0.766775
t233                                  0.764281
t234                                  0.761786
t235                                  0.759291
t236                                  0.756796
t237                                  0.754302
t238                                  0.751807
t239                                  0.749312
t240                                  0.746814
t241                                  0.744317
t242                                  0.741822
t243                                  0.739327
t244                                  0.736833
t245                                  0.734338
t246                                  0.731843
t247                                  0.729348
t248                                  0.726853
t249                                  0.724359
t250                                  0.721864
t251                                  0.719369
t252                                  0.716874
t253                                  0.714379
t254                                  0.711885
vref                                   1.05408
vss__par                                     0
pa_00                                0.0548314
pa_01                              5.16758e-06
pa_02                              5.21597e-06
pa_03                                  66122.8
pa_04                                  10749.4
bpa_04#branch                                0
vm2a#branch                        4.59875e-06
vm2b#branch                        5.68831e-07
bpa_03#branch                                0
vm3a#branch                        4.08241e-06
vm3b#branch                        5.66785e-07
vm3c#branch                         5.6678e-07
bpa_02#branch                                0
bpa_01#branch                                0
bpa_00#branch                                0
vm1#branch                         5.10193e-06
vvss#branch                        2.04855e-05
vvdd#branch                       -2.04855e-05


No. of Data Rows : 59

  Measurements for Transient Analysis

vref_v              =  1.05408e+00
vpexfb_v            =  2.82526e+00
vbe_q1_v            =  7.08599e-01
vbe_q2_v            =  6.53767e-01
vbe_q3_v            =  7.09187e-01
dvbe_ptat_v         =  5.48314e-02
i_leg1_a            =  5.10193e-06
i_leg2_a            =  5.16758e-06
i_leg3_a            =  5.21597e-06
r1_ohm              =  6.61228e+04
r2_ohm              =  1.07494e+04

ngspice-46 done
