
Note: No compatibility mode selected!


Circuit: * klt sim -- generated corner deck, do not edit

Doing analysis at TEMP = -40.000000 and TNOM = 27.000000

Using SPARSE 1.3 as Direct Linear Solver


The temperature limiting function received NaN.
Please check your power dissipation and improve your heat sink Rth!
    This message will be shown only once.

Note: Starting dynamic gmin stepping
Note: Dynamic gmin stepping completed

Initial Transient Solution
--------------------------

Node                                   Voltage
----                                   -------
vdd                                       3.63
vss                                          0
fb                                     2.77365
vdd__t0                                3.62997
vm1_p                                 0.790239
vdd__t1                                   3.63
sns1__t0                              0.790239
vdd__t2                                3.62999
vm2a_p                                0.803331
vdd__t3                                   3.63
sns2__t0                              0.803331
vdd__t4                                   3.63
vm2b_p                                0.803319
vdd__t5                                   3.63
sns2__t1                              0.803319
vdd__t6                                3.62999
vm3a_p                                 1.13643
vdd__t7                                   3.63
vref__t0                               1.13643
vdd__t10                                  3.63
vm3b_p                                 1.13641
vdd__t8                                   3.63
vref__t2                               1.13641
vdd__t11                                  3.63
vm3c_p                                 1.13641
vdd__t9                                   3.63
vref__t3                               1.13641
sns2__t2                              0.803295
vsubs                                        0
cb2__t0                               0.748206
xr2.dt                                       0
vref__t1                               1.13638
tn0__t2                                1.11118
xr1.dt                                       0
tn0__t0                                1.11116
tn0__t1                                1.11116
xru1.dt                                      0
tn0__t8                                1.11116
t002__t1                               1.11116
xru2.dt                                      0
t002__t0                               1.11116
tn0__t13                               1.11116
xru3.dt                                      0
tn0__t15                               1.11116
t004__t0                               1.11116
xru4.dt                                      0
t004__t1                               1.11116
t005__t0                               1.11116
xru5.dt                                      0
t005__t1                               1.11116
t006__t0                               1.11116
xru6.dt                                      0
t006__t1                               1.11116
tn0__t9                                1.11116
xru7.dt                                      0
tn0__t11                               1.11116
t008__t0                               1.11116
xru8.dt                                      0
t008__t1                               1.11116
t009__t0                               1.11116
xru9.dt                                      0
t009__t1                               1.11116
t010__t0                               1.11116
xru10.dt                                     0
t010__t1                               1.11116
t011__t0                               1.11116
xru11.dt                                     0
t011__t1                               1.11116
t012__t0                               1.11116
xru12.dt                                     0
t012__t1                               1.11116
t013__t0                               1.11116
xru13.dt                                     0
t013__t1                               1.11116
t014__t0                               1.11116
xru14.dt                                     0
t014__t1                               1.11116
tn0__t3                                1.11116
xru15.dt                                     0
tn0__t4                                1.11116
t016__t1                               1.11116
xru16.dt                                     0
t016__t0                               1.11116
t017__t1                               1.11116
xru17.dt                                     0
t017__t0                               1.11116
t018__t1                               1.11116
xru18.dt                                     0
t018__t0                               1.11116
t019__t1                               1.11116
xru19.dt                                     0
t019__t0                               1.11116
t020__t1                               1.11116
xru20.dt                                     0
t020__t0                               1.11116
t021__t1                               1.11116
xru21.dt                                     0
t021__t0                               1.11116
t022__t1                               1.11116
xru22.dt                                     0
t022__t0                               1.11116
t023__t1                               1.11116
xru23.dt                                     0
t023__t0                               1.11116
t024__t1                               1.11116
xru24.dt                                     0
t024__t0                               1.11116
t025__t1                               1.11116
xru25.dt                                     0
t025__t0                               1.11116
t026__t1                               1.11116
xru26.dt                                     0
t026__t0                               1.11116
t027__t1                               1.11116
xru27.dt                                     0
t027__t0                               1.11116
t028__t1                               1.11116
xru28.dt                                     0
t028__t0                               1.11116
t029__t1                               1.11116
xru29.dt                                     0
t029__t0                               1.11116
t030__t1                               1.11116
xru30.dt                                     0
t030__t0                               1.11116
tn0__t6                                1.11116
xru31.dt                                     0
tn0__t12                               1.11116
t032__t0                               1.11116
xru32.dt                                     0
t032__t1                               1.11116
t033__t0                               1.11116
xru33.dt                                     0
t033__t1                               1.11116
t034__t0                               1.11116
xru34.dt                                     0
t034__t1                               1.11116
t035__t0                               1.11116
xru35.dt                                     0
t035__t1                               1.11116
t036__t0                               1.11116
xru36.dt                                     0
t036__t1                               1.11116
t037__t0                               1.11116
xru37.dt                                     0
t037__t1                               1.11116
t038__t0                               1.11116
xru38.dt                                     0
t038__t1                               1.11116
t039__t0                               1.11116
xru39.dt                                     0
t039__t1                               1.11116
t040__t0                               1.11116
xru40.dt                                     0
t040__t1                               1.11116
t041__t0                               1.11116
xru41.dt                                     0
t041__t1                               1.11116
t042__t0                               1.11116
xru42.dt                                     0
t042__t1                               1.11116
t043__t0                               1.11116
xru43.dt                                     0
t043__t1                               1.11116
t044__t0                               1.11116
xru44.dt                                     0
t044__t1                               1.11116
t045__t0                               1.11116
xru45.dt                                     0
t045__t1                               1.11116
t046__t1                               1.11116
xru46.dt                                     0
t046__t0                               1.11116
t047__t1                               1.11116
xru47.dt                                     0
t047__t0                               1.11116
t048__t1                               1.11116
xru48.dt                                     0
t048__t0                               1.11116
t049__t1                               1.11116
xru49.dt                                     0
t049__t0                               1.11116
t050__t1                               1.11116
xru50.dt                                     0
t050__t0                               1.11116
t051__t1                               1.11116
xru51.dt                                     0
t051__t0                               1.11116
t052__t1                               1.11116
xru52.dt                                     0
t052__t0                               1.11116
t053__t1                               1.11116
xru53.dt                                     0
t053__t0                               1.11116
t054__t1                               1.11116
xru54.dt                                     0
t054__t0                               1.11116
t055__t1                               1.11116
xru55.dt                                     0
t055__t0                               1.11116
t056__t1                               1.11116
xru56.dt                                     0
t056__t0                               1.11116
t057__t1                               1.11116
xru57.dt                                     0
t057__t0                               1.11116
t058__t1                               1.11116
xru58.dt                                     0
t058__t0                               1.11116
t059__t1                               1.11116
xru59.dt                                     0
t059__t0                               1.11116
t060__t1                               1.11116
xru60.dt                                     0
t060__t0                               1.11116
t061__t0                               1.11116
xru61.dt                                     0
t061__t1                               1.11116
t062__t0                               1.11116
xru62.dt                                     0
t062__t1                               1.11116
tn0__t7                                1.11116
xru63.dt                                     0
tn0__t14                               1.11116
t064__t0                               1.11116
xru64.dt                                     0
t064__t1                               1.11116
t065__t0                               1.11116
xru65.dt                                     0
t065__t1                               1.11116
t066__t0                               1.11116
xru66.dt                                     0
t066__t1                               1.11116
t067__t0                               1.11116
xru67.dt                                     0
t067__t1                               1.11116
t068__t0                               1.11116
xru68.dt                                     0
t068__t1                               1.11116
t069__t0                               1.11116
xru69.dt                                     0
t069__t1                               1.11116
t070__t0                               1.11116
xru70.dt                                     0
t070__t1                               1.11116
t071__t0                               1.11116
xru71.dt                                     0
t071__t1                               1.11116
t072__t0                               1.11116
xru72.dt                                     0
t072__t1                               1.11116
t073__t0                               1.11116
xru73.dt                                     0
t073__t1                               1.11116
t074__t0                               1.11116
xru74.dt                                     0
t074__t1                               1.11116
t075__t0                               1.11116
xru75.dt                                     0
t075__t1                               1.11116
t076__t1                               1.11116
xru76.dt                                     0
t076__t0                               1.11116
t077__t1                               1.11116
xru77.dt                                     0
t077__t0                               1.11116
t078__t1                               1.11116
xru78.dt                                     0
t078__t0                               1.11116
t079__t1                               1.11116
xru79.dt                                     0
t079__t0                               1.11116
t080__t1                               1.11116
xru80.dt                                     0
t080__t0                               1.11116
t081__t1                               1.11116
xru81.dt                                     0
t081__t0                               1.11116
t082__t1                               1.11116
xru82.dt                                     0
t082__t0                               1.11116
t083__t1                               1.11116
xru83.dt                                     0
t083__t0                               1.11116
t084__t1                               1.11116
xru84.dt                                     0
t084__t0                               1.11116
t085__t1                               1.11116
xru85.dt                                     0
t085__t0                               1.11116
t086__t1                               1.11116
xru86.dt                                     0
t086__t0                               1.11116
t087__t1                               1.11116
xru87.dt                                     0
t087__t0                               1.11116
t088__t1                               1.11116
xru88.dt                                     0
t088__t0                               1.11116
t089__t1                               1.11116
xru89.dt                                     0
t089__t0                               1.11116
t090__t1                               1.11116
xru90.dt                                     0
t090__t0                               1.11116
t091__t0                               1.11116
xru91.dt                                     0
t091__t1                               1.11116
t092__t0                               1.11116
xru92.dt                                     0
t092__t1                               1.11116
t093__t0                               1.11116
xru93.dt                                     0
t093__t1                               1.11116
t094__t0                               1.11116
xru94.dt                                     0
t094__t1                               1.11116
t095__t0                               1.11116
xru95.dt                                     0
t095__t1                               1.11116
t096__t0                               1.11116
xru96.dt                                     0
t096__t1                               1.11116
t097__t0                               1.11116
xru97.dt                                     0
t097__t1                               1.11116
t098__t0                               1.11116
xru98.dt                                     0
t098__t1                               1.11116
t099__t0                               1.11116
xru99.dt                                     0
t099__t1                               1.11116
t100__t0                               1.11116
xru100.dt                                    0
t100__t1                               1.11116
t101__t0                               1.11116
xru101.dt                                    0
t101__t1                               1.11116
t102__t0                               1.11116
xru102.dt                                    0
t102__t1                               1.11116
t103__t0                               1.11116
xru103.dt                                    0
t103__t1                               1.11116
t104__t0                               1.11116
xru104.dt                                    0
t104__t1                               1.11116
t105__t0                               1.11116
xru105.dt                                    0
t105__t1                               1.11116
t106__t1                               1.11116
xru106.dt                                    0
t106__t0                               1.11116
t107__t1                               1.11116
xru107.dt                                    0
t107__t0                               1.11116
t108__t1                               1.11116
xru108.dt                                    0
t108__t0                               1.11116
t109__t1                               1.11116
xru109.dt                                    0
t109__t0                               1.11116
t110__t1                               1.11116
xru110.dt                                    0
t110__t0                               1.11116
t111__t1                               1.11116
xru111.dt                                    0
t111__t0                               1.11116
t112__t1                               1.11116
xru112.dt                                    0
t112__t0                               1.11116
t113__t1                               1.11116
xru113.dt                                    0
t113__t0                               1.11116
t114__t1                               1.11116
xru114.dt                                    0
t114__t0                               1.11116
t115__t1                               1.11116
xru115.dt                                    0
t115__t0                               1.11116
t116__t1                               1.11116
xru116.dt                                    0
t116__t0                               1.11116
t117__t1                               1.11116
xru117.dt                                    0
t117__t0                               1.11116
t118__t1                               1.11116
xru118.dt                                    0
t118__t0                               1.11116
t119__t1                               1.11116
xru119.dt                                    0
t119__t0                               1.11116
t120__t1                               1.11116
xru120.dt                                    0
t120__t0                               1.11116
t121__t0                               1.11116
xru121.dt                                    0
t121__t1                               1.11116
t122__t0                               1.11116
xru122.dt                                    0
t122__t1                               1.11116
t123__t0                               1.11116
xru123.dt                                    0
t123__t1                               1.11116
t124__t0                               1.11116
xru124.dt                                    0
t124__t1                               1.11116
t125__t0                               1.11116
xru125.dt                                    0
t125__t1                               1.11116
t126__t0                               1.11116
xru126.dt                                    0
t126__t1                               1.11116
tn0__t5                                1.11116
xru127.dt                                    0
tn0__t10                               1.11115
t128__t0                               1.10865
xru128.dt                                    0
t128__t1                               1.10865
t129__t0                               1.10615
xru129.dt                                    0
t129__t1                               1.10615
t130__t0                               1.10365
xru130.dt                                    0
t130__t1                               1.10365
t131__t0                               1.10115
xru131.dt                                    0
t131__t1                               1.10115
t132__t0                               1.09865
xru132.dt                                    0
t132__t1                               1.09865
t133__t0                               1.09615
xru133.dt                                    0
t133__t1                               1.09615
t134__t0                               1.09364
xru134.dt                                    0
t134__t1                               1.09364
t135__t0                               1.09114
xru135.dt                                    0
t135__t1                               1.09114
t136__t1                               1.08864
xru136.dt                                    0
t136__t0                               1.08864
t137__t1                               1.08614
xru137.dt                                    0
t137__t0                               1.08614
t138__t1                               1.08363
xru138.dt                                    0
t138__t0                               1.08363
t139__t1                               1.08113
xru139.dt                                    0
t139__t0                               1.08113
t140__t1                               1.07863
xru140.dt                                    0
t140__t0                               1.07863
t141__t1                               1.07613
xru141.dt                                    0
t141__t0                               1.07613
t142__t1                               1.07363
xru142.dt                                    0
t142__t0                               1.07363
t143__t1                               1.07113
xru143.dt                                    0
t143__t0                               1.07113
t144__t1                               1.06863
xru144.dt                                    0
t144__t0                               1.06863
t145__t1                               1.06613
xru145.dt                                    0
t145__t0                               1.06613
t146__t1                               1.06362
xru146.dt                                    0
t146__t0                               1.06362
t147__t1                               1.06112
xru147.dt                                    0
t147__t0                               1.06112
t148__t1                               1.05862
xru148.dt                                    0
t148__t0                               1.05862
t149__t1                               1.05612
xru149.dt                                    0
t149__t0                               1.05612
t150__t1                               1.05362
xru150.dt                                    0
t150__t0                               1.05361
t151__t0                               1.05111
xru151.dt                                    0
t151__t1                               1.05111
t152__t0                               1.04861
xru152.dt                                    0
t152__t1                               1.04861
t153__t0                               1.04611
xru153.dt                                    0
t153__t1                               1.04611
t154__t0                               1.04361
xru154.dt                                    0
t154__t1                               1.04361
t155__t0                               1.04111
xru155.dt                                    0
t155__t1                               1.04111
t156__t0                               1.03861
xru156.dt                                    0
t156__t1                               1.03861
t157__t0                               1.03611
xru157.dt                                    0
t157__t1                               1.03611
t158__t0                                1.0336
xru158.dt                                    0
t158__t1                                1.0336
t159__t0                                1.0311
xru159.dt                                    0
t159__t1                                1.0311
t160__t0                                1.0286
xru160.dt                                    0
t160__t1                                1.0286
t161__t0                                1.0261
xru161.dt                                    0
t161__t1                                1.0261
t162__t0                                1.0236
xru162.dt                                    0
t162__t1                                1.0236
t163__t0                                1.0211
xru163.dt                                    0
t163__t1                                1.0211
t164__t0                                1.0186
xru164.dt                                    0
t164__t1                                1.0186
t165__t0                                1.0161
xru165.dt                                    0
t165__t1                               1.01609
t166__t1                               1.01359
xru166.dt                                    0
t166__t0                               1.01359
t167__t1                               1.01109
xru167.dt                                    0
t167__t0                               1.01109
t168__t1                               1.00859
xru168.dt                                    0
t168__t0                               1.00859
t169__t1                               1.00609
xru169.dt                                    0
t169__t0                               1.00609
t170__t1                               1.00358
xru170.dt                                    0
t170__t0                               1.00358
t171__t1                               1.00108
xru171.dt                                    0
t171__t0                               1.00108
t172__t1                              0.998582
xru172.dt                                    0
t172__t0                              0.998582
t173__t1                              0.996081
xru173.dt                                    0
t173__t0                               0.99608
t174__t1                              0.993579
xru174.dt                                    0
t174__t0                              0.993579
t175__t1                              0.991078
xru175.dt                                    0
t175__t0                              0.991078
t176__t1                              0.988577
xru176.dt                                    0
t176__t0                              0.988577
t177__t1                              0.986076
xru177.dt                                    0
t177__t0                              0.986076
t178__t1                              0.983575
xru178.dt                                    0
t178__t0                              0.983574
t179__t1                              0.981073
xru179.dt                                    0
t179__t0                              0.981073
t180__t1                              0.978572
xru180.dt                                    0
t180__t0                              0.978566
t181__t0                              0.976065
xru181.dt                                    0
t181__t1                              0.976065
t182__t0                              0.973564
xru182.dt                                    0
t182__t1                              0.973564
t183__t0                              0.971063
xru183.dt                                    0
t183__t1                              0.971063
t184__t0                              0.968562
xru184.dt                                    0
t184__t1                              0.968561
t185__t0                              0.966061
xru185.dt                                    0
t185__t1                               0.96606
t186__t0                              0.963559
xru186.dt                                    0
t186__t1                              0.963559
t187__t0                              0.961058
xru187.dt                                    0
t187__t1                              0.961058
t188__t0                              0.958557
xru188.dt                                    0
t188__t1                              0.958557
t189__t0                              0.956056
xru189.dt                                    0
t189__t1                              0.956055
t190__t0                              0.953555
xru190.dt                                    0
t190__t1                              0.953554
t191__t0                              0.951053
xru191.dt                                    0
t191__t1                              0.951053
t192__t0                              0.948552
xru192.dt                                    0
t192__t1                              0.948552
t193__t0                              0.946051
xru193.dt                                    0
t193__t1                              0.946051
t194__t0                               0.94355
xru194.dt                                    0
t194__t1                              0.943549
t195__t0                              0.941048
xru195.dt                                    0
t195__t1                              0.941043
t196__t1                              0.938542
xru196.dt                                    0
t196__t0                              0.938541
t197__t1                               0.93604
xru197.dt                                    0
t197__t0                               0.93604
t198__t1                              0.933539
xru198.dt                                    0
t198__t0                              0.933539
t199__t1                              0.931038
xru199.dt                                    0
t199__t0                              0.931038
t200__t1                              0.928537
xru200.dt                                    0
t200__t0                              0.928537
t201__t1                              0.926036
xru201.dt                                    0
t201__t0                              0.926035
t202__t1                              0.923534
xru202.dt                                    0
t202__t0                              0.923534
t203__t1                              0.921033
xru203.dt                                    0
t203__t0                              0.921033
t204__t1                              0.918532
xru204.dt                                    0
t204__t0                              0.918532
t205__t1                              0.916031
xru205.dt                                    0
t205__t0                               0.91603
t206__t1                               0.91353
xru206.dt                                    0
t206__t0                              0.913529
t207__t1                              0.911028
xru207.dt                                    0
t207__t0                              0.911028
t208__t1                              0.908527
xru208.dt                                    0
t208__t0                              0.908527
t209__t1                              0.906026
xru209.dt                                    0
t209__t0                              0.906026
t210__t1                              0.903525
xru210.dt                                    0
t210__t0                              0.903519
t211__t0                              0.901018
xru211.dt                                    0
t211__t1                              0.901018
t212__t0                              0.898517
xru212.dt                                    0
t212__t1                              0.898516
t213__t0                              0.896015
xru213.dt                                    0
t213__t1                              0.896015
t214__t0                              0.893514
xru214.dt                                    0
t214__t1                              0.893514
t215__t0                              0.891013
xru215.dt                                    0
t215__t1                              0.891013
t216__t0                              0.888512
xru216.dt                                    0
t216__t1                              0.888512
t217__t0                              0.886011
xru217.dt                                    0
t217__t1                               0.88601
t218__t0                              0.883509
xru218.dt                                    0
t218__t1                              0.883509
t219__t0                              0.881008
xru219.dt                                    0
t219__t1                              0.881008
t220__t0                              0.878507
xru220.dt                                    0
t220__t1                              0.878507
t221__t0                              0.876006
xru221.dt                                    0
t221__t1                              0.876006
t222__t0                              0.873505
xru222.dt                                    0
t222__t1                              0.873504
t223__t0                              0.871003
xru223.dt                                    0
t223__t1                              0.871003
t224__t0                              0.868502
xru224.dt                                    0
t224__t1                              0.868502
t225__t0                              0.866001
xru225.dt                                    0
t225__t1                              0.865995
t226__t1                              0.863494
xru226.dt                                    0
t226__t0                              0.863494
t227__t1                              0.860993
xru227.dt                                    0
t227__t0                              0.860993
t228__t1                              0.858492
xru228.dt                                    0
t228__t0                              0.858491
t229__t1                              0.855991
xru229.dt                                    0
t229__t0                               0.85599
t230__t1                              0.853489
xru230.dt                                    0
t230__t0                              0.853489
t231__t1                              0.850988
xru231.dt                                    0
t231__t0                              0.850988
t232__t1                              0.848487
xru232.dt                                    0
t232__t0                              0.848487
t233__t1                              0.845986
xru233.dt                                    0
t233__t0                              0.845985
t234__t1                              0.843485
xru234.dt                                    0
t234__t0                              0.843484
t235__t1                              0.840983
xru235.dt                                    0
t235__t0                              0.840983
t236__t1                              0.838482
xru236.dt                                    0
t236__t0                              0.838482
t237__t1                              0.835981
xru237.dt                                    0
t237__t0                              0.835981
t238__t1                               0.83348
xru238.dt                                    0
t238__t0                              0.833479
t239__t1                              0.830978
xru239.dt                                    0
t239__t0                              0.830978
t240__t1                              0.828477
xru240.dt                                    0
t240__t0                              0.828471
t241__t0                               0.82597
xru241.dt                                    0
t241__t1                               0.82597
t242__t0                              0.823469
xru242.dt                                    0
t242__t1                              0.823469
t243__t0                              0.820968
xru243.dt                                    0
t243__t1                              0.820968
t244__t0                              0.818467
xru244.dt                                    0
t244__t1                              0.818467
t245__t0                              0.815966
xru245.dt                                    0
t245__t1                              0.815965
t246__t0                              0.813464
xru246.dt                                    0
t246__t1                              0.813464
t247__t0                              0.810963
xru247.dt                                    0
t247__t1                              0.810963
t248__t0                              0.808462
xru248.dt                                    0
t248__t1                              0.808462
t249__t0                              0.805961
xru249.dt                                    0
t249__t1                               0.80596
t250__t0                               0.80346
xru250.dt                                    0
t250__t1                              0.803459
t251__t0                              0.800958
xru251.dt                                    0
t251__t1                              0.800958
t252__t0                              0.798457
xru252.dt                                    0
t252__t1                              0.798457
t253__t0                              0.795956
xru253.dt                                    0
t253__t1                              0.795956
t254__t0                              0.793455
xru254.dt                                    0
t254__t1                              0.793454
cb3__t0                               0.790954
xru255.dt                                    0
sns1                                  0.790162
xq1.s1                             3.15965e-10
xq1.t                                0.0457759
cb2                                   0.748087
xq2.s1                             8.22862e-10
xq2.t                               0.00677821
cb3                                   0.790749
xq3.s1                             3.16197e-10
xq3.t                                0.0471173
sns2                                  0.803318
tn0                                    1.11116
t002                                   1.11116
t004                                   1.11116
t005                                   1.11116
t006                                   1.11116
t008                                   1.11116
t009                                   1.11116
t010                                   1.11116
t011                                   1.11116
t012                                   1.11116
t013                                   1.11116
t014                                   1.11116
t016                                   1.11116
t017                                   1.11116
t018                                   1.11116
t019                                   1.11116
t020                                   1.11116
t021                                   1.11116
t022                                   1.11116
t023                                   1.11116
t024                                   1.11116
t025                                   1.11116
t026                                   1.11116
t027                                   1.11116
t028                                   1.11116
t029                                   1.11116
t030                                   1.11116
t032                                   1.11116
t033                                   1.11116
t034                                   1.11116
t035                                   1.11116
t036                                   1.11116
t037                                   1.11116
t038                                   1.11116
t039                                   1.11116
t040                                   1.11116
t041                                   1.11116
t042                                   1.11116
t043                                   1.11116
t044                                   1.11116
t045                                   1.11116
t046                                   1.11116
t047                                   1.11116
t048                                   1.11116
t049                                   1.11116
t050                                   1.11116
t051                                   1.11116
t052                                   1.11116
t053                                   1.11116
t054                                   1.11116
t055                                   1.11116
t056                                   1.11116
t057                                   1.11116
t058                                   1.11116
t059                                   1.11116
t060                                   1.11116
t061                                   1.11116
t062                                   1.11116
t064                                   1.11116
t065                                   1.11116
t066                                   1.11116
t067                                   1.11116
t068                                   1.11116
t069                                   1.11116
t070                                   1.11116
t071                                   1.11116
t072                                   1.11116
t073                                   1.11116
t074                                   1.11116
t075                                   1.11116
t076                                   1.11116
t077                                   1.11116
t078                                   1.11116
t079                                   1.11116
t080                                   1.11116
t081                                   1.11116
t082                                   1.11116
t083                                   1.11116
t084                                   1.11116
t085                                   1.11116
t086                                   1.11116
t087                                   1.11116
t088                                   1.11116
t089                                   1.11116
t090                                   1.11116
t091                                   1.11116
t092                                   1.11116
t093                                   1.11116
t094                                   1.11116
t095                                   1.11116
t096                                   1.11116
t097                                   1.11116
t098                                   1.11116
t099                                   1.11116
t100                                   1.11116
t101                                   1.11116
t102                                   1.11116
t103                                   1.11116
t104                                   1.11116
t105                                   1.11116
t106                                   1.11116
t107                                   1.11116
t108                                   1.11116
t109                                   1.11116
t110                                   1.11116
t111                                   1.11116
t112                                   1.11116
t113                                   1.11116
t114                                   1.11116
t115                                   1.11116
t116                                   1.11116
t117                                   1.11116
t118                                   1.11116
t119                                   1.11116
t120                                   1.11116
t121                                   1.11116
t122                                   1.11116
t123                                   1.11116
t124                                   1.11116
t125                                   1.11116
t126                                   1.11116
t128                                   1.10865
t129                                   1.10615
t130                                   1.10365
t131                                   1.10115
t132                                   1.09865
t133                                   1.09615
t134                                   1.09364
t135                                   1.09114
t136                                   1.08864
t137                                   1.08614
t138                                   1.08363
t139                                   1.08113
t140                                   1.07863
t141                                   1.07613
t142                                   1.07363
t143                                   1.07113
t144                                   1.06863
t145                                   1.06613
t146                                   1.06362
t147                                   1.06112
t148                                   1.05862
t149                                   1.05612
t150                                   1.05362
t151                                   1.05111
t152                                   1.04861
t153                                   1.04611
t154                                   1.04361
t155                                   1.04111
t156                                   1.03861
t157                                   1.03611
t158                                    1.0336
t159                                    1.0311
t160                                    1.0286
t161                                    1.0261
t162                                    1.0236
t163                                    1.0211
t164                                    1.0186
t165                                   1.01609
t166                                   1.01359
t167                                   1.01109
t168                                   1.00859
t169                                   1.00609
t170                                   1.00358
t171                                   1.00108
t172                                  0.998582
t173                                  0.996081
t174                                  0.993579
t175                                  0.991078
t176                                  0.988577
t177                                  0.986076
t178                                  0.983574
t179                                  0.981073
t180                                  0.978569
t181                                  0.976065
t182                                  0.973564
t183                                  0.971063
t184                                  0.968562
t185                                   0.96606
t186                                  0.963559
t187                                  0.961058
t188                                  0.958557
t189                                  0.956056
t190                                  0.953554
t191                                  0.951053
t192                                  0.948552
t193                                  0.946051
t194                                   0.94355
t195                                  0.941046
t196                                  0.938542
t197                                   0.93604
t198                                  0.933539
t199                                  0.931038
t200                                  0.928537
t201                                  0.926035
t202                                  0.923534
t203                                  0.921033
t204                                  0.918532
t205                                  0.916031
t206                                  0.913529
t207                                  0.911028
t208                                  0.908527
t209                                  0.906026
t210                                  0.903522
t211                                  0.901018
t212                                  0.898517
t213                                  0.896015
t214                                  0.893514
t215                                  0.891013
t216                                  0.888512
t217                                  0.886011
t218                                  0.883509
t219                                  0.881008
t220                                  0.878507
t221                                  0.876006
t222                                  0.873504
t223                                  0.871003
t224                                  0.868502
t225                                  0.865998
t226                                  0.863494
t227                                  0.860993
t228                                  0.858492
t229                                   0.85599
t230                                  0.853489
t231                                  0.850988
t232                                  0.848487
t233                                  0.845986
t234                                  0.843484
t235                                  0.840983
t236                                  0.838482
t237                                  0.835981
t238                                   0.83348
t239                                  0.830978
t240                                  0.828474
t241                                   0.82597
t242                                  0.823469
t243                                  0.820968
t244                                  0.818467
t245                                  0.815965
t246                                  0.813464
t247                                  0.810963
t248                                  0.808462
t249                                  0.805961
t250                                  0.803459
t251                                  0.800958
t252                                  0.798457
t253                                  0.795956
t254                                  0.793455
vref                                   1.13641
vss__par                                     0
pa_00                                0.0420755
pa_01                              5.18646e-06
pa_02                              5.25164e-06
pa_03                                  65819.7
pa_04                                  10649.1
bpa_04#branch                                0
vm2a#branch                        4.60061e-06
vm2b#branch                        5.85851e-07
bpa_03#branch                                0
vm3a#branch                        4.08446e-06
vm3b#branch                        5.83593e-07
vm3c#branch                        5.83588e-07
bpa_02#branch                                0
bpa_01#branch                                0
bpa_00#branch                                0
vm1#branch                         5.10331e-06
vvss#branch                        2.05414e-05
vvdd#branch                       -2.05414e-05


No. of Data Rows : 59

  Measurements for Transient Analysis

vref_v              =  1.13641e+00
vpexfb_v            =  2.77365e+00
vbe_q1_v            =  7.90162e-01
vbe_q2_v            =  7.48087e-01
vbe_q3_v            =  7.90749e-01
dvbe_ptat_v         =  4.20755e-02
i_leg1_a            =  5.10331e-06
i_leg2_a            =  5.18646e-06
i_leg3_a            =  5.25164e-06
r1_ohm              =  6.58197e+04
r2_ohm              =  1.06491e+04

ngspice-46 done
