
Note: No compatibility mode selected!


Circuit: * klt sim -- generated corner deck, do not edit

Doing analysis at TEMP = 125.000000 and TNOM = 27.000000

Using SPARSE 1.3 as Direct Linear Solver
Warning: singular matrix:  check node t224

Note: Starting dynamic gmin stepping


The temperature limiting function received NaN.
Please check your power dissipation and improve your heat sink Rth!
    This message will be shown only once.

Note: Dynamic gmin stepping completed

Initial Transient Solution
--------------------------

Node                                   Voltage
----                                   -------
vdd                                       3.63
vss                                          0
fb                                     2.92237
vdd__t0                                3.62997
vm1_p                                 0.580463
vdd__t1                                   3.63
sns1__t0                              0.580463
vdd__t2                                3.62999
vm2a_p                                0.562869
vdd__t3                                   3.63
sns2__t0                              0.562869
vdd__t4                                   3.63
vm2b_p                                0.562857
vdd__t5                                   3.63
sns2__t1                              0.562857
vdd__t6                                3.62999
vm3a_p                                0.927974
vdd__t7                                   3.63
vref__t0                              0.927974
vdd__t10                                  3.63
vm3b_p                                 0.92796
vdd__t8                                   3.63
vref__t2                               0.92796
vdd__t11                                  3.63
vm3c_p                                0.927963
vdd__t9                                   3.63
vref__t3                              0.927963
sns2__t2                              0.562833
vsubs                                        0
cb2__t0                               0.506485
xr2.dt                                       0
vref__t1                              0.927931
tn0__t2                               0.902344
xr1.dt                                       0
tn0__t0                               0.902325
tn0__t1                               0.902325
xru1.dt                                      0
tn0__t8                               0.902325
t002__t1                              0.902325
xru2.dt                                      0
t002__t0                              0.902325
tn0__t13                              0.902325
xru3.dt                                      0
tn0__t15                              0.902325
t004__t0                              0.902325
xru4.dt                                      0
t004__t1                              0.902325
t005__t0                              0.902325
xru5.dt                                      0
t005__t1                              0.902325
t006__t0                              0.902325
xru6.dt                                      0
t006__t1                              0.902325
tn0__t9                               0.902325
xru7.dt                                      0
tn0__t11                              0.902325
t008__t0                              0.902325
xru8.dt                                      0
t008__t1                              0.902325
t009__t0                              0.902325
xru9.dt                                      0
t009__t1                              0.902325
t010__t0                              0.902325
xru10.dt                                     0
t010__t1                              0.902325
t011__t0                              0.902325
xru11.dt                                     0
t011__t1                              0.902325
t012__t0                              0.902325
xru12.dt                                     0
t012__t1                              0.902325
t013__t0                              0.902325
xru13.dt                                     0
t013__t1                              0.902325
t014__t0                              0.902325
xru14.dt                                     0
t014__t1                              0.902325
tn0__t3                               0.902325
xru15.dt                                     0
tn0__t4                               0.902325
t016__t1                              0.902325
xru16.dt                                     0
t016__t0                              0.902325
t017__t1                              0.902325
xru17.dt                                     0
t017__t0                              0.902325
t018__t1                              0.902325
xru18.dt                                     0
t018__t0                              0.902325
t019__t1                              0.902325
xru19.dt                                     0
t019__t0                              0.902325
t020__t1                              0.902325
xru20.dt                                     0
t020__t0                              0.902325
t021__t1                              0.902325
xru21.dt                                     0
t021__t0                              0.902325
t022__t1                              0.902325
xru22.dt                                     0
t022__t0                              0.902325
t023__t1                              0.902325
xru23.dt                                     0
t023__t0                              0.902325
t024__t1                              0.902325
xru24.dt                                     0
t024__t0                              0.902325
t025__t1                              0.902325
xru25.dt                                     0
t025__t0                              0.902325
t026__t1                              0.902325
xru26.dt                                     0
t026__t0                              0.902325
t027__t1                              0.902325
xru27.dt                                     0
t027__t0                              0.902325
t028__t1                              0.902325
xru28.dt                                     0
t028__t0                              0.902325
t029__t1                              0.902325
xru29.dt                                     0
t029__t0                              0.902325
t030__t1                              0.902325
xru30.dt                                     0
t030__t0                              0.902325
tn0__t6                               0.902325
xru31.dt                                     0
tn0__t12                              0.902325
t032__t0                              0.902325
xru32.dt                                     0
t032__t1                              0.902325
t033__t0                              0.902325
xru33.dt                                     0
t033__t1                              0.902325
t034__t0                              0.902325
xru34.dt                                     0
t034__t1                              0.902325
t035__t0                              0.902325
xru35.dt                                     0
t035__t1                              0.902325
t036__t0                              0.902325
xru36.dt                                     0
t036__t1                              0.902325
t037__t0                              0.902325
xru37.dt                                     0
t037__t1                              0.902325
t038__t0                              0.902325
xru38.dt                                     0
t038__t1                              0.902325
t039__t0                              0.902325
xru39.dt                                     0
t039__t1                              0.902325
t040__t0                              0.902325
xru40.dt                                     0
t040__t1                              0.902325
t041__t0                              0.902325
xru41.dt                                     0
t041__t1                              0.902325
t042__t0                              0.902325
xru42.dt                                     0
t042__t1                              0.902325
t043__t0                              0.902325
xru43.dt                                     0
t043__t1                              0.902325
t044__t0                              0.902325
xru44.dt                                     0
t044__t1                              0.902325
t045__t0                              0.902325
xru45.dt                                     0
t045__t1                              0.902325
t046__t1                              0.902325
xru46.dt                                     0
t046__t0                              0.902325
t047__t1                              0.902325
xru47.dt                                     0
t047__t0                              0.902325
t048__t1                              0.902325
xru48.dt                                     0
t048__t0                              0.902325
t049__t1                              0.902325
xru49.dt                                     0
t049__t0                              0.902325
t050__t1                              0.902325
xru50.dt                                     0
t050__t0                              0.902325
t051__t1                              0.902325
xru51.dt                                     0
t051__t0                              0.902325
t052__t1                              0.902325
xru52.dt                                     0
t052__t0                              0.902325
t053__t1                              0.902325
xru53.dt                                     0
t053__t0                              0.902325
t054__t1                              0.902325
xru54.dt                                     0
t054__t0                              0.902325
t055__t1                              0.902325
xru55.dt                                     0
t055__t0                              0.902325
t056__t1                              0.902325
xru56.dt                                     0
t056__t0                              0.902325
t057__t1                              0.902325
xru57.dt                                     0
t057__t0                              0.902325
t058__t1                              0.902325
xru58.dt                                     0
t058__t0                              0.902325
t059__t1                              0.902325
xru59.dt                                     0
t059__t0                              0.902325
t060__t1                              0.902325
xru60.dt                                     0
t060__t0                              0.902325
t061__t0                              0.902325
xru61.dt                                     0
t061__t1                              0.902325
t062__t0                              0.902325
xru62.dt                                     0
t062__t1                              0.902325
tn0__t7                               0.902325
xru63.dt                                     0
tn0__t14                              0.902325
t064__t0                              0.902325
xru64.dt                                     0
t064__t1                              0.902325
t065__t0                              0.902325
xru65.dt                                     0
t065__t1                              0.902325
t066__t0                              0.902325
xru66.dt                                     0
t066__t1                              0.902325
t067__t0                              0.902325
xru67.dt                                     0
t067__t1                              0.902325
t068__t0                              0.902325
xru68.dt                                     0
t068__t1                              0.902325
t069__t0                              0.902325
xru69.dt                                     0
t069__t1                              0.902325
t070__t0                              0.902325
xru70.dt                                     0
t070__t1                              0.902325
t071__t0                              0.902325
xru71.dt                                     0
t071__t1                              0.902325
t072__t0                              0.902325
xru72.dt                                     0
t072__t1                              0.902325
t073__t0                              0.902325
xru73.dt                                     0
t073__t1                              0.902325
t074__t0                              0.902325
xru74.dt                                     0
t074__t1                              0.902325
t075__t0                              0.902325
xru75.dt                                     0
t075__t1                              0.902325
t076__t1                              0.902325
xru76.dt                                     0
t076__t0                              0.902325
t077__t1                              0.902325
xru77.dt                                     0
t077__t0                              0.902325
t078__t1                              0.902325
xru78.dt                                     0
t078__t0                              0.902325
t079__t1                              0.902325
xru79.dt                                     0
t079__t0                              0.902325
t080__t1                              0.902325
xru80.dt                                     0
t080__t0                              0.902325
t081__t1                              0.902325
xru81.dt                                     0
t081__t0                              0.902325
t082__t1                              0.902325
xru82.dt                                     0
t082__t0                              0.902325
t083__t1                              0.902325
xru83.dt                                     0
t083__t0                              0.902325
t084__t1                              0.902325
xru84.dt                                     0
t084__t0                              0.902325
t085__t1                              0.902325
xru85.dt                                     0
t085__t0                              0.902325
t086__t1                              0.902325
xru86.dt                                     0
t086__t0                              0.902325
t087__t1                              0.902325
xru87.dt                                     0
t087__t0                              0.902325
t088__t1                              0.902325
xru88.dt                                     0
t088__t0                              0.902325
t089__t1                              0.902325
xru89.dt                                     0
t089__t0                              0.902325
t090__t1                              0.902325
xru90.dt                                     0
t090__t0                              0.902325
t091__t0                              0.902325
xru91.dt                                     0
t091__t1                              0.902325
t092__t0                              0.902325
xru92.dt                                     0
t092__t1                              0.902325
t093__t0                              0.902325
xru93.dt                                     0
t093__t1                              0.902325
t094__t0                              0.902325
xru94.dt                                     0
t094__t1                              0.902325
t095__t0                              0.902325
xru95.dt                                     0
t095__t1                              0.902325
t096__t0                              0.902325
xru96.dt                                     0
t096__t1                              0.902325
t097__t0                              0.902325
xru97.dt                                     0
t097__t1                              0.902325
t098__t0                              0.902325
xru98.dt                                     0
t098__t1                              0.902325
t099__t0                              0.902325
xru99.dt                                     0
t099__t1                              0.902325
t100__t0                              0.902325
xru100.dt                                    0
t100__t1                              0.902325
t101__t0                              0.902325
xru101.dt                                    0
t101__t1                              0.902325
t102__t0                              0.902325
xru102.dt                                    0
t102__t1                              0.902325
t103__t0                              0.902325
xru103.dt                                    0
t103__t1                              0.902325
t104__t0                              0.902325
xru104.dt                                    0
t104__t1                              0.902325
t105__t0                              0.902325
xru105.dt                                    0
t105__t1                              0.902325
t106__t1                              0.902325
xru106.dt                                    0
t106__t0                              0.902325
t107__t1                              0.902325
xru107.dt                                    0
t107__t0                              0.902325
t108__t1                              0.902325
xru108.dt                                    0
t108__t0                              0.902325
t109__t1                              0.902325
xru109.dt                                    0
t109__t0                              0.902325
t110__t1                              0.902325
xru110.dt                                    0
t110__t0                              0.902325
t111__t1                              0.902325
xru111.dt                                    0
t111__t0                              0.902325
t112__t1                              0.902325
xru112.dt                                    0
t112__t0                              0.902325
t113__t1                              0.902325
xru113.dt                                    0
t113__t0                              0.902325
t114__t1                              0.902325
xru114.dt                                    0
t114__t0                              0.902325
t115__t1                              0.902325
xru115.dt                                    0
t115__t0                              0.902325
t116__t1                              0.902325
xru116.dt                                    0
t116__t0                              0.902325
t117__t1                              0.902325
xru117.dt                                    0
t117__t0                              0.902325
t118__t1                              0.902325
xru118.dt                                    0
t118__t0                              0.902325
t119__t1                              0.902325
xru119.dt                                    0
t119__t0                              0.902325
t120__t1                              0.902325
xru120.dt                                    0
t120__t0                              0.902325
t121__t0                              0.902325
xru121.dt                                    0
t121__t1                              0.902325
t122__t0                              0.902325
xru122.dt                                    0
t122__t1                              0.902325
t123__t0                              0.902325
xru123.dt                                    0
t123__t1                              0.902325
t124__t0                              0.902325
xru124.dt                                    0
t124__t1                              0.902325
t125__t0                              0.902325
xru125.dt                                    0
t125__t1                              0.902325
t126__t0                              0.902325
xru126.dt                                    0
t126__t1                              0.902325
tn0__t5                               0.902325
xru127.dt                                    0
tn0__t10                              0.902314
t128__t0                              0.899805
xru128.dt                                    0
t128__t1                              0.899805
t129__t0                              0.897296
xru129.dt                                    0
t129__t1                              0.897296
t130__t0                              0.894788
xru130.dt                                    0
t130__t1                              0.894787
t131__t0                              0.892279
xru131.dt                                    0
t131__t1                              0.892278
t132__t0                               0.88977
xru132.dt                                    0
t132__t1                               0.88977
t133__t0                              0.887261
xru133.dt                                    0
t133__t1                              0.887261
t134__t0                              0.884752
xru134.dt                                    0
t134__t1                              0.884752
t135__t0                              0.882243
xru135.dt                                    0
t135__t1                              0.882237
t136__t1                              0.879729
xru136.dt                                    0
t136__t0                              0.879729
t137__t1                               0.87722
xru137.dt                                    0
t137__t0                               0.87722
t138__t1                              0.874711
xru138.dt                                    0
t138__t0                              0.874711
t139__t1                              0.872202
xru139.dt                                    0
t139__t0                              0.872202
t140__t1                              0.869693
xru140.dt                                    0
t140__t0                              0.869693
t141__t1                              0.867184
xru141.dt                                    0
t141__t0                              0.867184
t142__t1                              0.864676
xru142.dt                                    0
t142__t0                              0.864675
t143__t1                              0.862167
xru143.dt                                    0
t143__t0                              0.862166
t144__t1                              0.859658
xru144.dt                                    0
t144__t0                              0.859657
t145__t1                              0.857149
xru145.dt                                    0
t145__t0                              0.857149
t146__t1                               0.85464
xru146.dt                                    0
t146__t0                               0.85464
t147__t1                              0.852131
xru147.dt                                    0
t147__t0                              0.852131
t148__t1                              0.849622
xru148.dt                                    0
t148__t0                              0.849622
t149__t1                              0.847113
xru149.dt                                    0
t149__t0                              0.847113
t150__t1                              0.844604
xru150.dt                                    0
t150__t0                              0.844599
t151__t0                               0.84209
xru151.dt                                    0
t151__t1                               0.84209
t152__t0                              0.839581
xru152.dt                                    0
t152__t1                              0.839581
t153__t0                              0.837072
xru153.dt                                    0
t153__t1                              0.837072
t154__t0                              0.834563
xru154.dt                                    0
t154__t1                              0.834563
t155__t0                              0.832055
xru155.dt                                    0
t155__t1                              0.832054
t156__t0                              0.829546
xru156.dt                                    0
t156__t1                              0.829545
t157__t0                              0.827037
xru157.dt                                    0
t157__t1                              0.827036
t158__t0                              0.824528
xru158.dt                                    0
t158__t1                              0.824528
t159__t0                              0.822019
xru159.dt                                    0
t159__t1                              0.822019
t160__t0                               0.81951
xru160.dt                                    0
t160__t1                               0.81951
t161__t0                              0.817001
xru161.dt                                    0
t161__t1                              0.817001
t162__t0                              0.814492
xru162.dt                                    0
t162__t1                              0.814492
t163__t0                              0.811983
xru163.dt                                    0
t163__t1                              0.811983
t164__t0                              0.809475
xru164.dt                                    0
t164__t1                              0.809474
t165__t0                              0.806966
xru165.dt                                    0
t165__t1                               0.80696
t166__t1                              0.804451
xru166.dt                                    0
t166__t0                              0.804451
t167__t1                              0.801942
xru167.dt                                    0
t167__t0                              0.801942
t168__t1                              0.799434
xru168.dt                                    0
t168__t0                              0.799433
t169__t1                              0.796925
xru169.dt                                    0
t169__t0                              0.796924
t170__t1                              0.794416
xru170.dt                                    0
t170__t0                              0.794415
t171__t1                              0.791907
xru171.dt                                    0
t171__t0                              0.791907
t172__t1                              0.789398
xru172.dt                                    0
t172__t0                              0.789398
t173__t1                              0.786889
xru173.dt                                    0
t173__t0                              0.786889
t174__t1                               0.78438
xru174.dt                                    0
t174__t0                               0.78438
t175__t1                              0.781871
xru175.dt                                    0
t175__t0                              0.781871
t176__t1                              0.779362
xru176.dt                                    0
t176__t0                              0.779362
t177__t1                              0.776854
xru177.dt                                    0
t177__t0                              0.776853
t178__t1                              0.774345
xru178.dt                                    0
t178__t0                              0.774344
t179__t1                              0.771836
xru179.dt                                    0
t179__t0                              0.771836
t180__t1                              0.769327
xru180.dt                                    0
t180__t0                              0.769321
t181__t0                              0.766813
xru181.dt                                    0
t181__t1                              0.766812
t182__t0                              0.764304
xru182.dt                                    0
t182__t1                              0.764303
t183__t0                              0.761795
xru183.dt                                    0
t183__t1                              0.761794
t184__t0                              0.759286
xru184.dt                                    0
t184__t1                              0.759286
t185__t0                              0.756777
xru185.dt                                    0
t185__t1                              0.756777
t186__t0                              0.754268
xru186.dt                                    0
t186__t1                              0.754268
t187__t0                              0.751759
xru187.dt                                    0
t187__t1                              0.751759
t188__t0                               0.74925
xru188.dt                                    0
t188__t1                               0.74925
t189__t0                              0.746741
xru189.dt                                    0
t189__t1                              0.746741
t190__t0                              0.744233
xru190.dt                                    0
t190__t1                              0.744232
t191__t0                              0.741724
xru191.dt                                    0
t191__t1                              0.741723
t192__t0                              0.739215
xru192.dt                                    0
t192__t1                              0.739215
t193__t0                              0.736706
xru193.dt                                    0
t193__t1                              0.736706
t194__t0                              0.734197
xru194.dt                                    0
t194__t1                              0.734197
t195__t0                              0.731688
xru195.dt                                    0
t195__t1                              0.731682
t196__t1                              0.729174
xru196.dt                                    0
t196__t0                              0.729174
t197__t1                              0.726665
xru197.dt                                    0
t197__t0                              0.726665
t198__t1                              0.724156
xru198.dt                                    0
t198__t0                              0.724156
t199__t1                              0.721647
xru199.dt                                    0
t199__t0                              0.721647
t200__t1                              0.719138
xru200.dt                                    0
t200__t0                              0.719138
t201__t1                              0.716629
xru201.dt                                    0
t201__t0                              0.716629
t202__t1                              0.714121
xru202.dt                                    0
t202__t0                               0.71412
t203__t1                              0.711612
xru203.dt                                    0
t203__t0                              0.711611
t204__t1                              0.709103
xru204.dt                                    0
t204__t0                              0.709102
t205__t1                              0.706594
xru205.dt                                    0
t205__t0                              0.706594
t206__t1                              0.704085
xru206.dt                                    0
t206__t0                              0.704085
t207__t1                              0.701576
xru207.dt                                    0
t207__t0                              0.701576
t208__t1                              0.699067
xru208.dt                                    0
t208__t0                              0.699067
t209__t1                              0.696558
xru209.dt                                    0
t209__t0                              0.696558
t210__t1                              0.694049
xru210.dt                                    0
t210__t0                              0.694044
t211__t0                              0.691535
xru211.dt                                    0
t211__t1                              0.691535
t212__t0                              0.689026
xru212.dt                                    0
t212__t1                              0.689026
t213__t0                              0.686517
xru213.dt                                    0
t213__t1                              0.686517
t214__t0                              0.684008
xru214.dt                                    0
t214__t1                              0.684008
t215__t0                                0.6815
xru215.dt                                    0
t215__t1                              0.681499
t216__t0                              0.678991
xru216.dt                                    0
t216__t1                               0.67899
t217__t0                              0.676482
xru217.dt                                    0
t217__t1                              0.676481
t218__t0                              0.673973
xru218.dt                                    0
t218__t1                              0.673973
t219__t0                              0.671464
xru219.dt                                    0
t219__t1                              0.671464
t220__t0                              0.668955
xru220.dt                                    0
t220__t1                              0.668955
t221__t0                              0.666446
xru221.dt                                    0
t221__t1                              0.666446
t222__t0                              0.663937
xru222.dt                                    0
t222__t1                              0.663937
t223__t0                              0.661429
xru223.dt                                    0
t223__t1                              0.661428
t224__t0                               0.65892
xru224.dt                                    0
t224__t1                              0.658919
t225__t0                              0.656411
xru225.dt                                    0
t225__t1                              0.656405
t226__t1                              0.653896
xru226.dt                                    0
t226__t0                              0.653896
t227__t1                              0.651387
xru227.dt                                    0
t227__t0                              0.651387
t228__t1                              0.648879
xru228.dt                                    0
t228__t0                              0.648878
t229__t1                               0.64637
xru229.dt                                    0
t229__t0                              0.646369
t230__t1                              0.643861
xru230.dt                                    0
t230__t0                              0.643861
t231__t1                              0.641352
xru231.dt                                    0
t231__t0                              0.641352
t232__t1                              0.638843
xru232.dt                                    0
t232__t0                              0.638843
t233__t1                              0.636334
xru233.dt                                    0
t233__t0                              0.636334
t234__t1                              0.633825
xru234.dt                                    0
t234__t0                              0.633825
t235__t1                              0.631316
xru235.dt                                    0
t235__t0                              0.631316
t236__t1                              0.628808
xru236.dt                                    0
t236__t0                              0.628807
t237__t1                              0.626299
xru237.dt                                    0
t237__t0                              0.626298
t238__t1                               0.62379
xru238.dt                                    0
t238__t0                              0.623789
t239__t1                              0.621281
xru239.dt                                    0
t239__t0                              0.621281
t240__t1                              0.618772
xru240.dt                                    0
t240__t0                              0.618766
t241__t0                              0.616258
xru241.dt                                    0
t241__t1                              0.616257
t242__t0                              0.613749
xru242.dt                                    0
t242__t1                              0.613748
t243__t0                               0.61124
xru243.dt                                    0
t243__t1                               0.61124
t244__t0                              0.608731
xru244.dt                                    0
t244__t1                              0.608731
t245__t0                              0.606222
xru245.dt                                    0
t245__t1                              0.606222
t246__t0                              0.603713
xru246.dt                                    0
t246__t1                              0.603713
t247__t0                              0.601204
xru247.dt                                    0
t247__t1                              0.601204
t248__t0                              0.598695
xru248.dt                                    0
t248__t1                              0.598695
t249__t0                              0.596187
xru249.dt                                    0
t249__t1                              0.596186
t250__t0                              0.593678
xru250.dt                                    0
t250__t1                              0.593677
t251__t0                              0.591169
xru251.dt                                    0
t251__t1                              0.591169
t252__t0                               0.58866
xru252.dt                                    0
t252__t1                               0.58866
t253__t0                              0.586151
xru253.dt                                    0
t253__t1                              0.586151
t254__t0                              0.583642
xru254.dt                                    0
t254__t1                              0.583642
cb3__t0                               0.581133
xru255.dt                                    0
sns1                                  0.580386
xq1.s1                             3.42328e-08
xq1.t                                0.0336293
cb2                                   0.506366
xq2.s1                             4.11959e-07
xq2.t                               0.00455743
cb3                                   0.580932
xq3.s1                             3.42351e-08
xq3.t                                0.0342896
sns2                                  0.562856
tn0                                   0.902325
t002                                  0.902325
t004                                  0.902325
t005                                  0.902325
t006                                  0.902325
t008                                  0.902325
t009                                  0.902325
t010                                  0.902325
t011                                  0.902325
t012                                  0.902325
t013                                  0.902325
t014                                  0.902325
t016                                  0.902325
t017                                  0.902325
t018                                  0.902325
t019                                  0.902325
t020                                  0.902325
t021                                  0.902325
t022                                  0.902325
t023                                  0.902325
t024                                  0.902325
t025                                  0.902325
t026                                  0.902325
t027                                  0.902325
t028                                  0.902325
t029                                  0.902325
t030                                  0.902325
t032                                  0.902325
t033                                  0.902325
t034                                  0.902325
t035                                  0.902325
t036                                  0.902325
t037                                  0.902325
t038                                  0.902325
t039                                  0.902325
t040                                  0.902325
t041                                  0.902325
t042                                  0.902325
t043                                  0.902325
t044                                  0.902325
t045                                  0.902325
t046                                  0.902325
t047                                  0.902325
t048                                  0.902325
t049                                  0.902325
t050                                  0.902325
t051                                  0.902325
t052                                  0.902325
t053                                  0.902325
t054                                  0.902325
t055                                  0.902325
t056                                  0.902325
t057                                  0.902325
t058                                  0.902325
t059                                  0.902325
t060                                  0.902325
t061                                  0.902325
t062                                  0.902325
t064                                  0.902325
t065                                  0.902325
t066                                  0.902325
t067                                  0.902325
t068                                  0.902325
t069                                  0.902325
t070                                  0.902325
t071                                  0.902325
t072                                  0.902325
t073                                  0.902325
t074                                  0.902325
t075                                  0.902325
t076                                  0.902325
t077                                  0.902325
t078                                  0.902325
t079                                  0.902325
t080                                  0.902325
t081                                  0.902325
t082                                  0.902325
t083                                  0.902325
t084                                  0.902325
t085                                  0.902325
t086                                  0.902325
t087                                  0.902325
t088                                  0.902325
t089                                  0.902325
t090                                  0.902325
t091                                  0.902325
t092                                  0.902325
t093                                  0.902325
t094                                  0.902325
t095                                  0.902325
t096                                  0.902325
t097                                  0.902325
t098                                  0.902325
t099                                  0.902325
t100                                  0.902325
t101                                  0.902325
t102                                  0.902325
t103                                  0.902325
t104                                  0.902325
t105                                  0.902325
t106                                  0.902325
t107                                  0.902325
t108                                  0.902325
t109                                  0.902325
t110                                  0.902325
t111                                  0.902325
t112                                  0.902325
t113                                  0.902325
t114                                  0.902325
t115                                  0.902325
t116                                  0.902325
t117                                  0.902325
t118                                  0.902325
t119                                  0.902325
t120                                  0.902325
t121                                  0.902325
t122                                  0.902325
t123                                  0.902325
t124                                  0.902325
t125                                  0.902325
t126                                  0.902325
t128                                  0.899805
t129                                  0.897296
t130                                  0.894787
t131                                  0.892279
t132                                   0.88977
t133                                  0.887261
t134                                  0.884752
t135                                   0.88224
t136                                  0.879729
t137                                   0.87722
t138                                  0.874711
t139                                  0.872202
t140                                  0.869693
t141                                  0.867184
t142                                  0.864675
t143                                  0.862166
t144                                  0.859658
t145                                  0.857149
t146                                   0.85464
t147                                  0.852131
t148                                  0.849622
t149                                  0.847113
t150                                  0.844602
t151                                   0.84209
t152                                  0.839581
t153                                  0.837072
t154                                  0.834563
t155                                  0.832054
t156                                  0.829545
t157                                  0.827037
t158                                  0.824528
t159                                  0.822019
t160                                   0.81951
t161                                  0.817001
t162                                  0.814492
t163                                  0.811983
t164                                  0.809474
t165                                  0.806963
t166                                  0.804451
t167                                  0.801942
t168                                  0.799433
t169                                  0.796925
t170                                  0.794416
t171                                  0.791907
t172                                  0.789398
t173                                  0.786889
t174                                   0.78438
t175                                  0.781871
t176                                  0.779362
t177                                  0.776853
t178                                  0.774345
t179                                  0.771836
t180                                  0.769324
t181                                  0.766812
t182                                  0.764304
t183                                  0.761795
t184                                  0.759286
t185                                  0.756777
t186                                  0.754268
t187                                  0.751759
t188                                   0.74925
t189                                  0.746741
t190                                  0.744232
t191                                  0.741724
t192                                  0.739215
t193                                  0.736706
t194                                  0.734197
t195                                  0.731685
t196                                  0.729174
t197                                  0.726665
t198                                  0.724156
t199                                  0.721647
t200                                  0.719138
t201                                  0.716629
t202                                   0.71412
t203                                  0.711611
t204                                  0.709103
t205                                  0.706594
t206                                  0.704085
t207                                  0.701576
t208                                  0.699067
t209                                  0.696558
t210                                  0.694047
t211                                  0.691535
t212                                  0.689026
t213                                  0.686517
t214                                  0.684008
t215                                  0.681499
t216                                  0.678991
t217                                  0.676482
t218                                  0.673973
t219                                  0.671464
t220                                  0.668955
t221                                  0.666446
t222                                  0.663937
t223                                  0.661428
t224                                  0.658919
t225                                  0.656408
t226                                  0.653896
t227                                  0.651387
t228                                  0.648878
t229                                   0.64637
t230                                  0.643861
t231                                  0.641352
t232                                  0.638843
t233                                  0.636334
t234                                  0.633825
t235                                  0.631316
t236                                  0.628807
t237                                  0.626299
t238                                   0.62379
t239                                  0.621281
t240                                  0.618769
t241                                  0.616257
t242                                  0.613749
t243                                   0.61124
t244                                  0.608731
t245                                  0.606222
t246                                  0.603713
t247                                  0.601204
t248                                  0.598695
t249                                  0.596186
t250                                  0.593678
t251                                  0.591169
t252                                   0.58866
t253                                  0.586151
t254                                  0.583642
vref                                  0.927959
vss__par                                     0
pa_00                                0.0740199
pa_01                              5.15171e-06
pa_02                               5.1823e-06
pa_03                                  66964.1
pa_04                                  10965.2
bpa_04#branch                                0
vm2a#branch                        4.60017e-06
vm2b#branch                        5.51533e-07
bpa_03#branch                                0
vm3a#branch                        4.08298e-06
vm3b#branch                        5.49661e-07
vm3c#branch                        5.49658e-07
bpa_02#branch                                0
bpa_01#branch                                0
bpa_00#branch                                0
vm1#branch                         5.10404e-06
vvss#branch                         2.0438e-05
vvdd#branch                        -2.0438e-05


No. of Data Rows : 59

  Measurements for Transient Analysis

vref_v              =  9.27960e-01
vpexfb_v            =  2.92237e+00
vbe_q1_v            =  5.80386e-01
vbe_q2_v            =  5.06366e-01
vbe_q3_v            =  5.80932e-01
dvbe_ptat_v         =  7.40199e-02
i_leg1_a            =  5.10404e-06
i_leg2_a            =  5.15171e-06
i_leg3_a            =  5.18230e-06
r1_ohm              =  6.69641e+04
r2_ohm              =  1.09652e+04

ngspice-46 done
