
Note: No compatibility mode selected!


Circuit: * klt sim -- generated corner deck, do not edit

Doing analysis at TEMP = 27.000000 and TNOM = 27.000000

Using SPARSE 1.3 as Direct Linear Solver

Initial Transient Solution
--------------------------

Node                                   Voltage
----                                   -------
vdd                                        3.3
vss                                          0
fb                                     2.49526
vdd__t0                                3.29997
vm1_p                                 0.708602
vdd__t1                                    3.3
sns1__t0                              0.708602
vdd__t2                                3.29999
vm2a_p                                0.709095
vdd__t3                                    3.3
sns2__t0                              0.709095
vdd__t4                                    3.3
vm2b_p                                0.709083
vdd__t5                                    3.3
sns2__t1                              0.709083
vdd__t6                                3.29999
vm3a_p                                 1.05301
vdd__t7                                    3.3
vref__t0                               1.05301
vdd__t10                                   3.3
vm3b_p                                   1.053
vdd__t8                                    3.3
vref__t2                                 1.053
vdd__t11                                   3.3
vm3c_p                                   1.053
vdd__t9                                    3.3
vref__t3                                 1.053
sns2__t2                              0.709058
vsubs                                        0
cb2__t0                                0.65381
xr2.dt                                       0
vref__t1                               1.05297
tn0__t2                                1.02779
xr1.dt                                       0
tn0__t0                                1.02777
tn0__t1                                1.02777
xru1.dt                                      0
tn0__t8                                1.02777
t002__t1                               1.02777
xru2.dt                                      0
t002__t0                               1.02777
tn0__t13                               1.02777
xru3.dt                                      0
tn0__t15                               1.02777
t004__t0                               1.02777
xru4.dt                                      0
t004__t1                               1.02777
t005__t0                               1.02777
xru5.dt                                      0
t005__t1                               1.02777
t006__t0                               1.02777
xru6.dt                                      0
t006__t1                               1.02777
tn0__t9                                1.02777
xru7.dt                                      0
tn0__t11                               1.02777
t008__t0                               1.02777
xru8.dt                                      0
t008__t1                               1.02777
t009__t0                               1.02777
xru9.dt                                      0
t009__t1                               1.02777
t010__t0                               1.02777
xru10.dt                                     0
t010__t1                               1.02777
t011__t0                               1.02777
xru11.dt                                     0
t011__t1                               1.02777
t012__t0                               1.02777
xru12.dt                                     0
t012__t1                               1.02777
t013__t0                               1.02777
xru13.dt                                     0
t013__t1                               1.02777
t014__t0                               1.02777
xru14.dt                                     0
t014__t1                               1.02777
tn0__t3                                1.02777
xru15.dt                                     0
tn0__t4                                1.02777
t016__t1                               1.02777
xru16.dt                                     0
t016__t0                               1.02777
t017__t1                               1.02777
xru17.dt                                     0
t017__t0                               1.02777
t018__t1                               1.02777
xru18.dt                                     0
t018__t0                               1.02777
t019__t1                               1.02777
xru19.dt                                     0
t019__t0                               1.02777
t020__t1                               1.02777
xru20.dt                                     0
t020__t0                               1.02777
t021__t1                               1.02777
xru21.dt                                     0
t021__t0                               1.02777
t022__t1                               1.02777
xru22.dt                                     0
t022__t0                               1.02777
t023__t1                               1.02777
xru23.dt                                     0
t023__t0                               1.02777
t024__t1                               1.02777
xru24.dt                                     0
t024__t0                               1.02777
t025__t1                               1.02777
xru25.dt                                     0
t025__t0                               1.02777
t026__t1                               1.02777
xru26.dt                                     0
t026__t0                               1.02777
t027__t1                               1.02777
xru27.dt                                     0
t027__t0                               1.02777
t028__t1                               1.02777
xru28.dt                                     0
t028__t0                               1.02777
t029__t1                               1.02777
xru29.dt                                     0
t029__t0                               1.02777
t030__t1                               1.02777
xru30.dt                                     0
t030__t0                               1.02777
tn0__t6                                1.02777
xru31.dt                                     0
tn0__t12                               1.02777
t032__t0                               1.02777
xru32.dt                                     0
t032__t1                               1.02777
t033__t0                               1.02777
xru33.dt                                     0
t033__t1                               1.02777
t034__t0                               1.02777
xru34.dt                                     0
t034__t1                               1.02777
t035__t0                               1.02777
xru35.dt                                     0
t035__t1                               1.02777
t036__t0                               1.02777
xru36.dt                                     0
t036__t1                               1.02777
t037__t0                               1.02777
xru37.dt                                     0
t037__t1                               1.02777
t038__t0                               1.02777
xru38.dt                                     0
t038__t1                               1.02777
t039__t0                               1.02777
xru39.dt                                     0
t039__t1                               1.02777
t040__t0                               1.02777
xru40.dt                                     0
t040__t1                               1.02777
t041__t0                               1.02777
xru41.dt                                     0
t041__t1                               1.02777
t042__t0                               1.02777
xru42.dt                                     0
t042__t1                               1.02777
t043__t0                               1.02777
xru43.dt                                     0
t043__t1                               1.02777
t044__t0                               1.02777
xru44.dt                                     0
t044__t1                               1.02777
t045__t0                               1.02777
xru45.dt                                     0
t045__t1                               1.02777
t046__t1                               1.02777
xru46.dt                                     0
t046__t0                               1.02777
t047__t1                               1.02777
xru47.dt                                     0
t047__t0                               1.02777
t048__t1                               1.02777
xru48.dt                                     0
t048__t0                               1.02777
t049__t1                               1.02777
xru49.dt                                     0
t049__t0                               1.02777
t050__t1                               1.02777
xru50.dt                                     0
t050__t0                               1.02777
t051__t1                               1.02777
xru51.dt                                     0
t051__t0                               1.02777
t052__t1                               1.02777
xru52.dt                                     0
t052__t0                               1.02777
t053__t1                               1.02777
xru53.dt                                     0
t053__t0                               1.02777
t054__t1                               1.02777
xru54.dt                                     0
t054__t0                               1.02777
t055__t1                               1.02777
xru55.dt                                     0
t055__t0                               1.02777
t056__t1                               1.02777
xru56.dt                                     0
t056__t0                               1.02777
t057__t1                               1.02777
xru57.dt                                     0
t057__t0                               1.02777
t058__t1                               1.02777
xru58.dt                                     0
t058__t0                               1.02777
t059__t1                               1.02777
xru59.dt                                     0
t059__t0                               1.02777
t060__t1                               1.02777
xru60.dt                                     0
t060__t0                               1.02777
t061__t0                               1.02777
xru61.dt                                     0
t061__t1                               1.02777
t062__t0                               1.02777
xru62.dt                                     0
t062__t1                               1.02777
tn0__t7                                1.02777
xru63.dt                                     0
tn0__t14                               1.02777
t064__t0                               1.02777
xru64.dt                                     0
t064__t1                               1.02777
t065__t0                               1.02777
xru65.dt                                     0
t065__t1                               1.02777
t066__t0                               1.02777
xru66.dt                                     0
t066__t1                               1.02777
t067__t0                               1.02777
xru67.dt                                     0
t067__t1                               1.02777
t068__t0                               1.02777
xru68.dt                                     0
t068__t1                               1.02777
t069__t0                               1.02777
xru69.dt                                     0
t069__t1                               1.02777
t070__t0                               1.02777
xru70.dt                                     0
t070__t1                               1.02777
t071__t0                               1.02777
xru71.dt                                     0
t071__t1                               1.02777
t072__t0                               1.02777
xru72.dt                                     0
t072__t1                               1.02777
t073__t0                               1.02777
xru73.dt                                     0
t073__t1                               1.02777
t074__t0                               1.02777
xru74.dt                                     0
t074__t1                               1.02777
t075__t0                               1.02777
xru75.dt                                     0
t075__t1                               1.02777
t076__t1                               1.02777
xru76.dt                                     0
t076__t0                               1.02777
t077__t1                               1.02777
xru77.dt                                     0
t077__t0                               1.02777
t078__t1                               1.02777
xru78.dt                                     0
t078__t0                               1.02777
t079__t1                               1.02777
xru79.dt                                     0
t079__t0                               1.02777
t080__t1                               1.02777
xru80.dt                                     0
t080__t0                               1.02777
t081__t1                               1.02777
xru81.dt                                     0
t081__t0                               1.02777
t082__t1                               1.02777
xru82.dt                                     0
t082__t0                               1.02777
t083__t1                               1.02777
xru83.dt                                     0
t083__t0                               1.02777
t084__t1                               1.02777
xru84.dt                                     0
t084__t0                               1.02777
t085__t1                               1.02777
xru85.dt                                     0
t085__t0                               1.02777
t086__t1                               1.02777
xru86.dt                                     0
t086__t0                               1.02777
t087__t1                               1.02777
xru87.dt                                     0
t087__t0                               1.02777
t088__t1                               1.02777
xru88.dt                                     0
t088__t0                               1.02777
t089__t1                               1.02777
xru89.dt                                     0
t089__t0                               1.02777
t090__t1                               1.02777
xru90.dt                                     0
t090__t0                               1.02777
t091__t0                               1.02777
xru91.dt                                     0
t091__t1                               1.02777
t092__t0                               1.02777
xru92.dt                                     0
t092__t1                               1.02777
t093__t0                               1.02777
xru93.dt                                     0
t093__t1                               1.02777
t094__t0                               1.02777
xru94.dt                                     0
t094__t1                               1.02777
t095__t0                               1.02777
xru95.dt                                     0
t095__t1                               1.02777
t096__t0                               1.02777
xru96.dt                                     0
t096__t1                               1.02777
t097__t0                               1.02777
xru97.dt                                     0
t097__t1                               1.02777
t098__t0                               1.02777
xru98.dt                                     0
t098__t1                               1.02777
t099__t0                               1.02777
xru99.dt                                     0
t099__t1                               1.02777
t100__t0                               1.02777
xru100.dt                                    0
t100__t1                               1.02777
t101__t0                               1.02777
xru101.dt                                    0
t101__t1                               1.02777
t102__t0                               1.02777
xru102.dt                                    0
t102__t1                               1.02777
t103__t0                               1.02777
xru103.dt                                    0
t103__t1                               1.02777
t104__t0                               1.02777
xru104.dt                                    0
t104__t1                               1.02777
t105__t0                               1.02777
xru105.dt                                    0
t105__t1                               1.02777
t106__t1                               1.02777
xru106.dt                                    0
t106__t0                               1.02777
t107__t1                               1.02777
xru107.dt                                    0
t107__t0                               1.02777
t108__t1                               1.02777
xru108.dt                                    0
t108__t0                               1.02777
t109__t1                               1.02777
xru109.dt                                    0
t109__t0                               1.02777
t110__t1                               1.02777
xru110.dt                                    0
t110__t0                               1.02777
t111__t1                               1.02777
xru111.dt                                    0
t111__t0                               1.02777
t112__t1                               1.02777
xru112.dt                                    0
t112__t0                               1.02777
t113__t1                               1.02777
xru113.dt                                    0
t113__t0                               1.02777
t114__t1                               1.02777
xru114.dt                                    0
t114__t0                               1.02777
t115__t1                               1.02777
xru115.dt                                    0
t115__t0                               1.02777
t116__t1                               1.02777
xru116.dt                                    0
t116__t0                               1.02777
t117__t1                               1.02777
xru117.dt                                    0
t117__t0                               1.02777
t118__t1                               1.02777
xru118.dt                                    0
t118__t0                               1.02777
t119__t1                               1.02777
xru119.dt                                    0
t119__t0                               1.02777
t120__t1                               1.02777
xru120.dt                                    0
t120__t0                               1.02777
t121__t0                               1.02777
xru121.dt                                    0
t121__t1                               1.02777
t122__t0                               1.02777
xru122.dt                                    0
t122__t1                               1.02777
t123__t0                               1.02777
xru123.dt                                    0
t123__t1                               1.02777
t124__t0                               1.02777
xru124.dt                                    0
t124__t1                               1.02777
t125__t0                               1.02777
xru125.dt                                    0
t125__t1                               1.02777
t126__t0                               1.02777
xru126.dt                                    0
t126__t1                               1.02777
tn0__t5                                1.02777
xru127.dt                                    0
tn0__t10                               1.02776
t128__t0                               1.02527
xru128.dt                                    0
t128__t1                               1.02527
t129__t0                               1.02278
xru129.dt                                    0
t129__t1                               1.02278
t130__t0                                1.0203
xru130.dt                                    0
t130__t1                                1.0203
t131__t0                               1.01781
xru131.dt                                    0
t131__t1                               1.01781
t132__t0                               1.01532
xru132.dt                                    0
t132__t1                               1.01532
t133__t0                               1.01283
xru133.dt                                    0
t133__t1                               1.01283
t134__t0                               1.01035
xru134.dt                                    0
t134__t1                               1.01035
t135__t0                               1.00786
xru135.dt                                    0
t135__t1                               1.00785
t136__t1                               1.00536
xru136.dt                                    0
t136__t0                               1.00536
t137__t1                               1.00288
xru137.dt                                    0
t137__t0                               1.00288
t138__t1                               1.00039
xru138.dt                                    0
t138__t0                               1.00039
t139__t1                              0.997902
xru139.dt                                    0
t139__t0                              0.997902
t140__t1                              0.995415
xru140.dt                                    0
t140__t0                              0.995414
t141__t1                              0.992927
xru141.dt                                    0
t141__t0                              0.992927
t142__t1                               0.99044
xru142.dt                                    0
t142__t0                              0.990439
t143__t1                              0.987952
xru143.dt                                    0
t143__t0                              0.987952
t144__t1                              0.985465
xru144.dt                                    0
t144__t0                              0.985464
t145__t1                              0.982977
xru145.dt                                    0
t145__t0                              0.982977
t146__t1                               0.98049
xru146.dt                                    0
t146__t0                              0.980489
t147__t1                              0.978002
xru147.dt                                    0
t147__t0                              0.978002
t148__t1                              0.975515
xru148.dt                                    0
t148__t0                              0.975514
t149__t1                              0.973027
xru149.dt                                    0
t149__t0                              0.973027
t150__t1                               0.97054
xru150.dt                                    0
t150__t0                              0.970534
t151__t0                              0.968047
xru151.dt                                    0
t151__t1                              0.968046
t152__t0                              0.965559
xru152.dt                                    0
t152__t1                              0.965559
t153__t0                              0.963072
xru153.dt                                    0
t153__t1                              0.963071
t154__t0                              0.960584
xru154.dt                                    0
t154__t1                              0.960584
t155__t0                              0.958096
xru155.dt                                    0
t155__t1                              0.958096
t156__t0                              0.955609
xru156.dt                                    0
t156__t1                              0.955609
t157__t0                              0.953121
xru157.dt                                    0
t157__t1                              0.953121
t158__t0                              0.950634
xru158.dt                                    0
t158__t1                              0.950634
t159__t0                              0.948146
xru159.dt                                    0
t159__t1                              0.948146
t160__t0                              0.945659
xru160.dt                                    0
t160__t1                              0.945659
t161__t0                              0.943171
xru161.dt                                    0
t161__t1                              0.943171
t162__t0                              0.940684
xru162.dt                                    0
t162__t1                              0.940684
t163__t0                              0.938196
xru163.dt                                    0
t163__t1                              0.938196
t164__t0                              0.935709
xru164.dt                                    0
t164__t1                              0.935709
t165__t0                              0.933221
xru165.dt                                    0
t165__t1                              0.933216
t166__t1                              0.930728
xru166.dt                                    0
t166__t0                              0.930728
t167__t1                              0.928241
xru167.dt                                    0
t167__t0                               0.92824
t168__t1                              0.925753
xru168.dt                                    0
t168__t0                              0.925753
t169__t1                              0.923266
xru169.dt                                    0
t169__t0                              0.923265
t170__t1                              0.920778
xru170.dt                                    0
t170__t0                              0.920778
t171__t1                              0.918291
xru171.dt                                    0
t171__t0                               0.91829
t172__t1                              0.915803
xru172.dt                                    0
t172__t0                              0.915803
t173__t1                              0.913316
xru173.dt                                    0
t173__t0                              0.913315
t174__t1                              0.910828
xru174.dt                                    0
t174__t0                              0.910828
t175__t1                              0.908341
xru175.dt                                    0
t175__t0                               0.90834
t176__t1                              0.905853
xru176.dt                                    0
t176__t0                              0.905853
t177__t1                              0.903366
xru177.dt                                    0
t177__t0                              0.903365
t178__t1                              0.900878
xru178.dt                                    0
t178__t0                              0.900878
t179__t1                              0.898391
xru179.dt                                    0
t179__t0                               0.89839
t180__t1                              0.895903
xru180.dt                                    0
t180__t0                              0.895897
t181__t0                               0.89341
xru181.dt                                    0
t181__t1                               0.89341
t182__t0                              0.890922
xru182.dt                                    0
t182__t1                              0.890922
t183__t0                              0.888435
xru183.dt                                    0
t183__t1                              0.888435
t184__t0                              0.885947
xru184.dt                                    0
t184__t1                              0.885947
t185__t0                               0.88346
xru185.dt                                    0
t185__t1                               0.88346
t186__t0                              0.880972
xru186.dt                                    0
t186__t1                              0.880972
t187__t0                              0.878485
xru187.dt                                    0
t187__t1                              0.878485
t188__t0                              0.875997
xru188.dt                                    0
t188__t1                              0.875997
t189__t0                               0.87351
xru189.dt                                    0
t189__t1                               0.87351
t190__t0                              0.871022
xru190.dt                                    0
t190__t1                              0.871022
t191__t0                              0.868535
xru191.dt                                    0
t191__t1                              0.868535
t192__t0                              0.866047
xru192.dt                                    0
t192__t1                              0.866047
t193__t0                               0.86356
xru193.dt                                    0
t193__t1                               0.86356
t194__t0                              0.861072
xru194.dt                                    0
t194__t1                              0.861072
t195__t0                              0.858585
xru195.dt                                    0
t195__t1                              0.858579
t196__t1                              0.856092
xru196.dt                                    0
t196__t0                              0.856091
t197__t1                              0.853604
xru197.dt                                    0
t197__t0                              0.853604
t198__t1                              0.851117
xru198.dt                                    0
t198__t0                              0.851116
t199__t1                              0.848629
xru199.dt                                    0
t199__t0                              0.848629
t200__t1                              0.846142
xru200.dt                                    0
t200__t0                              0.846141
t201__t1                              0.843654
xru201.dt                                    0
t201__t0                              0.843654
t202__t1                              0.841167
xru202.dt                                    0
t202__t0                              0.841166
t203__t1                              0.838679
xru203.dt                                    0
t203__t0                              0.838679
t204__t1                              0.836192
xru204.dt                                    0
t204__t0                              0.836191
t205__t1                              0.833704
xru205.dt                                    0
t205__t0                              0.833704
t206__t1                              0.831217
xru206.dt                                    0
t206__t0                              0.831216
t207__t1                              0.828729
xru207.dt                                    0
t207__t0                              0.828729
t208__t1                              0.826242
xru208.dt                                    0
t208__t0                              0.826241
t209__t1                              0.823754
xru209.dt                                    0
t209__t0                              0.823754
t210__t1                              0.821267
xru210.dt                                    0
t210__t0                              0.821261
t211__t0                              0.818773
xru211.dt                                    0
t211__t1                              0.818773
t212__t0                              0.816286
xru212.dt                                    0
t212__t1                              0.816286
t213__t0                              0.813798
xru213.dt                                    0
t213__t1                              0.813798
t214__t0                              0.811311
xru214.dt                                    0
t214__t1                              0.811311
t215__t0                              0.808823
xru215.dt                                    0
t215__t1                              0.808823
t216__t0                              0.806336
xru216.dt                                    0
t216__t1                              0.806336
t217__t0                              0.803848
xru217.dt                                    0
t217__t1                              0.803848
t218__t0                              0.801361
xru218.dt                                    0
t218__t1                              0.801361
t219__t0                              0.798873
xru219.dt                                    0
t219__t1                              0.798873
t220__t0                              0.796386
xru220.dt                                    0
t220__t1                              0.796386
t221__t0                              0.793898
xru221.dt                                    0
t221__t1                              0.793898
t222__t0                              0.791411
xru222.dt                                    0
t222__t1                              0.791411
t223__t0                              0.788923
xru223.dt                                    0
t223__t1                              0.788923
t224__t0                              0.786436
xru224.dt                                    0
t224__t1                              0.786436
t225__t0                              0.783948
xru225.dt                                    0
t225__t1                              0.783942
t226__t1                              0.781455
xru226.dt                                    0
t226__t0                              0.781455
t227__t1                              0.778968
xru227.dt                                    0
t227__t0                              0.778967
t228__t1                               0.77648
xru228.dt                                    0
t228__t0                               0.77648
t229__t1                              0.773993
xru229.dt                                    0
t229__t0                              0.773992
t230__t1                              0.771505
xru230.dt                                    0
t230__t0                              0.771505
t231__t1                              0.769018
xru231.dt                                    0
t231__t0                              0.769017
t232__t1                               0.76653
xru232.dt                                    0
t232__t0                               0.76653
t233__t1                              0.764043
xru233.dt                                    0
t233__t0                              0.764042
t234__t1                              0.761555
xru234.dt                                    0
t234__t0                              0.761555
t235__t1                              0.759068
xru235.dt                                    0
t235__t0                              0.759067
t236__t1                               0.75658
xru236.dt                                    0
t236__t0                               0.75658
t237__t1                              0.754093
xru237.dt                                    0
t237__t0                              0.754092
t238__t1                              0.751605
xru238.dt                                    0
t238__t0                              0.751605
t239__t1                              0.749118
xru239.dt                                    0
t239__t0                              0.749117
t240__t1                               0.74663
xru240.dt                                    0
t240__t0                              0.746624
t241__t0                              0.744137
xru241.dt                                    0
t241__t1                              0.744137
t242__t0                              0.741649
xru242.dt                                    0
t242__t1                              0.741649
t243__t0                              0.739162
xru243.dt                                    0
t243__t1                              0.739162
t244__t0                              0.736674
xru244.dt                                    0
t244__t1                              0.736674
t245__t0                              0.734187
xru245.dt                                    0
t245__t1                              0.734187
t246__t0                              0.731699
xru246.dt                                    0
t246__t1                              0.731699
t247__t0                              0.729212
xru247.dt                                    0
t247__t1                              0.729212
t248__t0                              0.726724
xru248.dt                                    0
t248__t1                              0.726724
t249__t0                              0.724237
xru249.dt                                    0
t249__t1                              0.724237
t250__t0                              0.721749
xru250.dt                                    0
t250__t1                              0.721749
t251__t0                              0.719262
xru251.dt                                    0
t251__t1                              0.719262
t252__t0                              0.716774
xru252.dt                                    0
t252__t1                              0.716774
t253__t0                              0.714287
xru253.dt                                    0
t253__t1                              0.714287
t254__t0                              0.711799
xru254.dt                                    0
t254__t1                              0.711799
cb3__t0                               0.709312
xru255.dt                                    0
sns1                                  0.708525
xq1.s1                             2.84111e-10
xq1.t                                0.0409213
cb2                                   0.653691
xq2.s1                             7.33608e-10
xq2.t                                0.0058845
cb3                                   0.709109
xq3.s1                             2.84343e-10
xq3.t                                0.0418647
sns2                                  0.709081
tn0                                    1.02777
t002                                   1.02777
t004                                   1.02777
t005                                   1.02777
t006                                   1.02777
t008                                   1.02777
t009                                   1.02777
t010                                   1.02777
t011                                   1.02777
t012                                   1.02777
t013                                   1.02777
t014                                   1.02777
t016                                   1.02777
t017                                   1.02777
t018                                   1.02777
t019                                   1.02777
t020                                   1.02777
t021                                   1.02777
t022                                   1.02777
t023                                   1.02777
t024                                   1.02777
t025                                   1.02777
t026                                   1.02777
t027                                   1.02777
t028                                   1.02777
t029                                   1.02777
t030                                   1.02777
t032                                   1.02777
t033                                   1.02777
t034                                   1.02777
t035                                   1.02777
t036                                   1.02777
t037                                   1.02777
t038                                   1.02777
t039                                   1.02777
t040                                   1.02777
t041                                   1.02777
t042                                   1.02777
t043                                   1.02777
t044                                   1.02777
t045                                   1.02777
t046                                   1.02777
t047                                   1.02777
t048                                   1.02777
t049                                   1.02777
t050                                   1.02777
t051                                   1.02777
t052                                   1.02777
t053                                   1.02777
t054                                   1.02777
t055                                   1.02777
t056                                   1.02777
t057                                   1.02777
t058                                   1.02777
t059                                   1.02777
t060                                   1.02777
t061                                   1.02777
t062                                   1.02777
t064                                   1.02777
t065                                   1.02777
t066                                   1.02777
t067                                   1.02777
t068                                   1.02777
t069                                   1.02777
t070                                   1.02777
t071                                   1.02777
t072                                   1.02777
t073                                   1.02777
t074                                   1.02777
t075                                   1.02777
t076                                   1.02777
t077                                   1.02777
t078                                   1.02777
t079                                   1.02777
t080                                   1.02777
t081                                   1.02777
t082                                   1.02777
t083                                   1.02777
t084                                   1.02777
t085                                   1.02777
t086                                   1.02777
t087                                   1.02777
t088                                   1.02777
t089                                   1.02777
t090                                   1.02777
t091                                   1.02777
t092                                   1.02777
t093                                   1.02777
t094                                   1.02777
t095                                   1.02777
t096                                   1.02777
t097                                   1.02777
t098                                   1.02777
t099                                   1.02777
t100                                   1.02777
t101                                   1.02777
t102                                   1.02777
t103                                   1.02777
t104                                   1.02777
t105                                   1.02777
t106                                   1.02777
t107                                   1.02777
t108                                   1.02777
t109                                   1.02777
t110                                   1.02777
t111                                   1.02777
t112                                   1.02777
t113                                   1.02777
t114                                   1.02777
t115                                   1.02777
t116                                   1.02777
t117                                   1.02777
t118                                   1.02777
t119                                   1.02777
t120                                   1.02777
t121                                   1.02777
t122                                   1.02777
t123                                   1.02777
t124                                   1.02777
t125                                   1.02777
t126                                   1.02777
t128                                   1.02527
t129                                   1.02278
t130                                    1.0203
t131                                   1.01781
t132                                   1.01532
t133                                   1.01283
t134                                   1.01035
t135                                   1.00785
t136                                   1.00536
t137                                   1.00288
t138                                   1.00039
t139                                  0.997902
t140                                  0.995415
t141                                  0.992927
t142                                   0.99044
t143                                  0.987952
t144                                  0.985465
t145                                  0.982977
t146                                   0.98049
t147                                  0.978002
t148                                  0.975515
t149                                  0.973027
t150                                  0.970537
t151                                  0.968046
t152                                  0.965559
t153                                  0.963071
t154                                  0.960584
t155                                  0.958096
t156                                  0.955609
t157                                  0.953121
t158                                  0.950634
t159                                  0.948146
t160                                  0.945659
t161                                  0.943171
t162                                  0.940684
t163                                  0.938196
t164                                  0.935709
t165                                  0.933218
t166                                  0.930728
t167                                  0.928241
t168                                  0.925753
t169                                  0.923266
t170                                  0.920778
t171                                  0.918291
t172                                  0.915803
t173                                  0.913316
t174                                  0.910828
t175                                  0.908341
t176                                  0.905853
t177                                  0.903365
t178                                  0.900878
t179                                   0.89839
t180                                    0.8959
t181                                   0.89341
t182                                  0.890922
t183                                  0.888435
t184                                  0.885947
t185                                   0.88346
t186                                  0.880972
t187                                  0.878485
t188                                  0.875997
t189                                   0.87351
t190                                  0.871022
t191                                  0.868535
t192                                  0.866047
t193                                   0.86356
t194                                  0.861072
t195                                  0.858582
t196                                  0.856092
t197                                  0.853604
t198                                  0.851117
t199                                  0.848629
t200                                  0.846142
t201                                  0.843654
t202                                  0.841167
t203                                  0.838679
t204                                  0.836191
t205                                  0.833704
t206                                  0.831216
t207                                  0.828729
t208                                  0.826241
t209                                  0.823754
t210                                  0.821264
t211                                  0.818773
t212                                  0.816286
t213                                  0.813798
t214                                  0.811311
t215                                  0.808823
t216                                  0.806336
t217                                  0.803848
t218                                  0.801361
t219                                  0.798873
t220                                  0.796386
t221                                  0.793898
t222                                  0.791411
t223                                  0.788923
t224                                  0.786436
t225                                  0.783945
t226                                  0.781455
t227                                  0.778968
t228                                   0.77648
t229                                  0.773993
t230                                  0.771505
t231                                  0.769018
t232                                   0.76653
t233                                  0.764042
t234                                  0.761555
t235                                  0.759067
t236                                   0.75658
t237                                  0.754092
t238                                  0.751605
t239                                  0.749117
t240                                  0.746627
t241                                  0.744137
t242                                  0.741649
t243                                  0.739162
t244                                  0.736674
t245                                  0.734187
t246                                  0.731699
t247                                  0.729212
t248                                  0.726724
t249                                  0.724237
t250                                  0.721749
t251                                  0.719262
t252                                  0.716774
t253                                  0.714287
t254                                  0.711799
vref                                     1.053
vss__par                                     0
pa_00                                0.0548331
pa_01                              5.15284e-06
pa_02                              5.20078e-06
pa_03                                  66122.8
pa_04                                  10749.4
bpa_04#branch                                0
vm2a#branch                        4.58596e-06
vm2b#branch                        5.66881e-07
bpa_03#branch                                0
vm3a#branch                        4.07107e-06
vm3b#branch                        5.64855e-07
vm3c#branch                        5.64851e-07
bpa_02#branch                                0
bpa_01#branch                                0
bpa_00#branch                                0
vm1#branch                         5.08778e-06
vvss#branch                        2.04414e-05
vvdd#branch                       -2.04414e-05


No. of Data Rows : 59

  Measurements for Transient Analysis

vref_v              =  1.05300e+00
vpexfb_v            =  2.49526e+00
vbe_q1_v            =  7.08525e-01
vbe_q2_v            =  6.53691e-01
vbe_q3_v            =  7.09109e-01
dvbe_ptat_v         =  5.48331e-02
i_leg1_a            =  5.08778e-06
i_leg2_a            =  5.15284e-06
i_leg3_a            =  5.20078e-06
r1_ohm              =  6.61228e+04
r2_ohm              =  1.07494e+04

ngspice-46 done
