
Note: No compatibility mode selected!


Circuit: * klt sim -- generated corner deck, do not edit

Doing analysis at TEMP = 125.000000 and TNOM = 27.000000

Using SPARSE 1.3 as Direct Linear Solver
OSDI(debug) n.xr2.nr1: WARNING: V(i2,c) voltage is greater than specified by vmax
OSDI(debug) n.xr2.nr1: WARNING: V(i2,c) voltage is greater than specified by vmax
OSDI(debug) n.xr2.nr1: WARNING: V(i2,c) voltage is greater than specified by vmax
OSDI(debug) n.xr2.nr1: WARNING: V(i2,c) voltage is greater than specified by vmax


The temperature limiting function received NaN.
Please check your power dissipation and improve your heat sink Rth!
    This message will be shown only once.

Note: Starting dynamic gmin stepping
OSDI(debug) n.xr2.nr1: WARNING: V(i2,c) voltage is greater than specified by vmax
Note: Dynamic gmin stepping completed

Initial Transient Solution
--------------------------

Node                                   Voltage
----                                   -------
vdd                                       3.63
vss                                          0
fb                                     2.86765
vdd__t0                                3.62997
vm1_p                                 0.591145
vdd__t1                                   3.63
sns1__t0                              0.591145
vdd__t2                                3.62999
vm2a_p                                0.578852
vdd__t3                                   3.63
sns2__t0                              0.578852
vdd__t4                                   3.63
vm2b_p                                 0.57884
vdd__t5                                   3.63
sns2__t1                               0.57884
vdd__t6                                3.62999
vm3a_p                                0.968952
vdd__t7                                   3.63
vref__t0                              0.968952
vdd__t10                                  3.63
vm3b_p                                0.968938
vdd__t8                                   3.63
vref__t2                              0.968938
vdd__t11                                  3.63
vm3c_p                                 0.96894
vdd__t9                                   3.63
vref__t3                               0.96894
sns2__t2                              0.578816
vsubs                                        0
cb2__t0                               0.517052
xr2.dt                                       0
vref__t1                              0.968909
tn0__t2                               0.940935
xr1.dt                                       0
tn0__t0                               0.940916
tn0__t1                               0.940916
xru1.dt                                      0
tn0__t8                               0.940916
t002__t1                              0.940916
xru2.dt                                      0
t002__t0                              0.940916
tn0__t13                              0.940916
xru3.dt                                      0
tn0__t15                              0.940916
t004__t0                              0.940916
xru4.dt                                      0
t004__t1                              0.940916
t005__t0                              0.940916
xru5.dt                                      0
t005__t1                              0.940916
t006__t0                              0.940916
xru6.dt                                      0
t006__t1                              0.940916
tn0__t9                               0.940916
xru7.dt                                      0
tn0__t11                              0.940916
t008__t0                              0.940916
xru8.dt                                      0
t008__t1                              0.940916
t009__t0                              0.940916
xru9.dt                                      0
t009__t1                              0.940916
t010__t0                              0.940916
xru10.dt                                     0
t010__t1                              0.940916
t011__t0                              0.940916
xru11.dt                                     0
t011__t1                              0.940916
t012__t0                              0.940916
xru12.dt                                     0
t012__t1                              0.940916
t013__t0                              0.940916
xru13.dt                                     0
t013__t1                              0.940916
t014__t0                              0.940916
xru14.dt                                     0
t014__t1                              0.940916
tn0__t3                               0.940916
xru15.dt                                     0
tn0__t4                               0.940916
t016__t1                              0.940916
xru16.dt                                     0
t016__t0                              0.940916
t017__t1                              0.940916
xru17.dt                                     0
t017__t0                              0.940916
t018__t1                              0.940916
xru18.dt                                     0
t018__t0                              0.940916
t019__t1                              0.940916
xru19.dt                                     0
t019__t0                              0.940916
t020__t1                              0.940916
xru20.dt                                     0
t020__t0                              0.940916
t021__t1                              0.940916
xru21.dt                                     0
t021__t0                              0.940916
t022__t1                              0.940916
xru22.dt                                     0
t022__t0                              0.940916
t023__t1                              0.940916
xru23.dt                                     0
t023__t0                              0.940916
t024__t1                              0.940916
xru24.dt                                     0
t024__t0                              0.940916
t025__t1                              0.940916
xru25.dt                                     0
t025__t0                              0.940916
t026__t1                              0.940916
xru26.dt                                     0
t026__t0                              0.940916
t027__t1                              0.940916
xru27.dt                                     0
t027__t0                              0.940916
t028__t1                              0.940916
xru28.dt                                     0
t028__t0                              0.940916
t029__t1                              0.940916
xru29.dt                                     0
t029__t0                              0.940916
t030__t1                              0.940916
xru30.dt                                     0
t030__t0                              0.940916
tn0__t6                               0.940916
xru31.dt                                     0
tn0__t12                              0.940916
t032__t0                              0.940916
xru32.dt                                     0
t032__t1                              0.940916
t033__t0                              0.940916
xru33.dt                                     0
t033__t1                              0.940916
t034__t0                              0.940916
xru34.dt                                     0
t034__t1                              0.940916
t035__t0                              0.940916
xru35.dt                                     0
t035__t1                              0.940916
t036__t0                              0.940916
xru36.dt                                     0
t036__t1                              0.940916
t037__t0                              0.940916
xru37.dt                                     0
t037__t1                              0.940916
t038__t0                              0.940916
xru38.dt                                     0
t038__t1                              0.940916
t039__t0                              0.940916
xru39.dt                                     0
t039__t1                              0.940916
t040__t0                              0.940916
xru40.dt                                     0
t040__t1                              0.940916
t041__t0                              0.940916
xru41.dt                                     0
t041__t1                              0.940916
t042__t0                              0.940916
xru42.dt                                     0
t042__t1                              0.940916
t043__t0                              0.940916
xru43.dt                                     0
t043__t1                              0.940916
t044__t0                              0.940916
xru44.dt                                     0
t044__t1                              0.940916
t045__t0                              0.940916
xru45.dt                                     0
t045__t1                              0.940916
t046__t1                              0.940916
xru46.dt                                     0
t046__t0                              0.940916
t047__t1                              0.940916
xru47.dt                                     0
t047__t0                              0.940916
t048__t1                              0.940916
xru48.dt                                     0
t048__t0                              0.940916
t049__t1                              0.940916
xru49.dt                                     0
t049__t0                              0.940916
t050__t1                              0.940916
xru50.dt                                     0
t050__t0                              0.940916
t051__t1                              0.940916
xru51.dt                                     0
t051__t0                              0.940916
t052__t1                              0.940916
xru52.dt                                     0
t052__t0                              0.940916
t053__t1                              0.940916
xru53.dt                                     0
t053__t0                              0.940916
t054__t1                              0.940916
xru54.dt                                     0
t054__t0                              0.940916
t055__t1                              0.940916
xru55.dt                                     0
t055__t0                              0.940916
t056__t1                              0.940916
xru56.dt                                     0
t056__t0                              0.940916
t057__t1                              0.940916
xru57.dt                                     0
t057__t0                              0.940916
t058__t1                              0.940916
xru58.dt                                     0
t058__t0                              0.940916
t059__t1                              0.940916
xru59.dt                                     0
t059__t0                              0.940916
t060__t1                              0.940916
xru60.dt                                     0
t060__t0                              0.940916
t061__t0                              0.940916
xru61.dt                                     0
t061__t1                              0.940916
t062__t0                              0.940916
xru62.dt                                     0
t062__t1                              0.940916
tn0__t7                               0.940916
xru63.dt                                     0
tn0__t14                              0.940916
t064__t0                              0.940916
xru64.dt                                     0
t064__t1                              0.940916
t065__t0                              0.940916
xru65.dt                                     0
t065__t1                              0.940916
t066__t0                              0.940916
xru66.dt                                     0
t066__t1                              0.940916
t067__t0                              0.940916
xru67.dt                                     0
t067__t1                              0.940916
t068__t0                              0.940916
xru68.dt                                     0
t068__t1                              0.940916
t069__t0                              0.940916
xru69.dt                                     0
t069__t1                              0.940916
t070__t0                              0.940916
xru70.dt                                     0
t070__t1                              0.940916
t071__t0                              0.940916
xru71.dt                                     0
t071__t1                              0.940916
t072__t0                              0.940916
xru72.dt                                     0
t072__t1                              0.940916
t073__t0                              0.940916
xru73.dt                                     0
t073__t1                              0.940916
t074__t0                              0.940916
xru74.dt                                     0
t074__t1                              0.940916
t075__t0                              0.940916
xru75.dt                                     0
t075__t1                              0.940916
t076__t1                              0.940916
xru76.dt                                     0
t076__t0                              0.940916
t077__t1                              0.940916
xru77.dt                                     0
t077__t0                              0.940916
t078__t1                              0.940916
xru78.dt                                     0
t078__t0                              0.940916
t079__t1                              0.940916
xru79.dt                                     0
t079__t0                              0.940916
t080__t1                              0.940916
xru80.dt                                     0
t080__t0                              0.940916
t081__t1                              0.940916
xru81.dt                                     0
t081__t0                              0.940916
t082__t1                              0.940916
xru82.dt                                     0
t082__t0                              0.940916
t083__t1                              0.940916
xru83.dt                                     0
t083__t0                              0.940916
t084__t1                              0.940916
xru84.dt                                     0
t084__t0                              0.940916
t085__t1                              0.940916
xru85.dt                                     0
t085__t0                              0.940916
t086__t1                              0.940916
xru86.dt                                     0
t086__t0                              0.940916
t087__t1                              0.940916
xru87.dt                                     0
t087__t0                              0.940916
t088__t1                              0.940916
xru88.dt                                     0
t088__t0                              0.940916
t089__t1                              0.940916
xru89.dt                                     0
t089__t0                              0.940916
t090__t1                              0.940916
xru90.dt                                     0
t090__t0                              0.940916
t091__t0                              0.940916
xru91.dt                                     0
t091__t1                              0.940916
t092__t0                              0.940916
xru92.dt                                     0
t092__t1                              0.940916
t093__t0                              0.940916
xru93.dt                                     0
t093__t1                              0.940916
t094__t0                              0.940916
xru94.dt                                     0
t094__t1                              0.940916
t095__t0                              0.940916
xru95.dt                                     0
t095__t1                              0.940916
t096__t0                              0.940916
xru96.dt                                     0
t096__t1                              0.940916
t097__t0                              0.940916
xru97.dt                                     0
t097__t1                              0.940916
t098__t0                              0.940916
xru98.dt                                     0
t098__t1                              0.940916
t099__t0                              0.940916
xru99.dt                                     0
t099__t1                              0.940916
t100__t0                              0.940916
xru100.dt                                    0
t100__t1                              0.940916
t101__t0                              0.940916
xru101.dt                                    0
t101__t1                              0.940916
t102__t0                              0.940916
xru102.dt                                    0
t102__t1                              0.940916
t103__t0                              0.940916
xru103.dt                                    0
t103__t1                              0.940916
t104__t0                              0.940916
xru104.dt                                    0
t104__t1                              0.940916
t105__t0                              0.940916
xru105.dt                                    0
t105__t1                              0.940916
t106__t1                              0.940916
xru106.dt                                    0
t106__t0                              0.940916
t107__t1                              0.940916
xru107.dt                                    0
t107__t0                              0.940916
t108__t1                              0.940916
xru108.dt                                    0
t108__t0                              0.940916
t109__t1                              0.940916
xru109.dt                                    0
t109__t0                              0.940916
t110__t1                              0.940916
xru110.dt                                    0
t110__t0                              0.940916
t111__t1                              0.940916
xru111.dt                                    0
t111__t0                              0.940916
t112__t1                              0.940916
xru112.dt                                    0
t112__t0                              0.940916
t113__t1                              0.940916
xru113.dt                                    0
t113__t0                              0.940916
t114__t1                              0.940916
xru114.dt                                    0
t114__t0                              0.940916
t115__t1                              0.940916
xru115.dt                                    0
t115__t0                              0.940916
t116__t1                              0.940916
xru116.dt                                    0
t116__t0                              0.940916
t117__t1                              0.940916
xru117.dt                                    0
t117__t0                              0.940916
t118__t1                              0.940916
xru118.dt                                    0
t118__t0                              0.940916
t119__t1                              0.940916
xru119.dt                                    0
t119__t0                              0.940916
t120__t1                              0.940916
xru120.dt                                    0
t120__t0                              0.940916
t121__t0                              0.940916
xru121.dt                                    0
t121__t1                              0.940916
t122__t0                              0.940916
xru122.dt                                    0
t122__t1                              0.940916
t123__t0                              0.940916
xru123.dt                                    0
t123__t1                              0.940916
t124__t0                              0.940916
xru124.dt                                    0
t124__t1                              0.940916
t125__t0                              0.940916
xru125.dt                                    0
t125__t1                              0.940916
t126__t0                              0.940916
xru126.dt                                    0
t126__t1                              0.940916
tn0__t5                               0.940916
xru127.dt                                    0
tn0__t10                              0.940905
t128__t0                              0.938177
xru128.dt                                    0
t128__t1                              0.938177
t129__t0                              0.935449
xru129.dt                                    0
t129__t1                              0.935449
t130__t0                              0.932721
xru130.dt                                    0
t130__t1                               0.93272
t131__t0                              0.929993
xru131.dt                                    0
t131__t1                              0.929992
t132__t0                              0.927264
xru132.dt                                    0
t132__t1                              0.927264
t133__t0                              0.924536
xru133.dt                                    0
t133__t1                              0.924536
t134__t0                              0.921808
xru134.dt                                    0
t134__t1                              0.921808
t135__t0                               0.91908
xru135.dt                                    0
t135__t1                              0.919074
t136__t1                              0.916346
xru136.dt                                    0
t136__t0                              0.916346
t137__t1                              0.913618
xru137.dt                                    0
t137__t0                              0.913618
t138__t1                               0.91089
xru138.dt                                    0
t138__t0                               0.91089
t139__t1                              0.908162
xru139.dt                                    0
t139__t0                              0.908161
t140__t1                              0.905433
xru140.dt                                    0
t140__t0                              0.905433
t141__t1                              0.902705
xru141.dt                                    0
t141__t0                              0.902705
t142__t1                              0.899977
xru142.dt                                    0
t142__t0                              0.899977
t143__t1                              0.897249
xru143.dt                                    0
t143__t0                              0.897249
t144__t1                              0.894521
xru144.dt                                    0
t144__t0                              0.894521
t145__t1                              0.891793
xru145.dt                                    0
t145__t0                              0.891792
t146__t1                              0.889064
xru146.dt                                    0
t146__t0                              0.889064
t147__t1                              0.886336
xru147.dt                                    0
t147__t0                              0.886336
t148__t1                              0.883608
xru148.dt                                    0
t148__t0                              0.883608
t149__t1                               0.88088
xru149.dt                                    0
t149__t0                               0.88088
t150__t1                              0.878152
xru150.dt                                    0
t150__t0                              0.878146
t151__t0                              0.875418
xru151.dt                                    0
t151__t1                              0.875418
t152__t0                               0.87269
xru152.dt                                    0
t152__t1                               0.87269
t153__t0                              0.869962
xru153.dt                                    0
t153__t1                              0.869961
t154__t0                              0.867234
xru154.dt                                    0
t154__t1                              0.867233
t155__t0                              0.864505
xru155.dt                                    0
t155__t1                              0.864505
t156__t0                              0.861777
xru156.dt                                    0
t156__t1                              0.861777
t157__t0                              0.859049
xru157.dt                                    0
t157__t1                              0.859049
t158__t0                              0.856321
xru158.dt                                    0
t158__t1                              0.856321
t159__t0                              0.853593
xru159.dt                                    0
t159__t1                              0.853592
t160__t0                              0.850865
xru160.dt                                    0
t160__t1                              0.850864
t161__t0                              0.848136
xru161.dt                                    0
t161__t1                              0.848136
t162__t0                              0.845408
xru162.dt                                    0
t162__t1                              0.845408
t163__t0                               0.84268
xru163.dt                                    0
t163__t1                               0.84268
t164__t0                              0.839952
xru164.dt                                    0
t164__t1                              0.839952
t165__t0                              0.837224
xru165.dt                                    0
t165__t1                              0.837218
t166__t1                               0.83449
xru166.dt                                    0
t166__t0                               0.83449
t167__t1                              0.831762
xru167.dt                                    0
t167__t0                              0.831762
t168__t1                              0.829034
xru168.dt                                    0
t168__t0                              0.829033
t169__t1                              0.826306
xru169.dt                                    0
t169__t0                              0.826305
t170__t1                              0.823577
xru170.dt                                    0
t170__t0                              0.823577
t171__t1                              0.820849
xru171.dt                                    0
t171__t0                              0.820849
t172__t1                              0.818121
xru172.dt                                    0
t172__t0                              0.818121
t173__t1                              0.815393
xru173.dt                                    0
t173__t0                              0.815393
t174__t1                              0.812665
xru174.dt                                    0
t174__t0                              0.812664
t175__t1                              0.809937
xru175.dt                                    0
t175__t0                              0.809936
t176__t1                              0.807208
xru176.dt                                    0
t176__t0                              0.807208
t177__t1                               0.80448
xru177.dt                                    0
t177__t0                               0.80448
t178__t1                              0.801752
xru178.dt                                    0
t178__t0                              0.801752
t179__t1                              0.799024
xru179.dt                                    0
t179__t0                              0.799024
t180__t1                              0.796296
xru180.dt                                    0
t180__t0                               0.79629
t181__t0                              0.793562
xru181.dt                                    0
t181__t1                              0.793562
t182__t0                              0.790834
xru182.dt                                    0
t182__t1                              0.790834
t183__t0                              0.788106
xru183.dt                                    0
t183__t1                              0.788105
t184__t0                              0.785378
xru184.dt                                    0
t184__t1                              0.785377
t185__t0                              0.782649
xru185.dt                                    0
t185__t1                              0.782649
t186__t0                              0.779921
xru186.dt                                    0
t186__t1                              0.779921
t187__t0                              0.777193
xru187.dt                                    0
t187__t1                              0.777193
t188__t0                              0.774465
xru188.dt                                    0
t188__t1                              0.774465
t189__t0                              0.771737
xru189.dt                                    0
t189__t1                              0.771736
t190__t0                              0.769009
xru190.dt                                    0
t190__t1                              0.769008
t191__t0                               0.76628
xru191.dt                                    0
t191__t1                               0.76628
t192__t0                              0.763552
xru192.dt                                    0
t192__t1                              0.763552
t193__t0                              0.760824
xru193.dt                                    0
t193__t1                              0.760824
t194__t0                              0.758096
xru194.dt                                    0
t194__t1                              0.758096
t195__t0                              0.755368
xru195.dt                                    0
t195__t1                              0.755362
t196__t1                              0.752634
xru196.dt                                    0
t196__t0                              0.752634
t197__t1                              0.749906
xru197.dt                                    0
t197__t0                              0.749906
t198__t1                              0.747178
xru198.dt                                    0
t198__t0                              0.747177
t199__t1                              0.744449
xru199.dt                                    0
t199__t0                              0.744449
t200__t1                              0.741721
xru200.dt                                    0
t200__t0                              0.741721
t201__t1                              0.738993
xru201.dt                                    0
t201__t0                              0.738993
t202__t1                              0.736265
xru202.dt                                    0
t202__t0                              0.736265
t203__t1                              0.733537
xru203.dt                                    0
t203__t0                              0.733537
t204__t1                              0.730809
xru204.dt                                    0
t204__t0                              0.730808
t205__t1                               0.72808
xru205.dt                                    0
t205__t0                               0.72808
t206__t1                              0.725352
xru206.dt                                    0
t206__t0                              0.725352
t207__t1                              0.722624
xru207.dt                                    0
t207__t0                              0.722624
t208__t1                              0.719896
xru208.dt                                    0
t208__t0                              0.719896
t209__t1                              0.717168
xru209.dt                                    0
t209__t0                              0.717168
t210__t1                               0.71444
xru210.dt                                    0
t210__t0                              0.714434
t211__t0                              0.711706
xru211.dt                                    0
t211__t1                              0.711706
t212__t0                              0.708978
xru212.dt                                    0
t212__t1                              0.708978
t213__t0                               0.70625
xru213.dt                                    0
t213__t1                              0.706249
t214__t0                              0.703521
xru214.dt                                    0
t214__t1                              0.703521
t215__t0                              0.700793
xru215.dt                                    0
t215__t1                              0.700793
t216__t0                              0.698065
xru216.dt                                    0
t216__t1                              0.698065
t217__t0                              0.695337
xru217.dt                                    0
t217__t1                              0.695337
t218__t0                              0.692609
xru218.dt                                    0
t218__t1                              0.692609
t219__t0                              0.689881
xru219.dt                                    0
t219__t1                               0.68988
t220__t0                              0.687152
xru220.dt                                    0
t220__t1                              0.687152
t221__t0                              0.684424
xru221.dt                                    0
t221__t1                              0.684424
t222__t0                              0.681696
xru222.dt                                    0
t222__t1                              0.681696
t223__t0                              0.678968
xru223.dt                                    0
t223__t1                              0.678968
t224__t0                               0.67624
xru224.dt                                    0
t224__t1                              0.676239
t225__t0                              0.673512
xru225.dt                                    0
t225__t1                              0.673506
t226__t1                              0.670778
xru226.dt                                    0
t226__t0                              0.670778
t227__t1                               0.66805
xru227.dt                                    0
t227__t0                              0.668049
t228__t1                              0.665322
xru228.dt                                    0
t228__t0                              0.665321
t229__t1                              0.662593
xru229.dt                                    0
t229__t0                              0.662593
t230__t1                              0.659865
xru230.dt                                    0
t230__t0                              0.659865
t231__t1                              0.657137
xru231.dt                                    0
t231__t0                              0.657137
t232__t1                              0.654409
xru232.dt                                    0
t232__t0                              0.654409
t233__t1                              0.651681
xru233.dt                                    0
t233__t0                               0.65168
t234__t1                              0.648953
xru234.dt                                    0
t234__t0                              0.648952
t235__t1                              0.646224
xru235.dt                                    0
t235__t0                              0.646224
t236__t1                              0.643496
xru236.dt                                    0
t236__t0                              0.643496
t237__t1                              0.640768
xru237.dt                                    0
t237__t0                              0.640768
t238__t1                               0.63804
xru238.dt                                    0
t238__t0                               0.63804
t239__t1                              0.635312
xru239.dt                                    0
t239__t0                              0.635311
t240__t1                              0.632584
xru240.dt                                    0
t240__t0                              0.632578
t241__t0                               0.62985
xru241.dt                                    0
t241__t1                               0.62985
t242__t0                              0.627122
xru242.dt                                    0
t242__t1                              0.627121
t243__t0                              0.624394
xru243.dt                                    0
t243__t1                              0.624393
t244__t0                              0.621665
xru244.dt                                    0
t244__t1                              0.621665
t245__t0                              0.618937
xru245.dt                                    0
t245__t1                              0.618937
t246__t0                              0.616209
xru246.dt                                    0
t246__t1                              0.616209
t247__t0                              0.613481
xru247.dt                                    0
t247__t1                              0.613481
t248__t0                              0.610753
xru248.dt                                    0
t248__t1                              0.610752
t249__t0                              0.608025
xru249.dt                                    0
t249__t1                              0.608024
t250__t0                              0.605296
xru250.dt                                    0
t250__t1                              0.605296
t251__t0                              0.602568
xru251.dt                                    0
t251__t1                              0.602568
t252__t0                               0.59984
xru252.dt                                    0
t252__t1                               0.59984
t253__t0                              0.597112
xru253.dt                                    0
t253__t1                              0.597112
t254__t0                              0.594384
xru254.dt                                    0
t254__t1                              0.594383
cb3__t0                               0.591656
xru255.dt                                    0
sns1                                  0.591068
xq1.s1                             3.42389e-08
xq1.t                                0.0342094
cb2                                   0.516934
xq2.s1                             4.11973e-07
xq2.t                               0.00463716
cb3                                   0.591455
xq3.s1                             3.42402e-08
xq3.t                                0.0345876
sns2                                  0.578838
tn0                                   0.940916
t002                                  0.940916
t004                                  0.940916
t005                                  0.940916
t006                                  0.940916
t008                                  0.940916
t009                                  0.940916
t010                                  0.940916
t011                                  0.940916
t012                                  0.940916
t013                                  0.940916
t014                                  0.940916
t016                                  0.940916
t017                                  0.940916
t018                                  0.940916
t019                                  0.940916
t020                                  0.940916
t021                                  0.940916
t022                                  0.940916
t023                                  0.940916
t024                                  0.940916
t025                                  0.940916
t026                                  0.940916
t027                                  0.940916
t028                                  0.940916
t029                                  0.940916
t030                                  0.940916
t032                                  0.940916
t033                                  0.940916
t034                                  0.940916
t035                                  0.940916
t036                                  0.940916
t037                                  0.940916
t038                                  0.940916
t039                                  0.940916
t040                                  0.940916
t041                                  0.940916
t042                                  0.940916
t043                                  0.940916
t044                                  0.940916
t045                                  0.940916
t046                                  0.940916
t047                                  0.940916
t048                                  0.940916
t049                                  0.940916
t050                                  0.940916
t051                                  0.940916
t052                                  0.940916
t053                                  0.940916
t054                                  0.940916
t055                                  0.940916
t056                                  0.940916
t057                                  0.940916
t058                                  0.940916
t059                                  0.940916
t060                                  0.940916
t061                                  0.940916
t062                                  0.940916
t064                                  0.940916
t065                                  0.940916
t066                                  0.940916
t067                                  0.940916
t068                                  0.940916
t069                                  0.940916
t070                                  0.940916
t071                                  0.940916
t072                                  0.940916
t073                                  0.940916
t074                                  0.940916
t075                                  0.940916
t076                                  0.940916
t077                                  0.940916
t078                                  0.940916
t079                                  0.940916
t080                                  0.940916
t081                                  0.940916
t082                                  0.940916
t083                                  0.940916
t084                                  0.940916
t085                                  0.940916
t086                                  0.940916
t087                                  0.940916
t088                                  0.940916
t089                                  0.940916
t090                                  0.940916
t091                                  0.940916
t092                                  0.940916
t093                                  0.940916
t094                                  0.940916
t095                                  0.940916
t096                                  0.940916
t097                                  0.940916
t098                                  0.940916
t099                                  0.940916
t100                                  0.940916
t101                                  0.940916
t102                                  0.940916
t103                                  0.940916
t104                                  0.940916
t105                                  0.940916
t106                                  0.940916
t107                                  0.940916
t108                                  0.940916
t109                                  0.940916
t110                                  0.940916
t111                                  0.940916
t112                                  0.940916
t113                                  0.940916
t114                                  0.940916
t115                                  0.940916
t116                                  0.940916
t117                                  0.940916
t118                                  0.940916
t119                                  0.940916
t120                                  0.940916
t121                                  0.940916
t122                                  0.940916
t123                                  0.940916
t124                                  0.940916
t125                                  0.940916
t126                                  0.940916
t128                                  0.938177
t129                                  0.935449
t130                                  0.932721
t131                                  0.929992
t132                                  0.927264
t133                                  0.924536
t134                                  0.921808
t135                                  0.919077
t136                                  0.916346
t137                                  0.913618
t138                                   0.91089
t139                                  0.908162
t140                                  0.905433
t141                                  0.902705
t142                                  0.899977
t143                                  0.897249
t144                                  0.894521
t145                                  0.891792
t146                                  0.889064
t147                                  0.886336
t148                                  0.883608
t149                                   0.88088
t150                                  0.878149
t151                                  0.875418
t152                                   0.87269
t153                                  0.869962
t154                                  0.867233
t155                                  0.864505
t156                                  0.861777
t157                                  0.859049
t158                                  0.856321
t159                                  0.853593
t160                                  0.850864
t161                                  0.848136
t162                                  0.845408
t163                                   0.84268
t164                                  0.839952
t165                                  0.837221
t166                                   0.83449
t167                                  0.831762
t168                                  0.829034
t169                                  0.826305
t170                                  0.823577
t171                                  0.820849
t172                                  0.818121
t173                                  0.815393
t174                                  0.812665
t175                                  0.809936
t176                                  0.807208
t177                                   0.80448
t178                                  0.801752
t179                                  0.799024
t180                                  0.796293
t181                                  0.793562
t182                                  0.790834
t183                                  0.788106
t184                                  0.785377
t185                                  0.782649
t186                                  0.779921
t187                                  0.777193
t188                                  0.774465
t189                                  0.771737
t190                                  0.769008
t191                                   0.76628
t192                                  0.763552
t193                                  0.760824
t194                                  0.758096
t195                                  0.755365
t196                                  0.752634
t197                                  0.749906
t198                                  0.747178
t199                                  0.744449
t200                                  0.741721
t201                                  0.738993
t202                                  0.736265
t203                                  0.733537
t204                                  0.730809
t205                                   0.72808
t206                                  0.725352
t207                                  0.722624
t208                                  0.719896
t209                                  0.717168
t210                                  0.714437
t211                                  0.711706
t212                                  0.708978
t213                                  0.706249
t214                                  0.703521
t215                                  0.700793
t216                                  0.698065
t217                                  0.695337
t218                                  0.692609
t219                                   0.68988
t220                                  0.687152
t221                                  0.684424
t222                                  0.681696
t223                                  0.678968
t224                                   0.67624
t225                                  0.673509
t226                                  0.670778
t227                                   0.66805
t228                                  0.665321
t229                                  0.662593
t230                                  0.659865
t231                                  0.657137
t232                                  0.654409
t233                                  0.651681
t234                                  0.648952
t235                                  0.646224
t236                                  0.643496
t237                                  0.640768
t238                                   0.63804
t239                                  0.635312
t240                                  0.632581
t241                                   0.62985
t242                                  0.627122
t243                                  0.624393
t244                                  0.621665
t245                                  0.618937
t246                                  0.616209
t247                                  0.613481
t248                                  0.610753
t249                                  0.608024
t250                                  0.605296
t251                                  0.602568
t252                                   0.59984
t253                                  0.597112
t254                                  0.594384
vref                                  0.968937
vss__par                                     0
pa_00                                0.0741338
pa_01                              5.13481e-06
pa_02                              5.15373e-06
pa_03                                  73244.5
pa_04                                  12055.8
bpa_04#branch                                0
vm2a#branch                        4.59381e-06
vm2b#branch                        5.41001e-07
bpa_03#branch                                0
vm3a#branch                        4.07559e-06
vm3b#branch                        5.39072e-07
vm3c#branch                        5.39068e-07
bpa_02#branch                                0
bpa_01#branch                                0
bpa_00#branch                                0
vm1#branch                         5.09845e-06
vvss#branch                         2.0387e-05
vvdd#branch                        -2.0387e-05


No. of Data Rows : 59

  Measurements for Transient Analysis

vref_v              =  9.68937e-01
vpexfb_v            =  2.86765e+00
vbe_q1_v            =  5.91068e-01
vbe_q2_v            =  5.16934e-01
vbe_q3_v            =  5.91455e-01
dvbe_ptat_v         =  7.41338e-02
i_leg1_a            =  5.09845e-06
i_leg2_a            =  5.13481e-06
i_leg3_a            =  5.15373e-06
r1_ohm              =  7.32445e+04
r2_ohm              =  1.20558e+04

ngspice-46 done
