
Note: No compatibility mode selected!


Circuit: * klt sim -- generated corner deck, do not edit

Doing analysis at TEMP = -40.000000 and TNOM = 27.000000

Using SPARSE 1.3 as Direct Linear Solver

Initial Transient Solution
--------------------------

Node                                   Voltage
----                                   -------
vdd                                       2.97
vss                                          0
fb                                     2.05712
vdd__t0                                2.96997
vm1_p                                 0.796246
vdd__t1                                   2.97
sns1__t0                              0.796246
vdd__t2                                2.96999
vm2a_p                                0.814087
vdd__t3                                   2.97
sns2__t0                              0.814087
vdd__t4                                   2.97
vm2b_p                                0.814075
vdd__t5                                   2.97
sns2__t1                              0.814075
vdd__t6                                2.96999
vm3a_p                                 1.16903
vdd__t7                                   2.97
vref__t0                               1.16903
vdd__t10                                  2.97
vm3b_p                                 1.16902
vdd__t8                                   2.97
vref__t2                               1.16902
vdd__t11                                  2.97
vm3c_p                                 1.16902
vdd__t9                                   2.97
vref__t3                               1.16902
sns2__t2                              0.814051
vsubs                                        0
cb2__t0                               0.754105
xr2.dt                                       0
vref__t1                               1.16899
tn0__t2                                1.14168
xr1.dt                                       0
tn0__t0                                1.14166
tn0__t1                                1.14166
xru1.dt                                      0
tn0__t8                                1.14166
t002__t1                               1.14166
xru2.dt                                      0
t002__t0                               1.14166
tn0__t13                               1.14166
xru3.dt                                      0
tn0__t15                               1.14166
t004__t0                               1.14166
xru4.dt                                      0
t004__t1                               1.14166
t005__t0                               1.14166
xru5.dt                                      0
t005__t1                               1.14166
t006__t0                               1.14166
xru6.dt                                      0
t006__t1                               1.14166
tn0__t9                                1.14166
xru7.dt                                      0
tn0__t11                               1.14166
t008__t0                               1.14166
xru8.dt                                      0
t008__t1                               1.14166
t009__t0                               1.14166
xru9.dt                                      0
t009__t1                               1.14166
t010__t0                               1.14166
xru10.dt                                     0
t010__t1                               1.14166
t011__t0                               1.14166
xru11.dt                                     0
t011__t1                               1.14166
t012__t0                               1.14166
xru12.dt                                     0
t012__t1                               1.14166
t013__t0                               1.14166
xru13.dt                                     0
t013__t1                               1.14166
t014__t0                               1.14166
xru14.dt                                     0
t014__t1                               1.14166
tn0__t3                                1.14166
xru15.dt                                     0
tn0__t4                                1.14166
t016__t1                               1.14166
xru16.dt                                     0
t016__t0                               1.14166
t017__t1                               1.14166
xru17.dt                                     0
t017__t0                               1.14166
t018__t1                               1.14166
xru18.dt                                     0
t018__t0                               1.14166
t019__t1                               1.14166
xru19.dt                                     0
t019__t0                               1.14166
t020__t1                               1.14166
xru20.dt                                     0
t020__t0                               1.14166
t021__t1                               1.14166
xru21.dt                                     0
t021__t0                               1.14166
t022__t1                               1.14166
xru22.dt                                     0
t022__t0                               1.14166
t023__t1                               1.14166
xru23.dt                                     0
t023__t0                               1.14166
t024__t1                               1.14166
xru24.dt                                     0
t024__t0                               1.14166
t025__t1                               1.14166
xru25.dt                                     0
t025__t0                               1.14166
t026__t1                               1.14166
xru26.dt                                     0
t026__t0                               1.14166
t027__t1                               1.14166
xru27.dt                                     0
t027__t0                               1.14166
t028__t1                               1.14166
xru28.dt                                     0
t028__t0                               1.14166
t029__t1                               1.14166
xru29.dt                                     0
t029__t0                               1.14166
t030__t1                               1.14166
xru30.dt                                     0
t030__t0                               1.14166
tn0__t6                                1.14166
xru31.dt                                     0
tn0__t12                               1.14166
t032__t0                               1.14166
xru32.dt                                     0
t032__t1                               1.14166
t033__t0                               1.14166
xru33.dt                                     0
t033__t1                               1.14166
t034__t0                               1.14166
xru34.dt                                     0
t034__t1                               1.14166
t035__t0                               1.14166
xru35.dt                                     0
t035__t1                               1.14166
t036__t0                               1.14166
xru36.dt                                     0
t036__t1                               1.14166
t037__t0                               1.14166
xru37.dt                                     0
t037__t1                               1.14166
t038__t0                               1.14166
xru38.dt                                     0
t038__t1                               1.14166
t039__t0                               1.14166
xru39.dt                                     0
t039__t1                               1.14166
t040__t0                               1.14166
xru40.dt                                     0
t040__t1                               1.14166
t041__t0                               1.14166
xru41.dt                                     0
t041__t1                               1.14166
t042__t0                               1.14166
xru42.dt                                     0
t042__t1                               1.14166
t043__t0                               1.14166
xru43.dt                                     0
t043__t1                               1.14166
t044__t0                               1.14166
xru44.dt                                     0
t044__t1                               1.14166
t045__t0                               1.14166
xru45.dt                                     0
t045__t1                               1.14166
t046__t1                               1.14166
xru46.dt                                     0
t046__t0                               1.14166
t047__t1                               1.14166
xru47.dt                                     0
t047__t0                               1.14166
t048__t1                               1.14166
xru48.dt                                     0
t048__t0                               1.14166
t049__t1                               1.14166
xru49.dt                                     0
t049__t0                               1.14166
t050__t1                               1.14166
xru50.dt                                     0
t050__t0                               1.14166
t051__t1                               1.14166
xru51.dt                                     0
t051__t0                               1.14166
t052__t1                               1.14166
xru52.dt                                     0
t052__t0                               1.14166
t053__t1                               1.14166
xru53.dt                                     0
t053__t0                               1.14166
t054__t1                               1.14166
xru54.dt                                     0
t054__t0                               1.14166
t055__t1                               1.14166
xru55.dt                                     0
t055__t0                               1.14166
t056__t1                               1.14166
xru56.dt                                     0
t056__t0                               1.14166
t057__t1                               1.14166
xru57.dt                                     0
t057__t0                               1.14166
t058__t1                               1.14166
xru58.dt                                     0
t058__t0                               1.14166
t059__t1                               1.14166
xru59.dt                                     0
t059__t0                               1.14166
t060__t1                               1.14166
xru60.dt                                     0
t060__t0                               1.14166
t061__t0                               1.14166
xru61.dt                                     0
t061__t1                               1.14166
t062__t0                               1.14166
xru62.dt                                     0
t062__t1                               1.14166
tn0__t7                                1.14166
xru63.dt                                     0
tn0__t14                               1.14166
t064__t0                               1.14166
xru64.dt                                     0
t064__t1                               1.14166
t065__t0                               1.14166
xru65.dt                                     0
t065__t1                               1.14166
t066__t0                               1.14166
xru66.dt                                     0
t066__t1                               1.14166
t067__t0                               1.14166
xru67.dt                                     0
t067__t1                               1.14166
t068__t0                               1.14166
xru68.dt                                     0
t068__t1                               1.14166
t069__t0                               1.14166
xru69.dt                                     0
t069__t1                               1.14166
t070__t0                               1.14166
xru70.dt                                     0
t070__t1                               1.14166
t071__t0                               1.14166
xru71.dt                                     0
t071__t1                               1.14166
t072__t0                               1.14166
xru72.dt                                     0
t072__t1                               1.14166
t073__t0                               1.14166
xru73.dt                                     0
t073__t1                               1.14166
t074__t0                               1.14166
xru74.dt                                     0
t074__t1                               1.14166
t075__t0                               1.14166
xru75.dt                                     0
t075__t1                               1.14166
t076__t1                               1.14166
xru76.dt                                     0
t076__t0                               1.14166
t077__t1                               1.14166
xru77.dt                                     0
t077__t0                               1.14166
t078__t1                               1.14166
xru78.dt                                     0
t078__t0                               1.14166
t079__t1                               1.14166
xru79.dt                                     0
t079__t0                               1.14166
t080__t1                               1.14166
xru80.dt                                     0
t080__t0                               1.14166
t081__t1                               1.14166
xru81.dt                                     0
t081__t0                               1.14166
t082__t1                               1.14166
xru82.dt                                     0
t082__t0                               1.14166
t083__t1                               1.14166
xru83.dt                                     0
t083__t0                               1.14166
t084__t1                               1.14166
xru84.dt                                     0
t084__t0                               1.14166
t085__t1                               1.14166
xru85.dt                                     0
t085__t0                               1.14166
t086__t1                               1.14166
xru86.dt                                     0
t086__t0                               1.14166
t087__t1                               1.14166
xru87.dt                                     0
t087__t0                               1.14166
t088__t1                               1.14166
xru88.dt                                     0
t088__t0                               1.14166
t089__t1                               1.14166
xru89.dt                                     0
t089__t0                               1.14166
t090__t1                               1.14166
xru90.dt                                     0
t090__t0                               1.14166
t091__t0                               1.14166
xru91.dt                                     0
t091__t1                               1.14166
t092__t0                               1.14166
xru92.dt                                     0
t092__t1                               1.14166
t093__t0                               1.14166
xru93.dt                                     0
t093__t1                               1.14166
t094__t0                               1.14166
xru94.dt                                     0
t094__t1                               1.14166
t095__t0                               1.14166
xru95.dt                                     0
t095__t1                               1.14166
t096__t0                               1.14166
xru96.dt                                     0
t096__t1                               1.14166
t097__t0                               1.14166
xru97.dt                                     0
t097__t1                               1.14166
t098__t0                               1.14166
xru98.dt                                     0
t098__t1                               1.14166
t099__t0                               1.14166
xru99.dt                                     0
t099__t1                               1.14166
t100__t0                               1.14166
xru100.dt                                    0
t100__t1                               1.14166
t101__t0                               1.14166
xru101.dt                                    0
t101__t1                               1.14166
t102__t0                               1.14166
xru102.dt                                    0
t102__t1                               1.14166
t103__t0                               1.14166
xru103.dt                                    0
t103__t1                               1.14166
t104__t0                               1.14166
xru104.dt                                    0
t104__t1                               1.14166
t105__t0                               1.14166
xru105.dt                                    0
t105__t1                               1.14166
t106__t1                               1.14166
xru106.dt                                    0
t106__t0                               1.14166
t107__t1                               1.14166
xru107.dt                                    0
t107__t0                               1.14166
t108__t1                               1.14166
xru108.dt                                    0
t108__t0                               1.14166
t109__t1                               1.14166
xru109.dt                                    0
t109__t0                               1.14166
t110__t1                               1.14166
xru110.dt                                    0
t110__t0                               1.14166
t111__t1                               1.14166
xru111.dt                                    0
t111__t0                               1.14166
t112__t1                               1.14166
xru112.dt                                    0
t112__t0                               1.14166
t113__t1                               1.14166
xru113.dt                                    0
t113__t0                               1.14166
t114__t1                               1.14166
xru114.dt                                    0
t114__t0                               1.14166
t115__t1                               1.14166
xru115.dt                                    0
t115__t0                               1.14166
t116__t1                               1.14166
xru116.dt                                    0
t116__t0                               1.14166
t117__t1                               1.14166
xru117.dt                                    0
t117__t0                               1.14166
t118__t1                               1.14166
xru118.dt                                    0
t118__t0                               1.14166
t119__t1                               1.14166
xru119.dt                                    0
t119__t0                               1.14166
t120__t1                               1.14166
xru120.dt                                    0
t120__t0                               1.14166
t121__t0                               1.14166
xru121.dt                                    0
t121__t1                               1.14166
t122__t0                               1.14166
xru122.dt                                    0
t122__t1                               1.14166
t123__t0                               1.14166
xru123.dt                                    0
t123__t1                               1.14166
t124__t0                               1.14166
xru124.dt                                    0
t124__t1                               1.14166
t125__t0                               1.14166
xru125.dt                                    0
t125__t1                               1.14166
t126__t0                               1.14166
xru126.dt                                    0
t126__t1                               1.14166
tn0__t5                                1.14166
xru127.dt                                    0
tn0__t10                               1.14165
t128__t0                               1.13895
xru128.dt                                    0
t128__t1                               1.13895
t129__t0                               1.13626
xru129.dt                                    0
t129__t1                               1.13626
t130__t0                               1.13357
xru130.dt                                    0
t130__t1                               1.13357
t131__t0                               1.13087
xru131.dt                                    0
t131__t1                               1.13087
t132__t0                               1.12818
xru132.dt                                    0
t132__t1                               1.12818
t133__t0                               1.12549
xru133.dt                                    0
t133__t1                               1.12549
t134__t0                               1.12279
xru134.dt                                    0
t134__t1                               1.12279
t135__t0                                1.1201
xru135.dt                                    0
t135__t1                               1.12009
t136__t1                                1.1174
xru136.dt                                    0
t136__t0                                1.1174
t137__t1                               1.11471
xru137.dt                                    0
t137__t0                               1.11471
t138__t1                               1.11201
xru138.dt                                    0
t138__t0                               1.11201
t139__t1                               1.10932
xru139.dt                                    0
t139__t0                               1.10932
t140__t1                               1.10663
xru140.dt                                    0
t140__t0                               1.10662
t141__t1                               1.10393
xru141.dt                                    0
t141__t0                               1.10393
t142__t1                               1.10124
xru142.dt                                    0
t142__t0                               1.10124
t143__t1                               1.09854
xru143.dt                                    0
t143__t0                               1.09854
t144__t1                               1.09585
xru144.dt                                    0
t144__t0                               1.09585
t145__t1                               1.09316
xru145.dt                                    0
t145__t0                               1.09316
t146__t1                               1.09046
xru146.dt                                    0
t146__t0                               1.09046
t147__t1                               1.08777
xru147.dt                                    0
t147__t0                               1.08777
t148__t1                               1.08508
xru148.dt                                    0
t148__t0                               1.08508
t149__t1                               1.08238
xru149.dt                                    0
t149__t0                               1.08238
t150__t1                               1.07969
xru150.dt                                    0
t150__t0                               1.07968
t151__t0                               1.07699
xru151.dt                                    0
t151__t1                               1.07699
t152__t0                                1.0743
xru152.dt                                    0
t152__t1                                1.0743
t153__t0                                1.0716
xru153.dt                                    0
t153__t1                                1.0716
t154__t0                               1.06891
xru154.dt                                    0
t154__t1                               1.06891
t155__t0                               1.06622
xru155.dt                                    0
t155__t1                               1.06621
t156__t0                               1.06352
xru156.dt                                    0
t156__t1                               1.06352
t157__t0                               1.06083
xru157.dt                                    0
t157__t1                               1.06083
t158__t0                               1.05813
xru158.dt                                    0
t158__t1                               1.05813
t159__t0                               1.05544
xru159.dt                                    0
t159__t1                               1.05544
t160__t0                               1.05275
xru160.dt                                    0
t160__t1                               1.05275
t161__t0                               1.05005
xru161.dt                                    0
t161__t1                               1.05005
t162__t0                               1.04736
xru162.dt                                    0
t162__t1                               1.04736
t163__t0                               1.04467
xru163.dt                                    0
t163__t1                               1.04467
t164__t0                               1.04197
xru164.dt                                    0
t164__t1                               1.04197
t165__t0                               1.03928
xru165.dt                                    0
t165__t1                               1.03927
t166__t1                               1.03658
xru166.dt                                    0
t166__t0                               1.03658
t167__t1                               1.03389
xru167.dt                                    0
t167__t0                               1.03389
t168__t1                               1.03119
xru168.dt                                    0
t168__t0                               1.03119
t169__t1                                1.0285
xru169.dt                                    0
t169__t0                                1.0285
t170__t1                                1.0258
xru170.dt                                    0
t170__t0                                1.0258
t171__t1                               1.02311
xru171.dt                                    0
t171__t0                               1.02311
t172__t1                               1.02042
xru172.dt                                    0
t172__t0                               1.02042
t173__t1                               1.01772
xru173.dt                                    0
t173__t0                               1.01772
t174__t1                               1.01503
xru174.dt                                    0
t174__t0                               1.01503
t175__t1                               1.01234
xru175.dt                                    0
t175__t0                               1.01234
t176__t1                               1.00964
xru176.dt                                    0
t176__t0                               1.00964
t177__t1                               1.00695
xru177.dt                                    0
t177__t0                               1.00695
t178__t1                               1.00426
xru178.dt                                    0
t178__t0                               1.00426
t179__t1                               1.00156
xru179.dt                                    0
t179__t0                               1.00156
t180__t1                              0.998869
xru180.dt                                    0
t180__t0                              0.998863
t181__t0                              0.996169
xru181.dt                                    0
t181__t1                              0.996169
t182__t0                              0.993476
xru182.dt                                    0
t182__t1                              0.993475
t183__t0                              0.990782
xru183.dt                                    0
t183__t1                              0.990782
t184__t0                              0.988088
xru184.dt                                    0
t184__t1                              0.988088
t185__t0                              0.985395
xru185.dt                                    0
t185__t1                              0.985395
t186__t0                              0.982701
xru186.dt                                    0
t186__t1                              0.982701
t187__t0                              0.980008
xru187.dt                                    0
t187__t1                              0.980007
t188__t0                              0.977314
xru188.dt                                    0
t188__t1                              0.977314
t189__t0                               0.97462
xru189.dt                                    0
t189__t1                               0.97462
t190__t0                              0.971927
xru190.dt                                    0
t190__t1                              0.971926
t191__t0                              0.969233
xru191.dt                                    0
t191__t1                              0.969233
t192__t0                              0.966539
xru192.dt                                    0
t192__t1                              0.966539
t193__t0                              0.963846
xru193.dt                                    0
t193__t1                              0.963845
t194__t0                              0.961152
xru194.dt                                    0
t194__t1                              0.961152
t195__t0                              0.958458
xru195.dt                                    0
t195__t1                              0.958453
t196__t1                              0.955759
xru196.dt                                    0
t196__t0                              0.955759
t197__t1                              0.953066
xru197.dt                                    0
t197__t0                              0.953065
t198__t1                              0.950372
xru198.dt                                    0
t198__t0                              0.950372
t199__t1                              0.947678
xru199.dt                                    0
t199__t0                              0.947678
t200__t1                              0.944985
xru200.dt                                    0
t200__t0                              0.944984
t201__t1                              0.942291
xru201.dt                                    0
t201__t0                              0.942291
t202__t1                              0.939597
xru202.dt                                    0
t202__t0                              0.939597
t203__t1                              0.936904
xru203.dt                                    0
t203__t0                              0.936904
t204__t1                               0.93421
xru204.dt                                    0
t204__t0                               0.93421
t205__t1                              0.931517
xru205.dt                                    0
t205__t0                              0.931516
t206__t1                              0.928823
xru206.dt                                    0
t206__t0                              0.928823
t207__t1                              0.926129
xru207.dt                                    0
t207__t0                              0.926129
t208__t1                              0.923436
xru208.dt                                    0
t208__t0                              0.923435
t209__t1                              0.920742
xru209.dt                                    0
t209__t0                              0.920742
t210__t1                              0.918048
xru210.dt                                    0
t210__t0                              0.918043
t211__t0                              0.915349
xru211.dt                                    0
t211__t1                              0.915349
t212__t0                              0.912656
xru212.dt                                    0
t212__t1                              0.912655
t213__t0                              0.909962
xru213.dt                                    0
t213__t1                              0.909962
t214__t0                              0.907268
xru214.dt                                    0
t214__t1                              0.907268
t215__t0                              0.904575
xru215.dt                                    0
t215__t1                              0.904574
t216__t0                              0.901881
xru216.dt                                    0
t216__t1                              0.901881
t217__t0                              0.899187
xru217.dt                                    0
t217__t1                              0.899187
t218__t0                              0.896494
xru218.dt                                    0
t218__t1                              0.896493
t219__t0                                0.8938
xru219.dt                                    0
t219__t1                                0.8938
t220__t0                              0.891106
xru220.dt                                    0
t220__t1                              0.891106
t221__t0                              0.888413
xru221.dt                                    0
t221__t1                              0.888413
t222__t0                              0.885719
xru222.dt                                    0
t222__t1                              0.885719
t223__t0                              0.883026
xru223.dt                                    0
t223__t1                              0.883025
t224__t0                              0.880332
xru224.dt                                    0
t224__t1                              0.880332
t225__t0                              0.877638
xru225.dt                                    0
t225__t1                              0.877632
t226__t1                              0.874939
xru226.dt                                    0
t226__t0                              0.874939
t227__t1                              0.872245
xru227.dt                                    0
t227__t0                              0.872245
t228__t1                              0.869552
xru228.dt                                    0
t228__t0                              0.869552
t229__t1                              0.866858
xru229.dt                                    0
t229__t0                              0.866858
t230__t1                              0.864165
xru230.dt                                    0
t230__t0                              0.864164
t231__t1                              0.861471
xru231.dt                                    0
t231__t0                              0.861471
t232__t1                              0.858777
xru232.dt                                    0
t232__t0                              0.858777
t233__t1                              0.856084
xru233.dt                                    0
t233__t0                              0.856083
t234__t1                               0.85339
xru234.dt                                    0
t234__t0                               0.85339
t235__t1                              0.850696
xru235.dt                                    0
t235__t0                              0.850696
t236__t1                              0.848003
xru236.dt                                    0
t236__t0                              0.848002
t237__t1                              0.845309
xru237.dt                                    0
t237__t0                              0.845309
t238__t1                              0.842615
xru238.dt                                    0
t238__t0                              0.842615
t239__t1                              0.839922
xru239.dt                                    0
t239__t0                              0.839921
t240__t1                              0.837228
xru240.dt                                    0
t240__t0                              0.837222
t241__t0                              0.834529
xru241.dt                                    0
t241__t1                              0.834529
t242__t0                              0.831835
xru242.dt                                    0
t242__t1                              0.831835
t243__t0                              0.829142
xru243.dt                                    0
t243__t1                              0.829141
t244__t0                              0.826448
xru244.dt                                    0
t244__t1                              0.826448
t245__t0                              0.823754
xru245.dt                                    0
t245__t1                              0.823754
t246__t0                              0.821061
xru246.dt                                    0
t246__t1                              0.821061
t247__t0                              0.818367
xru247.dt                                    0
t247__t1                              0.818367
t248__t0                              0.815674
xru248.dt                                    0
t248__t1                              0.815673
t249__t0                               0.81298
xru249.dt                                    0
t249__t1                               0.81298
t250__t0                              0.810286
xru250.dt                                    0
t250__t1                              0.810286
t251__t0                              0.807593
xru251.dt                                    0
t251__t1                              0.807592
t252__t0                              0.804899
xru252.dt                                    0
t252__t1                              0.804899
t253__t0                              0.802205
xru253.dt                                    0
t253__t1                              0.802205
t254__t0                              0.799512
xru254.dt                                    0
t254__t1                              0.799511
cb3__t0                               0.796818
xru255.dt                                    0
sns1                                   0.79617
xq1.s1                             3.18348e-10
xq1.t                                0.0457942
cb2                                   0.753987
xq2.s1                             8.29345e-10
xq2.t                               0.00676032
cb3                                   0.796616
xq3.s1                             3.18524e-10
xq3.t                                0.0468284
sns2                                  0.814073
tn0                                    1.14166
t002                                   1.14166
t004                                   1.14166
t005                                   1.14166
t006                                   1.14166
t008                                   1.14166
t009                                   1.14166
t010                                   1.14166
t011                                   1.14166
t012                                   1.14166
t013                                   1.14166
t014                                   1.14166
t016                                   1.14166
t017                                   1.14166
t018                                   1.14166
t019                                   1.14166
t020                                   1.14166
t021                                   1.14166
t022                                   1.14166
t023                                   1.14166
t024                                   1.14166
t025                                   1.14166
t026                                   1.14166
t027                                   1.14166
t028                                   1.14166
t029                                   1.14166
t030                                   1.14166
t032                                   1.14166
t033                                   1.14166
t034                                   1.14166
t035                                   1.14166
t036                                   1.14166
t037                                   1.14166
t038                                   1.14166
t039                                   1.14166
t040                                   1.14166
t041                                   1.14166
t042                                   1.14166
t043                                   1.14166
t044                                   1.14166
t045                                   1.14166
t046                                   1.14166
t047                                   1.14166
t048                                   1.14166
t049                                   1.14166
t050                                   1.14166
t051                                   1.14166
t052                                   1.14166
t053                                   1.14166
t054                                   1.14166
t055                                   1.14166
t056                                   1.14166
t057                                   1.14166
t058                                   1.14166
t059                                   1.14166
t060                                   1.14166
t061                                   1.14166
t062                                   1.14166
t064                                   1.14166
t065                                   1.14166
t066                                   1.14166
t067                                   1.14166
t068                                   1.14166
t069                                   1.14166
t070                                   1.14166
t071                                   1.14166
t072                                   1.14166
t073                                   1.14166
t074                                   1.14166
t075                                   1.14166
t076                                   1.14166
t077                                   1.14166
t078                                   1.14166
t079                                   1.14166
t080                                   1.14166
t081                                   1.14166
t082                                   1.14166
t083                                   1.14166
t084                                   1.14166
t085                                   1.14166
t086                                   1.14166
t087                                   1.14166
t088                                   1.14166
t089                                   1.14166
t090                                   1.14166
t091                                   1.14166
t092                                   1.14166
t093                                   1.14166
t094                                   1.14166
t095                                   1.14166
t096                                   1.14166
t097                                   1.14166
t098                                   1.14166
t099                                   1.14166
t100                                   1.14166
t101                                   1.14166
t102                                   1.14166
t103                                   1.14166
t104                                   1.14166
t105                                   1.14166
t106                                   1.14166
t107                                   1.14166
t108                                   1.14166
t109                                   1.14166
t110                                   1.14166
t111                                   1.14166
t112                                   1.14166
t113                                   1.14166
t114                                   1.14166
t115                                   1.14166
t116                                   1.14166
t117                                   1.14166
t118                                   1.14166
t119                                   1.14166
t120                                   1.14166
t121                                   1.14166
t122                                   1.14166
t123                                   1.14166
t124                                   1.14166
t125                                   1.14166
t126                                   1.14166
t128                                   1.13895
t129                                   1.13626
t130                                   1.13357
t131                                   1.13087
t132                                   1.12818
t133                                   1.12549
t134                                   1.12279
t135                                    1.1201
t136                                    1.1174
t137                                   1.11471
t138                                   1.11201
t139                                   1.10932
t140                                   1.10663
t141                                   1.10393
t142                                   1.10124
t143                                   1.09854
t144                                   1.09585
t145                                   1.09316
t146                                   1.09046
t147                                   1.08777
t148                                   1.08508
t149                                   1.08238
t150                                   1.07969
t151                                   1.07699
t152                                    1.0743
t153                                    1.0716
t154                                   1.06891
t155                                   1.06621
t156                                   1.06352
t157                                   1.06083
t158                                   1.05813
t159                                   1.05544
t160                                   1.05275
t161                                   1.05005
t162                                   1.04736
t163                                   1.04467
t164                                   1.04197
t165                                   1.03928
t166                                   1.03658
t167                                   1.03389
t168                                   1.03119
t169                                    1.0285
t170                                    1.0258
t171                                   1.02311
t172                                   1.02042
t173                                   1.01772
t174                                   1.01503
t175                                   1.01234
t176                                   1.00964
t177                                   1.00695
t178                                   1.00426
t179                                   1.00156
t180                                  0.998866
t181                                  0.996169
t182                                  0.993476
t183                                  0.990782
t184                                  0.988088
t185                                  0.985395
t186                                  0.982701
t187                                  0.980007
t188                                  0.977314
t189                                   0.97462
t190                                  0.971926
t191                                  0.969233
t192                                  0.966539
t193                                  0.963846
t194                                  0.961152
t195                                  0.958456
t196                                  0.955759
t197                                  0.953065
t198                                  0.950372
t199                                  0.947678
t200                                  0.944985
t201                                  0.942291
t202                                  0.939597
t203                                  0.936904
t204                                   0.93421
t205                                  0.931516
t206                                  0.928823
t207                                  0.926129
t208                                  0.923435
t209                                  0.920742
t210                                  0.918045
t211                                  0.915349
t212                                  0.912655
t213                                  0.909962
t214                                  0.907268
t215                                  0.904574
t216                                  0.901881
t217                                  0.899187
t218                                  0.896494
t219                                    0.8938
t220                                  0.891106
t221                                  0.888413
t222                                  0.885719
t223                                  0.883025
t224                                  0.880332
t225                                  0.877635
t226                                  0.874939
t227                                  0.872245
t228                                  0.869552
t229                                  0.866858
t230                                  0.864164
t231                                  0.861471
t232                                  0.858777
t233                                  0.856083
t234                                   0.85339
t235                                  0.850696
t236                                  0.848003
t237                                  0.845309
t238                                  0.842615
t239                                  0.839922
t240                                  0.837225
t241                                  0.834529
t242                                  0.831835
t243                                  0.829142
t244                                  0.826448
t245                                  0.823754
t246                                  0.821061
t247                                  0.818367
t248                                  0.815673
t249                                   0.81298
t250                                  0.810286
t251                                  0.807592
t252                                  0.804899
t253                                  0.802205
t254                                  0.799512
vref                                   1.16902
vss__par                                     0
pa_00                                0.0421828
pa_01                              5.13232e-06
pa_02                              5.17837e-06
pa_03                                  71914.9
pa_04                                  11707.5
bpa_04#branch                                0
vm2a#branch                        4.56591e-06
vm2b#branch                        5.66414e-07
bpa_03#branch                                0
vm3a#branch                        4.05038e-06
vm3b#branch                        5.63998e-07
vm3c#branch                        5.63993e-07
bpa_02#branch                                0
bpa_01#branch                                0
bpa_00#branch                                0
vm1#branch                         5.06685e-06
vvss#branch                        2.03775e-05
vvdd#branch                       -2.03775e-05


No. of Data Rows : 59

  Measurements for Transient Analysis

vref_v              =  1.16902e+00
vpexfb_v            =  2.05712e+00
vbe_q1_v            =  7.96170e-01
vbe_q2_v            =  7.53987e-01
vbe_q3_v            =  7.96616e-01
dvbe_ptat_v         =  4.21828e-02
i_leg1_a            =  5.06685e-06
i_leg2_a            =  5.13232e-06
i_leg3_a            =  5.17837e-06
r1_ohm              =  7.19149e+04
r2_ohm              =  1.17075e+04

ngspice-46 done
