
Note: No compatibility mode selected!


Circuit: * klt sim -- generated corner deck, do not edit

Doing analysis at TEMP = 125.000000 and TNOM = 27.000000

Using SPARSE 1.3 as Direct Linear Solver


The temperature limiting function received NaN.
Please check your power dissipation and improve your heat sink Rth!
    This message will be shown only once.

Note: Starting dynamic gmin stepping
OSDI(debug) n.xru255.nr1: WARNING: V(i2,c) voltage is greater than specified by vmax
OSDI(debug) n.xr2.nr1: WARNING: V(i1,c) voltage is greater than specified by vmax
OSDI(debug) n.xr2.nr1: WARNING: V(i2,c) voltage is greater than specified by vmax
Note: Dynamic gmin stepping completed

Initial Transient Solution
--------------------------

Node                                   Voltage
----                                   -------
vdd                                       2.97
vss                                          0
fb                                     2.20765
vdd__t0                                2.96997
vm1_p                                 0.590971
vdd__t1                                   2.97
sns1__t0                              0.590971
vdd__t2                                2.96999
vm2a_p                                0.578366
vdd__t3                                   2.97
sns2__t0                              0.578366
vdd__t4                                   2.97
vm2b_p                                0.578354
vdd__t5                                   2.97
sns2__t1                              0.578354
vdd__t6                                2.96999
vm3a_p                                0.966847
vdd__t7                                   2.97
vref__t0                              0.966847
vdd__t10                                  2.97
vm3b_p                                0.966833
vdd__t8                                   2.97
vref__t2                              0.966833
vdd__t11                                  2.97
vm3c_p                                0.966835
vdd__t9                                   2.97
vref__t3                              0.966835
sns2__t2                               0.57833
vsubs                                        0
cb2__t0                               0.516874
xr2.dt                                       0
vref__t1                              0.966804
tn0__t2                               0.938972
xr1.dt                                       0
tn0__t0                               0.938954
tn0__t1                               0.938954
xru1.dt                                      0
tn0__t8                               0.938954
t002__t1                              0.938954
xru2.dt                                      0
t002__t0                              0.938954
tn0__t13                              0.938954
xru3.dt                                      0
tn0__t15                              0.938954
t004__t0                              0.938954
xru4.dt                                      0
t004__t1                              0.938954
t005__t0                              0.938954
xru5.dt                                      0
t005__t1                              0.938954
t006__t0                              0.938954
xru6.dt                                      0
t006__t1                              0.938954
tn0__t9                               0.938954
xru7.dt                                      0
tn0__t11                              0.938954
t008__t0                              0.938954
xru8.dt                                      0
t008__t1                              0.938954
t009__t0                              0.938954
xru9.dt                                      0
t009__t1                              0.938954
t010__t0                              0.938954
xru10.dt                                     0
t010__t1                              0.938954
t011__t0                              0.938954
xru11.dt                                     0
t011__t1                              0.938954
t012__t0                              0.938954
xru12.dt                                     0
t012__t1                              0.938954
t013__t0                              0.938954
xru13.dt                                     0
t013__t1                              0.938954
t014__t0                              0.938954
xru14.dt                                     0
t014__t1                              0.938954
tn0__t3                               0.938954
xru15.dt                                     0
tn0__t4                               0.938954
t016__t1                              0.938954
xru16.dt                                     0
t016__t0                              0.938954
t017__t1                              0.938954
xru17.dt                                     0
t017__t0                              0.938954
t018__t1                              0.938954
xru18.dt                                     0
t018__t0                              0.938954
t019__t1                              0.938954
xru19.dt                                     0
t019__t0                              0.938954
t020__t1                              0.938954
xru20.dt                                     0
t020__t0                              0.938954
t021__t1                              0.938954
xru21.dt                                     0
t021__t0                              0.938954
t022__t1                              0.938954
xru22.dt                                     0
t022__t0                              0.938954
t023__t1                              0.938954
xru23.dt                                     0
t023__t0                              0.938954
t024__t1                              0.938954
xru24.dt                                     0
t024__t0                              0.938954
t025__t1                              0.938954
xru25.dt                                     0
t025__t0                              0.938954
t026__t1                              0.938954
xru26.dt                                     0
t026__t0                              0.938954
t027__t1                              0.938954
xru27.dt                                     0
t027__t0                              0.938954
t028__t1                              0.938954
xru28.dt                                     0
t028__t0                              0.938954
t029__t1                              0.938954
xru29.dt                                     0
t029__t0                              0.938954
t030__t1                              0.938954
xru30.dt                                     0
t030__t0                              0.938954
tn0__t6                               0.938954
xru31.dt                                     0
tn0__t12                              0.938954
t032__t0                              0.938954
xru32.dt                                     0
t032__t1                              0.938954
t033__t0                              0.938954
xru33.dt                                     0
t033__t1                              0.938954
t034__t0                              0.938954
xru34.dt                                     0
t034__t1                              0.938954
t035__t0                              0.938954
xru35.dt                                     0
t035__t1                              0.938954
t036__t0                              0.938954
xru36.dt                                     0
t036__t1                              0.938954
t037__t0                              0.938954
xru37.dt                                     0
t037__t1                              0.938954
t038__t0                              0.938954
xru38.dt                                     0
t038__t1                              0.938954
t039__t0                              0.938954
xru39.dt                                     0
t039__t1                              0.938954
t040__t0                              0.938954
xru40.dt                                     0
t040__t1                              0.938954
t041__t0                              0.938954
xru41.dt                                     0
t041__t1                              0.938954
t042__t0                              0.938954
xru42.dt                                     0
t042__t1                              0.938954
t043__t0                              0.938954
xru43.dt                                     0
t043__t1                              0.938954
t044__t0                              0.938954
xru44.dt                                     0
t044__t1                              0.938954
t045__t0                              0.938954
xru45.dt                                     0
t045__t1                              0.938954
t046__t1                              0.938954
xru46.dt                                     0
t046__t0                              0.938954
t047__t1                              0.938954
xru47.dt                                     0
t047__t0                              0.938954
t048__t1                              0.938954
xru48.dt                                     0
t048__t0                              0.938954
t049__t1                              0.938954
xru49.dt                                     0
t049__t0                              0.938954
t050__t1                              0.938954
xru50.dt                                     0
t050__t0                              0.938954
t051__t1                              0.938954
xru51.dt                                     0
t051__t0                              0.938954
t052__t1                              0.938954
xru52.dt                                     0
t052__t0                              0.938954
t053__t1                              0.938954
xru53.dt                                     0
t053__t0                              0.938954
t054__t1                              0.938954
xru54.dt                                     0
t054__t0                              0.938954
t055__t1                              0.938954
xru55.dt                                     0
t055__t0                              0.938954
t056__t1                              0.938954
xru56.dt                                     0
t056__t0                              0.938954
t057__t1                              0.938954
xru57.dt                                     0
t057__t0                              0.938954
t058__t1                              0.938954
xru58.dt                                     0
t058__t0                              0.938954
t059__t1                              0.938954
xru59.dt                                     0
t059__t0                              0.938954
t060__t1                              0.938954
xru60.dt                                     0
t060__t0                              0.938954
t061__t0                              0.938954
xru61.dt                                     0
t061__t1                              0.938954
t062__t0                              0.938954
xru62.dt                                     0
t062__t1                              0.938954
tn0__t7                               0.938954
xru63.dt                                     0
tn0__t14                              0.938954
t064__t0                              0.938954
xru64.dt                                     0
t064__t1                              0.938954
t065__t0                              0.938954
xru65.dt                                     0
t065__t1                              0.938954
t066__t0                              0.938954
xru66.dt                                     0
t066__t1                              0.938954
t067__t0                              0.938954
xru67.dt                                     0
t067__t1                              0.938954
t068__t0                              0.938954
xru68.dt                                     0
t068__t1                              0.938954
t069__t0                              0.938954
xru69.dt                                     0
t069__t1                              0.938954
t070__t0                              0.938954
xru70.dt                                     0
t070__t1                              0.938954
t071__t0                              0.938954
xru71.dt                                     0
t071__t1                              0.938954
t072__t0                              0.938954
xru72.dt                                     0
t072__t1                              0.938954
t073__t0                              0.938954
xru73.dt                                     0
t073__t1                              0.938954
t074__t0                              0.938954
xru74.dt                                     0
t074__t1                              0.938954
t075__t0                              0.938954
xru75.dt                                     0
t075__t1                              0.938954
t076__t1                              0.938954
xru76.dt                                     0
t076__t0                              0.938954
t077__t1                              0.938954
xru77.dt                                     0
t077__t0                              0.938954
t078__t1                              0.938954
xru78.dt                                     0
t078__t0                              0.938954
t079__t1                              0.938954
xru79.dt                                     0
t079__t0                              0.938954
t080__t1                              0.938954
xru80.dt                                     0
t080__t0                              0.938954
t081__t1                              0.938954
xru81.dt                                     0
t081__t0                              0.938954
t082__t1                              0.938954
xru82.dt                                     0
t082__t0                              0.938954
t083__t1                              0.938954
xru83.dt                                     0
t083__t0                              0.938954
t084__t1                              0.938954
xru84.dt                                     0
t084__t0                              0.938954
t085__t1                              0.938954
xru85.dt                                     0
t085__t0                              0.938954
t086__t1                              0.938954
xru86.dt                                     0
t086__t0                              0.938954
t087__t1                              0.938954
xru87.dt                                     0
t087__t0                              0.938954
t088__t1                              0.938954
xru88.dt                                     0
t088__t0                              0.938954
t089__t1                              0.938954
xru89.dt                                     0
t089__t0                              0.938954
t090__t1                              0.938954
xru90.dt                                     0
t090__t0                              0.938954
t091__t0                              0.938954
xru91.dt                                     0
t091__t1                              0.938954
t092__t0                              0.938954
xru92.dt                                     0
t092__t1                              0.938954
t093__t0                              0.938954
xru93.dt                                     0
t093__t1                              0.938954
t094__t0                              0.938954
xru94.dt                                     0
t094__t1                              0.938954
t095__t0                              0.938954
xru95.dt                                     0
t095__t1                              0.938954
t096__t0                              0.938954
xru96.dt                                     0
t096__t1                              0.938954
t097__t0                              0.938954
xru97.dt                                     0
t097__t1                              0.938954
t098__t0                              0.938954
xru98.dt                                     0
t098__t1                              0.938954
t099__t0                              0.938954
xru99.dt                                     0
t099__t1                              0.938954
t100__t0                              0.938954
xru100.dt                                    0
t100__t1                              0.938954
t101__t0                              0.938954
xru101.dt                                    0
t101__t1                              0.938954
t102__t0                              0.938954
xru102.dt                                    0
t102__t1                              0.938954
t103__t0                              0.938954
xru103.dt                                    0
t103__t1                              0.938954
t104__t0                              0.938954
xru104.dt                                    0
t104__t1                              0.938954
t105__t0                              0.938954
xru105.dt                                    0
t105__t1                              0.938954
t106__t1                              0.938954
xru106.dt                                    0
t106__t0                              0.938954
t107__t1                              0.938954
xru107.dt                                    0
t107__t0                              0.938954
t108__t1                              0.938954
xru108.dt                                    0
t108__t0                              0.938954
t109__t1                              0.938954
xru109.dt                                    0
t109__t0                              0.938954
t110__t1                              0.938954
xru110.dt                                    0
t110__t0                              0.938954
t111__t1                              0.938954
xru111.dt                                    0
t111__t0                              0.938954
t112__t1                              0.938954
xru112.dt                                    0
t112__t0                              0.938954
t113__t1                              0.938954
xru113.dt                                    0
t113__t0                              0.938954
t114__t1                              0.938954
xru114.dt                                    0
t114__t0                              0.938954
t115__t1                              0.938954
xru115.dt                                    0
t115__t0                              0.938954
t116__t1                              0.938954
xru116.dt                                    0
t116__t0                              0.938954
t117__t1                              0.938954
xru117.dt                                    0
t117__t0                              0.938954
t118__t1                              0.938954
xru118.dt                                    0
t118__t0                              0.938954
t119__t1                              0.938954
xru119.dt                                    0
t119__t0                              0.938954
t120__t1                              0.938954
xru120.dt                                    0
t120__t0                              0.938954
t121__t0                              0.938954
xru121.dt                                    0
t121__t1                              0.938954
t122__t0                              0.938954
xru122.dt                                    0
t122__t1                              0.938954
t123__t0                              0.938954
xru123.dt                                    0
t123__t1                              0.938954
t124__t0                              0.938954
xru124.dt                                    0
t124__t1                              0.938954
t125__t0                              0.938954
xru125.dt                                    0
t125__t1                              0.938954
t126__t0                              0.938954
xru126.dt                                    0
t126__t1                              0.938954
tn0__t5                               0.938954
xru127.dt                                    0
tn0__t10                              0.938943
t128__t0                              0.936229
xru128.dt                                    0
t128__t1                              0.936228
t129__t0                              0.933514
xru129.dt                                    0
t129__t1                              0.933514
t130__t0                                0.9308
xru130.dt                                    0
t130__t1                                0.9308
t131__t0                              0.928086
xru131.dt                                    0
t131__t1                              0.928086
t132__t0                              0.925372
xru132.dt                                    0
t132__t1                              0.925371
t133__t0                              0.922657
xru133.dt                                    0
t133__t1                              0.922657
t134__t0                              0.919943
xru134.dt                                    0
t134__t1                              0.919943
t135__t0                              0.917229
xru135.dt                                    0
t135__t1                              0.917223
t136__t1                              0.914509
xru136.dt                                    0
t136__t0                              0.914509
t137__t1                              0.911795
xru137.dt                                    0
t137__t0                              0.911794
t138__t1                               0.90908
xru138.dt                                    0
t138__t0                               0.90908
t139__t1                              0.906366
xru139.dt                                    0
t139__t0                              0.906366
t140__t1                              0.903652
xru140.dt                                    0
t140__t0                              0.903652
t141__t1                              0.900938
xru141.dt                                    0
t141__t0                              0.900937
t142__t1                              0.898223
xru142.dt                                    0
t142__t0                              0.898223
t143__t1                              0.895509
xru143.dt                                    0
t143__t0                              0.895509
t144__t1                              0.892795
xru144.dt                                    0
t144__t0                              0.892794
t145__t1                               0.89008
xru145.dt                                    0
t145__t0                               0.89008
t146__t1                              0.887366
xru146.dt                                    0
t146__t0                              0.887366
t147__t1                              0.884652
xru147.dt                                    0
t147__t0                              0.884652
t148__t1                              0.881938
xru148.dt                                    0
t148__t0                              0.881937
t149__t1                              0.879223
xru149.dt                                    0
t149__t0                              0.879223
t150__t1                              0.876509
xru150.dt                                    0
t150__t0                              0.876503
t151__t0                              0.873789
xru151.dt                                    0
t151__t1                              0.873789
t152__t0                              0.871075
xru152.dt                                    0
t152__t1                              0.871075
t153__t0                              0.868361
xru153.dt                                    0
t153__t1                               0.86836
t154__t0                              0.865646
xru154.dt                                    0
t154__t1                              0.865646
t155__t0                              0.862932
xru155.dt                                    0
t155__t1                              0.862932
t156__t0                              0.860218
xru156.dt                                    0
t156__t1                              0.860218
t157__t0                              0.857504
xru157.dt                                    0
t157__t1                              0.857503
t158__t0                              0.854789
xru158.dt                                    0
t158__t1                              0.854789
t159__t0                              0.852075
xru159.dt                                    0
t159__t1                              0.852075
t160__t0                              0.849361
xru160.dt                                    0
t160__t1                               0.84936
t161__t0                              0.846646
xru161.dt                                    0
t161__t1                              0.846646
t162__t0                              0.843932
xru162.dt                                    0
t162__t1                              0.843932
t163__t0                              0.841218
xru163.dt                                    0
t163__t1                              0.841218
t164__t0                              0.838504
xru164.dt                                    0
t164__t1                              0.838503
t165__t0                              0.835789
xru165.dt                                    0
t165__t1                              0.835784
t166__t1                               0.83307
xru166.dt                                    0
t166__t0                              0.833069
t167__t1                              0.830355
xru167.dt                                    0
t167__t0                              0.830355
t168__t1                              0.827641
xru168.dt                                    0
t168__t0                              0.827641
t169__t1                              0.824927
xru169.dt                                    0
t169__t0                              0.824926
t170__t1                              0.822212
xru170.dt                                    0
t170__t0                              0.822212
t171__t1                              0.819498
xru171.dt                                    0
t171__t0                              0.819498
t172__t1                              0.816784
xru172.dt                                    0
t172__t0                              0.816784
t173__t1                               0.81407
xru173.dt                                    0
t173__t0                              0.814069
t174__t1                              0.811355
xru174.dt                                    0
t174__t0                              0.811355
t175__t1                              0.808641
xru175.dt                                    0
t175__t0                              0.808641
t176__t1                              0.805927
xru176.dt                                    0
t176__t0                              0.805927
t177__t1                              0.803213
xru177.dt                                    0
t177__t0                              0.803212
t178__t1                              0.800498
xru178.dt                                    0
t178__t0                              0.800498
t179__t1                              0.797784
xru179.dt                                    0
t179__t0                              0.797784
t180__t1                               0.79507
xru180.dt                                    0
t180__t0                              0.795064
t181__t0                               0.79235
xru181.dt                                    0
t181__t1                               0.79235
t182__t0                              0.789636
xru182.dt                                    0
t182__t1                              0.789635
t183__t0                              0.786921
xru183.dt                                    0
t183__t1                              0.786921
t184__t0                              0.784207
xru184.dt                                    0
t184__t1                              0.784207
t185__t0                              0.781493
xru185.dt                                    0
t185__t1                              0.781493
t186__t0                              0.778779
xru186.dt                                    0
t186__t1                              0.778778
t187__t0                              0.776064
xru187.dt                                    0
t187__t1                              0.776064
t188__t0                               0.77335
xru188.dt                                    0
t188__t1                               0.77335
t189__t0                              0.770636
xru189.dt                                    0
t189__t1                              0.770635
t190__t0                              0.767921
xru190.dt                                    0
t190__t1                              0.767921
t191__t0                              0.765207
xru191.dt                                    0
t191__t1                              0.765207
t192__t0                              0.762493
xru192.dt                                    0
t192__t1                              0.762493
t193__t0                              0.759779
xru193.dt                                    0
t193__t1                              0.759778
t194__t0                              0.757064
xru194.dt                                    0
t194__t1                              0.757064
t195__t0                               0.75435
xru195.dt                                    0
t195__t1                              0.754344
t196__t1                               0.75163
xru196.dt                                    0
t196__t0                               0.75163
t197__t1                              0.748916
xru197.dt                                    0
t197__t0                              0.748916
t198__t1                              0.746202
xru198.dt                                    0
t198__t0                              0.746201
t199__t1                              0.743487
xru199.dt                                    0
t199__t0                              0.743487
t200__t1                              0.740773
xru200.dt                                    0
t200__t0                              0.740773
t201__t1                              0.738059
xru201.dt                                    0
t201__t0                              0.738059
t202__t1                              0.735345
xru202.dt                                    0
t202__t0                              0.735344
t203__t1                               0.73263
xru203.dt                                    0
t203__t0                               0.73263
t204__t1                              0.729916
xru204.dt                                    0
t204__t0                              0.729916
t205__t1                              0.727202
xru205.dt                                    0
t205__t0                              0.727201
t206__t1                              0.724487
xru206.dt                                    0
t206__t0                              0.724487
t207__t1                              0.721773
xru207.dt                                    0
t207__t0                              0.721773
t208__t1                              0.719059
xru208.dt                                    0
t208__t0                              0.719059
t209__t1                              0.716345
xru209.dt                                    0
t209__t0                              0.716344
t210__t1                               0.71363
xru210.dt                                    0
t210__t0                              0.713625
t211__t0                              0.710911
xru211.dt                                    0
t211__t1                               0.71091
t212__t0                              0.708196
xru212.dt                                    0
t212__t1                              0.708196
t213__t0                              0.705482
xru213.dt                                    0
t213__t1                              0.705482
t214__t0                              0.702768
xru214.dt                                    0
t214__t1                              0.702767
t215__t0                              0.700053
xru215.dt                                    0
t215__t1                              0.700053
t216__t0                              0.697339
xru216.dt                                    0
t216__t1                              0.697339
t217__t0                              0.694625
xru217.dt                                    0
t217__t1                              0.694625
t218__t0                              0.691911
xru218.dt                                    0
t218__t1                               0.69191
t219__t0                              0.689196
xru219.dt                                    0
t219__t1                              0.689196
t220__t0                              0.686482
xru220.dt                                    0
t220__t1                              0.686482
t221__t0                              0.683768
xru221.dt                                    0
t221__t1                              0.683768
t222__t0                              0.681054
xru222.dt                                    0
t222__t1                              0.681053
t223__t0                              0.678339
xru223.dt                                    0
t223__t1                              0.678339
t224__t0                              0.675625
xru224.dt                                    0
t224__t1                              0.675625
t225__t0                              0.672911
xru225.dt                                    0
t225__t1                              0.672905
t226__t1                              0.670191
xru226.dt                                    0
t226__t0                              0.670191
t227__t1                              0.667477
xru227.dt                                    0
t227__t0                              0.667476
t228__t1                              0.664762
xru228.dt                                    0
t228__t0                              0.664762
t229__t1                              0.662048
xru229.dt                                    0
t229__t0                              0.662048
t230__t1                              0.659334
xru230.dt                                    0
t230__t0                              0.659334
t231__t1                               0.65662
xru231.dt                                    0
t231__t0                              0.656619
t232__t1                              0.653905
xru232.dt                                    0
t232__t0                              0.653905
t233__t1                              0.651191
xru233.dt                                    0
t233__t0                              0.651191
t234__t1                              0.648477
xru234.dt                                    0
t234__t0                              0.648476
t235__t1                              0.645762
xru235.dt                                    0
t235__t0                              0.645762
t236__t1                              0.643048
xru236.dt                                    0
t236__t0                              0.643048
t237__t1                              0.640334
xru237.dt                                    0
t237__t0                              0.640334
t238__t1                               0.63762
xru238.dt                                    0
t238__t0                              0.637619
t239__t1                              0.634905
xru239.dt                                    0
t239__t0                              0.634905
t240__t1                              0.632191
xru240.dt                                    0
t240__t0                              0.632185
t241__t0                              0.629471
xru241.dt                                    0
t241__t1                              0.629471
t242__t0                              0.626757
xru242.dt                                    0
t242__t1                              0.626757
t243__t0                              0.624043
xru243.dt                                    0
t243__t1                              0.624042
t244__t0                              0.621328
xru244.dt                                    0
t244__t1                              0.621328
t245__t0                              0.618614
xru245.dt                                    0
t245__t1                              0.618614
t246__t0                                0.6159
xru246.dt                                    0
t246__t1                                0.6159
t247__t0                              0.613186
xru247.dt                                    0
t247__t1                              0.613185
t248__t0                              0.610471
xru248.dt                                    0
t248__t1                              0.610471
t249__t0                              0.607757
xru249.dt                                    0
t249__t1                              0.607757
t250__t0                              0.605043
xru250.dt                                    0
t250__t1                              0.605042
t251__t0                              0.602328
xru251.dt                                    0
t251__t1                              0.602328
t252__t0                              0.599614
xru252.dt                                    0
t252__t1                              0.599614
t253__t0                                0.5969
xru253.dt                                    0
t253__t1                                0.5969
t254__t0                              0.594186
xru254.dt                                    0
t254__t1                              0.594185
cb3__t0                               0.591471
xru255.dt                                    0
sns1                                  0.590894
xq1.s1                             3.42383e-08
xq1.t                                0.0340337
cb2                                   0.516756
xq2.s1                             4.11972e-07
xq2.t                                0.0046125
cb3                                   0.591272
xq3.s1                             3.42395e-08
xq3.t                                0.0344007
sns2                                  0.578352
tn0                                   0.938954
t002                                  0.938954
t004                                  0.938954
t005                                  0.938954
t006                                  0.938954
t008                                  0.938954
t009                                  0.938954
t010                                  0.938954
t011                                  0.938954
t012                                  0.938954
t013                                  0.938954
t014                                  0.938954
t016                                  0.938954
t017                                  0.938954
t018                                  0.938954
t019                                  0.938954
t020                                  0.938954
t021                                  0.938954
t022                                  0.938954
t023                                  0.938954
t024                                  0.938954
t025                                  0.938954
t026                                  0.938954
t027                                  0.938954
t028                                  0.938954
t029                                  0.938954
t030                                  0.938954
t032                                  0.938954
t033                                  0.938954
t034                                  0.938954
t035                                  0.938954
t036                                  0.938954
t037                                  0.938954
t038                                  0.938954
t039                                  0.938954
t040                                  0.938954
t041                                  0.938954
t042                                  0.938954
t043                                  0.938954
t044                                  0.938954
t045                                  0.938954
t046                                  0.938954
t047                                  0.938954
t048                                  0.938954
t049                                  0.938954
t050                                  0.938954
t051                                  0.938954
t052                                  0.938954
t053                                  0.938954
t054                                  0.938954
t055                                  0.938954
t056                                  0.938954
t057                                  0.938954
t058                                  0.938954
t059                                  0.938954
t060                                  0.938954
t061                                  0.938954
t062                                  0.938954
t064                                  0.938954
t065                                  0.938954
t066                                  0.938954
t067                                  0.938954
t068                                  0.938954
t069                                  0.938954
t070                                  0.938954
t071                                  0.938954
t072                                  0.938954
t073                                  0.938954
t074                                  0.938954
t075                                  0.938954
t076                                  0.938954
t077                                  0.938954
t078                                  0.938954
t079                                  0.938954
t080                                  0.938954
t081                                  0.938954
t082                                  0.938954
t083                                  0.938954
t084                                  0.938954
t085                                  0.938954
t086                                  0.938954
t087                                  0.938954
t088                                  0.938954
t089                                  0.938954
t090                                  0.938954
t091                                  0.938954
t092                                  0.938954
t093                                  0.938954
t094                                  0.938954
t095                                  0.938954
t096                                  0.938954
t097                                  0.938954
t098                                  0.938954
t099                                  0.938954
t100                                  0.938954
t101                                  0.938954
t102                                  0.938954
t103                                  0.938954
t104                                  0.938954
t105                                  0.938954
t106                                  0.938954
t107                                  0.938954
t108                                  0.938954
t109                                  0.938954
t110                                  0.938954
t111                                  0.938954
t112                                  0.938954
t113                                  0.938954
t114                                  0.938954
t115                                  0.938954
t116                                  0.938954
t117                                  0.938954
t118                                  0.938954
t119                                  0.938954
t120                                  0.938954
t121                                  0.938954
t122                                  0.938954
t123                                  0.938954
t124                                  0.938954
t125                                  0.938954
t126                                  0.938954
t128                                  0.936229
t129                                  0.933514
t130                                    0.9308
t131                                  0.928086
t132                                  0.925371
t133                                  0.922657
t134                                  0.919943
t135                                  0.917226
t136                                  0.914509
t137                                  0.911795
t138                                   0.90908
t139                                  0.906366
t140                                  0.903652
t141                                  0.900937
t142                                  0.898223
t143                                  0.895509
t144                                  0.892795
t145                                   0.89008
t146                                  0.887366
t147                                  0.884652
t148                                  0.881937
t149                                  0.879223
t150                                  0.876506
t151                                  0.873789
t152                                  0.871075
t153                                  0.868361
t154                                  0.865646
t155                                  0.862932
t156                                  0.860218
t157                                  0.857503
t158                                  0.854789
t159                                  0.852075
t160                                  0.849361
t161                                  0.846646
t162                                  0.843932
t163                                  0.841218
t164                                  0.838503
t165                                  0.835786
t166                                  0.833069
t167                                  0.830355
t168                                  0.827641
t169                                  0.824927
t170                                  0.822212
t171                                  0.819498
t172                                  0.816784
t173                                  0.814069
t174                                  0.811355
t175                                  0.808641
t176                                  0.805927
t177                                  0.803212
t178                                  0.800498
t179                                  0.797784
t180                                  0.795067
t181                                   0.79235
t182                                  0.789636
t183                                  0.786921
t184                                  0.784207
t185                                  0.781493
t186                                  0.778778
t187                                  0.776064
t188                                   0.77335
t189                                  0.770636
t190                                  0.767921
t191                                  0.765207
t192                                  0.762493
t193                                  0.759778
t194                                  0.757064
t195                                  0.754347
t196                                   0.75163
t197                                  0.748916
t198                                  0.746202
t199                                  0.743487
t200                                  0.740773
t201                                  0.738059
t202                                  0.735344
t203                                   0.73263
t204                                  0.729916
t205                                  0.727202
t206                                  0.724487
t207                                  0.721773
t208                                  0.719059
t209                                  0.716344
t210                                  0.713627
t211                                   0.71091
t212                                  0.708196
t213                                  0.705482
t214                                  0.702768
t215                                  0.700053
t216                                  0.697339
t217                                  0.694625
t218                                   0.69191
t219                                  0.689196
t220                                  0.686482
t221                                  0.683768
t222                                  0.681053
t223                                  0.678339
t224                                  0.675625
t225                                  0.672908
t226                                  0.670191
t227                                  0.667477
t228                                  0.664762
t229                                  0.662048
t230                                  0.659334
t231                                  0.656619
t232                                  0.653905
t233                                  0.651191
t234                                  0.648477
t235                                  0.645762
t236                                  0.643048
t237                                  0.640334
t238                                  0.637619
t239                                  0.634905
t240                                  0.632188
t241                                  0.629471
t242                                  0.626757
t243                                  0.624043
t244                                  0.621328
t245                                  0.618614
t246                                    0.6159
t247                                  0.613185
t248                                  0.610471
t249                                  0.607757
t250                                  0.605043
t251                                  0.602328
t252                                  0.599614
t253                                    0.5969
t254                                  0.594186
vref                                  0.966832
vss__par                                     0
pa_00                                0.0741378
pa_01                              5.10927e-06
pa_02                              5.12749e-06
pa_03                                  73244.5
pa_04                                  12055.8
bpa_04#branch                                0
vm2a#branch                        4.57147e-06
vm2b#branch                        5.37798e-07
bpa_03#branch                                0
vm3a#branch                        4.05571e-06
vm3b#branch                        5.35893e-07
vm3c#branch                        5.35889e-07
bpa_02#branch                                0
bpa_01#branch                                0
bpa_00#branch                                0
vm1#branch                         5.07378e-06
vvss#branch                        2.03105e-05
vvdd#branch                       -2.03105e-05


No. of Data Rows : 59

  Measurements for Transient Analysis

vref_v              =  9.66832e-01
vpexfb_v            =  2.20765e+00
vbe_q1_v            =  5.90894e-01
vbe_q2_v            =  5.16756e-01
vbe_q3_v            =  5.91272e-01
dvbe_ptat_v         =  7.41378e-02
i_leg1_a            =  5.07378e-06
i_leg2_a            =  5.10927e-06
i_leg3_a            =  5.12749e-06
r1_ohm              =  7.32445e+04
r2_ohm              =  1.20558e+04

ngspice-46 done
