
Note: No compatibility mode selected!


Circuit: * klt sim -- generated corner deck, do not edit

Doing analysis at TEMP = 125.000000 and TNOM = 27.000000

Using SPARSE 1.3 as Direct Linear Solver


The temperature limiting function received NaN.
Please check your power dissipation and improve your heat sink Rth!
    This message will be shown only once.

Note: Starting dynamic gmin stepping
Note: Dynamic gmin stepping completed

Initial Transient Solution
--------------------------

Node                                   Voltage
----                                   -------
vdd                                        3.3
vss                                          0
fb                                     2.53765
vdd__t0                                3.29997
vm1_p                                 0.591056
vdd__t1                                    3.3
sns1__t0                              0.591056
vdd__t2                                3.29999
vm2a_p                                0.578603
vdd__t3                                    3.3
sns2__t0                              0.578603
vdd__t4                                    3.3
vm2b_p                                0.578592
vdd__t5                                    3.3
sns2__t1                              0.578592
vdd__t6                                3.29999
vm3a_p                                0.967919
vdd__t7                                    3.3
vref__t0                              0.967919
vdd__t10                                   3.3
vm3b_p                                0.967906
vdd__t8                                    3.3
vref__t2                              0.967906
vdd__t11                                   3.3
vm3c_p                                0.967908
vdd__t9                                    3.3
vref__t3                              0.967908
sns2__t2                              0.578567
vsubs                                        0
cb2__t0                               0.516961
xr2.dt                                       0
vref__t1                              0.967877
tn0__t2                               0.939972
xr1.dt                                       0
tn0__t0                               0.939953
tn0__t1                               0.939953
xru1.dt                                      0
tn0__t8                               0.939953
t002__t1                              0.939953
xru2.dt                                      0
t002__t0                              0.939953
tn0__t13                              0.939953
xru3.dt                                      0
tn0__t15                              0.939953
t004__t0                              0.939953
xru4.dt                                      0
t004__t1                              0.939953
t005__t0                              0.939953
xru5.dt                                      0
t005__t1                              0.939953
t006__t0                              0.939953
xru6.dt                                      0
t006__t1                              0.939953
tn0__t9                               0.939953
xru7.dt                                      0
tn0__t11                              0.939953
t008__t0                              0.939953
xru8.dt                                      0
t008__t1                              0.939953
t009__t0                              0.939953
xru9.dt                                      0
t009__t1                              0.939953
t010__t0                              0.939953
xru10.dt                                     0
t010__t1                              0.939953
t011__t0                              0.939953
xru11.dt                                     0
t011__t1                              0.939953
t012__t0                              0.939953
xru12.dt                                     0
t012__t1                              0.939953
t013__t0                              0.939953
xru13.dt                                     0
t013__t1                              0.939953
t014__t0                              0.939953
xru14.dt                                     0
t014__t1                              0.939953
tn0__t3                               0.939953
xru15.dt                                     0
tn0__t4                               0.939953
t016__t1                              0.939953
xru16.dt                                     0
t016__t0                              0.939953
t017__t1                              0.939953
xru17.dt                                     0
t017__t0                              0.939953
t018__t1                              0.939953
xru18.dt                                     0
t018__t0                              0.939953
t019__t1                              0.939953
xru19.dt                                     0
t019__t0                              0.939953
t020__t1                              0.939953
xru20.dt                                     0
t020__t0                              0.939953
t021__t1                              0.939953
xru21.dt                                     0
t021__t0                              0.939953
t022__t1                              0.939953
xru22.dt                                     0
t022__t0                              0.939953
t023__t1                              0.939953
xru23.dt                                     0
t023__t0                              0.939953
t024__t1                              0.939953
xru24.dt                                     0
t024__t0                              0.939953
t025__t1                              0.939953
xru25.dt                                     0
t025__t0                              0.939953
t026__t1                              0.939953
xru26.dt                                     0
t026__t0                              0.939953
t027__t1                              0.939953
xru27.dt                                     0
t027__t0                              0.939953
t028__t1                              0.939953
xru28.dt                                     0
t028__t0                              0.939953
t029__t1                              0.939953
xru29.dt                                     0
t029__t0                              0.939953
t030__t1                              0.939953
xru30.dt                                     0
t030__t0                              0.939953
tn0__t6                               0.939953
xru31.dt                                     0
tn0__t12                              0.939953
t032__t0                              0.939953
xru32.dt                                     0
t032__t1                              0.939953
t033__t0                              0.939953
xru33.dt                                     0
t033__t1                              0.939953
t034__t0                              0.939953
xru34.dt                                     0
t034__t1                              0.939953
t035__t0                              0.939953
xru35.dt                                     0
t035__t1                              0.939953
t036__t0                              0.939953
xru36.dt                                     0
t036__t1                              0.939953
t037__t0                              0.939953
xru37.dt                                     0
t037__t1                              0.939953
t038__t0                              0.939953
xru38.dt                                     0
t038__t1                              0.939953
t039__t0                              0.939953
xru39.dt                                     0
t039__t1                              0.939953
t040__t0                              0.939953
xru40.dt                                     0
t040__t1                              0.939953
t041__t0                              0.939953
xru41.dt                                     0
t041__t1                              0.939953
t042__t0                              0.939953
xru42.dt                                     0
t042__t1                              0.939953
t043__t0                              0.939953
xru43.dt                                     0
t043__t1                              0.939953
t044__t0                              0.939953
xru44.dt                                     0
t044__t1                              0.939953
t045__t0                              0.939953
xru45.dt                                     0
t045__t1                              0.939953
t046__t1                              0.939953
xru46.dt                                     0
t046__t0                              0.939953
t047__t1                              0.939953
xru47.dt                                     0
t047__t0                              0.939953
t048__t1                              0.939953
xru48.dt                                     0
t048__t0                              0.939953
t049__t1                              0.939953
xru49.dt                                     0
t049__t0                              0.939953
t050__t1                              0.939953
xru50.dt                                     0
t050__t0                              0.939953
t051__t1                              0.939953
xru51.dt                                     0
t051__t0                              0.939953
t052__t1                              0.939953
xru52.dt                                     0
t052__t0                              0.939953
t053__t1                              0.939953
xru53.dt                                     0
t053__t0                              0.939953
t054__t1                              0.939953
xru54.dt                                     0
t054__t0                              0.939953
t055__t1                              0.939953
xru55.dt                                     0
t055__t0                              0.939953
t056__t1                              0.939953
xru56.dt                                     0
t056__t0                              0.939953
t057__t1                              0.939953
xru57.dt                                     0
t057__t0                              0.939953
t058__t1                              0.939953
xru58.dt                                     0
t058__t0                              0.939953
t059__t1                              0.939953
xru59.dt                                     0
t059__t0                              0.939953
t060__t1                              0.939953
xru60.dt                                     0
t060__t0                              0.939953
t061__t0                              0.939953
xru61.dt                                     0
t061__t1                              0.939953
t062__t0                              0.939953
xru62.dt                                     0
t062__t1                              0.939953
tn0__t7                               0.939953
xru63.dt                                     0
tn0__t14                              0.939953
t064__t0                              0.939953
xru64.dt                                     0
t064__t1                              0.939953
t065__t0                              0.939953
xru65.dt                                     0
t065__t1                              0.939953
t066__t0                              0.939953
xru66.dt                                     0
t066__t1                              0.939953
t067__t0                              0.939953
xru67.dt                                     0
t067__t1                              0.939953
t068__t0                              0.939953
xru68.dt                                     0
t068__t1                              0.939953
t069__t0                              0.939953
xru69.dt                                     0
t069__t1                              0.939953
t070__t0                              0.939953
xru70.dt                                     0
t070__t1                              0.939953
t071__t0                              0.939953
xru71.dt                                     0
t071__t1                              0.939953
t072__t0                              0.939953
xru72.dt                                     0
t072__t1                              0.939953
t073__t0                              0.939953
xru73.dt                                     0
t073__t1                              0.939953
t074__t0                              0.939953
xru74.dt                                     0
t074__t1                              0.939953
t075__t0                              0.939953
xru75.dt                                     0
t075__t1                              0.939953
t076__t1                              0.939953
xru76.dt                                     0
t076__t0                              0.939953
t077__t1                              0.939953
xru77.dt                                     0
t077__t0                              0.939953
t078__t1                              0.939953
xru78.dt                                     0
t078__t0                              0.939953
t079__t1                              0.939953
xru79.dt                                     0
t079__t0                              0.939953
t080__t1                              0.939953
xru80.dt                                     0
t080__t0                              0.939953
t081__t1                              0.939953
xru81.dt                                     0
t081__t0                              0.939953
t082__t1                              0.939953
xru82.dt                                     0
t082__t0                              0.939953
t083__t1                              0.939953
xru83.dt                                     0
t083__t0                              0.939953
t084__t1                              0.939953
xru84.dt                                     0
t084__t0                              0.939953
t085__t1                              0.939953
xru85.dt                                     0
t085__t0                              0.939953
t086__t1                              0.939953
xru86.dt                                     0
t086__t0                              0.939953
t087__t1                              0.939953
xru87.dt                                     0
t087__t0                              0.939953
t088__t1                              0.939953
xru88.dt                                     0
t088__t0                              0.939953
t089__t1                              0.939953
xru89.dt                                     0
t089__t0                              0.939953
t090__t1                              0.939953
xru90.dt                                     0
t090__t0                              0.939953
t091__t0                              0.939953
xru91.dt                                     0
t091__t1                              0.939953
t092__t0                              0.939953
xru92.dt                                     0
t092__t1                              0.939953
t093__t0                              0.939953
xru93.dt                                     0
t093__t1                              0.939953
t094__t0                              0.939953
xru94.dt                                     0
t094__t1                              0.939953
t095__t0                              0.939953
xru95.dt                                     0
t095__t1                              0.939953
t096__t0                              0.939953
xru96.dt                                     0
t096__t1                              0.939953
t097__t0                              0.939953
xru97.dt                                     0
t097__t1                              0.939953
t098__t0                              0.939953
xru98.dt                                     0
t098__t1                              0.939953
t099__t0                              0.939953
xru99.dt                                     0
t099__t1                              0.939953
t100__t0                              0.939953
xru100.dt                                    0
t100__t1                              0.939953
t101__t0                              0.939953
xru101.dt                                    0
t101__t1                              0.939953
t102__t0                              0.939953
xru102.dt                                    0
t102__t1                              0.939953
t103__t0                              0.939953
xru103.dt                                    0
t103__t1                              0.939953
t104__t0                              0.939953
xru104.dt                                    0
t104__t1                              0.939953
t105__t0                              0.939953
xru105.dt                                    0
t105__t1                              0.939953
t106__t1                              0.939953
xru106.dt                                    0
t106__t0                              0.939953
t107__t1                              0.939953
xru107.dt                                    0
t107__t0                              0.939953
t108__t1                              0.939953
xru108.dt                                    0
t108__t0                              0.939953
t109__t1                              0.939953
xru109.dt                                    0
t109__t0                              0.939953
t110__t1                              0.939953
xru110.dt                                    0
t110__t0                              0.939953
t111__t1                              0.939953
xru111.dt                                    0
t111__t0                              0.939953
t112__t1                              0.939953
xru112.dt                                    0
t112__t0                              0.939953
t113__t1                              0.939953
xru113.dt                                    0
t113__t0                              0.939953
t114__t1                              0.939953
xru114.dt                                    0
t114__t0                              0.939953
t115__t1                              0.939953
xru115.dt                                    0
t115__t0                              0.939953
t116__t1                              0.939953
xru116.dt                                    0
t116__t0                              0.939953
t117__t1                              0.939953
xru117.dt                                    0
t117__t0                              0.939953
t118__t1                              0.939953
xru118.dt                                    0
t118__t0                              0.939953
t119__t1                              0.939953
xru119.dt                                    0
t119__t0                              0.939953
t120__t1                              0.939953
xru120.dt                                    0
t120__t0                              0.939953
t121__t0                              0.939953
xru121.dt                                    0
t121__t1                              0.939953
t122__t0                              0.939953
xru122.dt                                    0
t122__t1                              0.939953
t123__t0                              0.939953
xru123.dt                                    0
t123__t1                              0.939953
t124__t0                              0.939953
xru124.dt                                    0
t124__t1                              0.939953
t125__t0                              0.939953
xru125.dt                                    0
t125__t1                              0.939953
t126__t0                              0.939953
xru126.dt                                    0
t126__t1                              0.939953
tn0__t5                               0.939953
xru127.dt                                    0
tn0__t10                              0.939942
t128__t0                              0.937221
xru128.dt                                    0
t128__t1                              0.937221
t129__t0                                0.9345
xru129.dt                                    0
t129__t1                                0.9345
t130__t0                              0.931779
xru130.dt                                    0
t130__t1                              0.931778
t131__t0                              0.929057
xru131.dt                                    0
t131__t1                              0.929057
t132__t0                              0.926336
xru132.dt                                    0
t132__t1                              0.926336
t133__t0                              0.923615
xru133.dt                                    0
t133__t1                              0.923614
t134__t0                              0.920893
xru134.dt                                    0
t134__t1                              0.920893
t135__t0                              0.918172
xru135.dt                                    0
t135__t1                              0.918166
t136__t1                              0.915445
xru136.dt                                    0
t136__t0                              0.915445
t137__t1                              0.912724
xru137.dt                                    0
t137__t0                              0.912723
t138__t1                              0.910002
xru138.dt                                    0
t138__t0                              0.910002
t139__t1                              0.907281
xru139.dt                                    0
t139__t0                              0.907281
t140__t1                               0.90456
xru140.dt                                    0
t140__t0                              0.904559
t141__t1                              0.901838
xru141.dt                                    0
t141__t0                              0.901838
t142__t1                              0.899117
xru142.dt                                    0
t142__t0                              0.899117
t143__t1                              0.896396
xru143.dt                                    0
t143__t0                              0.896395
t144__t1                              0.893674
xru144.dt                                    0
t144__t0                              0.893674
t145__t1                              0.890953
xru145.dt                                    0
t145__t0                              0.890953
t146__t1                              0.888231
xru146.dt                                    0
t146__t0                              0.888231
t147__t1                               0.88551
xru147.dt                                    0
t147__t0                               0.88551
t148__t1                              0.882789
xru148.dt                                    0
t148__t0                              0.882788
t149__t1                              0.880067
xru149.dt                                    0
t149__t0                              0.880067
t150__t1                              0.877346
xru150.dt                                    0
t150__t0                               0.87734
t151__t0                              0.874619
xru151.dt                                    0
t151__t1                              0.874619
t152__t0                              0.871898
xru152.dt                                    0
t152__t1                              0.871898
t153__t0                              0.869177
xru153.dt                                    0
t153__t1                              0.869176
t154__t0                              0.866455
xru154.dt                                    0
t154__t1                              0.866455
t155__t0                              0.863734
xru155.dt                                    0
t155__t1                              0.863734
t156__t0                              0.861012
xru156.dt                                    0
t156__t1                              0.861012
t157__t0                              0.858291
xru157.dt                                    0
t157__t1                              0.858291
t158__t0                               0.85557
xru158.dt                                    0
t158__t1                              0.855569
t159__t0                              0.852848
xru159.dt                                    0
t159__t1                              0.852848
t160__t0                              0.850127
xru160.dt                                    0
t160__t1                              0.850127
t161__t0                              0.847406
xru161.dt                                    0
t161__t1                              0.847405
t162__t0                              0.844684
xru162.dt                                    0
t162__t1                              0.844684
t163__t0                              0.841963
xru163.dt                                    0
t163__t1                              0.841963
t164__t0                              0.839242
xru164.dt                                    0
t164__t1                              0.839241
t165__t0                               0.83652
xru165.dt                                    0
t165__t1                              0.836514
t166__t1                              0.833793
xru166.dt                                    0
t166__t0                              0.833793
t167__t1                              0.831072
xru167.dt                                    0
t167__t0                              0.831072
t168__t1                              0.828351
xru168.dt                                    0
t168__t0                               0.82835
t169__t1                              0.825629
xru169.dt                                    0
t169__t0                              0.825629
t170__t1                              0.822908
xru170.dt                                    0
t170__t0                              0.822908
t171__t1                              0.820187
xru171.dt                                    0
t171__t0                              0.820186
t172__t1                              0.817465
xru172.dt                                    0
t172__t0                              0.817465
t173__t1                              0.814744
xru173.dt                                    0
t173__t0                              0.814744
t174__t1                              0.812023
xru174.dt                                    0
t174__t0                              0.812022
t175__t1                              0.809301
xru175.dt                                    0
t175__t0                              0.809301
t176__t1                               0.80658
xru176.dt                                    0
t176__t0                               0.80658
t177__t1                              0.803858
xru177.dt                                    0
t177__t0                              0.803858
t178__t1                              0.801137
xru178.dt                                    0
t178__t0                              0.801137
t179__t1                              0.798416
xru179.dt                                    0
t179__t0                              0.798415
t180__t1                              0.795694
xru180.dt                                    0
t180__t0                              0.795689
t181__t0                              0.792968
xru181.dt                                    0
t181__t1                              0.792967
t182__t0                              0.790246
xru182.dt                                    0
t182__t1                              0.790246
t183__t0                              0.787525
xru183.dt                                    0
t183__t1                              0.787525
t184__t0                              0.784803
xru184.dt                                    0
t184__t1                              0.784803
t185__t0                              0.782082
xru185.dt                                    0
t185__t1                              0.782082
t186__t0                              0.779361
xru186.dt                                    0
t186__t1                              0.779361
t187__t0                              0.776639
xru187.dt                                    0
t187__t1                              0.776639
t188__t0                              0.773918
xru188.dt                                    0
t188__t1                              0.773918
t189__t0                              0.771197
xru189.dt                                    0
t189__t1                              0.771196
t190__t0                              0.768475
xru190.dt                                    0
t190__t1                              0.768475
t191__t0                              0.765754
xru191.dt                                    0
t191__t1                              0.765754
t192__t0                              0.763033
xru192.dt                                    0
t192__t1                              0.763032
t193__t0                              0.760311
xru193.dt                                    0
t193__t1                              0.760311
t194__t0                               0.75759
xru194.dt                                    0
t194__t1                               0.75759
t195__t0                              0.754869
xru195.dt                                    0
t195__t1                              0.754863
t196__t1                              0.752142
xru196.dt                                    0
t196__t0                              0.752141
t197__t1                               0.74942
xru197.dt                                    0
t197__t0                               0.74942
t198__t1                              0.746699
xru198.dt                                    0
t198__t0                              0.746699
t199__t1                              0.743978
xru199.dt                                    0
t199__t0                              0.743977
t200__t1                              0.741256
xru200.dt                                    0
t200__t0                              0.741256
t201__t1                              0.738535
xru201.dt                                    0
t201__t0                              0.738535
t202__t1                              0.735814
xru202.dt                                    0
t202__t0                              0.735813
t203__t1                              0.733092
xru203.dt                                    0
t203__t0                              0.733092
t204__t1                              0.730371
xru204.dt                                    0
t204__t0                              0.730371
t205__t1                               0.72765
xru205.dt                                    0
t205__t0                              0.727649
t206__t1                              0.724928
xru206.dt                                    0
t206__t0                              0.724928
t207__t1                              0.722207
xru207.dt                                    0
t207__t0                              0.722207
t208__t1                              0.719485
xru208.dt                                    0
t208__t0                              0.719485
t209__t1                              0.716764
xru209.dt                                    0
t209__t0                              0.716764
t210__t1                              0.714043
xru210.dt                                    0
t210__t0                              0.714037
t211__t0                              0.711316
xru211.dt                                    0
t211__t1                              0.711316
t212__t0                              0.708595
xru212.dt                                    0
t212__t1                              0.708594
t213__t0                              0.705873
xru213.dt                                    0
t213__t1                              0.705873
t214__t0                              0.703152
xru214.dt                                    0
t214__t1                              0.703152
t215__t0                              0.700431
xru215.dt                                    0
t215__t1                               0.70043
t216__t0                              0.697709
xru216.dt                                    0
t216__t1                              0.697709
t217__t0                              0.694988
xru217.dt                                    0
t217__t1                              0.694988
t218__t0                              0.692266
xru218.dt                                    0
t218__t1                              0.692266
t219__t0                              0.689545
xru219.dt                                    0
t219__t1                              0.689545
t220__t0                              0.686824
xru220.dt                                    0
t220__t1                              0.686823
t221__t0                              0.684102
xru221.dt                                    0
t221__t1                              0.684102
t222__t0                              0.681381
xru222.dt                                    0
t222__t1                              0.681381
t223__t0                               0.67866
xru223.dt                                    0
t223__t1                              0.678659
t224__t0                              0.675938
xru224.dt                                    0
t224__t1                              0.675938
t225__t0                              0.673217
xru225.dt                                    0
t225__t1                              0.673211
t226__t1                               0.67049
xru226.dt                                    0
t226__t0                               0.67049
t227__t1                              0.667769
xru227.dt                                    0
t227__t0                              0.667768
t228__t1                              0.665047
xru228.dt                                    0
t228__t0                              0.665047
t229__t1                              0.662326
xru229.dt                                    0
t229__t0                              0.662326
t230__t1                              0.659605
xru230.dt                                    0
t230__t0                              0.659604
t231__t1                              0.656883
xru231.dt                                    0
t231__t0                              0.656883
t232__t1                              0.654162
xru232.dt                                    0
t232__t0                              0.654162
t233__t1                              0.651441
xru233.dt                                    0
t233__t0                               0.65144
t234__t1                              0.648719
xru234.dt                                    0
t234__t0                              0.648719
t235__t1                              0.645998
xru235.dt                                    0
t235__t0                              0.645998
t236__t1                              0.643277
xru236.dt                                    0
t236__t0                              0.643276
t237__t1                              0.640555
xru237.dt                                    0
t237__t0                              0.640555
t238__t1                              0.637834
xru238.dt                                    0
t238__t0                              0.637834
t239__t1                              0.635112
xru239.dt                                    0
t239__t0                              0.635112
t240__t1                              0.632391
xru240.dt                                    0
t240__t0                              0.632385
t241__t0                              0.629664
xru241.dt                                    0
t241__t1                              0.629664
t242__t0                              0.626943
xru242.dt                                    0
t242__t1                              0.626943
t243__t0                              0.624222
xru243.dt                                    0
t243__t1                              0.624221
t244__t0                                0.6215
xru244.dt                                    0
t244__t1                                0.6215
t245__t0                              0.618779
xru245.dt                                    0
t245__t1                              0.618779
t246__t0                              0.616058
xru246.dt                                    0
t246__t1                              0.616057
t247__t0                              0.613336
xru247.dt                                    0
t247__t1                              0.613336
t248__t0                              0.610615
xru248.dt                                    0
t248__t1                              0.610615
t249__t0                              0.607893
xru249.dt                                    0
t249__t1                              0.607893
t250__t0                              0.605172
xru250.dt                                    0
t250__t1                              0.605172
t251__t0                              0.602451
xru251.dt                                    0
t251__t1                               0.60245
t252__t0                              0.599729
xru252.dt                                    0
t252__t1                              0.599729
t253__t0                              0.597008
xru253.dt                                    0
t253__t1                              0.597008
t254__t0                              0.594287
xru254.dt                                    0
t254__t1                              0.594286
cb3__t0                               0.591565
xru255.dt                                    0
sns1                                  0.590979
xq1.s1                             3.42385e-08
xq1.t                                0.0341197
cb2                                   0.516843
xq2.s1                             4.11973e-07
xq2.t                               0.00462454
cb3                                   0.591365
xq3.s1                             3.42398e-08
xq3.t                                0.0344959
sns2                                   0.57859
tn0                                   0.939953
t002                                  0.939953
t004                                  0.939953
t005                                  0.939953
t006                                  0.939953
t008                                  0.939953
t009                                  0.939953
t010                                  0.939953
t011                                  0.939953
t012                                  0.939953
t013                                  0.939953
t014                                  0.939953
t016                                  0.939953
t017                                  0.939953
t018                                  0.939953
t019                                  0.939953
t020                                  0.939953
t021                                  0.939953
t022                                  0.939953
t023                                  0.939953
t024                                  0.939953
t025                                  0.939953
t026                                  0.939953
t027                                  0.939953
t028                                  0.939953
t029                                  0.939953
t030                                  0.939953
t032                                  0.939953
t033                                  0.939953
t034                                  0.939953
t035                                  0.939953
t036                                  0.939953
t037                                  0.939953
t038                                  0.939953
t039                                  0.939953
t040                                  0.939953
t041                                  0.939953
t042                                  0.939953
t043                                  0.939953
t044                                  0.939953
t045                                  0.939953
t046                                  0.939953
t047                                  0.939953
t048                                  0.939953
t049                                  0.939953
t050                                  0.939953
t051                                  0.939953
t052                                  0.939953
t053                                  0.939953
t054                                  0.939953
t055                                  0.939953
t056                                  0.939953
t057                                  0.939953
t058                                  0.939953
t059                                  0.939953
t060                                  0.939953
t061                                  0.939953
t062                                  0.939953
t064                                  0.939953
t065                                  0.939953
t066                                  0.939953
t067                                  0.939953
t068                                  0.939953
t069                                  0.939953
t070                                  0.939953
t071                                  0.939953
t072                                  0.939953
t073                                  0.939953
t074                                  0.939953
t075                                  0.939953
t076                                  0.939953
t077                                  0.939953
t078                                  0.939953
t079                                  0.939953
t080                                  0.939953
t081                                  0.939953
t082                                  0.939953
t083                                  0.939953
t084                                  0.939953
t085                                  0.939953
t086                                  0.939953
t087                                  0.939953
t088                                  0.939953
t089                                  0.939953
t090                                  0.939953
t091                                  0.939953
t092                                  0.939953
t093                                  0.939953
t094                                  0.939953
t095                                  0.939953
t096                                  0.939953
t097                                  0.939953
t098                                  0.939953
t099                                  0.939953
t100                                  0.939953
t101                                  0.939953
t102                                  0.939953
t103                                  0.939953
t104                                  0.939953
t105                                  0.939953
t106                                  0.939953
t107                                  0.939953
t108                                  0.939953
t109                                  0.939953
t110                                  0.939953
t111                                  0.939953
t112                                  0.939953
t113                                  0.939953
t114                                  0.939953
t115                                  0.939953
t116                                  0.939953
t117                                  0.939953
t118                                  0.939953
t119                                  0.939953
t120                                  0.939953
t121                                  0.939953
t122                                  0.939953
t123                                  0.939953
t124                                  0.939953
t125                                  0.939953
t126                                  0.939953
t128                                  0.937221
t129                                    0.9345
t130                                  0.931779
t131                                  0.929057
t132                                  0.926336
t133                                  0.923614
t134                                  0.920893
t135                                  0.918169
t136                                  0.915445
t137                                  0.912724
t138                                  0.910002
t139                                  0.907281
t140                                  0.904559
t141                                  0.901838
t142                                  0.899117
t143                                  0.896395
t144                                  0.893674
t145                                  0.890953
t146                                  0.888231
t147                                   0.88551
t148                                  0.882789
t149                                  0.880067
t150                                  0.877343
t151                                  0.874619
t152                                  0.871898
t153                                  0.869176
t154                                  0.866455
t155                                  0.863734
t156                                  0.861012
t157                                  0.858291
t158                                   0.85557
t159                                  0.852848
t160                                  0.850127
t161                                  0.847406
t162                                  0.844684
t163                                  0.841963
t164                                  0.839241
t165                                  0.836517
t166                                  0.833793
t167                                  0.831072
t168                                  0.828351
t169                                  0.825629
t170                                  0.822908
t171                                  0.820186
t172                                  0.817465
t173                                  0.814744
t174                                  0.812022
t175                                  0.809301
t176                                   0.80658
t177                                  0.803858
t178                                  0.801137
t179                                  0.798416
t180                                  0.795692
t181                                  0.792967
t182                                  0.790246
t183                                  0.787525
t184                                  0.784803
t185                                  0.782082
t186                                  0.779361
t187                                  0.776639
t188                                  0.773918
t189                                  0.771197
t190                                  0.768475
t191                                  0.765754
t192                                  0.763033
t193                                  0.760311
t194                                   0.75759
t195                                  0.754866
t196                                  0.752142
t197                                   0.74942
t198                                  0.746699
t199                                  0.743978
t200                                  0.741256
t201                                  0.738535
t202                                  0.735813
t203                                  0.733092
t204                                  0.730371
t205                                  0.727649
t206                                  0.724928
t207                                  0.722207
t208                                  0.719485
t209                                  0.716764
t210                                   0.71404
t211                                  0.711316
t212                                  0.708594
t213                                  0.705873
t214                                  0.703152
t215                                   0.70043
t216                                  0.697709
t217                                  0.694988
t218                                  0.692266
t219                                  0.689545
t220                                  0.686824
t221                                  0.684102
t222                                  0.681381
t223                                   0.67866
t224                                  0.675938
t225                                  0.673214
t226                                   0.67049
t227                                  0.667769
t228                                  0.665047
t229                                  0.662326
t230                                  0.659605
t231                                  0.656883
t232                                  0.654162
t233                                   0.65144
t234                                  0.648719
t235                                  0.645998
t236                                  0.643276
t237                                  0.640555
t238                                  0.637834
t239                                  0.635112
t240                                  0.632388
t241                                  0.629664
t242                                  0.626943
t243                                  0.624221
t244                                    0.6215
t245                                  0.618779
t246                                  0.616057
t247                                  0.613336
t248                                  0.610615
t249                                  0.607893
t250                                  0.605172
t251                                  0.602451
t252                                  0.599729
t253                                  0.597008
t254                                  0.594287
vref                                  0.967905
vss__par                                     0
pa_00                                 0.074136
pa_01                              5.12175e-06
pa_02                              5.14086e-06
pa_03                                  73244.5
pa_04                                  12055.8
bpa_04#branch                                0
vm2a#branch                        4.58238e-06
vm2b#branch                        5.39366e-07
bpa_03#branch                                0
vm3a#branch                        4.06585e-06
vm3b#branch                        5.37506e-07
vm3c#branch                        5.37503e-07
bpa_02#branch                                0
bpa_01#branch                                0
bpa_00#branch                                0
vm1#branch                         5.08585e-06
vvss#branch                        2.03485e-05
vvdd#branch                       -2.03485e-05


No. of Data Rows : 59

  Measurements for Transient Analysis

vref_v              =  9.67905e-01
vpexfb_v            =  2.53765e+00
vbe_q1_v            =  5.90979e-01
vbe_q2_v            =  5.16843e-01
vbe_q3_v            =  5.91365e-01
dvbe_ptat_v         =  7.41360e-02
i_leg1_a            =  5.08585e-06
i_leg2_a            =  5.12175e-06
i_leg3_a            =  5.14086e-06
r1_ohm              =  7.32445e+04
r2_ohm              =  1.20558e+04

ngspice-46 done
