
Note: No compatibility mode selected!


Circuit: * klt sim -- generated corner deck, do not edit

Doing analysis at TEMP = -40.000000 and TNOM = 27.000000

Using SPARSE 1.3 as Direct Linear Solver
OSDI(debug) n.xr2.nr1: WARNING: V(i2,c) voltage is greater than specified by vmax
OSDI(debug) n.xr2.nr1: WARNING: V(i2,c) voltage is greater than specified by vmax
OSDI(debug) n.xr2.nr1: WARNING: V(i2,c) voltage is greater than specified by vmax
OSDI(debug) n.xr2.nr1: WARNING: V(i2,c) voltage is greater than specified by vmax
OSDI(debug) n.xr2.nr1: WARNING: V(i2,c) voltage is greater than specified by vmax
OSDI(debug) n.xr2.nr1: WARNING: V(i2,c) voltage is greater than specified by vmax
OSDI(debug) n.xr2.nr1: WARNING: V(i2,c) voltage is greater than specified by vmax


The temperature limiting function received NaN.
Please check your power dissipation and improve your heat sink Rth!
    This message will be shown only once.

Note: Starting dynamic gmin stepping
Note: Dynamic gmin stepping completed

Initial Transient Solution
--------------------------

Node                                   Voltage
----                                   -------
vdd                                        3.3
vss                                          0
fb                                     2.38712
vdd__t0                                3.29997
vm1_p                                 0.796309
vdd__t1                                    3.3
sns1__t0                              0.796309
vdd__t2                                3.29999
vm2a_p                                 0.81434
vdd__t3                                    3.3
sns2__t0                               0.81434
vdd__t4                                    3.3
vm2b_p                                0.814328
vdd__t5                                    3.3
sns2__t1                              0.814328
vdd__t6                                3.29999
vm3a_p                                 1.17036
vdd__t7                                    3.3
vref__t0                               1.17036
vdd__t10                                   3.3
vm3b_p                                 1.17035
vdd__t8                                    3.3
vref__t2                               1.17035
vdd__t11                                   3.3
vm3c_p                                 1.17035
vdd__t9                                    3.3
vref__t3                               1.17035
sns2__t2                              0.814303
vsubs                                        0
cb2__t0                               0.754169
xr2.dt                                       0
vref__t1                               1.17032
tn0__t2                                1.14292
xr1.dt                                       0
tn0__t0                                 1.1429
tn0__t1                                 1.1429
xru1.dt                                      0
tn0__t8                                 1.1429
t002__t1                                1.1429
xru2.dt                                      0
t002__t0                                1.1429
tn0__t13                                1.1429
xru3.dt                                      0
tn0__t15                                1.1429
t004__t0                                1.1429
xru4.dt                                      0
t004__t1                                1.1429
t005__t0                                1.1429
xru5.dt                                      0
t005__t1                                1.1429
t006__t0                                1.1429
xru6.dt                                      0
t006__t1                                1.1429
tn0__t9                                 1.1429
xru7.dt                                      0
tn0__t11                                1.1429
t008__t0                                1.1429
xru8.dt                                      0
t008__t1                                1.1429
t009__t0                                1.1429
xru9.dt                                      0
t009__t1                                1.1429
t010__t0                                1.1429
xru10.dt                                     0
t010__t1                                1.1429
t011__t0                                1.1429
xru11.dt                                     0
t011__t1                                1.1429
t012__t0                                1.1429
xru12.dt                                     0
t012__t1                                1.1429
t013__t0                                1.1429
xru13.dt                                     0
t013__t1                                1.1429
t014__t0                                1.1429
xru14.dt                                     0
t014__t1                                1.1429
tn0__t3                                 1.1429
xru15.dt                                     0
tn0__t4                                 1.1429
t016__t1                                1.1429
xru16.dt                                     0
t016__t0                                1.1429
t017__t1                                1.1429
xru17.dt                                     0
t017__t0                                1.1429
t018__t1                                1.1429
xru18.dt                                     0
t018__t0                                1.1429
t019__t1                                1.1429
xru19.dt                                     0
t019__t0                                1.1429
t020__t1                                1.1429
xru20.dt                                     0
t020__t0                                1.1429
t021__t1                                1.1429
xru21.dt                                     0
t021__t0                                1.1429
t022__t1                                1.1429
xru22.dt                                     0
t022__t0                                1.1429
t023__t1                                1.1429
xru23.dt                                     0
t023__t0                                1.1429
t024__t1                                1.1429
xru24.dt                                     0
t024__t0                                1.1429
t025__t1                                1.1429
xru25.dt                                     0
t025__t0                                1.1429
t026__t1                                1.1429
xru26.dt                                     0
t026__t0                                1.1429
t027__t1                                1.1429
xru27.dt                                     0
t027__t0                                1.1429
t028__t1                                1.1429
xru28.dt                                     0
t028__t0                                1.1429
t029__t1                                1.1429
xru29.dt                                     0
t029__t0                                1.1429
t030__t1                                1.1429
xru30.dt                                     0
t030__t0                                1.1429
tn0__t6                                 1.1429
xru31.dt                                     0
tn0__t12                                1.1429
t032__t0                                1.1429
xru32.dt                                     0
t032__t1                                1.1429
t033__t0                                1.1429
xru33.dt                                     0
t033__t1                                1.1429
t034__t0                                1.1429
xru34.dt                                     0
t034__t1                                1.1429
t035__t0                                1.1429
xru35.dt                                     0
t035__t1                                1.1429
t036__t0                                1.1429
xru36.dt                                     0
t036__t1                                1.1429
t037__t0                                1.1429
xru37.dt                                     0
t037__t1                                1.1429
t038__t0                                1.1429
xru38.dt                                     0
t038__t1                                1.1429
t039__t0                                1.1429
xru39.dt                                     0
t039__t1                                1.1429
t040__t0                                1.1429
xru40.dt                                     0
t040__t1                                1.1429
t041__t0                                1.1429
xru41.dt                                     0
t041__t1                                1.1429
t042__t0                                1.1429
xru42.dt                                     0
t042__t1                                1.1429
t043__t0                                1.1429
xru43.dt                                     0
t043__t1                                1.1429
t044__t0                                1.1429
xru44.dt                                     0
t044__t1                                1.1429
t045__t0                                1.1429
xru45.dt                                     0
t045__t1                                1.1429
t046__t1                                1.1429
xru46.dt                                     0
t046__t0                                1.1429
t047__t1                                1.1429
xru47.dt                                     0
t047__t0                                1.1429
t048__t1                                1.1429
xru48.dt                                     0
t048__t0                                1.1429
t049__t1                                1.1429
xru49.dt                                     0
t049__t0                                1.1429
t050__t1                                1.1429
xru50.dt                                     0
t050__t0                                1.1429
t051__t1                                1.1429
xru51.dt                                     0
t051__t0                                1.1429
t052__t1                                1.1429
xru52.dt                                     0
t052__t0                                1.1429
t053__t1                                1.1429
xru53.dt                                     0
t053__t0                                1.1429
t054__t1                                1.1429
xru54.dt                                     0
t054__t0                                1.1429
t055__t1                                1.1429
xru55.dt                                     0
t055__t0                                1.1429
t056__t1                                1.1429
xru56.dt                                     0
t056__t0                                1.1429
t057__t1                                1.1429
xru57.dt                                     0
t057__t0                                1.1429
t058__t1                                1.1429
xru58.dt                                     0
t058__t0                                1.1429
t059__t1                                1.1429
xru59.dt                                     0
t059__t0                                1.1429
t060__t1                                1.1429
xru60.dt                                     0
t060__t0                                1.1429
t061__t0                                1.1429
xru61.dt                                     0
t061__t1                                1.1429
t062__t0                                1.1429
xru62.dt                                     0
t062__t1                                1.1429
tn0__t7                                 1.1429
xru63.dt                                     0
tn0__t14                                1.1429
t064__t0                                1.1429
xru64.dt                                     0
t064__t1                                1.1429
t065__t0                                1.1429
xru65.dt                                     0
t065__t1                                1.1429
t066__t0                                1.1429
xru66.dt                                     0
t066__t1                                1.1429
t067__t0                                1.1429
xru67.dt                                     0
t067__t1                                1.1429
t068__t0                                1.1429
xru68.dt                                     0
t068__t1                                1.1429
t069__t0                                1.1429
xru69.dt                                     0
t069__t1                                1.1429
t070__t0                                1.1429
xru70.dt                                     0
t070__t1                                1.1429
t071__t0                                1.1429
xru71.dt                                     0
t071__t1                                1.1429
t072__t0                                1.1429
xru72.dt                                     0
t072__t1                                1.1429
t073__t0                                1.1429
xru73.dt                                     0
t073__t1                                1.1429
t074__t0                                1.1429
xru74.dt                                     0
t074__t1                                1.1429
t075__t0                                1.1429
xru75.dt                                     0
t075__t1                                1.1429
t076__t1                                1.1429
xru76.dt                                     0
t076__t0                                1.1429
t077__t1                                1.1429
xru77.dt                                     0
t077__t0                                1.1429
t078__t1                                1.1429
xru78.dt                                     0
t078__t0                                1.1429
t079__t1                                1.1429
xru79.dt                                     0
t079__t0                                1.1429
t080__t1                                1.1429
xru80.dt                                     0
t080__t0                                1.1429
t081__t1                                1.1429
xru81.dt                                     0
t081__t0                                1.1429
t082__t1                                1.1429
xru82.dt                                     0
t082__t0                                1.1429
t083__t1                                1.1429
xru83.dt                                     0
t083__t0                                1.1429
t084__t1                                1.1429
xru84.dt                                     0
t084__t0                                1.1429
t085__t1                                1.1429
xru85.dt                                     0
t085__t0                                1.1429
t086__t1                                1.1429
xru86.dt                                     0
t086__t0                                1.1429
t087__t1                                1.1429
xru87.dt                                     0
t087__t0                                1.1429
t088__t1                                1.1429
xru88.dt                                     0
t088__t0                                1.1429
t089__t1                                1.1429
xru89.dt                                     0
t089__t0                                1.1429
t090__t1                                1.1429
xru90.dt                                     0
t090__t0                                1.1429
t091__t0                                1.1429
xru91.dt                                     0
t091__t1                                1.1429
t092__t0                                1.1429
xru92.dt                                     0
t092__t1                                1.1429
t093__t0                                1.1429
xru93.dt                                     0
t093__t1                                1.1429
t094__t0                                1.1429
xru94.dt                                     0
t094__t1                                1.1429
t095__t0                                1.1429
xru95.dt                                     0
t095__t1                                1.1429
t096__t0                                1.1429
xru96.dt                                     0
t096__t1                                1.1429
t097__t0                                1.1429
xru97.dt                                     0
t097__t1                                1.1429
t098__t0                                1.1429
xru98.dt                                     0
t098__t1                                1.1429
t099__t0                                1.1429
xru99.dt                                     0
t099__t1                                1.1429
t100__t0                                1.1429
xru100.dt                                    0
t100__t1                                1.1429
t101__t0                                1.1429
xru101.dt                                    0
t101__t1                                1.1429
t102__t0                                1.1429
xru102.dt                                    0
t102__t1                                1.1429
t103__t0                                1.1429
xru103.dt                                    0
t103__t1                                1.1429
t104__t0                                1.1429
xru104.dt                                    0
t104__t1                                1.1429
t105__t0                                1.1429
xru105.dt                                    0
t105__t1                                1.1429
t106__t1                                1.1429
xru106.dt                                    0
t106__t0                                1.1429
t107__t1                                1.1429
xru107.dt                                    0
t107__t0                                1.1429
t108__t1                                1.1429
xru108.dt                                    0
t108__t0                                1.1429
t109__t1                                1.1429
xru109.dt                                    0
t109__t0                                1.1429
t110__t1                                1.1429
xru110.dt                                    0
t110__t0                                1.1429
t111__t1                                1.1429
xru111.dt                                    0
t111__t0                                1.1429
t112__t1                                1.1429
xru112.dt                                    0
t112__t0                                1.1429
t113__t1                                1.1429
xru113.dt                                    0
t113__t0                                1.1429
t114__t1                                1.1429
xru114.dt                                    0
t114__t0                                1.1429
t115__t1                                1.1429
xru115.dt                                    0
t115__t0                                1.1429
t116__t1                                1.1429
xru116.dt                                    0
t116__t0                                1.1429
t117__t1                                1.1429
xru117.dt                                    0
t117__t0                                1.1429
t118__t1                                1.1429
xru118.dt                                    0
t118__t0                                1.1429
t119__t1                                1.1429
xru119.dt                                    0
t119__t0                                1.1429
t120__t1                                1.1429
xru120.dt                                    0
t120__t0                                1.1429
t121__t0                                1.1429
xru121.dt                                    0
t121__t1                                1.1429
t122__t0                                1.1429
xru122.dt                                    0
t122__t1                                1.1429
t123__t0                                1.1429
xru123.dt                                    0
t123__t1                                1.1429
t124__t0                                1.1429
xru124.dt                                    0
t124__t1                                1.1429
t125__t0                                1.1429
xru125.dt                                    0
t125__t1                                1.1429
t126__t0                                1.1429
xru126.dt                                    0
t126__t1                                1.1429
tn0__t5                                 1.1429
xru127.dt                                    0
tn0__t10                               1.14289
t128__t0                               1.14018
xru128.dt                                    0
t128__t1                               1.14018
t129__t0                               1.13748
xru129.dt                                    0
t129__t1                               1.13748
t130__t0                               1.13478
xru130.dt                                    0
t130__t1                               1.13478
t131__t0                               1.13207
xru131.dt                                    0
t131__t1                               1.13207
t132__t0                               1.12937
xru132.dt                                    0
t132__t1                               1.12937
t133__t0                               1.12667
xru133.dt                                    0
t133__t1                               1.12667
t134__t0                               1.12397
xru134.dt                                    0
t134__t1                               1.12397
t135__t0                               1.12126
xru135.dt                                    0
t135__t1                               1.12126
t136__t1                               1.11856
xru136.dt                                    0
t136__t0                               1.11856
t137__t1                               1.11585
xru137.dt                                    0
t137__t0                               1.11585
t138__t1                               1.11315
xru138.dt                                    0
t138__t0                               1.11315
t139__t1                               1.11045
xru139.dt                                    0
t139__t0                               1.11045
t140__t1                               1.10774
xru140.dt                                    0
t140__t0                               1.10774
t141__t1                               1.10504
xru141.dt                                    0
t141__t0                               1.10504
t142__t1                               1.10234
xru142.dt                                    0
t142__t0                               1.10234
t143__t1                               1.09964
xru143.dt                                    0
t143__t0                               1.09964
t144__t1                               1.09693
xru144.dt                                    0
t144__t0                               1.09693
t145__t1                               1.09423
xru145.dt                                    0
t145__t0                               1.09423
t146__t1                               1.09153
xru146.dt                                    0
t146__t0                               1.09153
t147__t1                               1.08882
xru147.dt                                    0
t147__t0                               1.08882
t148__t1                               1.08612
xru148.dt                                    0
t148__t0                               1.08612
t149__t1                               1.08342
xru149.dt                                    0
t149__t0                               1.08342
t150__t1                               1.08072
xru150.dt                                    0
t150__t0                               1.08071
t151__t0                               1.07801
xru151.dt                                    0
t151__t1                               1.07801
t152__t0                               1.07531
xru152.dt                                    0
t152__t1                               1.07531
t153__t0                                1.0726
xru153.dt                                    0
t153__t1                                1.0726
t154__t0                                1.0699
xru154.dt                                    0
t154__t1                                1.0699
t155__t0                                1.0672
xru155.dt                                    0
t155__t1                                1.0672
t156__t0                               1.06449
xru156.dt                                    0
t156__t1                               1.06449
t157__t0                               1.06179
xru157.dt                                    0
t157__t1                               1.06179
t158__t0                               1.05909
xru158.dt                                    0
t158__t1                               1.05909
t159__t0                               1.05639
xru159.dt                                    0
t159__t1                               1.05639
t160__t0                               1.05368
xru160.dt                                    0
t160__t1                               1.05368
t161__t0                               1.05098
xru161.dt                                    0
t161__t1                               1.05098
t162__t0                               1.04828
xru162.dt                                    0
t162__t1                               1.04828
t163__t0                               1.04558
xru163.dt                                    0
t163__t1                               1.04557
t164__t0                               1.04287
xru164.dt                                    0
t164__t1                               1.04287
t165__t0                               1.04017
xru165.dt                                    0
t165__t1                               1.04016
t166__t1                               1.03746
xru166.dt                                    0
t166__t0                               1.03746
t167__t1                               1.03476
xru167.dt                                    0
t167__t0                               1.03476
t168__t1                               1.03206
xru168.dt                                    0
t168__t0                               1.03206
t169__t1                               1.02935
xru169.dt                                    0
t169__t0                               1.02935
t170__t1                               1.02665
xru170.dt                                    0
t170__t0                               1.02665
t171__t1                               1.02395
xru171.dt                                    0
t171__t0                               1.02395
t172__t1                               1.02124
xru172.dt                                    0
t172__t0                               1.02124
t173__t1                               1.01854
xru173.dt                                    0
t173__t0                               1.01854
t174__t1                               1.01584
xru174.dt                                    0
t174__t0                               1.01584
t175__t1                               1.01314
xru175.dt                                    0
t175__t0                               1.01314
t176__t1                               1.01043
xru176.dt                                    0
t176__t0                               1.01043
t177__t1                               1.00773
xru177.dt                                    0
t177__t0                               1.00773
t178__t1                               1.00503
xru178.dt                                    0
t178__t0                               1.00503
t179__t1                               1.00233
xru179.dt                                    0
t179__t0                               1.00233
t180__t1                              0.999623
xru180.dt                                    0
t180__t0                              0.999617
t181__t0                              0.996914
xru181.dt                                    0
t181__t1                              0.996914
t182__t0                              0.994212
xru182.dt                                    0
t182__t1                              0.994211
t183__t0                              0.991509
xru183.dt                                    0
t183__t1                              0.991509
t184__t0                              0.988806
xru184.dt                                    0
t184__t1                              0.988806
t185__t0                              0.986103
xru185.dt                                    0
t185__t1                              0.986103
t186__t0                              0.983401
xru186.dt                                    0
t186__t1                                0.9834
t187__t0                              0.980698
xru187.dt                                    0
t187__t1                              0.980698
t188__t0                              0.977995
xru188.dt                                    0
t188__t1                              0.977995
t189__t0                              0.975292
xru189.dt                                    0
t189__t1                              0.975292
t190__t0                               0.97259
xru190.dt                                    0
t190__t1                              0.972589
t191__t0                              0.969887
xru191.dt                                    0
t191__t1                              0.969887
t192__t0                              0.967184
xru192.dt                                    0
t192__t1                              0.967184
t193__t0                              0.964481
xru193.dt                                    0
t193__t1                              0.964481
t194__t0                              0.961779
xru194.dt                                    0
t194__t1                              0.961778
t195__t0                              0.959076
xru195.dt                                    0
t195__t1                               0.95907
t196__t1                              0.956368
xru196.dt                                    0
t196__t0                              0.956367
t197__t1                              0.953665
xru197.dt                                    0
t197__t0                              0.953665
t198__t1                              0.950962
xru198.dt                                    0
t198__t0                              0.950962
t199__t1                              0.948259
xru199.dt                                    0
t199__t0                              0.948259
t200__t1                              0.945557
xru200.dt                                    0
t200__t0                              0.945556
t201__t1                              0.942854
xru201.dt                                    0
t201__t0                              0.942853
t202__t1                              0.940151
xru202.dt                                    0
t202__t0                              0.940151
t203__t1                              0.937448
xru203.dt                                    0
t203__t0                              0.937448
t204__t1                              0.934745
xru204.dt                                    0
t204__t0                              0.934745
t205__t1                              0.932043
xru205.dt                                    0
t205__t0                              0.932042
t206__t1                               0.92934
xru206.dt                                    0
t206__t0                               0.92934
t207__t1                              0.926637
xru207.dt                                    0
t207__t0                              0.926637
t208__t1                              0.923934
xru208.dt                                    0
t208__t0                              0.923934
t209__t1                              0.921232
xru209.dt                                    0
t209__t0                              0.921231
t210__t1                              0.918529
xru210.dt                                    0
t210__t0                              0.918523
t211__t0                              0.915821
xru211.dt                                    0
t211__t1                               0.91582
t212__t0                              0.913118
xru212.dt                                    0
t212__t1                              0.913118
t213__t0                              0.910415
xru213.dt                                    0
t213__t1                              0.910415
t214__t0                              0.907712
xru214.dt                                    0
t214__t1                              0.907712
t215__t0                               0.90501
xru215.dt                                    0
t215__t1                              0.905009
t216__t0                              0.902307
xru216.dt                                    0
t216__t1                              0.902307
t217__t0                              0.899604
xru217.dt                                    0
t217__t1                              0.899604
t218__t0                              0.896901
xru218.dt                                    0
t218__t1                              0.896901
t219__t0                              0.894199
xru219.dt                                    0
t219__t1                              0.894198
t220__t0                              0.891496
xru220.dt                                    0
t220__t1                              0.891495
t221__t0                              0.888793
xru221.dt                                    0
t221__t1                              0.888793
t222__t0                               0.88609
xru222.dt                                    0
t222__t1                               0.88609
t223__t0                              0.883388
xru223.dt                                    0
t223__t1                              0.883387
t224__t0                              0.880685
xru224.dt                                    0
t224__t1                              0.880684
t225__t0                              0.877982
xru225.dt                                    0
t225__t1                              0.877976
t226__t1                              0.875274
xru226.dt                                    0
t226__t0                              0.875273
t227__t1                              0.872571
xru227.dt                                    0
t227__t0                              0.872571
t228__t1                              0.869868
xru228.dt                                    0
t228__t0                              0.869868
t229__t1                              0.867165
xru229.dt                                    0
t229__t0                              0.867165
t230__t1                              0.864463
xru230.dt                                    0
t230__t0                              0.864462
t231__t1                               0.86176
xru231.dt                                    0
t231__t0                               0.86176
t232__t1                              0.859057
xru232.dt                                    0
t232__t0                              0.859057
t233__t1                              0.856354
xru233.dt                                    0
t233__t0                              0.856354
t234__t1                              0.853652
xru234.dt                                    0
t234__t0                              0.853651
t235__t1                              0.850949
xru235.dt                                    0
t235__t0                              0.850949
t236__t1                              0.848246
xru236.dt                                    0
t236__t0                              0.848246
t237__t1                              0.845543
xru237.dt                                    0
t237__t0                              0.845543
t238__t1                              0.842841
xru238.dt                                    0
t238__t0                               0.84284
t239__t1                              0.840138
xru239.dt                                    0
t239__t0                              0.840138
t240__t1                              0.837435
xru240.dt                                    0
t240__t0                              0.837429
t241__t0                              0.834727
xru241.dt                                    0
t241__t1                              0.834726
t242__t0                              0.832024
xru242.dt                                    0
t242__t1                              0.832024
t243__t0                              0.829321
xru243.dt                                    0
t243__t1                              0.829321
t244__t0                              0.826618
xru244.dt                                    0
t244__t1                              0.826618
t245__t0                              0.823916
xru245.dt                                    0
t245__t1                              0.823915
t246__t0                              0.821213
xru246.dt                                    0
t246__t1                              0.821213
t247__t0                               0.81851
xru247.dt                                    0
t247__t1                               0.81851
t248__t0                              0.815807
xru248.dt                                    0
t248__t1                              0.815807
t249__t0                              0.813105
xru249.dt                                    0
t249__t1                              0.813104
t250__t0                              0.810402
xru250.dt                                    0
t250__t1                              0.810402
t251__t0                              0.807699
xru251.dt                                    0
t251__t1                              0.807699
t252__t0                              0.804996
xru252.dt                                    0
t252__t1                              0.804996
t253__t0                              0.802294
xru253.dt                                    0
t253__t1                              0.802293
t254__t0                              0.799591
xru254.dt                                    0
t254__t1                              0.799591
cb3__t0                               0.796888
xru255.dt                                    0
sns1                                  0.796232
xq1.s1                             3.18373e-10
xq1.t                                0.0459376
cb2                                   0.754051
xq2.s1                             8.29416e-10
xq2.t                               0.00678219
cb3                                   0.796686
xq3.s1                             3.18552e-10
xq3.t                                0.0469664
sns2                                  0.814326
tn0                                     1.1429
t002                                    1.1429
t004                                    1.1429
t005                                    1.1429
t006                                    1.1429
t008                                    1.1429
t009                                    1.1429
t010                                    1.1429
t011                                    1.1429
t012                                    1.1429
t013                                    1.1429
t014                                    1.1429
t016                                    1.1429
t017                                    1.1429
t018                                    1.1429
t019                                    1.1429
t020                                    1.1429
t021                                    1.1429
t022                                    1.1429
t023                                    1.1429
t024                                    1.1429
t025                                    1.1429
t026                                    1.1429
t027                                    1.1429
t028                                    1.1429
t029                                    1.1429
t030                                    1.1429
t032                                    1.1429
t033                                    1.1429
t034                                    1.1429
t035                                    1.1429
t036                                    1.1429
t037                                    1.1429
t038                                    1.1429
t039                                    1.1429
t040                                    1.1429
t041                                    1.1429
t042                                    1.1429
t043                                    1.1429
t044                                    1.1429
t045                                    1.1429
t046                                    1.1429
t047                                    1.1429
t048                                    1.1429
t049                                    1.1429
t050                                    1.1429
t051                                    1.1429
t052                                    1.1429
t053                                    1.1429
t054                                    1.1429
t055                                    1.1429
t056                                    1.1429
t057                                    1.1429
t058                                    1.1429
t059                                    1.1429
t060                                    1.1429
t061                                    1.1429
t062                                    1.1429
t064                                    1.1429
t065                                    1.1429
t066                                    1.1429
t067                                    1.1429
t068                                    1.1429
t069                                    1.1429
t070                                    1.1429
t071                                    1.1429
t072                                    1.1429
t073                                    1.1429
t074                                    1.1429
t075                                    1.1429
t076                                    1.1429
t077                                    1.1429
t078                                    1.1429
t079                                    1.1429
t080                                    1.1429
t081                                    1.1429
t082                                    1.1429
t083                                    1.1429
t084                                    1.1429
t085                                    1.1429
t086                                    1.1429
t087                                    1.1429
t088                                    1.1429
t089                                    1.1429
t090                                    1.1429
t091                                    1.1429
t092                                    1.1429
t093                                    1.1429
t094                                    1.1429
t095                                    1.1429
t096                                    1.1429
t097                                    1.1429
t098                                    1.1429
t099                                    1.1429
t100                                    1.1429
t101                                    1.1429
t102                                    1.1429
t103                                    1.1429
t104                                    1.1429
t105                                    1.1429
t106                                    1.1429
t107                                    1.1429
t108                                    1.1429
t109                                    1.1429
t110                                    1.1429
t111                                    1.1429
t112                                    1.1429
t113                                    1.1429
t114                                    1.1429
t115                                    1.1429
t116                                    1.1429
t117                                    1.1429
t118                                    1.1429
t119                                    1.1429
t120                                    1.1429
t121                                    1.1429
t122                                    1.1429
t123                                    1.1429
t124                                    1.1429
t125                                    1.1429
t126                                    1.1429
t128                                   1.14018
t129                                   1.13748
t130                                   1.13478
t131                                   1.13207
t132                                   1.12937
t133                                   1.12667
t134                                   1.12397
t135                                   1.12126
t136                                   1.11856
t137                                   1.11585
t138                                   1.11315
t139                                   1.11045
t140                                   1.10774
t141                                   1.10504
t142                                   1.10234
t143                                   1.09964
t144                                   1.09693
t145                                   1.09423
t146                                   1.09153
t147                                   1.08882
t148                                   1.08612
t149                                   1.08342
t150                                   1.08071
t151                                   1.07801
t152                                   1.07531
t153                                    1.0726
t154                                    1.0699
t155                                    1.0672
t156                                   1.06449
t157                                   1.06179
t158                                   1.05909
t159                                   1.05639
t160                                   1.05368
t161                                   1.05098
t162                                   1.04828
t163                                   1.04558
t164                                   1.04287
t165                                   1.04017
t166                                   1.03746
t167                                   1.03476
t168                                   1.03206
t169                                   1.02935
t170                                   1.02665
t171                                   1.02395
t172                                   1.02124
t173                                   1.01854
t174                                   1.01584
t175                                   1.01314
t176                                   1.01043
t177                                   1.00773
t178                                   1.00503
t179                                   1.00233
t180                                   0.99962
t181                                  0.996914
t182                                  0.994212
t183                                  0.991509
t184                                  0.988806
t185                                  0.986103
t186                                  0.983401
t187                                  0.980698
t188                                  0.977995
t189                                  0.975292
t190                                   0.97259
t191                                  0.969887
t192                                  0.967184
t193                                  0.964481
t194                                  0.961778
t195                                  0.959073
t196                                  0.956367
t197                                  0.953665
t198                                  0.950962
t199                                  0.948259
t200                                  0.945556
t201                                  0.942854
t202                                  0.940151
t203                                  0.937448
t204                                  0.934745
t205                                  0.932043
t206                                   0.92934
t207                                  0.926637
t208                                  0.923934
t209                                  0.921232
t210                                  0.918526
t211                                   0.91582
t212                                  0.913118
t213                                  0.910415
t214                                  0.907712
t215                                  0.905009
t216                                  0.902307
t217                                  0.899604
t218                                  0.896901
t219                                  0.894198
t220                                  0.891496
t221                                  0.888793
t222                                   0.88609
t223                                  0.883387
t224                                  0.880685
t225                                  0.877979
t226                                  0.875274
t227                                  0.872571
t228                                  0.869868
t229                                  0.867165
t230                                  0.864463
t231                                   0.86176
t232                                  0.859057
t233                                  0.856354
t234                                  0.853651
t235                                  0.850949
t236                                  0.848246
t237                                  0.845543
t238                                   0.84284
t239                                  0.840138
t240                                  0.837432
t241                                  0.834727
t242                                  0.832024
t243                                  0.829321
t244                                  0.826618
t245                                  0.823916
t246                                  0.821213
t247                                   0.81851
t248                                  0.815807
t249                                  0.813105
t250                                  0.810402
t251                                  0.807699
t252                                  0.804996
t253                                  0.802294
t254                                  0.799591
vref                                   1.17035
vss__par                                     0
pa_00                                0.0421813
pa_01                              5.14847e-06
pa_02                              5.19591e-06
pa_03                                  71914.9
pa_04                                  11707.5
bpa_04#branch                                0
vm2a#branch                        4.57989e-06
vm2b#branch                        5.68576e-07
bpa_03#branch                                0
vm3a#branch                        4.06345e-06
vm3b#branch                         5.6623e-07
vm3c#branch                        5.66224e-07
bpa_02#branch                                0
bpa_01#branch                                0
bpa_00#branch                                0
vm1#branch                         5.08229e-06
vvss#branch                        2.04267e-05
vvdd#branch                       -2.04267e-05


No. of Data Rows : 59

  Measurements for Transient Analysis

vref_v              =  1.17035e+00
vpexfb_v            =  2.38712e+00
vbe_q1_v            =  7.96232e-01
vbe_q2_v            =  7.54051e-01
vbe_q3_v            =  7.96686e-01
dvbe_ptat_v         =  4.21813e-02
i_leg1_a            =  5.08229e-06
i_leg2_a            =  5.14847e-06
i_leg3_a            =  5.19591e-06
r1_ohm              =  7.19149e+04
r2_ohm              =  1.17075e+04

ngspice-46 done
