
Note: No compatibility mode selected!


Circuit: * klt sim -- generated corner deck, do not edit

Doing analysis at TEMP = -40.000000 and TNOM = 27.000000

Using SPARSE 1.3 as Direct Linear Solver


The temperature limiting function received NaN.
Please check your power dissipation and improve your heat sink Rth!
    This message will be shown only once.

Note: Starting dynamic gmin stepping
Note: Dynamic gmin stepping completed

Initial Transient Solution
--------------------------

Node                                   Voltage
----                                   -------
vdd                                       3.63
vss                                          0
fb                                     2.71712
vdd__t0                                3.62997
vm1_p                                 0.796371
vdd__t1                                   3.63
sns1__t0                              0.796371
vdd__t2                                3.62999
vm2a_p                                 0.81459
vdd__t3                                   3.63
sns2__t0                               0.81459
vdd__t4                                   3.63
vm2b_p                                0.814578
vdd__t5                                   3.63
sns2__t1                              0.814578
vdd__t6                                3.62999
vm3a_p                                 1.17164
vdd__t7                                   3.63
vref__t0                               1.17164
vdd__t10                                  3.63
vm3b_p                                 1.17163
vdd__t8                                   3.63
vref__t2                               1.17163
vdd__t11                                  3.63
vm3c_p                                 1.17163
vdd__t9                                   3.63
vref__t3                               1.17163
sns2__t2                              0.814553
vsubs                                        0
cb2__t0                               0.754233
xr2.dt                                       0
vref__t1                                1.1716
tn0__t2                                 1.1441
xr1.dt                                       0
tn0__t0                                1.14408
tn0__t1                                1.14408
xru1.dt                                      0
tn0__t8                                1.14408
t002__t1                               1.14408
xru2.dt                                      0
t002__t0                               1.14408
tn0__t13                               1.14408
xru3.dt                                      0
tn0__t15                               1.14408
t004__t0                               1.14408
xru4.dt                                      0
t004__t1                               1.14408
t005__t0                               1.14408
xru5.dt                                      0
t005__t1                               1.14408
t006__t0                               1.14408
xru6.dt                                      0
t006__t1                               1.14408
tn0__t9                                1.14408
xru7.dt                                      0
tn0__t11                               1.14408
t008__t0                               1.14408
xru8.dt                                      0
t008__t1                               1.14408
t009__t0                               1.14408
xru9.dt                                      0
t009__t1                               1.14408
t010__t0                               1.14408
xru10.dt                                     0
t010__t1                               1.14408
t011__t0                               1.14408
xru11.dt                                     0
t011__t1                               1.14408
t012__t0                               1.14408
xru12.dt                                     0
t012__t1                               1.14408
t013__t0                               1.14408
xru13.dt                                     0
t013__t1                               1.14408
t014__t0                               1.14408
xru14.dt                                     0
t014__t1                               1.14408
tn0__t3                                1.14408
xru15.dt                                     0
tn0__t4                                1.14408
t016__t1                               1.14408
xru16.dt                                     0
t016__t0                               1.14408
t017__t1                               1.14408
xru17.dt                                     0
t017__t0                               1.14408
t018__t1                               1.14408
xru18.dt                                     0
t018__t0                               1.14408
t019__t1                               1.14408
xru19.dt                                     0
t019__t0                               1.14408
t020__t1                               1.14408
xru20.dt                                     0
t020__t0                               1.14408
t021__t1                               1.14408
xru21.dt                                     0
t021__t0                               1.14408
t022__t1                               1.14408
xru22.dt                                     0
t022__t0                               1.14408
t023__t1                               1.14408
xru23.dt                                     0
t023__t0                               1.14408
t024__t1                               1.14408
xru24.dt                                     0
t024__t0                               1.14408
t025__t1                               1.14408
xru25.dt                                     0
t025__t0                               1.14408
t026__t1                               1.14408
xru26.dt                                     0
t026__t0                               1.14408
t027__t1                               1.14408
xru27.dt                                     0
t027__t0                               1.14408
t028__t1                               1.14408
xru28.dt                                     0
t028__t0                               1.14408
t029__t1                               1.14408
xru29.dt                                     0
t029__t0                               1.14408
t030__t1                               1.14408
xru30.dt                                     0
t030__t0                               1.14408
tn0__t6                                1.14408
xru31.dt                                     0
tn0__t12                               1.14408
t032__t0                               1.14408
xru32.dt                                     0
t032__t1                               1.14408
t033__t0                               1.14408
xru33.dt                                     0
t033__t1                               1.14408
t034__t0                               1.14408
xru34.dt                                     0
t034__t1                               1.14408
t035__t0                               1.14408
xru35.dt                                     0
t035__t1                               1.14408
t036__t0                               1.14408
xru36.dt                                     0
t036__t1                               1.14408
t037__t0                               1.14408
xru37.dt                                     0
t037__t1                               1.14408
t038__t0                               1.14408
xru38.dt                                     0
t038__t1                               1.14408
t039__t0                               1.14408
xru39.dt                                     0
t039__t1                               1.14408
t040__t0                               1.14408
xru40.dt                                     0
t040__t1                               1.14408
t041__t0                               1.14408
xru41.dt                                     0
t041__t1                               1.14408
t042__t0                               1.14408
xru42.dt                                     0
t042__t1                               1.14408
t043__t0                               1.14408
xru43.dt                                     0
t043__t1                               1.14408
t044__t0                               1.14408
xru44.dt                                     0
t044__t1                               1.14408
t045__t0                               1.14408
xru45.dt                                     0
t045__t1                               1.14408
t046__t1                               1.14408
xru46.dt                                     0
t046__t0                               1.14408
t047__t1                               1.14408
xru47.dt                                     0
t047__t0                               1.14408
t048__t1                               1.14408
xru48.dt                                     0
t048__t0                               1.14408
t049__t1                               1.14408
xru49.dt                                     0
t049__t0                               1.14408
t050__t1                               1.14408
xru50.dt                                     0
t050__t0                               1.14408
t051__t1                               1.14408
xru51.dt                                     0
t051__t0                               1.14408
t052__t1                               1.14408
xru52.dt                                     0
t052__t0                               1.14408
t053__t1                               1.14408
xru53.dt                                     0
t053__t0                               1.14408
t054__t1                               1.14408
xru54.dt                                     0
t054__t0                               1.14408
t055__t1                               1.14408
xru55.dt                                     0
t055__t0                               1.14408
t056__t1                               1.14408
xru56.dt                                     0
t056__t0                               1.14408
t057__t1                               1.14408
xru57.dt                                     0
t057__t0                               1.14408
t058__t1                               1.14408
xru58.dt                                     0
t058__t0                               1.14408
t059__t1                               1.14408
xru59.dt                                     0
t059__t0                               1.14408
t060__t1                               1.14408
xru60.dt                                     0
t060__t0                               1.14408
t061__t0                               1.14408
xru61.dt                                     0
t061__t1                               1.14408
t062__t0                               1.14408
xru62.dt                                     0
t062__t1                               1.14408
tn0__t7                                1.14408
xru63.dt                                     0
tn0__t14                               1.14408
t064__t0                               1.14408
xru64.dt                                     0
t064__t1                               1.14408
t065__t0                               1.14408
xru65.dt                                     0
t065__t1                               1.14408
t066__t0                               1.14408
xru66.dt                                     0
t066__t1                               1.14408
t067__t0                               1.14408
xru67.dt                                     0
t067__t1                               1.14408
t068__t0                               1.14408
xru68.dt                                     0
t068__t1                               1.14408
t069__t0                               1.14408
xru69.dt                                     0
t069__t1                               1.14408
t070__t0                               1.14408
xru70.dt                                     0
t070__t1                               1.14408
t071__t0                               1.14408
xru71.dt                                     0
t071__t1                               1.14408
t072__t0                               1.14408
xru72.dt                                     0
t072__t1                               1.14408
t073__t0                               1.14408
xru73.dt                                     0
t073__t1                               1.14408
t074__t0                               1.14408
xru74.dt                                     0
t074__t1                               1.14408
t075__t0                               1.14408
xru75.dt                                     0
t075__t1                               1.14408
t076__t1                               1.14408
xru76.dt                                     0
t076__t0                               1.14408
t077__t1                               1.14408
xru77.dt                                     0
t077__t0                               1.14408
t078__t1                               1.14408
xru78.dt                                     0
t078__t0                               1.14408
t079__t1                               1.14408
xru79.dt                                     0
t079__t0                               1.14408
t080__t1                               1.14408
xru80.dt                                     0
t080__t0                               1.14408
t081__t1                               1.14408
xru81.dt                                     0
t081__t0                               1.14408
t082__t1                               1.14408
xru82.dt                                     0
t082__t0                               1.14408
t083__t1                               1.14408
xru83.dt                                     0
t083__t0                               1.14408
t084__t1                               1.14408
xru84.dt                                     0
t084__t0                               1.14408
t085__t1                               1.14408
xru85.dt                                     0
t085__t0                               1.14408
t086__t1                               1.14408
xru86.dt                                     0
t086__t0                               1.14408
t087__t1                               1.14408
xru87.dt                                     0
t087__t0                               1.14408
t088__t1                               1.14408
xru88.dt                                     0
t088__t0                               1.14408
t089__t1                               1.14408
xru89.dt                                     0
t089__t0                               1.14408
t090__t1                               1.14408
xru90.dt                                     0
t090__t0                               1.14408
t091__t0                               1.14408
xru91.dt                                     0
t091__t1                               1.14408
t092__t0                               1.14408
xru92.dt                                     0
t092__t1                               1.14408
t093__t0                               1.14408
xru93.dt                                     0
t093__t1                               1.14408
t094__t0                               1.14408
xru94.dt                                     0
t094__t1                               1.14408
t095__t0                               1.14408
xru95.dt                                     0
t095__t1                               1.14408
t096__t0                               1.14408
xru96.dt                                     0
t096__t1                               1.14408
t097__t0                               1.14408
xru97.dt                                     0
t097__t1                               1.14408
t098__t0                               1.14408
xru98.dt                                     0
t098__t1                               1.14408
t099__t0                               1.14408
xru99.dt                                     0
t099__t1                               1.14408
t100__t0                               1.14408
xru100.dt                                    0
t100__t1                               1.14408
t101__t0                               1.14408
xru101.dt                                    0
t101__t1                               1.14408
t102__t0                               1.14408
xru102.dt                                    0
t102__t1                               1.14408
t103__t0                               1.14408
xru103.dt                                    0
t103__t1                               1.14408
t104__t0                               1.14408
xru104.dt                                    0
t104__t1                               1.14408
t105__t0                               1.14408
xru105.dt                                    0
t105__t1                               1.14408
t106__t1                               1.14408
xru106.dt                                    0
t106__t0                               1.14408
t107__t1                               1.14408
xru107.dt                                    0
t107__t0                               1.14408
t108__t1                               1.14408
xru108.dt                                    0
t108__t0                               1.14408
t109__t1                               1.14408
xru109.dt                                    0
t109__t0                               1.14408
t110__t1                               1.14408
xru110.dt                                    0
t110__t0                               1.14408
t111__t1                               1.14408
xru111.dt                                    0
t111__t0                               1.14408
t112__t1                               1.14408
xru112.dt                                    0
t112__t0                               1.14408
t113__t1                               1.14408
xru113.dt                                    0
t113__t0                               1.14408
t114__t1                               1.14408
xru114.dt                                    0
t114__t0                               1.14408
t115__t1                               1.14408
xru115.dt                                    0
t115__t0                               1.14408
t116__t1                               1.14408
xru116.dt                                    0
t116__t0                               1.14408
t117__t1                               1.14408
xru117.dt                                    0
t117__t0                               1.14408
t118__t1                               1.14408
xru118.dt                                    0
t118__t0                               1.14408
t119__t1                               1.14408
xru119.dt                                    0
t119__t0                               1.14408
t120__t1                               1.14408
xru120.dt                                    0
t120__t0                               1.14408
t121__t0                               1.14408
xru121.dt                                    0
t121__t1                               1.14408
t122__t0                               1.14408
xru122.dt                                    0
t122__t1                               1.14408
t123__t0                               1.14408
xru123.dt                                    0
t123__t1                               1.14408
t124__t0                               1.14408
xru124.dt                                    0
t124__t1                               1.14408
t125__t0                               1.14408
xru125.dt                                    0
t125__t1                               1.14408
t126__t0                               1.14408
xru126.dt                                    0
t126__t1                               1.14408
tn0__t5                                1.14408
xru127.dt                                    0
tn0__t10                               1.14407
t128__t0                               1.14136
xru128.dt                                    0
t128__t1                               1.14136
t129__t0                               1.13865
xru129.dt                                    0
t129__t1                               1.13865
t130__t0                               1.13594
xru130.dt                                    0
t130__t1                               1.13594
t131__t0                               1.13323
xru131.dt                                    0
t131__t1                               1.13323
t132__t0                               1.13051
xru132.dt                                    0
t132__t1                               1.13051
t133__t0                                1.1278
xru133.dt                                    0
t133__t1                                1.1278
t134__t0                               1.12509
xru134.dt                                    0
t134__t1                               1.12509
t135__t0                               1.12238
xru135.dt                                    0
t135__t1                               1.12237
t136__t1                               1.11966
xru136.dt                                    0
t136__t0                               1.11966
t137__t1                               1.11695
xru137.dt                                    0
t137__t0                               1.11695
t138__t1                               1.11424
xru138.dt                                    0
t138__t0                               1.11424
t139__t1                               1.11153
xru139.dt                                    0
t139__t0                               1.11153
t140__t1                               1.10882
xru140.dt                                    0
t140__t0                               1.10882
t141__t1                               1.10611
xru141.dt                                    0
t141__t0                               1.10611
t142__t1                               1.10339
xru142.dt                                    0
t142__t0                               1.10339
t143__t1                               1.10068
xru143.dt                                    0
t143__t0                               1.10068
t144__t1                               1.09797
xru144.dt                                    0
t144__t0                               1.09797
t145__t1                               1.09526
xru145.dt                                    0
t145__t0                               1.09526
t146__t1                               1.09255
xru146.dt                                    0
t146__t0                               1.09255
t147__t1                               1.08984
xru147.dt                                    0
t147__t0                               1.08984
t148__t1                               1.08713
xru148.dt                                    0
t148__t0                               1.08712
t149__t1                               1.08441
xru149.dt                                    0
t149__t0                               1.08441
t150__t1                                1.0817
xru150.dt                                    0
t150__t0                                1.0817
t151__t0                               1.07898
xru151.dt                                    0
t151__t1                               1.07898
t152__t0                               1.07627
xru152.dt                                    0
t152__t1                               1.07627
t153__t0                               1.07356
xru153.dt                                    0
t153__t1                               1.07356
t154__t0                               1.07085
xru154.dt                                    0
t154__t1                               1.07085
t155__t0                               1.06814
xru155.dt                                    0
t155__t1                               1.06814
t156__t0                               1.06543
xru156.dt                                    0
t156__t1                               1.06543
t157__t0                               1.06272
xru157.dt                                    0
t157__t1                               1.06272
t158__t0                                  1.06
xru158.dt                                    0
t158__t1                                  1.06
t159__t0                               1.05729
xru159.dt                                    0
t159__t1                               1.05729
t160__t0                               1.05458
xru160.dt                                    0
t160__t1                               1.05458
t161__t0                               1.05187
xru161.dt                                    0
t161__t1                               1.05187
t162__t0                               1.04916
xru162.dt                                    0
t162__t1                               1.04916
t163__t0                               1.04645
xru163.dt                                    0
t163__t1                               1.04645
t164__t0                               1.04374
xru164.dt                                    0
t164__t1                               1.04374
t165__t0                               1.04102
xru165.dt                                    0
t165__t1                               1.04102
t166__t1                               1.03831
xru166.dt                                    0
t166__t0                               1.03831
t167__t1                                1.0356
xru167.dt                                    0
t167__t0                                1.0356
t168__t1                               1.03288
xru168.dt                                    0
t168__t0                               1.03288
t169__t1                               1.03017
xru169.dt                                    0
t169__t0                               1.03017
t170__t1                               1.02746
xru170.dt                                    0
t170__t0                               1.02746
t171__t1                               1.02475
xru171.dt                                    0
t171__t0                               1.02475
t172__t1                               1.02204
xru172.dt                                    0
t172__t0                               1.02204
t173__t1                               1.01933
xru173.dt                                    0
t173__t0                               1.01933
t174__t1                               1.01661
xru174.dt                                    0
t174__t0                               1.01661
t175__t1                                1.0139
xru175.dt                                    0
t175__t0                                1.0139
t176__t1                               1.01119
xru176.dt                                    0
t176__t0                               1.01119
t177__t1                               1.00848
xru177.dt                                    0
t177__t0                               1.00848
t178__t1                               1.00577
xru178.dt                                    0
t178__t0                               1.00577
t179__t1                               1.00306
xru179.dt                                    0
t179__t0                               1.00306
t180__t1                               1.00035
xru180.dt                                    0
t180__t0                               1.00034
t181__t0                              0.997629
xru181.dt                                    0
t181__t1                              0.997628
t182__t0                              0.994917
xru182.dt                                    0
t182__t1                              0.994917
t183__t0                              0.992206
xru183.dt                                    0
t183__t1                              0.992205
t184__t0                              0.989494
xru184.dt                                    0
t184__t1                              0.989494
t185__t0                              0.986783
xru185.dt                                    0
t185__t1                              0.986782
t186__t0                              0.984071
xru186.dt                                    0
t186__t1                              0.984071
t187__t0                               0.98136
xru187.dt                                    0
t187__t1                              0.981359
t188__t0                              0.978648
xru188.dt                                    0
t188__t1                              0.978648
t189__t0                              0.975937
xru189.dt                                    0
t189__t1                              0.975936
t190__t0                              0.973225
xru190.dt                                    0
t190__t1                              0.973225
t191__t0                              0.970514
xru191.dt                                    0
t191__t1                              0.970513
t192__t0                              0.967802
xru192.dt                                    0
t192__t1                              0.967802
t193__t0                              0.965091
xru193.dt                                    0
t193__t1                               0.96509
t194__t0                              0.962379
xru194.dt                                    0
t194__t1                              0.962379
t195__t0                              0.959668
xru195.dt                                    0
t195__t1                              0.959662
t196__t1                              0.956951
xru196.dt                                    0
t196__t0                               0.95695
t197__t1                              0.954239
xru197.dt                                    0
t197__t0                              0.954239
t198__t1                              0.951528
xru198.dt                                    0
t198__t0                              0.951527
t199__t1                              0.948816
xru199.dt                                    0
t199__t0                              0.948816
t200__t1                              0.946105
xru200.dt                                    0
t200__t0                              0.946104
t201__t1                              0.943393
xru201.dt                                    0
t201__t0                              0.943393
t202__t1                              0.940682
xru202.dt                                    0
t202__t0                              0.940681
t203__t1                               0.93797
xru203.dt                                    0
t203__t0                               0.93797
t204__t1                              0.935258
xru204.dt                                    0
t204__t0                              0.935258
t205__t1                              0.932547
xru205.dt                                    0
t205__t0                              0.932547
t206__t1                              0.929835
xru206.dt                                    0
t206__t0                              0.929835
t207__t1                              0.927124
xru207.dt                                    0
t207__t0                              0.927124
t208__t1                              0.924412
xru208.dt                                    0
t208__t0                              0.924412
t209__t1                              0.921701
xru209.dt                                    0
t209__t0                              0.921701
t210__t1                              0.918989
xru210.dt                                    0
t210__t0                              0.918984
t211__t0                              0.916272
xru211.dt                                    0
t211__t1                              0.916272
t212__t0                              0.913561
xru212.dt                                    0
t212__t1                              0.913561
t213__t0                              0.910849
xru213.dt                                    0
t213__t1                              0.910849
t214__t0                              0.908138
xru214.dt                                    0
t214__t1                              0.908138
t215__t0                              0.905426
xru215.dt                                    0
t215__t1                              0.905426
t216__t0                              0.902715
xru216.dt                                    0
t216__t1                              0.902715
t217__t0                              0.900003
xru217.dt                                    0
t217__t1                              0.900003
t218__t0                              0.897292
xru218.dt                                    0
t218__t1                              0.897292
t219__t0                               0.89458
xru219.dt                                    0
t219__t1                               0.89458
t220__t0                              0.891869
xru220.dt                                    0
t220__t1                              0.891869
t221__t0                              0.889157
xru221.dt                                    0
t221__t1                              0.889157
t222__t0                              0.886446
xru222.dt                                    0
t222__t1                              0.886446
t223__t0                              0.883734
xru223.dt                                    0
t223__t1                              0.883734
t224__t0                              0.881023
xru224.dt                                    0
t224__t1                              0.881023
t225__t0                              0.878311
xru225.dt                                    0
t225__t1                              0.878305
t226__t1                              0.875594
xru226.dt                                    0
t226__t0                              0.875594
t227__t1                              0.872883
xru227.dt                                    0
t227__t0                              0.872882
t228__t1                              0.870171
xru228.dt                                    0
t228__t0                              0.870171
t229__t1                               0.86746
xru229.dt                                    0
t229__t0                              0.867459
t230__t1                              0.864748
xru230.dt                                    0
t230__t0                              0.864748
t231__t1                              0.862037
xru231.dt                                    0
t231__t0                              0.862036
t232__t1                              0.859325
xru232.dt                                    0
t232__t0                              0.859325
t233__t1                              0.856614
xru233.dt                                    0
t233__t0                              0.856613
t234__t1                              0.853902
xru234.dt                                    0
t234__t0                              0.853902
t235__t1                              0.851191
xru235.dt                                    0
t235__t0                               0.85119
t236__t1                              0.848479
xru236.dt                                    0
t236__t0                              0.848479
t237__t1                              0.845768
xru237.dt                                    0
t237__t0                              0.845767
t238__t1                              0.843056
xru238.dt                                    0
t238__t0                              0.843056
t239__t1                              0.840345
xru239.dt                                    0
t239__t0                              0.840344
t240__t1                              0.837633
xru240.dt                                    0
t240__t0                              0.837627
t241__t0                              0.834916
xru241.dt                                    0
t241__t1                              0.834916
t242__t0                              0.832205
xru242.dt                                    0
t242__t1                              0.832204
t243__t0                              0.829493
xru243.dt                                    0
t243__t1                              0.829493
t244__t0                              0.826782
xru244.dt                                    0
t244__t1                              0.826781
t245__t0                               0.82407
xru245.dt                                    0
t245__t1                               0.82407
t246__t0                              0.821359
xru246.dt                                    0
t246__t1                              0.821358
t247__t0                              0.818647
xru247.dt                                    0
t247__t1                              0.818647
t248__t0                              0.815936
xru248.dt                                    0
t248__t1                              0.815935
t249__t0                              0.813224
xru249.dt                                    0
t249__t1                              0.813224
t250__t0                              0.810513
xru250.dt                                    0
t250__t1                              0.810512
t251__t0                              0.807801
xru251.dt                                    0
t251__t1                              0.807801
t252__t0                               0.80509
xru252.dt                                    0
t252__t1                              0.805089
t253__t0                              0.802378
xru253.dt                                    0
t253__t1                              0.802378
t254__t0                              0.799667
xru254.dt                                    0
t254__t1                              0.799666
cb3__t0                               0.796955
xru255.dt                                    0
sns1                                  0.796294
xq1.s1                             3.18397e-10
xq1.t                                0.0460795
cb2                                   0.754114
xq2.s1                             8.29485e-10
xq2.t                               0.00680379
cb3                                   0.796752
xq3.s1                             3.18578e-10
xq3.t                                0.0471224
sns2                                  0.814576
tn0                                    1.14408
t002                                   1.14408
t004                                   1.14408
t005                                   1.14408
t006                                   1.14408
t008                                   1.14408
t009                                   1.14408
t010                                   1.14408
t011                                   1.14408
t012                                   1.14408
t013                                   1.14408
t014                                   1.14408
t016                                   1.14408
t017                                   1.14408
t018                                   1.14408
t019                                   1.14408
t020                                   1.14408
t021                                   1.14408
t022                                   1.14408
t023                                   1.14408
t024                                   1.14408
t025                                   1.14408
t026                                   1.14408
t027                                   1.14408
t028                                   1.14408
t029                                   1.14408
t030                                   1.14408
t032                                   1.14408
t033                                   1.14408
t034                                   1.14408
t035                                   1.14408
t036                                   1.14408
t037                                   1.14408
t038                                   1.14408
t039                                   1.14408
t040                                   1.14408
t041                                   1.14408
t042                                   1.14408
t043                                   1.14408
t044                                   1.14408
t045                                   1.14408
t046                                   1.14408
t047                                   1.14408
t048                                   1.14408
t049                                   1.14408
t050                                   1.14408
t051                                   1.14408
t052                                   1.14408
t053                                   1.14408
t054                                   1.14408
t055                                   1.14408
t056                                   1.14408
t057                                   1.14408
t058                                   1.14408
t059                                   1.14408
t060                                   1.14408
t061                                   1.14408
t062                                   1.14408
t064                                   1.14408
t065                                   1.14408
t066                                   1.14408
t067                                   1.14408
t068                                   1.14408
t069                                   1.14408
t070                                   1.14408
t071                                   1.14408
t072                                   1.14408
t073                                   1.14408
t074                                   1.14408
t075                                   1.14408
t076                                   1.14408
t077                                   1.14408
t078                                   1.14408
t079                                   1.14408
t080                                   1.14408
t081                                   1.14408
t082                                   1.14408
t083                                   1.14408
t084                                   1.14408
t085                                   1.14408
t086                                   1.14408
t087                                   1.14408
t088                                   1.14408
t089                                   1.14408
t090                                   1.14408
t091                                   1.14408
t092                                   1.14408
t093                                   1.14408
t094                                   1.14408
t095                                   1.14408
t096                                   1.14408
t097                                   1.14408
t098                                   1.14408
t099                                   1.14408
t100                                   1.14408
t101                                   1.14408
t102                                   1.14408
t103                                   1.14408
t104                                   1.14408
t105                                   1.14408
t106                                   1.14408
t107                                   1.14408
t108                                   1.14408
t109                                   1.14408
t110                                   1.14408
t111                                   1.14408
t112                                   1.14408
t113                                   1.14408
t114                                   1.14408
t115                                   1.14408
t116                                   1.14408
t117                                   1.14408
t118                                   1.14408
t119                                   1.14408
t120                                   1.14408
t121                                   1.14408
t122                                   1.14408
t123                                   1.14408
t124                                   1.14408
t125                                   1.14408
t126                                   1.14408
t128                                   1.14136
t129                                   1.13865
t130                                   1.13594
t131                                   1.13323
t132                                   1.13051
t133                                    1.1278
t134                                   1.12509
t135                                   1.12238
t136                                   1.11966
t137                                   1.11695
t138                                   1.11424
t139                                   1.11153
t140                                   1.10882
t141                                   1.10611
t142                                   1.10339
t143                                   1.10068
t144                                   1.09797
t145                                   1.09526
t146                                   1.09255
t147                                   1.08984
t148                                   1.08712
t149                                   1.08441
t150                                    1.0817
t151                                   1.07898
t152                                   1.07627
t153                                   1.07356
t154                                   1.07085
t155                                   1.06814
t156                                   1.06543
t157                                   1.06272
t158                                      1.06
t159                                   1.05729
t160                                   1.05458
t161                                   1.05187
t162                                   1.04916
t163                                   1.04645
t164                                   1.04374
t165                                   1.04102
t166                                   1.03831
t167                                    1.0356
t168                                   1.03288
t169                                   1.03017
t170                                   1.02746
t171                                   1.02475
t172                                   1.02204
t173                                   1.01933
t174                                   1.01661
t175                                    1.0139
t176                                   1.01119
t177                                   1.00848
t178                                   1.00577
t179                                   1.00306
t180                                   1.00034
t181                                  0.997629
t182                                  0.994917
t183                                  0.992206
t184                                  0.989494
t185                                  0.986783
t186                                  0.984071
t187                                  0.981359
t188                                  0.978648
t189                                  0.975936
t190                                  0.973225
t191                                  0.970513
t192                                  0.967802
t193                                   0.96509
t194                                  0.962379
t195                                  0.959665
t196                                   0.95695
t197                                  0.954239
t198                                  0.951527
t199                                  0.948816
t200                                  0.946104
t201                                  0.943393
t202                                  0.940681
t203                                   0.93797
t204                                  0.935258
t205                                  0.932547
t206                                  0.929835
t207                                  0.927124
t208                                  0.924412
t209                                  0.921701
t210                                  0.918987
t211                                  0.916272
t212                                  0.913561
t213                                  0.910849
t214                                  0.908138
t215                                  0.905426
t216                                  0.902715
t217                                  0.900003
t218                                  0.897292
t219                                   0.89458
t220                                  0.891869
t221                                  0.889157
t222                                  0.886446
t223                                  0.883734
t224                                  0.881023
t225                                  0.878308
t226                                  0.875594
t227                                  0.872883
t228                                  0.870171
t229                                   0.86746
t230                                  0.864748
t231                                  0.862037
t232                                  0.859325
t233                                  0.856614
t234                                  0.853902
t235                                  0.851191
t236                                  0.848479
t237                                  0.845768
t238                                  0.843056
t239                                  0.840345
t240                                   0.83763
t241                                  0.834916
t242                                  0.832205
t243                                  0.829493
t244                                  0.826782
t245                                   0.82407
t246                                  0.821359
t247                                  0.818647
t248                                  0.815935
t249                                  0.813224
t250                                  0.810512
t251                                  0.807801
t252                                  0.805089
t253                                  0.802378
t254                                  0.799666
vref                                   1.17162
vss__par                                     0
pa_00                                  0.04218
pa_01                              5.16443e-06
pa_02                              5.21272e-06
pa_03                                  71914.9
pa_04                                  11707.5
bpa_04#branch                                0
vm2a#branch                        4.59371e-06
vm2b#branch                        5.70723e-07
bpa_03#branch                                0
vm3a#branch                        4.07595e-06
vm3b#branch                        5.68388e-07
vm3c#branch                        5.68383e-07
bpa_02#branch                                0
bpa_01#branch                                0
bpa_00#branch                                0
vm1#branch                         5.09759e-06
vvss#branch                        2.04747e-05
vvdd#branch                       -2.04747e-05


No. of Data Rows : 59

  Measurements for Transient Analysis

vref_v              =  1.17162e+00
vpexfb_v            =  2.71712e+00
vbe_q1_v            =  7.96294e-01
vbe_q2_v            =  7.54114e-01
vbe_q3_v            =  7.96752e-01
dvbe_ptat_v         =  4.21800e-02
i_leg1_a            =  5.09759e-06
i_leg2_a            =  5.16443e-06
i_leg3_a            =  5.21272e-06
r1_ohm              =  7.19149e+04
r2_ohm              =  1.17075e+04

ngspice-46 done
