
Note: No compatibility mode selected!


Circuit: * klt sim -- generated corner deck, do not edit

Doing analysis at TEMP = 27.000000 and TNOM = 27.000000

Using SPARSE 1.3 as Direct Linear Solver

Initial Transient Solution
--------------------------

Node                                   Voltage
----                                   -------
vdd                                        3.3
vss                                          0
fb                                     2.43941
vdd__t0                                3.29997
vm1_p                                 0.716556
vdd__t1                                    3.3
sns1__t0                              0.716556
vdd__t2                                3.29999
vm2a_p                                0.722221
vdd__t3                                    3.3
sns2__t0                              0.722221
vdd__t4                                    3.3
vm2b_p                                 0.72221
vdd__t5                                    3.3
sns2__t1                               0.72221
vdd__t6                                3.29999
vm3a_p                                 1.09041
vdd__t7                                    3.3
vref__t0                               1.09041
vdd__t10                                   3.3
vm3b_p                                  1.0904
vdd__t8                                    3.3
vref__t2                                1.0904
vdd__t11                                   3.3
vm3c_p                                  1.0904
vdd__t9                                    3.3
vref__t3                                1.0904
sns2__t2                              0.722185
vsubs                                        0
cb2__t0                               0.661655
xr2.dt                                       0
vref__t1                               1.09037
tn0__t2                                1.06286
xr1.dt                                       0
tn0__t0                                1.06284
tn0__t1                                1.06284
xru1.dt                                      0
tn0__t8                                1.06284
t002__t1                               1.06284
xru2.dt                                      0
t002__t0                               1.06284
tn0__t13                               1.06284
xru3.dt                                      0
tn0__t15                               1.06284
t004__t0                               1.06284
xru4.dt                                      0
t004__t1                               1.06284
t005__t0                               1.06284
xru5.dt                                      0
t005__t1                               1.06284
t006__t0                               1.06284
xru6.dt                                      0
t006__t1                               1.06284
tn0__t9                                1.06284
xru7.dt                                      0
tn0__t11                               1.06284
t008__t0                               1.06284
xru8.dt                                      0
t008__t1                               1.06284
t009__t0                               1.06284
xru9.dt                                      0
t009__t1                               1.06284
t010__t0                               1.06284
xru10.dt                                     0
t010__t1                               1.06284
t011__t0                               1.06284
xru11.dt                                     0
t011__t1                               1.06284
t012__t0                               1.06284
xru12.dt                                     0
t012__t1                               1.06284
t013__t0                               1.06284
xru13.dt                                     0
t013__t1                               1.06284
t014__t0                               1.06284
xru14.dt                                     0
t014__t1                               1.06284
tn0__t3                                1.06284
xru15.dt                                     0
tn0__t4                                1.06284
t016__t1                               1.06284
xru16.dt                                     0
t016__t0                               1.06284
t017__t1                               1.06284
xru17.dt                                     0
t017__t0                               1.06284
t018__t1                               1.06284
xru18.dt                                     0
t018__t0                               1.06284
t019__t1                               1.06284
xru19.dt                                     0
t019__t0                               1.06284
t020__t1                               1.06284
xru20.dt                                     0
t020__t0                               1.06284
t021__t1                               1.06284
xru21.dt                                     0
t021__t0                               1.06284
t022__t1                               1.06284
xru22.dt                                     0
t022__t0                               1.06284
t023__t1                               1.06284
xru23.dt                                     0
t023__t0                               1.06284
t024__t1                               1.06284
xru24.dt                                     0
t024__t0                               1.06284
t025__t1                               1.06284
xru25.dt                                     0
t025__t0                               1.06284
t026__t1                               1.06284
xru26.dt                                     0
t026__t0                               1.06284
t027__t1                               1.06284
xru27.dt                                     0
t027__t0                               1.06284
t028__t1                               1.06284
xru28.dt                                     0
t028__t0                               1.06284
t029__t1                               1.06284
xru29.dt                                     0
t029__t0                               1.06284
t030__t1                               1.06284
xru30.dt                                     0
t030__t0                               1.06284
tn0__t6                                1.06284
xru31.dt                                     0
tn0__t12                               1.06284
t032__t0                               1.06284
xru32.dt                                     0
t032__t1                               1.06284
t033__t0                               1.06284
xru33.dt                                     0
t033__t1                               1.06284
t034__t0                               1.06284
xru34.dt                                     0
t034__t1                               1.06284
t035__t0                               1.06284
xru35.dt                                     0
t035__t1                               1.06284
t036__t0                               1.06284
xru36.dt                                     0
t036__t1                               1.06284
t037__t0                               1.06284
xru37.dt                                     0
t037__t1                               1.06284
t038__t0                               1.06284
xru38.dt                                     0
t038__t1                               1.06284
t039__t0                               1.06284
xru39.dt                                     0
t039__t1                               1.06284
t040__t0                               1.06284
xru40.dt                                     0
t040__t1                               1.06284
t041__t0                               1.06284
xru41.dt                                     0
t041__t1                               1.06284
t042__t0                               1.06284
xru42.dt                                     0
t042__t1                               1.06284
t043__t0                               1.06284
xru43.dt                                     0
t043__t1                               1.06284
t044__t0                               1.06284
xru44.dt                                     0
t044__t1                               1.06284
t045__t0                               1.06284
xru45.dt                                     0
t045__t1                               1.06284
t046__t1                               1.06284
xru46.dt                                     0
t046__t0                               1.06284
t047__t1                               1.06284
xru47.dt                                     0
t047__t0                               1.06284
t048__t1                               1.06284
xru48.dt                                     0
t048__t0                               1.06284
t049__t1                               1.06284
xru49.dt                                     0
t049__t0                               1.06284
t050__t1                               1.06284
xru50.dt                                     0
t050__t0                               1.06284
t051__t1                               1.06284
xru51.dt                                     0
t051__t0                               1.06284
t052__t1                               1.06284
xru52.dt                                     0
t052__t0                               1.06284
t053__t1                               1.06284
xru53.dt                                     0
t053__t0                               1.06284
t054__t1                               1.06284
xru54.dt                                     0
t054__t0                               1.06284
t055__t1                               1.06284
xru55.dt                                     0
t055__t0                               1.06284
t056__t1                               1.06284
xru56.dt                                     0
t056__t0                               1.06284
t057__t1                               1.06284
xru57.dt                                     0
t057__t0                               1.06284
t058__t1                               1.06284
xru58.dt                                     0
t058__t0                               1.06284
t059__t1                               1.06284
xru59.dt                                     0
t059__t0                               1.06284
t060__t1                               1.06284
xru60.dt                                     0
t060__t0                               1.06284
t061__t0                               1.06284
xru61.dt                                     0
t061__t1                               1.06284
t062__t0                               1.06284
xru62.dt                                     0
t062__t1                               1.06284
tn0__t7                                1.06284
xru63.dt                                     0
tn0__t14                               1.06284
t064__t0                               1.06284
xru64.dt                                     0
t064__t1                               1.06284
t065__t0                               1.06284
xru65.dt                                     0
t065__t1                               1.06284
t066__t0                               1.06284
xru66.dt                                     0
t066__t1                               1.06284
t067__t0                               1.06284
xru67.dt                                     0
t067__t1                               1.06284
t068__t0                               1.06284
xru68.dt                                     0
t068__t1                               1.06284
t069__t0                               1.06284
xru69.dt                                     0
t069__t1                               1.06284
t070__t0                               1.06284
xru70.dt                                     0
t070__t1                               1.06284
t071__t0                               1.06284
xru71.dt                                     0
t071__t1                               1.06284
t072__t0                               1.06284
xru72.dt                                     0
t072__t1                               1.06284
t073__t0                               1.06284
xru73.dt                                     0
t073__t1                               1.06284
t074__t0                               1.06284
xru74.dt                                     0
t074__t1                               1.06284
t075__t0                               1.06284
xru75.dt                                     0
t075__t1                               1.06284
t076__t1                               1.06284
xru76.dt                                     0
t076__t0                               1.06284
t077__t1                               1.06284
xru77.dt                                     0
t077__t0                               1.06284
t078__t1                               1.06284
xru78.dt                                     0
t078__t0                               1.06284
t079__t1                               1.06284
xru79.dt                                     0
t079__t0                               1.06284
t080__t1                               1.06284
xru80.dt                                     0
t080__t0                               1.06284
t081__t1                               1.06284
xru81.dt                                     0
t081__t0                               1.06284
t082__t1                               1.06284
xru82.dt                                     0
t082__t0                               1.06284
t083__t1                               1.06284
xru83.dt                                     0
t083__t0                               1.06284
t084__t1                               1.06284
xru84.dt                                     0
t084__t0                               1.06284
t085__t1                               1.06284
xru85.dt                                     0
t085__t0                               1.06284
t086__t1                               1.06284
xru86.dt                                     0
t086__t0                               1.06284
t087__t1                               1.06284
xru87.dt                                     0
t087__t0                               1.06284
t088__t1                               1.06284
xru88.dt                                     0
t088__t0                               1.06284
t089__t1                               1.06284
xru89.dt                                     0
t089__t0                               1.06284
t090__t1                               1.06284
xru90.dt                                     0
t090__t0                               1.06284
t091__t0                               1.06284
xru91.dt                                     0
t091__t1                               1.06284
t092__t0                               1.06284
xru92.dt                                     0
t092__t1                               1.06284
t093__t0                               1.06284
xru93.dt                                     0
t093__t1                               1.06284
t094__t0                               1.06284
xru94.dt                                     0
t094__t1                               1.06284
t095__t0                               1.06284
xru95.dt                                     0
t095__t1                               1.06284
t096__t0                               1.06284
xru96.dt                                     0
t096__t1                               1.06284
t097__t0                               1.06284
xru97.dt                                     0
t097__t1                               1.06284
t098__t0                               1.06284
xru98.dt                                     0
t098__t1                               1.06284
t099__t0                               1.06284
xru99.dt                                     0
t099__t1                               1.06284
t100__t0                               1.06284
xru100.dt                                    0
t100__t1                               1.06284
t101__t0                               1.06284
xru101.dt                                    0
t101__t1                               1.06284
t102__t0                               1.06284
xru102.dt                                    0
t102__t1                               1.06284
t103__t0                               1.06284
xru103.dt                                    0
t103__t1                               1.06284
t104__t0                               1.06284
xru104.dt                                    0
t104__t1                               1.06284
t105__t0                               1.06284
xru105.dt                                    0
t105__t1                               1.06284
t106__t1                               1.06284
xru106.dt                                    0
t106__t0                               1.06284
t107__t1                               1.06284
xru107.dt                                    0
t107__t0                               1.06284
t108__t1                               1.06284
xru108.dt                                    0
t108__t0                               1.06284
t109__t1                               1.06284
xru109.dt                                    0
t109__t0                               1.06284
t110__t1                               1.06284
xru110.dt                                    0
t110__t0                               1.06284
t111__t1                               1.06284
xru111.dt                                    0
t111__t0                               1.06284
t112__t1                               1.06284
xru112.dt                                    0
t112__t0                               1.06284
t113__t1                               1.06284
xru113.dt                                    0
t113__t0                               1.06284
t114__t1                               1.06284
xru114.dt                                    0
t114__t0                               1.06284
t115__t1                               1.06284
xru115.dt                                    0
t115__t0                               1.06284
t116__t1                               1.06284
xru116.dt                                    0
t116__t0                               1.06284
t117__t1                               1.06284
xru117.dt                                    0
t117__t0                               1.06284
t118__t1                               1.06284
xru118.dt                                    0
t118__t0                               1.06284
t119__t1                               1.06284
xru119.dt                                    0
t119__t0                               1.06284
t120__t1                               1.06284
xru120.dt                                    0
t120__t0                               1.06284
t121__t0                               1.06284
xru121.dt                                    0
t121__t1                               1.06284
t122__t0                               1.06284
xru122.dt                                    0
t122__t1                               1.06284
t123__t0                               1.06284
xru123.dt                                    0
t123__t1                               1.06284
t124__t0                               1.06284
xru124.dt                                    0
t124__t1                               1.06284
t125__t0                               1.06284
xru125.dt                                    0
t125__t1                               1.06284
t126__t0                               1.06284
xru126.dt                                    0
t126__t1                               1.06284
tn0__t5                                1.06284
xru127.dt                                    0
tn0__t10                               1.06283
t128__t0                               1.06013
xru128.dt                                    0
t128__t1                               1.06013
t129__t0                               1.05743
xru129.dt                                    0
t129__t1                               1.05743
t130__t0                               1.05473
xru130.dt                                    0
t130__t1                               1.05473
t131__t0                               1.05203
xru131.dt                                    0
t131__t1                               1.05203
t132__t0                               1.04933
xru132.dt                                    0
t132__t1                               1.04933
t133__t0                               1.04663
xru133.dt                                    0
t133__t1                               1.04663
t134__t0                               1.04393
xru134.dt                                    0
t134__t1                               1.04393
t135__t0                               1.04123
xru135.dt                                    0
t135__t1                               1.04122
t136__t1                               1.03852
xru136.dt                                    0
t136__t0                               1.03852
t137__t1                               1.03582
xru137.dt                                    0
t137__t0                               1.03582
t138__t1                               1.03312
xru138.dt                                    0
t138__t0                               1.03312
t139__t1                               1.03042
xru139.dt                                    0
t139__t0                               1.03042
t140__t1                               1.02772
xru140.dt                                    0
t140__t0                               1.02772
t141__t1                               1.02502
xru141.dt                                    0
t141__t0                               1.02502
t142__t1                               1.02232
xru142.dt                                    0
t142__t0                               1.02232
t143__t1                               1.01962
xru143.dt                                    0
t143__t0                               1.01962
t144__t1                               1.01692
xru144.dt                                    0
t144__t0                               1.01692
t145__t1                               1.01422
xru145.dt                                    0
t145__t0                               1.01422
t146__t1                               1.01152
xru146.dt                                    0
t146__t0                               1.01152
t147__t1                               1.00882
xru147.dt                                    0
t147__t0                               1.00882
t148__t1                               1.00612
xru148.dt                                    0
t148__t0                               1.00612
t149__t1                               1.00342
xru149.dt                                    0
t149__t0                               1.00342
t150__t1                               1.00072
xru150.dt                                    0
t150__t0                               1.00071
t151__t0                               0.99801
xru151.dt                                    0
t151__t1                               0.99801
t152__t0                               0.99531
xru152.dt                                    0
t152__t1                              0.995309
t153__t0                              0.992609
xru153.dt                                    0
t153__t1                              0.992609
t154__t0                              0.989908
xru154.dt                                    0
t154__t1                              0.989908
t155__t0                              0.987208
xru155.dt                                    0
t155__t1                              0.987208
t156__t0                              0.984507
xru156.dt                                    0
t156__t1                              0.984507
t157__t0                              0.981807
xru157.dt                                    0
t157__t1                              0.981807
t158__t0                              0.979106
xru158.dt                                    0
t158__t1                              0.979106
t159__t0                              0.976406
xru159.dt                                    0
t159__t1                              0.976406
t160__t0                              0.973705
xru160.dt                                    0
t160__t1                              0.973705
t161__t0                              0.971005
xru161.dt                                    0
t161__t1                              0.971004
t162__t0                              0.968304
xru162.dt                                    0
t162__t1                              0.968304
t163__t0                              0.965604
xru163.dt                                    0
t163__t1                              0.965603
t164__t0                              0.962903
xru164.dt                                    0
t164__t1                              0.962903
t165__t0                              0.960203
xru165.dt                                    0
t165__t1                              0.960197
t166__t1                              0.957497
xru166.dt                                    0
t166__t0                              0.957496
t167__t1                              0.954796
xru167.dt                                    0
t167__t0                              0.954796
t168__t1                              0.952095
xru168.dt                                    0
t168__t0                              0.952095
t169__t1                              0.949395
xru169.dt                                    0
t169__t0                              0.949395
t170__t1                              0.946694
xru170.dt                                    0
t170__t0                              0.946694
t171__t1                              0.943994
xru171.dt                                    0
t171__t0                              0.943994
t172__t1                              0.941293
xru172.dt                                    0
t172__t0                              0.941293
t173__t1                              0.938593
xru173.dt                                    0
t173__t0                              0.938593
t174__t1                              0.935892
xru174.dt                                    0
t174__t0                              0.935892
t175__t1                              0.933192
xru175.dt                                    0
t175__t0                              0.933191
t176__t1                              0.930491
xru176.dt                                    0
t176__t0                              0.930491
t177__t1                              0.927791
xru177.dt                                    0
t177__t0                               0.92779
t178__t1                               0.92509
xru178.dt                                    0
t178__t0                               0.92509
t179__t1                               0.92239
xru179.dt                                    0
t179__t0                              0.922389
t180__t1                              0.919689
xru180.dt                                    0
t180__t0                              0.919683
t181__t0                              0.916983
xru181.dt                                    0
t181__t1                              0.916983
t182__t0                              0.914282
xru182.dt                                    0
t182__t1                              0.914282
t183__t0                              0.911582
xru183.dt                                    0
t183__t1                              0.911582
t184__t0                              0.908881
xru184.dt                                    0
t184__t1                              0.908881
t185__t0                              0.906181
xru185.dt                                    0
t185__t1                              0.906181
t186__t0                               0.90348
xru186.dt                                    0
t186__t1                               0.90348
t187__t0                               0.90078
xru187.dt                                    0
t187__t1                               0.90078
t188__t0                              0.898079
xru188.dt                                    0
t188__t1                              0.898079
t189__t0                              0.895379
xru189.dt                                    0
t189__t1                              0.895378
t190__t0                              0.892678
xru190.dt                                    0
t190__t1                              0.892678
t191__t0                              0.889978
xru191.dt                                    0
t191__t1                              0.889977
t192__t0                              0.887277
xru192.dt                                    0
t192__t1                              0.887277
t193__t0                              0.884577
xru193.dt                                    0
t193__t1                              0.884576
t194__t0                              0.881876
xru194.dt                                    0
t194__t1                              0.881876
t195__t0                              0.879176
xru195.dt                                    0
t195__t1                               0.87917
t196__t1                              0.876469
xru196.dt                                    0
t196__t0                              0.876469
t197__t1                              0.873769
xru197.dt                                    0
t197__t0                              0.873769
t198__t1                              0.871068
xru198.dt                                    0
t198__t0                              0.871068
t199__t1                              0.868368
xru199.dt                                    0
t199__t0                              0.868368
t200__t1                              0.865667
xru200.dt                                    0
t200__t0                              0.865667
t201__t1                              0.862967
xru201.dt                                    0
t201__t0                              0.862967
t202__t1                              0.860266
xru202.dt                                    0
t202__t0                              0.860266
t203__t1                              0.857566
xru203.dt                                    0
t203__t0                              0.857565
t204__t1                              0.854865
xru204.dt                                    0
t204__t0                              0.854865
t205__t1                              0.852165
xru205.dt                                    0
t205__t0                              0.852164
t206__t1                              0.849464
xru206.dt                                    0
t206__t0                              0.849464
t207__t1                              0.846764
xru207.dt                                    0
t207__t0                              0.846763
t208__t1                              0.844063
xru208.dt                                    0
t208__t0                              0.844063
t209__t1                              0.841363
xru209.dt                                    0
t209__t0                              0.841362
t210__t1                              0.838662
xru210.dt                                    0
t210__t0                              0.838656
t211__t0                              0.835956
xru211.dt                                    0
t211__t1                              0.835956
t212__t0                              0.833255
xru212.dt                                    0
t212__t1                              0.833255
t213__t0                              0.830555
xru213.dt                                    0
t213__t1                              0.830555
t214__t0                              0.827854
xru214.dt                                    0
t214__t1                              0.827854
t215__t0                              0.825154
xru215.dt                                    0
t215__t1                              0.825154
t216__t0                              0.822453
xru216.dt                                    0
t216__t1                              0.822453
t217__t0                              0.819753
xru217.dt                                    0
t217__t1                              0.819752
t218__t0                              0.817052
xru218.dt                                    0
t218__t1                              0.817052
t219__t0                              0.814352
xru219.dt                                    0
t219__t1                              0.814351
t220__t0                              0.811651
xru220.dt                                    0
t220__t1                              0.811651
t221__t0                              0.808951
xru221.dt                                    0
t221__t1                               0.80895
t222__t0                               0.80625
xru222.dt                                    0
t222__t1                               0.80625
t223__t0                               0.80355
xru223.dt                                    0
t223__t1                              0.803549
t224__t0                              0.800849
xru224.dt                                    0
t224__t1                              0.800849
t225__t0                              0.798148
xru225.dt                                    0
t225__t1                              0.798143
t226__t1                              0.795442
xru226.dt                                    0
t226__t0                              0.795442
t227__t1                              0.792742
xru227.dt                                    0
t227__t0                              0.792742
t228__t1                              0.790041
xru228.dt                                    0
t228__t0                              0.790041
t229__t1                              0.787341
xru229.dt                                    0
t229__t0                              0.787341
t230__t1                               0.78464
xru230.dt                                    0
t230__t0                               0.78464
t231__t1                               0.78194
xru231.dt                                    0
t231__t0                              0.781939
t232__t1                              0.779239
xru232.dt                                    0
t232__t0                              0.779239
t233__t1                              0.776539
xru233.dt                                    0
t233__t0                              0.776538
t234__t1                              0.773838
xru234.dt                                    0
t234__t0                              0.773838
t235__t1                              0.771138
xru235.dt                                    0
t235__t0                              0.771137
t236__t1                              0.768437
xru236.dt                                    0
t236__t0                              0.768437
t237__t1                              0.765737
xru237.dt                                    0
t237__t0                              0.765736
t238__t1                              0.763036
xru238.dt                                    0
t238__t0                              0.763036
t239__t1                              0.760335
xru239.dt                                    0
t239__t0                              0.760335
t240__t1                              0.757635
xru240.dt                                    0
t240__t0                              0.757629
t241__t0                              0.754929
xru241.dt                                    0
t241__t1                              0.754929
t242__t0                              0.752228
xru242.dt                                    0
t242__t1                              0.752228
t243__t0                              0.749528
xru243.dt                                    0
t243__t1                              0.749528
t244__t0                              0.746827
xru244.dt                                    0
t244__t1                              0.746827
t245__t0                              0.744127
xru245.dt                                    0
t245__t1                              0.744126
t246__t0                              0.741426
xru246.dt                                    0
t246__t1                              0.741426
t247__t0                              0.738726
xru247.dt                                    0
t247__t1                              0.738725
t248__t0                              0.736025
xru248.dt                                    0
t248__t1                              0.736025
t249__t0                              0.733325
xru249.dt                                    0
t249__t1                              0.733324
t250__t0                              0.730624
xru250.dt                                    0
t250__t1                              0.730624
t251__t0                              0.727924
xru251.dt                                    0
t251__t1                              0.727923
t252__t0                              0.725223
xru252.dt                                    0
t252__t1                              0.725223
t253__t0                              0.722522
xru253.dt                                    0
t253__t1                              0.722522
t254__t0                              0.719822
xru254.dt                                    0
t254__t1                              0.719822
cb3__t0                               0.717121
xru255.dt                                    0
sns1                                  0.716479
xq1.s1                             2.87271e-10
xq1.t                                0.0413379
cb2                                   0.661537
xq2.s1                             7.42231e-10
xq2.t                               0.00593307
cb3                                    0.71692
xq3.s1                             2.87446e-10
xq3.t                                0.0420533
sns2                                  0.722208
tn0                                    1.06284
t002                                   1.06284
t004                                   1.06284
t005                                   1.06284
t006                                   1.06284
t008                                   1.06284
t009                                   1.06284
t010                                   1.06284
t011                                   1.06284
t012                                   1.06284
t013                                   1.06284
t014                                   1.06284
t016                                   1.06284
t017                                   1.06284
t018                                   1.06284
t019                                   1.06284
t020                                   1.06284
t021                                   1.06284
t022                                   1.06284
t023                                   1.06284
t024                                   1.06284
t025                                   1.06284
t026                                   1.06284
t027                                   1.06284
t028                                   1.06284
t029                                   1.06284
t030                                   1.06284
t032                                   1.06284
t033                                   1.06284
t034                                   1.06284
t035                                   1.06284
t036                                   1.06284
t037                                   1.06284
t038                                   1.06284
t039                                   1.06284
t040                                   1.06284
t041                                   1.06284
t042                                   1.06284
t043                                   1.06284
t044                                   1.06284
t045                                   1.06284
t046                                   1.06284
t047                                   1.06284
t048                                   1.06284
t049                                   1.06284
t050                                   1.06284
t051                                   1.06284
t052                                   1.06284
t053                                   1.06284
t054                                   1.06284
t055                                   1.06284
t056                                   1.06284
t057                                   1.06284
t058                                   1.06284
t059                                   1.06284
t060                                   1.06284
t061                                   1.06284
t062                                   1.06284
t064                                   1.06284
t065                                   1.06284
t066                                   1.06284
t067                                   1.06284
t068                                   1.06284
t069                                   1.06284
t070                                   1.06284
t071                                   1.06284
t072                                   1.06284
t073                                   1.06284
t074                                   1.06284
t075                                   1.06284
t076                                   1.06284
t077                                   1.06284
t078                                   1.06284
t079                                   1.06284
t080                                   1.06284
t081                                   1.06284
t082                                   1.06284
t083                                   1.06284
t084                                   1.06284
t085                                   1.06284
t086                                   1.06284
t087                                   1.06284
t088                                   1.06284
t089                                   1.06284
t090                                   1.06284
t091                                   1.06284
t092                                   1.06284
t093                                   1.06284
t094                                   1.06284
t095                                   1.06284
t096                                   1.06284
t097                                   1.06284
t098                                   1.06284
t099                                   1.06284
t100                                   1.06284
t101                                   1.06284
t102                                   1.06284
t103                                   1.06284
t104                                   1.06284
t105                                   1.06284
t106                                   1.06284
t107                                   1.06284
t108                                   1.06284
t109                                   1.06284
t110                                   1.06284
t111                                   1.06284
t112                                   1.06284
t113                                   1.06284
t114                                   1.06284
t115                                   1.06284
t116                                   1.06284
t117                                   1.06284
t118                                   1.06284
t119                                   1.06284
t120                                   1.06284
t121                                   1.06284
t122                                   1.06284
t123                                   1.06284
t124                                   1.06284
t125                                   1.06284
t126                                   1.06284
t128                                   1.06013
t129                                   1.05743
t130                                   1.05473
t131                                   1.05203
t132                                   1.04933
t133                                   1.04663
t134                                   1.04393
t135                                   1.04123
t136                                   1.03852
t137                                   1.03582
t138                                   1.03312
t139                                   1.03042
t140                                   1.02772
t141                                   1.02502
t142                                   1.02232
t143                                   1.01962
t144                                   1.01692
t145                                   1.01422
t146                                   1.01152
t147                                   1.00882
t148                                   1.00612
t149                                   1.00342
t150                                   1.00071
t151                                   0.99801
t152                                  0.995309
t153                                  0.992609
t154                                  0.989908
t155                                  0.987208
t156                                  0.984507
t157                                  0.981807
t158                                  0.979106
t159                                  0.976406
t160                                  0.973705
t161                                  0.971005
t162                                  0.968304
t163                                  0.965604
t164                                  0.962903
t165                                    0.9602
t166                                  0.957496
t167                                  0.954796
t168                                  0.952095
t169                                  0.949395
t170                                  0.946694
t171                                  0.943994
t172                                  0.941293
t173                                  0.938593
t174                                  0.935892
t175                                  0.933192
t176                                  0.930491
t177                                  0.927791
t178                                   0.92509
t179                                  0.922389
t180                                  0.919686
t181                                  0.916983
t182                                  0.914282
t183                                  0.911582
t184                                  0.908881
t185                                  0.906181
t186                                   0.90348
t187                                   0.90078
t188                                  0.898079
t189                                  0.895379
t190                                  0.892678
t191                                  0.889978
t192                                  0.887277
t193                                  0.884576
t194                                  0.881876
t195                                  0.879173
t196                                  0.876469
t197                                  0.873769
t198                                  0.871068
t199                                  0.868368
t200                                  0.865667
t201                                  0.862967
t202                                  0.860266
t203                                  0.857566
t204                                  0.854865
t205                                  0.852165
t206                                  0.849464
t207                                  0.846763
t208                                  0.844063
t209                                  0.841362
t210                                  0.838659
t211                                  0.835956
t212                                  0.833255
t213                                  0.830555
t214                                  0.827854
t215                                  0.825154
t216                                  0.822453
t217                                  0.819753
t218                                  0.817052
t219                                  0.814352
t220                                  0.811651
t221                                   0.80895
t222                                   0.80625
t223                                  0.803549
t224                                  0.800849
t225                                  0.798146
t226                                  0.795442
t227                                  0.792742
t228                                  0.790041
t229                                  0.787341
t230                                   0.78464
t231                                   0.78194
t232                                  0.779239
t233                                  0.776539
t234                                  0.773838
t235                                  0.771137
t236                                  0.768437
t237                                  0.765736
t238                                  0.763036
t239                                  0.760335
t240                                  0.757632
t241                                  0.754929
t242                                  0.752228
t243                                  0.749528
t244                                  0.746827
t245                                  0.744127
t246                                  0.741426
t247                                  0.738726
t248                                  0.736025
t249                                  0.733324
t250                                  0.730624
t251                                  0.727923
t252                                  0.725223
t253                                  0.722522
t254                                  0.719822
vref                                    1.0904
vss__par                                     0
pa_00                                0.0549421
pa_01                              5.13376e-06
pa_02                              5.16729e-06
pa_03                                    72277
pa_04                                    11818
bpa_04#branch                                0
vm2a#branch                        4.57968e-06
vm2b#branch                        5.54079e-07
bpa_03#branch                                0
vm3a#branch                        4.06334e-06
vm3b#branch                        5.51976e-07
vm3c#branch                        5.51971e-07
bpa_02#branch                                0
bpa_01#branch                                0
bpa_00#branch                                0
vm1#branch                         5.08251e-06
vvss#branch                        2.03836e-05
vvdd#branch                       -2.03836e-05


No. of Data Rows : 59

  Measurements for Transient Analysis

vref_v              =  1.09040e+00
vpexfb_v            =  2.43941e+00
vbe_q1_v            =  7.16479e-01
vbe_q2_v            =  6.61537e-01
vbe_q3_v            =  7.16920e-01
dvbe_ptat_v         =  5.49421e-02
i_leg1_a            =  5.08251e-06
i_leg2_a            =  5.13376e-06
i_leg3_a            =  5.16729e-06
r1_ohm              =  7.22770e+04
r2_ohm              =  1.18180e+04

ngspice-46 done
