
Note: No compatibility mode selected!


Circuit: * klt sim -- generated corner deck, do not edit

Doing analysis at TEMP = 27.000000 and TNOM = 27.000000

Using SPARSE 1.3 as Direct Linear Solver

Initial Transient Solution
--------------------------

Node                                   Voltage
----                                   -------
vdd                                       2.97
vss                                          0
fb                                     2.10941
vdd__t0                                2.96997
vm1_p                                 0.716483
vdd__t1                                   2.97
sns1__t0                              0.716483
vdd__t2                                2.96999
vm2a_p                                0.721977
vdd__t3                                   2.97
sns2__t0                              0.721977
vdd__t4                                   2.97
vm2b_p                                0.721965
vdd__t5                                   2.97
sns2__t1                              0.721965
vdd__t6                                2.96999
vm3a_p                                  1.0892
vdd__t7                                   2.97
vref__t0                                1.0892
vdd__t10                                  2.97
vm3b_p                                 1.08919
vdd__t8                                   2.97
vref__t2                               1.08919
vdd__t11                                  2.97
vm3c_p                                 1.08919
vdd__t9                                   2.97
vref__t3                               1.08919
sns2__t2                              0.721941
vsubs                                        0
cb2__t0                                0.66158
xr2.dt                                       0
vref__t1                               1.08916
tn0__t2                                1.06174
xr1.dt                                       0
tn0__t0                                1.06172
tn0__t1                                1.06172
xru1.dt                                      0
tn0__t8                                1.06172
t002__t1                               1.06172
xru2.dt                                      0
t002__t0                               1.06172
tn0__t13                               1.06172
xru3.dt                                      0
tn0__t15                               1.06172
t004__t0                               1.06172
xru4.dt                                      0
t004__t1                               1.06172
t005__t0                               1.06172
xru5.dt                                      0
t005__t1                               1.06172
t006__t0                               1.06172
xru6.dt                                      0
t006__t1                               1.06172
tn0__t9                                1.06172
xru7.dt                                      0
tn0__t11                               1.06172
t008__t0                               1.06172
xru8.dt                                      0
t008__t1                               1.06172
t009__t0                               1.06172
xru9.dt                                      0
t009__t1                               1.06172
t010__t0                               1.06172
xru10.dt                                     0
t010__t1                               1.06172
t011__t0                               1.06172
xru11.dt                                     0
t011__t1                               1.06172
t012__t0                               1.06172
xru12.dt                                     0
t012__t1                               1.06172
t013__t0                               1.06172
xru13.dt                                     0
t013__t1                               1.06172
t014__t0                               1.06172
xru14.dt                                     0
t014__t1                               1.06172
tn0__t3                                1.06172
xru15.dt                                     0
tn0__t4                                1.06172
t016__t1                               1.06172
xru16.dt                                     0
t016__t0                               1.06172
t017__t1                               1.06172
xru17.dt                                     0
t017__t0                               1.06172
t018__t1                               1.06172
xru18.dt                                     0
t018__t0                               1.06172
t019__t1                               1.06172
xru19.dt                                     0
t019__t0                               1.06172
t020__t1                               1.06172
xru20.dt                                     0
t020__t0                               1.06172
t021__t1                               1.06172
xru21.dt                                     0
t021__t0                               1.06172
t022__t1                               1.06172
xru22.dt                                     0
t022__t0                               1.06172
t023__t1                               1.06172
xru23.dt                                     0
t023__t0                               1.06172
t024__t1                               1.06172
xru24.dt                                     0
t024__t0                               1.06172
t025__t1                               1.06172
xru25.dt                                     0
t025__t0                               1.06172
t026__t1                               1.06172
xru26.dt                                     0
t026__t0                               1.06172
t027__t1                               1.06172
xru27.dt                                     0
t027__t0                               1.06172
t028__t1                               1.06172
xru28.dt                                     0
t028__t0                               1.06172
t029__t1                               1.06172
xru29.dt                                     0
t029__t0                               1.06172
t030__t1                               1.06172
xru30.dt                                     0
t030__t0                               1.06172
tn0__t6                                1.06172
xru31.dt                                     0
tn0__t12                               1.06172
t032__t0                               1.06172
xru32.dt                                     0
t032__t1                               1.06172
t033__t0                               1.06172
xru33.dt                                     0
t033__t1                               1.06172
t034__t0                               1.06172
xru34.dt                                     0
t034__t1                               1.06172
t035__t0                               1.06172
xru35.dt                                     0
t035__t1                               1.06172
t036__t0                               1.06172
xru36.dt                                     0
t036__t1                               1.06172
t037__t0                               1.06172
xru37.dt                                     0
t037__t1                               1.06172
t038__t0                               1.06172
xru38.dt                                     0
t038__t1                               1.06172
t039__t0                               1.06172
xru39.dt                                     0
t039__t1                               1.06172
t040__t0                               1.06172
xru40.dt                                     0
t040__t1                               1.06172
t041__t0                               1.06172
xru41.dt                                     0
t041__t1                               1.06172
t042__t0                               1.06172
xru42.dt                                     0
t042__t1                               1.06172
t043__t0                               1.06172
xru43.dt                                     0
t043__t1                               1.06172
t044__t0                               1.06172
xru44.dt                                     0
t044__t1                               1.06172
t045__t0                               1.06172
xru45.dt                                     0
t045__t1                               1.06172
t046__t1                               1.06172
xru46.dt                                     0
t046__t0                               1.06172
t047__t1                               1.06172
xru47.dt                                     0
t047__t0                               1.06172
t048__t1                               1.06172
xru48.dt                                     0
t048__t0                               1.06172
t049__t1                               1.06172
xru49.dt                                     0
t049__t0                               1.06172
t050__t1                               1.06172
xru50.dt                                     0
t050__t0                               1.06172
t051__t1                               1.06172
xru51.dt                                     0
t051__t0                               1.06172
t052__t1                               1.06172
xru52.dt                                     0
t052__t0                               1.06172
t053__t1                               1.06172
xru53.dt                                     0
t053__t0                               1.06172
t054__t1                               1.06172
xru54.dt                                     0
t054__t0                               1.06172
t055__t1                               1.06172
xru55.dt                                     0
t055__t0                               1.06172
t056__t1                               1.06172
xru56.dt                                     0
t056__t0                               1.06172
t057__t1                               1.06172
xru57.dt                                     0
t057__t0                               1.06172
t058__t1                               1.06172
xru58.dt                                     0
t058__t0                               1.06172
t059__t1                               1.06172
xru59.dt                                     0
t059__t0                               1.06172
t060__t1                               1.06172
xru60.dt                                     0
t060__t0                               1.06172
t061__t0                               1.06172
xru61.dt                                     0
t061__t1                               1.06172
t062__t0                               1.06172
xru62.dt                                     0
t062__t1                               1.06172
tn0__t7                                1.06172
xru63.dt                                     0
tn0__t14                               1.06172
t064__t0                               1.06172
xru64.dt                                     0
t064__t1                               1.06172
t065__t0                               1.06172
xru65.dt                                     0
t065__t1                               1.06172
t066__t0                               1.06172
xru66.dt                                     0
t066__t1                               1.06172
t067__t0                               1.06172
xru67.dt                                     0
t067__t1                               1.06172
t068__t0                               1.06172
xru68.dt                                     0
t068__t1                               1.06172
t069__t0                               1.06172
xru69.dt                                     0
t069__t1                               1.06172
t070__t0                               1.06172
xru70.dt                                     0
t070__t1                               1.06172
t071__t0                               1.06172
xru71.dt                                     0
t071__t1                               1.06172
t072__t0                               1.06172
xru72.dt                                     0
t072__t1                               1.06172
t073__t0                               1.06172
xru73.dt                                     0
t073__t1                               1.06172
t074__t0                               1.06172
xru74.dt                                     0
t074__t1                               1.06172
t075__t0                               1.06172
xru75.dt                                     0
t075__t1                               1.06172
t076__t1                               1.06172
xru76.dt                                     0
t076__t0                               1.06172
t077__t1                               1.06172
xru77.dt                                     0
t077__t0                               1.06172
t078__t1                               1.06172
xru78.dt                                     0
t078__t0                               1.06172
t079__t1                               1.06172
xru79.dt                                     0
t079__t0                               1.06172
t080__t1                               1.06172
xru80.dt                                     0
t080__t0                               1.06172
t081__t1                               1.06172
xru81.dt                                     0
t081__t0                               1.06172
t082__t1                               1.06172
xru82.dt                                     0
t082__t0                               1.06172
t083__t1                               1.06172
xru83.dt                                     0
t083__t0                               1.06172
t084__t1                               1.06172
xru84.dt                                     0
t084__t0                               1.06172
t085__t1                               1.06172
xru85.dt                                     0
t085__t0                               1.06172
t086__t1                               1.06172
xru86.dt                                     0
t086__t0                               1.06172
t087__t1                               1.06172
xru87.dt                                     0
t087__t0                               1.06172
t088__t1                               1.06172
xru88.dt                                     0
t088__t0                               1.06172
t089__t1                               1.06172
xru89.dt                                     0
t089__t0                               1.06172
t090__t1                               1.06172
xru90.dt                                     0
t090__t0                               1.06172
t091__t0                               1.06172
xru91.dt                                     0
t091__t1                               1.06172
t092__t0                               1.06172
xru92.dt                                     0
t092__t1                               1.06172
t093__t0                               1.06172
xru93.dt                                     0
t093__t1                               1.06172
t094__t0                               1.06172
xru94.dt                                     0
t094__t1                               1.06172
t095__t0                               1.06172
xru95.dt                                     0
t095__t1                               1.06172
t096__t0                               1.06172
xru96.dt                                     0
t096__t1                               1.06172
t097__t0                               1.06172
xru97.dt                                     0
t097__t1                               1.06172
t098__t0                               1.06172
xru98.dt                                     0
t098__t1                               1.06172
t099__t0                               1.06172
xru99.dt                                     0
t099__t1                               1.06172
t100__t0                               1.06172
xru100.dt                                    0
t100__t1                               1.06172
t101__t0                               1.06172
xru101.dt                                    0
t101__t1                               1.06172
t102__t0                               1.06172
xru102.dt                                    0
t102__t1                               1.06172
t103__t0                               1.06172
xru103.dt                                    0
t103__t1                               1.06172
t104__t0                               1.06172
xru104.dt                                    0
t104__t1                               1.06172
t105__t0                               1.06172
xru105.dt                                    0
t105__t1                               1.06172
t106__t1                               1.06172
xru106.dt                                    0
t106__t0                               1.06172
t107__t1                               1.06172
xru107.dt                                    0
t107__t0                               1.06172
t108__t1                               1.06172
xru108.dt                                    0
t108__t0                               1.06172
t109__t1                               1.06172
xru109.dt                                    0
t109__t0                               1.06172
t110__t1                               1.06172
xru110.dt                                    0
t110__t0                               1.06172
t111__t1                               1.06172
xru111.dt                                    0
t111__t0                               1.06172
t112__t1                               1.06172
xru112.dt                                    0
t112__t0                               1.06172
t113__t1                               1.06172
xru113.dt                                    0
t113__t0                               1.06172
t114__t1                               1.06172
xru114.dt                                    0
t114__t0                               1.06172
t115__t1                               1.06172
xru115.dt                                    0
t115__t0                               1.06172
t116__t1                               1.06172
xru116.dt                                    0
t116__t0                               1.06172
t117__t1                               1.06172
xru117.dt                                    0
t117__t0                               1.06172
t118__t1                               1.06172
xru118.dt                                    0
t118__t0                               1.06172
t119__t1                               1.06172
xru119.dt                                    0
t119__t0                               1.06172
t120__t1                               1.06172
xru120.dt                                    0
t120__t0                               1.06172
t121__t0                               1.06172
xru121.dt                                    0
t121__t1                               1.06172
t122__t0                               1.06172
xru122.dt                                    0
t122__t1                               1.06172
t123__t0                               1.06172
xru123.dt                                    0
t123__t1                               1.06172
t124__t0                               1.06172
xru124.dt                                    0
t124__t1                               1.06172
t125__t0                               1.06172
xru125.dt                                    0
t125__t1                               1.06172
t126__t0                               1.06172
xru126.dt                                    0
t126__t1                               1.06172
tn0__t5                                1.06172
xru127.dt                                    0
tn0__t10                               1.06171
t128__t0                               1.05902
xru128.dt                                    0
t128__t1                               1.05902
t129__t0                               1.05633
xru129.dt                                    0
t129__t1                               1.05632
t130__t0                               1.05363
xru130.dt                                    0
t130__t1                               1.05363
t131__t0                               1.05094
xru131.dt                                    0
t131__t1                               1.05094
t132__t0                               1.04825
xru132.dt                                    0
t132__t1                               1.04825
t133__t0                               1.04556
xru133.dt                                    0
t133__t1                               1.04556
t134__t0                               1.04286
xru134.dt                                    0
t134__t1                               1.04286
t135__t0                               1.04017
xru135.dt                                    0
t135__t1                               1.04017
t136__t1                               1.03747
xru136.dt                                    0
t136__t0                               1.03747
t137__t1                               1.03478
xru137.dt                                    0
t137__t0                               1.03478
t138__t1                               1.03209
xru138.dt                                    0
t138__t0                               1.03209
t139__t1                                1.0294
xru139.dt                                    0
t139__t0                                1.0294
t140__t1                                1.0267
xru140.dt                                    0
t140__t0                                1.0267
t141__t1                               1.02401
xru141.dt                                    0
t141__t0                               1.02401
t142__t1                               1.02132
xru142.dt                                    0
t142__t0                               1.02132
t143__t1                               1.01863
xru143.dt                                    0
t143__t0                               1.01863
t144__t1                               1.01593
xru144.dt                                    0
t144__t0                               1.01593
t145__t1                               1.01324
xru145.dt                                    0
t145__t0                               1.01324
t146__t1                               1.01055
xru146.dt                                    0
t146__t0                               1.01055
t147__t1                               1.00786
xru147.dt                                    0
t147__t0                               1.00786
t148__t1                               1.00516
xru148.dt                                    0
t148__t0                               1.00516
t149__t1                               1.00247
xru149.dt                                    0
t149__t0                               1.00247
t150__t1                               0.99978
xru150.dt                                    0
t150__t0                              0.999774
t151__t0                              0.997082
xru151.dt                                    0
t151__t1                              0.997081
t152__t0                              0.994389
xru152.dt                                    0
t152__t1                              0.994389
t153__t0                              0.991697
xru153.dt                                    0
t153__t1                              0.991697
t154__t0                              0.989004
xru154.dt                                    0
t154__t1                              0.989004
t155__t0                              0.986312
xru155.dt                                    0
t155__t1                              0.986312
t156__t0                               0.98362
xru156.dt                                    0
t156__t1                              0.983619
t157__t0                              0.980927
xru157.dt                                    0
t157__t1                              0.980927
t158__t0                              0.978235
xru158.dt                                    0
t158__t1                              0.978235
t159__t0                              0.975543
xru159.dt                                    0
t159__t1                              0.975542
t160__t0                               0.97285
xru160.dt                                    0
t160__t1                               0.97285
t161__t0                              0.970158
xru161.dt                                    0
t161__t1                              0.970157
t162__t0                              0.967465
xru162.dt                                    0
t162__t1                              0.967465
t163__t0                              0.964773
xru163.dt                                    0
t163__t1                              0.964773
t164__t0                              0.962081
xru164.dt                                    0
t164__t1                               0.96208
t165__t0                              0.959388
xru165.dt                                    0
t165__t1                              0.959382
t166__t1                               0.95669
xru166.dt                                    0
t166__t0                               0.95669
t167__t1                              0.953998
xru167.dt                                    0
t167__t0                              0.953998
t168__t1                              0.951306
xru168.dt                                    0
t168__t0                              0.951305
t169__t1                              0.948613
xru169.dt                                    0
t169__t0                              0.948613
t170__t1                              0.945921
xru170.dt                                    0
t170__t0                               0.94592
t171__t1                              0.943228
xru171.dt                                    0
t171__t0                              0.943228
t172__t1                              0.940536
xru172.dt                                    0
t172__t0                              0.940536
t173__t1                              0.937844
xru173.dt                                    0
t173__t0                              0.937843
t174__t1                              0.935151
xru174.dt                                    0
t174__t0                              0.935151
t175__t1                              0.932459
xru175.dt                                    0
t175__t0                              0.932459
t176__t1                              0.929766
xru176.dt                                    0
t176__t0                              0.929766
t177__t1                              0.927074
xru177.dt                                    0
t177__t0                              0.927074
t178__t1                              0.924382
xru178.dt                                    0
t178__t0                              0.924381
t179__t1                              0.921689
xru179.dt                                    0
t179__t0                              0.921689
t180__t1                              0.918997
xru180.dt                                    0
t180__t0                              0.918991
t181__t0                              0.916299
xru181.dt                                    0
t181__t1                              0.916299
t182__t0                              0.913607
xru182.dt                                    0
t182__t1                              0.913606
t183__t0                              0.910914
xru183.dt                                    0
t183__t1                              0.910914
t184__t0                              0.908222
xru184.dt                                    0
t184__t1                              0.908222
t185__t0                              0.905529
xru185.dt                                    0
t185__t1                              0.905529
t186__t0                              0.902837
xru186.dt                                    0
t186__t1                              0.902837
t187__t0                              0.900145
xru187.dt                                    0
t187__t1                              0.900144
t188__t0                              0.897452
xru188.dt                                    0
t188__t1                              0.897452
t189__t0                               0.89476
xru189.dt                                    0
t189__t1                               0.89476
t190__t0                              0.892067
xru190.dt                                    0
t190__t1                              0.892067
t191__t0                              0.889375
xru191.dt                                    0
t191__t1                              0.889375
t192__t0                              0.886683
xru192.dt                                    0
t192__t1                              0.886682
t193__t0                               0.88399
xru193.dt                                    0
t193__t1                               0.88399
t194__t0                              0.881298
xru194.dt                                    0
t194__t1                              0.881298
t195__t0                              0.878606
xru195.dt                                    0
t195__t1                                0.8786
t196__t1                              0.875908
xru196.dt                                    0
t196__t0                              0.875907
t197__t1                              0.873215
xru197.dt                                    0
t197__t0                              0.873215
t198__t1                              0.870523
xru198.dt                                    0
t198__t0                              0.870523
t199__t1                               0.86783
xru199.dt                                    0
t199__t0                               0.86783
t200__t1                              0.865138
xru200.dt                                    0
t200__t0                              0.865138
t201__t1                              0.862446
xru201.dt                                    0
t201__t0                              0.862445
t202__t1                              0.859753
xru202.dt                                    0
t202__t0                              0.859753
t203__t1                              0.857061
xru203.dt                                    0
t203__t0                              0.857061
t204__t1                              0.854369
xru204.dt                                    0
t204__t0                              0.854368
t205__t1                              0.851676
xru205.dt                                    0
t205__t0                              0.851676
t206__t1                              0.848984
xru206.dt                                    0
t206__t0                              0.848983
t207__t1                              0.846291
xru207.dt                                    0
t207__t0                              0.846291
t208__t1                              0.843599
xru208.dt                                    0
t208__t0                              0.843599
t209__t1                              0.840907
xru209.dt                                    0
t209__t0                              0.840906
t210__t1                              0.838214
xru210.dt                                    0
t210__t0                              0.838208
t211__t0                              0.835516
xru211.dt                                    0
t211__t1                              0.835516
t212__t0                              0.832824
xru212.dt                                    0
t212__t1                              0.832824
t213__t0                              0.830132
xru213.dt                                    0
t213__t1                              0.830131
t214__t0                              0.827439
xru214.dt                                    0
t214__t1                              0.827439
t215__t0                              0.824747
xru215.dt                                    0
t215__t1                              0.824746
t216__t0                              0.822054
xru216.dt                                    0
t216__t1                              0.822054
t217__t0                              0.819362
xru217.dt                                    0
t217__t1                              0.819362
t218__t0                               0.81667
xru218.dt                                    0
t218__t1                              0.816669
t219__t0                              0.813977
xru219.dt                                    0
t219__t1                              0.813977
t220__t0                              0.811285
xru220.dt                                    0
t220__t1                              0.811285
t221__t0                              0.808592
xru221.dt                                    0
t221__t1                              0.808592
t222__t0                                0.8059
xru222.dt                                    0
t222__t1                                0.8059
t223__t0                              0.803208
xru223.dt                                    0
t223__t1                              0.803207
t224__t0                              0.800515
xru224.dt                                    0
t224__t1                              0.800515
t225__t0                              0.797823
xru225.dt                                    0
t225__t1                              0.797817
t226__t1                              0.795125
xru226.dt                                    0
t226__t0                              0.795125
t227__t1                              0.792433
xru227.dt                                    0
t227__t0                              0.792432
t228__t1                               0.78974
xru228.dt                                    0
t228__t0                               0.78974
t229__t1                              0.787048
xru229.dt                                    0
t229__t0                              0.787048
t230__t1                              0.784355
xru230.dt                                    0
t230__t0                              0.784355
t231__t1                              0.781663
xru231.dt                                    0
t231__t0                              0.781663
t232__t1                              0.778971
xru232.dt                                    0
t232__t0                               0.77897
t233__t1                              0.776278
xru233.dt                                    0
t233__t0                              0.776278
t234__t1                              0.773586
xru234.dt                                    0
t234__t0                              0.773586
t235__t1                              0.770894
xru235.dt                                    0
t235__t0                              0.770893
t236__t1                              0.768201
xru236.dt                                    0
t236__t0                              0.768201
t237__t1                              0.765509
xru237.dt                                    0
t237__t0                              0.765508
t238__t1                              0.762816
xru238.dt                                    0
t238__t0                              0.762816
t239__t1                              0.760124
xru239.dt                                    0
t239__t0                              0.760124
t240__t1                              0.757432
xru240.dt                                    0
t240__t0                              0.757426
t241__t0                              0.754734
xru241.dt                                    0
t241__t1                              0.754733
t242__t0                              0.752041
xru242.dt                                    0
t242__t1                              0.752041
t243__t0                              0.749349
xru243.dt                                    0
t243__t1                              0.749349
t244__t0                              0.746657
xru244.dt                                    0
t244__t1                              0.746656
t245__t0                              0.743964
xru245.dt                                    0
t245__t1                              0.743964
t246__t0                              0.741272
xru246.dt                                    0
t246__t1                              0.741271
t247__t0                              0.738579
xru247.dt                                    0
t247__t1                              0.738579
t248__t0                              0.735887
xru248.dt                                    0
t248__t1                              0.735887
t249__t0                              0.733195
xru249.dt                                    0
t249__t1                              0.733194
t250__t0                              0.730502
xru250.dt                                    0
t250__t1                              0.730502
t251__t0                               0.72781
xru251.dt                                    0
t251__t1                               0.72781
t252__t0                              0.725117
xru252.dt                                    0
t252__t1                              0.725117
t253__t0                              0.722425
xru253.dt                                    0
t253__t1                              0.722425
t254__t0                              0.719733
xru254.dt                                    0
t254__t1                              0.719732
cb3__t0                                0.71704
xru255.dt                                    0
sns1                                  0.716406
xq1.s1                             2.87243e-10
xq1.t                                 0.041221
cb2                                   0.661463
xq2.s1                             7.42149e-10
xq2.t                               0.00591576
cb3                                    0.71684
xq3.s1                             2.87414e-10
xq3.t                                0.0419218
sns2                                  0.721963
tn0                                    1.06172
t002                                   1.06172
t004                                   1.06172
t005                                   1.06172
t006                                   1.06172
t008                                   1.06172
t009                                   1.06172
t010                                   1.06172
t011                                   1.06172
t012                                   1.06172
t013                                   1.06172
t014                                   1.06172
t016                                   1.06172
t017                                   1.06172
t018                                   1.06172
t019                                   1.06172
t020                                   1.06172
t021                                   1.06172
t022                                   1.06172
t023                                   1.06172
t024                                   1.06172
t025                                   1.06172
t026                                   1.06172
t027                                   1.06172
t028                                   1.06172
t029                                   1.06172
t030                                   1.06172
t032                                   1.06172
t033                                   1.06172
t034                                   1.06172
t035                                   1.06172
t036                                   1.06172
t037                                   1.06172
t038                                   1.06172
t039                                   1.06172
t040                                   1.06172
t041                                   1.06172
t042                                   1.06172
t043                                   1.06172
t044                                   1.06172
t045                                   1.06172
t046                                   1.06172
t047                                   1.06172
t048                                   1.06172
t049                                   1.06172
t050                                   1.06172
t051                                   1.06172
t052                                   1.06172
t053                                   1.06172
t054                                   1.06172
t055                                   1.06172
t056                                   1.06172
t057                                   1.06172
t058                                   1.06172
t059                                   1.06172
t060                                   1.06172
t061                                   1.06172
t062                                   1.06172
t064                                   1.06172
t065                                   1.06172
t066                                   1.06172
t067                                   1.06172
t068                                   1.06172
t069                                   1.06172
t070                                   1.06172
t071                                   1.06172
t072                                   1.06172
t073                                   1.06172
t074                                   1.06172
t075                                   1.06172
t076                                   1.06172
t077                                   1.06172
t078                                   1.06172
t079                                   1.06172
t080                                   1.06172
t081                                   1.06172
t082                                   1.06172
t083                                   1.06172
t084                                   1.06172
t085                                   1.06172
t086                                   1.06172
t087                                   1.06172
t088                                   1.06172
t089                                   1.06172
t090                                   1.06172
t091                                   1.06172
t092                                   1.06172
t093                                   1.06172
t094                                   1.06172
t095                                   1.06172
t096                                   1.06172
t097                                   1.06172
t098                                   1.06172
t099                                   1.06172
t100                                   1.06172
t101                                   1.06172
t102                                   1.06172
t103                                   1.06172
t104                                   1.06172
t105                                   1.06172
t106                                   1.06172
t107                                   1.06172
t108                                   1.06172
t109                                   1.06172
t110                                   1.06172
t111                                   1.06172
t112                                   1.06172
t113                                   1.06172
t114                                   1.06172
t115                                   1.06172
t116                                   1.06172
t117                                   1.06172
t118                                   1.06172
t119                                   1.06172
t120                                   1.06172
t121                                   1.06172
t122                                   1.06172
t123                                   1.06172
t124                                   1.06172
t125                                   1.06172
t126                                   1.06172
t128                                   1.05902
t129                                   1.05633
t130                                   1.05363
t131                                   1.05094
t132                                   1.04825
t133                                   1.04556
t134                                   1.04286
t135                                   1.04017
t136                                   1.03747
t137                                   1.03478
t138                                   1.03209
t139                                    1.0294
t140                                    1.0267
t141                                   1.02401
t142                                   1.02132
t143                                   1.01863
t144                                   1.01593
t145                                   1.01324
t146                                   1.01055
t147                                   1.00786
t148                                   1.00516
t149                                   1.00247
t150                                  0.999777
t151                                  0.997082
t152                                  0.994389
t153                                  0.991697
t154                                  0.989004
t155                                  0.986312
t156                                   0.98362
t157                                  0.980927
t158                                  0.978235
t159                                  0.975542
t160                                   0.97285
t161                                  0.970158
t162                                  0.967465
t163                                  0.964773
t164                                   0.96208
t165                                  0.959385
t166                                   0.95669
t167                                  0.953998
t168                                  0.951305
t169                                  0.948613
t170                                  0.945921
t171                                  0.943228
t172                                  0.940536
t173                                  0.937843
t174                                  0.935151
t175                                  0.932459
t176                                  0.929766
t177                                  0.927074
t178                                  0.924382
t179                                  0.921689
t180                                  0.918994
t181                                  0.916299
t182                                  0.913606
t183                                  0.910914
t184                                  0.908222
t185                                  0.905529
t186                                  0.902837
t187                                  0.900145
t188                                  0.897452
t189                                   0.89476
t190                                  0.892067
t191                                  0.889375
t192                                  0.886683
t193                                   0.88399
t194                                  0.881298
t195                                  0.878603
t196                                  0.875908
t197                                  0.873215
t198                                  0.870523
t199                                   0.86783
t200                                  0.865138
t201                                  0.862446
t202                                  0.859753
t203                                  0.857061
t204                                  0.854368
t205                                  0.851676
t206                                  0.848984
t207                                  0.846291
t208                                  0.843599
t209                                  0.840906
t210                                  0.838211
t211                                  0.835516
t212                                  0.832824
t213                                  0.830131
t214                                  0.827439
t215                                  0.824747
t216                                  0.822054
t217                                  0.819362
t218                                  0.816669
t219                                  0.813977
t220                                  0.811285
t221                                  0.808592
t222                                    0.8059
t223                                  0.803208
t224                                  0.800515
t225                                   0.79782
t226                                  0.795125
t227                                  0.792432
t228                                   0.78974
t229                                  0.787048
t230                                  0.784355
t231                                  0.781663
t232                                  0.778971
t233                                  0.776278
t234                                  0.773586
t235                                  0.770893
t236                                  0.768201
t237                                  0.765509
t238                                  0.762816
t239                                  0.760124
t240                                  0.757429
t241                                  0.754734
t242                                  0.752041
t243                                  0.749349
t244                                  0.746656
t245                                  0.743964
t246                                  0.741272
t247                                  0.738579
t248                                  0.735887
t249                                  0.733194
t250                                  0.730502
t251                                   0.72781
t252                                  0.725117
t253                                  0.722425
t254                                  0.719733
vref                                   1.08919
vss__par                                     0
pa_00                                0.0549437
pa_01                              5.11936e-06
pa_02                               5.1517e-06
pa_03                                    72277
pa_04                                    11818
bpa_04#branch                                0
vm2a#branch                        4.56715e-06
vm2b#branch                        5.52205e-07
bpa_03#branch                                0
vm3a#branch                        4.05163e-06
vm3b#branch                        5.50039e-07
vm3c#branch                        5.50035e-07
bpa_02#branch                                0
bpa_01#branch                                0
bpa_00#branch                                0
vm1#branch                         5.06865e-06
vvss#branch                        2.03397e-05
vvdd#branch                       -2.03397e-05


No. of Data Rows : 59

  Measurements for Transient Analysis

vref_v              =  1.08919e+00
vpexfb_v            =  2.10941e+00
vbe_q1_v            =  7.16406e-01
vbe_q2_v            =  6.61463e-01
vbe_q3_v            =  7.16840e-01
dvbe_ptat_v         =  5.49437e-02
i_leg1_a            =  5.06865e-06
i_leg2_a            =  5.11936e-06
i_leg3_a            =  5.15170e-06
r1_ohm              =  7.22770e+04
r2_ohm              =  1.18180e+04

ngspice-46 done
