Warning: m=xx on .subckt line will override multiplier m hierarchy!


Note: Compatibility modes selected: hs a


Circuit: * sg13g2-bandgap -- sg13cmos5l bandgap_core + bandgap_amp + bandgap_startup

Doing analysis at TEMP = 27.000000 and TNOM = 27.000000

Using SPARSE 1.3 as Direct Linear Solver

Initial Transient Solution
--------------------------

Node                                   Voltage
----                                   -------
vdd                                          0
vss                                          0
sub!                                         0
sns1                               6.93015e-20
fb                                           0
sns2                               2.24185e-18
e2                                 2.24176e-18
xr2.dt                                       0
vref                               5.75021e-15
e3                                 5.74848e-15
xr1.dt                                       0
tail                                         0
d1                                           0
d2                                           0
pn                                           0
det                                          0
xrpu.dt                                      0
fbx                                          0
vmkfb#branch                                 0
vsub#branch                                  0
vvss#branch                        5.75072e-24
vvdd#branch                       -3.45103e-23

 Reference value :  0.00000e+00 Reference value :  1.38700e-03
No. of Data Rows : 1012
v_det_early         =  3.58236e-01
v_fb_early          =  1.22280e-01
v_fb_v              =  2.87207e+00
v_sns1_v            =  7.82607e-01
v_sns2_v            =  7.82381e-01
v_vref_v            =  1.19891e+00
v_det_v             =  3.82814e-03
i_mkfb_v            =  2.87269e-09
Note: Simulation executed from .control section 
