Warning: m=xx on .subckt line will override multiplier m hierarchy!


Note: Compatibility modes selected: hs a


Circuit: * sg13g2-bandgap -- sg13cmos5l bandgap_core + bandgap_amp + bandgap_startup

Doing analysis at TEMP = 125.000000 and TNOM = 27.000000

Using SPARSE 1.3 as Direct Linear Solver

Initial Transient Solution
--------------------------

Node                                   Voltage
----                                   -------
vdd                                          0
vss                                          0
sub!                                         0
sns1                              -5.84672e-19
fb                                           0
sns2                               5.25285e-19
e2                                  5.2526e-19
xr2.dt                                       0
vref                              -3.17698e-19
e3                                -3.17601e-19
xr1.dt                                       0
tail                                         0
d1                                           0
d2                                           0
pn                                           0
det                                          0
xrpu.dt                                      0
fbx                                          0
vmkfb#branch                                 0
vsub#branch                                  0
vvss#branch                       -2.74397e-29
vvdd#branch                        8.02765e-28

 Reference value :  0.00000e+00 Reference value :  1.56700e-03
No. of Data Rows : 1011
v_det_early         =  1.18286e-01
v_fb_early          =  6.03371e-02
v_fb_v              =  2.93075e+00
v_sns1_v            =  6.42455e-01
v_sns2_v            =  6.41994e-01
v_vref_v            =  1.19217e+00
v_det_v             =  1.09043e-02
i_mkfb_v            =  3.09096e-09
Note: Simulation executed from .control section 
