Warning: m=xx on .subckt line will override multiplier m hierarchy!


Note: Compatibility modes selected: hs a


Circuit: * sg13g2-bandgap -- sg13cmos5l bandgap_core + bandgap_amp + bandgap_startup

Doing analysis at TEMP = -40.000000 and TNOM = 27.000000

Using SPARSE 1.3 as Direct Linear Solver

Initial Transient Solution
--------------------------

Node                                   Voltage
----                                   -------
vdd                                          0
vss                                          0
sub!                                         0
sns1                               5.31843e-27
fb                                           0
sns2                               5.68686e-26
e2                                 5.68661e-26
xr2.dt                                       0
vref                              -9.10445e-26
e3                                 -9.0697e-26
xr1.dt                                       0
tail                                         0
d1                                           0
d2                                           0
pn                                           0
det                                          0
xrpu.dt                                      0
fbx                                          0
vmkfb#branch                                 0
vsub#branch                                  0
vvss#branch                       -2.97209e-35
vvdd#branch                         1.2077e-34

 Reference value :  0.00000e+00 Reference value :  1.38900e-03
No. of Data Rows : 1013
v_det_early         =  2.91025e-01
v_fb_early          =  1.41171e-01
v_fb_v              =  2.10769e+00
v_sns1_v            =  8.72701e-01
v_sns2_v            =  8.72533e-01
v_vref_v            =  1.19698e+00
v_det_v             =  1.41015e-03
i_mkfb_v            =  2.10780e-09
Note: Simulation executed from .control section 
