Warning: m=xx on .subckt line will override multiplier m hierarchy!


Note: Compatibility modes selected: hs a


Circuit: * sg13g2-bandgap -- sg13cmos5l bandgap_core + bandgap_amp + bandgap_startup

Doing analysis at TEMP = 125.000000 and TNOM = 27.000000

Using SPARSE 1.3 as Direct Linear Solver

Initial Transient Solution
--------------------------

Node                                   Voltage
----                                   -------
vdd                                          0
vss                                          0
sub!                                         0
sns1                               3.87566e-17
fb                                           0
sns2                               2.16312e-18
e2                                 2.16302e-18
xr2.dt                                       0
vref                               5.49379e-17
e3                                 5.49192e-17
xr1.dt                                       0
tail                                         0
d1                                           0
d2                                           0
pn                                           0
det                                          0
xrpu.dt                                      0
fbx                                          0
vmkfb#branch                                 0
vsub#branch                                  0
vvss#branch                        9.53549e-26
vvdd#branch                       -5.37993e-25

 Reference value :  0.00000e+00 Reference value :  1.33500e-03
No. of Data Rows : 1011
v_det_early         =  2.64466e-01
v_fb_early          =  2.73261e-02
v_fb_v              =  2.20195e+00
v_sns1_v            =  6.40859e-01
v_sns2_v            =  6.40386e-01
v_vref_v            =  1.19047e+00
v_det_v             =  8.66996e-03
i_mkfb_v            =  2.26620e-09
Note: Simulation executed from .control section 
