Warning: m=xx on .subckt line will override multiplier m hierarchy!


Note: Compatibility modes selected: hs a


Circuit: * sg13g2-bandgap -- sg13cmos5l bandgap_core + bandgap_amp + bandgap_startup

Doing analysis at TEMP = 125.000000 and TNOM = 27.000000

Using SPARSE 1.3 as Direct Linear Solver

Initial Transient Solution
--------------------------

Node                                   Voltage
----                                   -------
vdd                                          0
vss                                          0
sub!                                         0
sns1                               2.86622e-18
fb                                           0
sns2                               2.59492e-18
e2                                  2.5948e-18
xr2.dt                                       0
vref                               3.78096e-17
e3                                 3.77967e-17
xr1.dt                                       0
tail                                         0
d1                                           0
d2                                           0
pn                                           0
det                                          0
xrpu.dt                                      0
fbx                                          0
vmkfb#branch                                 0
vsub#branch                                  0
vvss#branch                        4.33097e-26
vvdd#branch                       -2.59353e-25

 Reference value :  0.00000e+00 Reference value :  1.41300e-03
No. of Data Rows : 1011
v_det_early         =  2.89693e-01
v_fb_early          =  1.23254e-01
v_fb_v              =  2.25734e+00
v_sns1_v            =  6.40869e-01
v_sns2_v            =  6.40417e-01
v_vref_v            =  1.19061e+00
v_det_v             =  1.73221e-02
i_mkfb_v            =  2.27912e-09
Note: Simulation executed from .control section 
