Warning: m=xx on .subckt line will override multiplier m hierarchy!


Note: Compatibility modes selected: hs a


Circuit: * sg13g2-bandgap -- sg13cmos5l bandgap_core + bandgap_amp + bandgap_startup

Doing analysis at TEMP = 27.000000 and TNOM = 27.000000

Using SPARSE 1.3 as Direct Linear Solver

Initial Transient Solution
--------------------------

Node                                   Voltage
----                                   -------
vdd                                          0
vss                                          0
sub!                                         0
sns1                               7.32676e-22
fb                                           0
sns2                               9.40544e-22
e2                                 9.40502e-22
xr2.dt                                       0
vref                                1.1284e-21
e3                                 1.12802e-21
xr1.dt                                       0
tail                                         0
d1                                           0
d2                                           0
pn                                           0
det                                          0
xrpu.dt                                      0
fbx                                          0
vmkfb#branch                                 0
vsub#branch                                  0
vvss#branch                        2.80098e-30
vvdd#branch                       -1.70157e-29

 Reference value :  0.00000e+00 Reference value :  1.35500e-03
No. of Data Rows : 1012
v_det_early         =  2.91850e-01
v_fb_early          =  1.42254e-01
v_fb_v              =  2.19478e+00
v_sns1_v            =  7.80498e-01
v_sns2_v            =  7.80231e-01
v_vref_v            =  1.19651e+00
v_det_v             =  4.98481e-03
i_mkfb_v            =  2.19469e-09
Note: Simulation executed from .control section 
