Warning: m=xx on .subckt line will override multiplier m hierarchy!


Note: Compatibility modes selected: hs a


Circuit: * sg13g2-bandgap -- sg13cmos5l bandgap_core + bandgap_amp + bandgap_startup

Doing analysis at TEMP = 27.000000 and TNOM = 27.000000

Using SPARSE 1.3 as Direct Linear Solver

Initial Transient Solution
--------------------------

Node                                   Voltage
----                                   -------
vdd                                          0
vss                                          0
sub!                                         0
sns1                               9.56545e-21
fb                                           0
sns2                               1.54411e-19
e2                                 1.54404e-19
xr2.dt                                       0
vref                               4.11874e-15
e3                                 4.11737e-15
xr1.dt                                       0
tail                                         0
d1                                           0
d2                                           0
pn                                           0
det                                          0
xrpu.dt                                      0
fbx                                          0
vmkfb#branch                                 0
vsub#branch                                  0
vvss#branch                        4.11739e-24
vvdd#branch                       -2.47079e-23

 Reference value :  0.00000e+00 Reference value :  1.41500e-03
No. of Data Rows : 1011
v_det_early         =  2.91849e-01
v_fb_early          =  1.41190e-01
v_fb_v              =  2.16688e+00
v_sns1_v            =  7.80493e-01
v_sns2_v            =  7.80217e-01
v_vref_v            =  1.19644e+00
v_det_v             =  3.76219e-03
i_mkfb_v            =  2.16693e-09
Note: Simulation executed from .control section 
