Warning: m=xx on .subckt line will override multiplier m hierarchy!


Note: Compatibility modes selected: hs a


Circuit: * sg13g2-bandgap -- sg13cmos5l bandgap_core + bandgap_amp + bandgap_startup

Doing analysis at TEMP = -40.000000 and TNOM = 27.000000

Using SPARSE 1.3 as Direct Linear Solver

Initial Transient Solution
--------------------------

Node                                   Voltage
----                                   -------
vdd                                          0
vss                                          0
sub!                                         0
sns1                              -1.05455e-25
fb                                           0
sns2                              -1.23029e-25
e2                                -1.23022e-25
xr2.dt                                       0
vref                              -3.38772e-26
e3                                -3.58227e-26
xr1.dt                                       0
tail                                         0
d1                                           0
d2                                           0
pn                                           0
det                                          0
xrpu.dt                                      0
fbx                                          0
vmkfb#branch                                 0
vsub#branch                                  0
vvss#branch                       -3.03104e-34
vvdd#branch                        1.69493e-33

 Reference value :  0.00000e+00 Reference value :  1.36700e-03
No. of Data Rows : 1012
v_det_early         =  2.89546e-01
v_fb_early          =  1.40796e-01
v_fb_v              =  2.08738e+00
v_sns1_v            =  8.69929e-01
v_sns2_v            =  8.69776e-01
v_vref_v            =  1.19445e+00
v_det_v             =  2.34853e-03
i_mkfb_v            =  2.08763e-09
Note: Simulation executed from .control section 
