Warning: m=xx on .subckt line will override multiplier m hierarchy!


Note: Compatibility modes selected: hs a


Circuit: * sg13g2-bandgap -- sg13cmos5l bandgap_core + bandgap_amp + bandgap_startup

Doing analysis at TEMP = 125.000000 and TNOM = 27.000000

Using SPARSE 1.3 as Direct Linear Solver

Initial Transient Solution
--------------------------

Node                                   Voltage
----                                   -------
vdd                                          0
vss                                          0
sub!                                         0
sns1                                6.5566e-15
fb                                           0
sns2                                3.7739e-17
e2                                 3.77371e-17
xr2.dt                                       0
vref                               3.47628e-15
e3                                 3.47497e-15
xr1.dt                                       0
tail                                         0
d1                                           0
d2                                           0
pn                                           0
det                                          0
xrpu.dt                                      0
fbx                                          0
vmkfb#branch                                 0
vsub#branch                                  0
vvss#branch                        9.98487e-24
vvdd#branch                       -5.38152e-23

 Reference value :  0.00000e+00 Reference value :  1.67900e-03
No. of Data Rows : 1011
v_det_early         =  3.53722e-01
v_fb_early          =  1.04161e-01
v_fb_v              =  2.84806e+00
v_sns1_v            =  6.39189e-01
v_sns2_v            =  6.38791e-01
v_vref_v            =  1.18981e+00
v_det_v             =  2.83631e-02
i_mkfb_v            =  2.86534e-09
Note: Simulation executed from .control section 
