Warning: m=xx on .subckt line will override multiplier m hierarchy!


Note: Compatibility modes selected: hs a


Circuit: * sg13g2-bandgap -- sg13cmos5l bandgap_core + bandgap_amp + bandgap_startup

Doing analysis at TEMP = 27.000000 and TNOM = 27.000000

Using SPARSE 1.3 as Direct Linear Solver

Initial Transient Solution
--------------------------

Node                                   Voltage
----                                   -------
vdd                                          0
vss                                          0
sub!                                         0
sns1                               1.35138e-20
fb                                           0
sns2                               1.31728e-19
e2                                 1.31722e-19
xr2.dt                                       0
vref                               3.06672e-15
e3                                 3.06559e-15
xr1.dt                                       0
tail                                         0
d1                                           0
d2                                           0
pn                                           0
det                                          0
xrpu.dt                                      0
fbx                                          0
vmkfb#branch                                 0
vsub#branch                                  0
vvss#branch                        3.06543e-24
vvdd#branch                       -1.83965e-23

 Reference value :  0.00000e+00 Reference value :  1.32900e-03
No. of Data Rows : 1013
v_det_early         =  3.22864e-01
v_fb_early          =  1.57140e-01
v_fb_v              =  2.45112e+00
v_sns1_v            =  7.78035e-01
v_sns2_v            =  7.77815e-01
v_vref_v            =  1.19477e+00
v_det_v             =  6.33637e-03
i_mkfb_v            =  2.45129e-09
Note: Simulation executed from .control section 
