
Note: No compatibility mode selected!


Circuit: * klt sim -- generated corner deck, do not edit

Doing analysis at TEMP = 125.000000 and TNOM = 27.000000

Using SPARSE 1.3 as Direct Linear Solver


The temperature limiting function received NaN.
Please check your power dissipation and improve your heat sink Rth!
    This message will be shown only once.

Note: Starting dynamic gmin stepping
OSDI(debug) n.xxtrim.xru255.nr1: WARNING: V(i2,c) voltage is greater than specified by vmax
OSDI(debug) n.xxtrim.xru255.nr1: WARNING: V(i2,c) voltage is greater than specified by vmax
OSDI(debug) n.xr2.nr1: WARNING: V(i1,c) voltage is greater than specified by vmax
OSDI(debug) n.xr2.nr1: WARNING: V(i2,c) voltage is greater than specified by vmax
Note: Dynamic gmin stepping completed

No. of Data Rows : 271

  Measurements for AC Analysis

fb_op_v             =  2.51343e+00
sns1_op_v           =  5.97373e-01
sns2_op_v           =  5.96772e-01
vref_op_v           =  1.04688e+00
fb_src_db_1hz       =  -4.25451e-02
fb_load_db_1hz      =  -4.65645e+01

ASCII raw file "/var/tmp/eda-job-klt-sim-3e6aec273389/outputs/artifacts/default_rpxxtrimprs00p001_rpxxtrimprs10p001_rpxxtrimprs20p001_rpxxtrimprs30p001_rpxxtrimprs40p001_rpxxtrimprs50p001_rpxxtrimprs60p001_rpxxtrimprs71000000000000p000V_125C/waveform.raw"
ngspice-46 done
