Warning: m=xx on .subckt line will override multiplier m hierarchy!



The temperature limiting function received NaN.
Please check your power dissipation and improve your heat sink Rth!
    This message will be shown only once.

Note: Starting dynamic gmin stepping
Note: Dynamic gmin stepping completed

Note: Compatibility modes selected: hs a


Circuit: * sg13g2-bandgap -- bandgap_trim ladder range/resolution/linearity

Doing analysis at TEMP = 100.000000 and TNOM = 27.000000

Using SPARSE 1.3 as Direct Linear Solver
OSDI(debug) n.xxtrim.xru255.nr1: WARNING: V(i2,c) voltage is greater than specified by vmax
OSDI(debug) n.xxtrim.xru128.nr1: WARNING: V(i1,c) voltage is greater than specified by vmax
OSDI(debug) n.xxtrim.xru127.nr1: WARNING: V(i2,c) voltage is greater than specified by vmax
 Reference value :  0.00000e+00
No. of Data Rows : 1
v(fb) = 2.581034e+00
v(sns1) = 6.164892e-01
v(sns2) = 6.159245e-01
v(vref) = 1.039755e+00
v(det) = 1.280009e-02
v(cb3) = 6.171315e-01
i(vmkfb) = 4.429169e-11
Note: Simulation executed from .control section 
