Warning: m=xx on .subckt line will override multiplier m hierarchy!



The temperature limiting function received NaN.
Please check your power dissipation and improve your heat sink Rth!
    This message will be shown only once.

Note: Starting dynamic gmin stepping
Note: Dynamic gmin stepping completed

Note: Compatibility modes selected: hs a


Circuit: * sg13g2-bandgap -- bandgap_trim ladder range/resolution/linearity

Doing analysis at TEMP = 125.000000 and TNOM = 27.000000

Using SPARSE 1.3 as Direct Linear Solver
 Reference value :  0.00000e+00
No. of Data Rows : 1
v(fb) = 2.596724e+00
v(sns1) = 5.853308e-01
v(sns2) = 5.847041e-01
v(vref) = 1.044039e+00
v(det) = 1.637225e-02
v(cb3) = 5.859454e-01
i(vmkfb) = 1.586001e-10
Note: Simulation executed from .control section 
