Warning: m=xx on .subckt line will override multiplier m hierarchy!

Warning: singular matrix:  check nodes xxtrim.t184 and xxtrim.t115

Note: Starting dynamic gmin stepping


The temperature limiting function received NaN.
Please check your power dissipation and improve your heat sink Rth!
    This message will be shown only once.

Warning: Dynamic gmin stepping failed
Note: Starting true gmin stepping
Warning: singular matrix:  check nodes xxtrim.t133 and xxtrim.t134

Note: True gmin stepping completed

Note: Compatibility modes selected: hs a


Circuit: * sg13g2-bandgap -- bandgap_trim ladder range/resolution/linearity

Doing analysis at TEMP = 125.000000 and TNOM = 27.000000

Using SPARSE 1.3 as Direct Linear Solver
 Reference value :  0.00000e+00
No. of Data Rows : 1
v(fb) = 2.197632e+00
v(sns1) = 5.899803e-01
v(sns2) = 5.893455e-01
v(vref) = 1.038464e+00
v(det) = 1.453619e-02
v(cb3) = 5.903947e-01
i(vmkfb) = 7.134232e-11
Note: Simulation executed from .control section 
