Warning: m=xx on .subckt line will override multiplier m hierarchy!

Warning: singular matrix:  check nodes xxtrim.t137 and xxtrim.t099

Note: Starting dynamic gmin stepping
Warning: spfactor.c, 230, Pivot for step = 1656 not found


The temperature limiting function received NaN.
Please check your power dissipation and improve your heat sink Rth!
    This message will be shown only once.

Warning: Dynamic gmin stepping failed
Note: Starting true gmin stepping
Warning: singular matrix:  check nodes xxtrim.t196 and xxtrim.t100

Warning: singular matrix:  check nodes xxtrim.t225 and xxtrim.t109

Note: True gmin stepping completed

Note: Compatibility modes selected: hs a


Circuit: * sg13g2-bandgap -- bandgap_trim ladder range/resolution/linearity

Doing analysis at TEMP = 125.000000 and TNOM = 27.000000

Using SPARSE 1.3 as Direct Linear Solver
 Reference value :  0.00000e+00
No. of Data Rows : 1
v(fb) = 2.527938e+00
v(sns1) = 5.899849e-01
v(sns2) = 5.893658e-01
v(vref) = 1.038653e+00
v(det) = 1.636938e-02
v(cb3) = 5.904087e-01
i(vmkfb) = 8.189444e-11
Note: Simulation executed from .control section 
