Warning: m=xx on .subckt line will override multiplier m hierarchy!

Note: Starting dynamic gmin stepping


The temperature limiting function received NaN.
Please check your power dissipation and improve your heat sink Rth!
    This message will be shown only once.

Note: Dynamic gmin stepping completed

Note: Compatibility modes selected: hs a


Circuit: * sg13g2-bandgap -- bandgap_trim ladder range/resolution/linearity

Doing analysis at TEMP = 0.000000 and TNOM = 27.000000

Using SPARSE 1.3 as Direct Linear Solver
 Reference value :  0.00000e+00
No. of Data Rows : 1
v(fb) = 2.455700e+00
v(sns1) = 7.394153e-01
v(sns2) = 7.390680e-01
v(vref) = 1.047335e+00
v(det) = 4.396476e-03
v(cb3) = 7.399392e-01
i(vmkfb) = 2.572433e-14
Note: Simulation executed from .control section 
