Warning: m=xx on .subckt line will override multiplier m hierarchy!

Warning: singular matrix:  check node xxtrim.t194

Note: Starting dynamic gmin stepping
Warning: singular matrix:  check nodes xxtrim.t150 and xxtrim.t149

Warning: Dynamic gmin stepping failed
Note: Starting true gmin stepping
Warning: singular matrix:  check nodes xxtrim.t119 and xxtrim.t045

Note: True gmin stepping completed

Note: Compatibility modes selected: hs a


Circuit: * sg13g2-bandgap -- bandgap_trim ladder range/resolution/linearity

Doing analysis at TEMP = 75.000000 and TNOM = 27.000000

Using SPARSE 1.3 as Direct Linear Solver
 Reference value :  0.00000e+00
No. of Data Rows : 1
v(fb) = 2.881787e+00
v(sns1) = 6.511303e-01
v(sns2) = 6.506404e-01
v(vref) = 1.042942e+00
v(det) = 2.936632e-02
v(cb3) = 6.517426e-01
i(vmkfb) = 2.132400e-12
Note: Simulation executed from .control section 
