Warning: m=xx on .subckt line will override multiplier m hierarchy!

Warning: singular matrix:  check nodes xxtrim.t184 and xxtrim.t216

Note: Starting dynamic gmin stepping
Warning: singular matrix:  check nodes xxtrim.t251 and xxtrim.t249

Warning: Dynamic gmin stepping failed
Note: Starting true gmin stepping
Warning: singular matrix:  check nodes xxtrim.t114 and xxtrim.t211



The temperature limiting function received NaN.
Please check your power dissipation and improve your heat sink Rth!
    This message will be shown only once.

Note: True gmin stepping completed

Note: Compatibility modes selected: hs a


Circuit: * sg13g2-bandgap -- bandgap_trim ladder range/resolution/linearity

Doing analysis at TEMP = 75.000000 and TNOM = 27.000000

Using SPARSE 1.3 as Direct Linear Solver
 Reference value :  0.00000e+00
No. of Data Rows : 1
v(fb) = 2.221175e+00
v(sns1) = 6.511291e-01
v(sns2) = 6.506233e-01
v(vref) = 1.042765e+00
v(det) = 2.239344e-02
v(cb3) = 6.517296e-01
i(vmkfb) = 1.427186e-12
Note: Simulation executed from .control section 
