Warning: m=xx on .subckt line will override multiplier m hierarchy!

Warning: singular matrix:  check nodes xxtrim.t234 and n.xxtrim.xru240.nr1#i1

Note: Starting dynamic gmin stepping


The temperature limiting function received NaN.
Please check your power dissipation and improve your heat sink Rth!
    This message will be shown only once.

Note: Dynamic gmin stepping completed

Note: Compatibility modes selected: hs a


Circuit: * sg13g2-bandgap -- bandgap_trim ladder range/resolution/linearity

Doing analysis at TEMP = 125.000000 and TNOM = 27.000000

Using SPARSE 1.3 as Direct Linear Solver
 Reference value :  0.00000e+00
No. of Data Rows : 1
v(fb) = 2.583835e+00
v(sns1) = 5.898890e-01
v(sns2) = 5.892849e-01
v(vref) = 1.042449e+00
v(det) = 5.165560e-02
v(cb3) = 5.904476e-01
i(vmkfb) = 4.493390e-11
Note: Simulation executed from .control section 
