Warning: m=xx on .subckt line will override multiplier m hierarchy!

Warning: singular matrix:  check node xxtrim.t197

Note: Starting dynamic gmin stepping
Warning: spfactor.c, 230, Pivot for step = 1596 not found


The temperature limiting function received NaN.
Please check your power dissipation and improve your heat sink Rth!
    This message will be shown only once.

Warning: Dynamic gmin stepping failed
Note: Starting true gmin stepping
Warning: singular matrix:  check nodes n.xxtrim.xru241.nr1#i1 and xxtrim.t223

Note: True gmin stepping completed

Note: Compatibility modes selected: hs a


Circuit: * sg13g2-bandgap -- bandgap_trim ladder range/resolution/linearity

Doing analysis at TEMP = 100.000000 and TNOM = 27.000000

Using SPARSE 1.3 as Direct Linear Solver
 Reference value :  0.00000e+00
No. of Data Rows : 1
v(fb) = 2.567044e+00
v(sns1) = 6.207521e-01
v(sns2) = 6.202076e-01
v(vref) = 1.047362e+00
v(det) = 3.622083e-02
v(cb3) = 6.213360e-01
i(vmkfb) = 9.169485e-12
Note: Simulation executed from .control section 
