Warning: m=xx on .subckt line will override multiplier m hierarchy!

Warning: singular matrix:  check nodes xxtrim.t128 and xxtrim.t215

Note: Starting dynamic gmin stepping


The temperature limiting function received NaN.
Please check your power dissipation and improve your heat sink Rth!
    This message will be shown only once.

Warning: Dynamic gmin stepping failed
Note: Starting true gmin stepping
Warning: singular matrix:  check nodes xxtrim.t191 and xxtrim.t116

Warning: singular matrix:  check nodes xxtrim.t113 and xxtrim.t112

Note: True gmin stepping completed

Note: Compatibility modes selected: hs a


Circuit: * sg13g2-bandgap -- bandgap_trim ladder range/resolution/linearity

Doing analysis at TEMP = 125.000000 and TNOM = 27.000000

Using SPARSE 1.3 as Direct Linear Solver
 Reference value :  0.00000e+00
No. of Data Rows : 1
v(fb) = 2.253520e+00
v(sns1) = 5.898872e-01
v(sns2) = 5.892729e-01
v(vref) = 1.039038e+00
v(det) = 4.273481e-02
v(cb3) = 5.904372e-01
i(vmkfb) = 3.435816e-11
Note: Simulation executed from .control section 
