Warning: m=xx on .subckt line will override multiplier m hierarchy!

Warning: singular matrix:  check nodes xxtrim.t234 and n.xxtrim.xru236.nr1#i1

Note: Starting dynamic gmin stepping


The temperature limiting function received NaN.
Please check your power dissipation and improve your heat sink Rth!
    This message will be shown only once.

Note: Dynamic gmin stepping completed

Note: Compatibility modes selected: hs a


Circuit: * sg13g2-bandgap -- bandgap_trim ladder range/resolution/linearity

Doing analysis at TEMP = 75.000000 and TNOM = 27.000000

Using SPARSE 1.3 as Direct Linear Solver
 Reference value :  0.00000e+00
No. of Data Rows : 1
v(fb) = 2.193153e+00
v(sns1) = 6.511762e-01
v(sns2) = 6.506607e-01
v(vref) = 1.045319e+00
v(det) = 1.325184e-02
v(cb3) = 6.517078e-01
i(vmkfb) = 2.368006e-12
Note: Simulation executed from .control section 
