Warning: m=xx on .subckt line will override multiplier m hierarchy!

Warning: singular matrix:  check node xxtrim.t105

Note: Starting dynamic gmin stepping


The temperature limiting function received NaN.
Please check your power dissipation and improve your heat sink Rth!
    This message will be shown only once.

Note: Dynamic gmin stepping completed

Note: Compatibility modes selected: hs a


Circuit: * sg13g2-bandgap -- bandgap_trim ladder range/resolution/linearity

Doing analysis at TEMP = 100.000000 and TNOM = 27.000000

Using SPARSE 1.3 as Direct Linear Solver
 Reference value :  0.00000e+00
No. of Data Rows : 1
v(fb) = 2.539060e+00
v(sns1) = 6.208001e-01
v(sns2) = 6.202481e-01
v(vref) = 8.486413e-01
v(det) = 1.981137e-02
v(cb3) = 6.213670e-01
i(vmkfb) = 1.278647e-11
Note: Simulation executed from .control section 
