Warning: m=xx on .subckt line will override multiplier m hierarchy!

Warning: singular matrix:  check node n.xxtrim.xru232.nr1#i1

Note: Starting dynamic gmin stepping


The temperature limiting function received NaN.
Please check your power dissipation and improve your heat sink Rth!
    This message will be shown only once.

Warning: Dynamic gmin stepping failed
Note: Starting true gmin stepping
Warning: singular matrix:  check nodes xxtrim.t144 and xxtrim.t145

Note: True gmin stepping completed

Note: Compatibility modes selected: hs a


Circuit: * sg13g2-bandgap -- bandgap_trim ladder range/resolution/linearity

Doing analysis at TEMP = 75.000000 and TNOM = 27.000000

Using SPARSE 1.3 as Direct Linear Solver
 Reference value :  0.00000e+00
No. of Data Rows : 1
v(fb) = 2.853758e+00
v(sns1) = 6.511797e-01
v(sns2) = 6.506848e-01
v(vref) = 1.042688e+00
v(det) = 1.666943e-02
v(cb3) = 6.517239e-01
i(vmkfb) = 3.274978e-12
Note: Simulation executed from .control section 
