Warning: m=xx on .subckt line will override multiplier m hierarchy!

Warning: singular matrix:  check nodes xxtrim.t116 and xxtrim.t113

Note: Starting dynamic gmin stepping
Warning: spfactor.c, 230, Pivot for step = 1585 not found


The temperature limiting function received NaN.
Please check your power dissipation and improve your heat sink Rth!
    This message will be shown only once.

Note: Dynamic gmin stepping completed

Note: Compatibility modes selected: hs a


Circuit: * sg13g2-bandgap -- bandgap_trim ladder range/resolution/linearity

Doing analysis at TEMP = 100.000000 and TNOM = 27.000000

Using SPARSE 1.3 as Direct Linear Solver
 Reference value :  0.00000e+00
No. of Data Rows : 1
v(fb) = 2.869410e+00
v(sns1) = 6.207934e-01
v(sns2) = 6.202345e-01
v(vref) = 1.047036e+00
v(det) = 2.226238e-02
v(cb3) = 6.213122e-01
i(vmkfb) = 1.508582e-11
Note: Simulation executed from .control section 
