Warning: m=xx on .subckt line will override multiplier m hierarchy!

Warning: singular matrix:  check node xxtrim.t167

Note: Starting dynamic gmin stepping


The temperature limiting function received NaN.
Please check your power dissipation and improve your heat sink Rth!
    This message will be shown only once.

Warning: Dynamic gmin stepping failed
Note: Starting true gmin stepping
Warning: singular matrix:  check nodes xxtrim.t228 and xxtrim.t168

Note: True gmin stepping completed

Note: Compatibility modes selected: hs a


Circuit: * sg13g2-bandgap -- bandgap_trim ladder range/resolution/linearity

Doing analysis at TEMP = 100.000000 and TNOM = 27.000000

Using SPARSE 1.3 as Direct Linear Solver
OSDI(debug) n.xxtrim.xru255.nr1: WARNING: V(i2,c) voltage is greater than specified by vmax
 Reference value :  0.00000e+00
No. of Data Rows : 1
v(fb) = 2.495562e+00
v(sns1) = 6.277541e-01
v(sns2) = 6.272099e-01
v(vref) = 1.241862e+00
v(det) = 5.017379e-02
v(cb3) = 6.280837e-01
i(vmkfb) = 6.054399e-12
Note: Simulation executed from .control section 
