Warning: m=xx on .subckt line will override multiplier m hierarchy!



The temperature limiting function received NaN.
Please check your power dissipation and improve your heat sink Rth!
    This message will be shown only once.

Note: Starting dynamic gmin stepping
Note: Dynamic gmin stepping completed

Note: Compatibility modes selected: hs a


Circuit: * sg13g2-bandgap -- bandgap_trim ladder range/resolution/linearity

Doing analysis at TEMP = 125.000000 and TNOM = 27.000000

Using SPARSE 1.3 as Direct Linear Solver
OSDI(debug) n.xr2.nr1: WARNING: V(i2,c) voltage is greater than specified by vmax
OSDI(debug) n.xxtrim.xru255.nr1: WARNING: V(i2,c) voltage is greater than specified by vmax
OSDI(debug) n.xxtrim.xru128.nr1: WARNING: V(i1,c) voltage is greater than specified by vmax
OSDI(debug) n.xxtrim.xru127.nr1: WARNING: V(i2,c) voltage is greater than specified by vmax
OSDI(debug) n.xxtrim.xru64.nr1: WARNING: V(i1,c) voltage is greater than specified by vmax
OSDI(debug) n.xxtrim.xru63.nr1: WARNING: V(i2,c) voltage is greater than specified by vmax
OSDI(debug) n.xxtrim.xru32.nr1: WARNING: V(i1,c) voltage is greater than specified by vmax
OSDI(debug) n.xxtrim.xru31.nr1: WARNING: V(i2,c) voltage is greater than specified by vmax
OSDI(debug) n.xxtrim.xru16.nr1: WARNING: V(i1,c) voltage is greater than specified by vmax
OSDI(debug) n.xxtrim.xru15.nr1: WARNING: V(i2,c) voltage is greater than specified by vmax
OSDI(debug) n.xxtrim.xru8.nr1: WARNING: V(i1,c) voltage is greater than specified by vmax
OSDI(debug) n.xxtrim.xru7.nr1: WARNING: V(i2,c) voltage is greater than specified by vmax
OSDI(debug) n.xxtrim.xru4.nr1: WARNING: V(i1,c) voltage is greater than specified by vmax
OSDI(debug) n.xxtrim.xru3.nr1: WARNING: V(i2,c) voltage is greater than specified by vmax
OSDI(debug) n.xxtrim.xru2.nr1: WARNING: V(i1,c) voltage is greater than specified by vmax
OSDI(debug) n.xxtrim.xru1.nr1: WARNING: V(i1,c) voltage is greater than specified by vmax
OSDI(debug) n.xxtrim.xru1.nr1: WARNING: V(i2,c) voltage is greater than specified by vmax
OSDI(debug) n.xr1.nr1: WARNING: V(i2,c) voltage is greater than specified by vmax
OSDI(debug) n.xr2.nr1: WARNING: V(i2,c) voltage is greater than specified by vmax
OSDI(debug) n.xxtrim.xru255.nr1: WARNING: V(i2,c) voltage is greater than specified by vmax
OSDI(debug) n.xxtrim.xru128.nr1: WARNING: V(i1,c) voltage is greater than specified by vmax
OSDI(debug) n.xxtrim.xru127.nr1: WARNING: V(i2,c) voltage is greater than specified by vmax
OSDI(debug) n.xxtrim.xru64.nr1: WARNING: V(i1,c) voltage is greater than specified by vmax
OSDI(debug) n.xxtrim.xru63.nr1: WARNING: V(i2,c) voltage is greater than specified by vmax
OSDI(debug) n.xxtrim.xru32.nr1: WARNING: V(i1,c) voltage is greater than specified by vmax
OSDI(debug) n.xxtrim.xru31.nr1: WARNING: V(i2,c) voltage is greater than specified by vmax
OSDI(debug) n.xxtrim.xru16.nr1: WARNING: V(i1,c) voltage is greater than specified by vmax
OSDI(debug) n.xxtrim.xru15.nr1: WARNING: V(i2,c) voltage is greater than specified by vmax
OSDI(debug) n.xxtrim.xru8.nr1: WARNING: V(i1,c) voltage is greater than specified by vmax
OSDI(debug) n.xxtrim.xru7.nr1: WARNING: V(i2,c) voltage is greater than specified by vmax
OSDI(debug) n.xxtrim.xru4.nr1: WARNING: V(i1,c) voltage is greater than specified by vmax
OSDI(debug) n.xxtrim.xru3.nr1: WARNING: V(i2,c) voltage is greater than specified by vmax
OSDI(debug) n.xxtrim.xru2.nr1: WARNING: V(i1,c) voltage is greater than specified by vmax
OSDI(debug) n.xxtrim.xru1.nr1: WARNING: V(i1,c) voltage is greater than specified by vmax
OSDI(debug) n.xxtrim.xru1.nr1: WARNING: V(i2,c) voltage is greater than specified by vmax
OSDI(debug) n.xr1.nr1: WARNING: V(i2,c) voltage is greater than specified by vmax
OSDI(debug) n.xr2.nr1: WARNING: V(i2,c) voltage is greater than specified by vmax
 Reference value :  0.00000e+00
No. of Data Rows : 1
v(fb) = 2.513427e+00
v(sns1) = 5.973730e-01
v(sns2) = 5.967724e-01
v(vref) = 6.312554e-01
v(det) = 7.710228e-02
v(cb3) = 5.978381e-01
i(vmkfb) = 3.750524e-11
Note: Simulation executed from .control section 
