Warning: m=xx on .subckt line will override multiplier m hierarchy!


Note: Compatibility modes selected: hs a


Circuit: * sg13g2-bandgap -- sg13cmos5l bandgap_core + bandgap_amp + bandgap_startup

Doing analysis at TEMP = 27.000000 and TNOM = 27.000000

Using SPARSE 1.3 as Direct Linear Solver

Initial Transient Solution
--------------------------

Node                                   Voltage
----                                   -------
vdd                                          0
vss                                          0
sub!                                         0
sns1                               1.74235e-22
fb                                           0
sns2                                9.7022e-19
e2                                 9.70115e-19
xr2.dt                                       0
vref                               2.82943e-21
e3                                 2.82858e-21
xr1.dt                                       0
tail                                         0
d1                                           0
d2                                           0
pn                                           0
det                                          0
xrpu.dt                                      0
fbx                                          0
vmkfb#branch                                 0
vsub#branch                                  0
vvss#branch                         7.7637e-27
vvdd#branch                       -1.35996e-26

 Reference value :  0.00000e+00 Reference value :  1.27700e-03
No. of Data Rows : 1012
v_det_early         =  3.25680e-01
v_fb_early          =  1.36544e-01
v_fb_v              =  2.54178e+00
v_sns1_v            =  7.82607e-01
v_sns2_v            =  7.82356e-01
v_vref_v            =  1.19888e+00
v_det_v             =  3.47555e-03
i_mkfb_v            =  2.54216e-09
Note: Simulation executed from .control section 
