Warning: m=xx on .subckt line will override multiplier m hierarchy!


Note: Compatibility modes selected: hs a


Circuit: * sg13g2-bandgap -- sg13cmos5l bandgap_core + bandgap_amp + bandgap_startup

Doing analysis at TEMP = -40.000000 and TNOM = 27.000000

Using SPARSE 1.3 as Direct Linear Solver

Initial Transient Solution
--------------------------

Node                                   Voltage
----                                   -------
vdd                                          0
vss                                          0
sub!                                         0
sns1                              -3.71846e-31
fb                                           0
sns2                              -1.62519e-27
e2                                -1.62915e-27
xr2.dt                                       0
vref                               6.69264e-31
e3                                 6.69043e-31
xr1.dt                                       0
tail                                         0
d1                                           0
d2                                           0
pn                                           0
det                                          0
xrpu.dt                                      0
fbx                                          0
vmkfb#branch                                 0
vsub#branch                                  0
vvss#branch                       -1.30348e-35
vvdd#branch                        2.28095e-35

 Reference value :  0.00000e+00 Reference value :  1.22300e-03
No. of Data Rows : 1012
v_det_early         =  3.23358e-01
v_fb_early          =  1.56359e-01
v_fb_v              =  2.49384e+00
v_sns1_v            =  8.72745e-01
v_sns2_v            =  8.72635e-01
v_vref_v            =  1.19773e+00
v_det_v             =  2.44572e-03
i_mkfb_v            =  2.49392e-09
Note: Simulation executed from .control section 
