Warning: m=xx on .subckt line will override multiplier m hierarchy!


Note: Compatibility modes selected: hs a


Circuit: * sg13g2-bandgap -- sg13cmos5l bandgap_core + bandgap_amp + bandgap_startup

Doing analysis at TEMP = 27.000000 and TNOM = 27.000000

Using SPARSE 1.3 as Direct Linear Solver

Initial Transient Solution
--------------------------

Node                                   Voltage
----                                   -------
vdd                                          0
vss                                          0
sub!                                         0
sns1                               8.04126e-24
fb                                           0
sns2                               1.46064e-19
e2                                 1.46046e-19
xr2.dt                                       0
vref                               6.43903e-22
e3                                 6.43688e-22
xr1.dt                                       0
tail                                         0
d1                                           0
d2                                           0
pn                                           0
det                                          0
xrpu.dt                                      0
fbx                                          0
vmkfb#branch                                 0
vsub#branch                                  0
vvss#branch                        1.16893e-27
vvdd#branch                       -2.04852e-27

 Reference value :  0.00000e+00 Reference value :  1.40300e-03
No. of Data Rows : 1013
v_det_early         =  3.56701e-01
v_fb_early          =  1.65075e-01
v_fb_v              =  2.82728e+00
v_sns1_v            =  7.80542e-01
v_sns2_v            =  7.80336e-01
v_vref_v            =  1.19734e+00
v_det_v             =  4.61610e-03
i_mkfb_v            =  2.82732e-09
Note: Simulation executed from .control section 
