Warning: m=xx on .subckt line will override multiplier m hierarchy!


Note: Compatibility modes selected: hs a


Circuit: * sg13g2-bandgap -- sg13cmos5l bandgap_core + bandgap_amp + bandgap_startup

Doing analysis at TEMP = -40.000000 and TNOM = 27.000000

Using SPARSE 1.3 as Direct Linear Solver

Initial Transient Solution
--------------------------

Node                                   Voltage
----                                   -------
vdd                                          0
vss                                          0
sub!                                         0
sns1                               8.73416e-32
fb                                           0
sns2                              -4.43262e-26
e2                                  -4.432e-26
xr2.dt                                       0
vref                              -1.17022e-31
e3                                -1.16983e-31
xr1.dt                                       0
tail                                         0
d1                                           0
d2                                           0
pn                                           0
det                                          0
xrpu.dt                                      0
fbx                                          0
vmkfb#branch                                 0
vsub#branch                                  0
vvss#branch                       -3.54561e-34
vvdd#branch                        6.20501e-34

 Reference value :  0.00000e+00 Reference value :  1.28700e-03
No. of Data Rows : 1012
v_det_early         =  2.91023e-01
v_fb_early          =  1.40914e-01
v_fb_v              =  2.13563e+00
v_sns1_v            =  8.72720e-01
v_sns2_v            =  8.72559e-01
v_vref_v            =  1.19728e+00
v_det_v             =  1.74113e-03
i_mkfb_v            =  2.13579e-09
Note: Simulation executed from .control section 
