Warning: m=xx on .subckt line will override multiplier m hierarchy!


Note: Compatibility modes selected: hs a


Circuit: * sg13g2-bandgap -- sg13cmos5l bandgap_core + bandgap_amp + bandgap_startup

Doing analysis at TEMP = 27.000000 and TNOM = 27.000000

Using SPARSE 1.3 as Direct Linear Solver

Initial Transient Solution
--------------------------

Node                                   Voltage
----                                   -------
vdd                                          0
vss                                          0
sub!                                         0
sns1                               3.91778e-24
fb                                           0
sns2                               1.18207e-18
e2                                 1.18191e-18
xr2.dt                                       0
vref                              -2.66201e-23
e3                                -2.66103e-23
xr1.dt                                       0
tail                                         0
d1                                           0
d2                                           0
pn                                           0
det                                          0
xrpu.dt                                      0
fbx                                          0
vmkfb#branch                                 0
vsub#branch                                  0
vvss#branch                        9.45304e-27
vvdd#branch                       -1.65448e-26

 Reference value :  0.00000e+00 Reference value :  1.34500e-03
No. of Data Rows : 1013
v_det_early         =  3.55151e-01
v_fb_early          =  1.71481e-01
v_fb_v              =  2.78129e+00
v_sns1_v            =  7.78065e-01
v_sns2_v            =  7.77876e-01
v_vref_v            =  1.19528e+00
v_det_v             =  7.00094e-03
i_mkfb_v            =  2.78132e-09
Note: Simulation executed from .control section 
