Warning: m=xx on .subckt line will override multiplier m hierarchy!


Note: Compatibility modes selected: hs a


Circuit: * sg13g2-bandgap -- sg13cmos5l bandgap_top pex (post-layout) closed-loop

Doing analysis at TEMP = 27.000000 and TNOM = 27.000000

Using SPARSE 1.3 as Direct Linear Solver

Initial Transient Solution
--------------------------

Node                                   Voltage
----                                   -------
vdd                                          0
vss                                          0
sub!                                         0
sns1                               2.52622e-22
fb                                           0
sns2                               9.71876e-19
e2                                  9.7177e-19
xr2.dt                                       0
vref                              -1.33104e-21
e3                                -1.33064e-21
xr1.dt                                       0
tail                                         0
d1                                           0
d2                                           0
pn                                           0
det                                          0
xrpu.dt                                      0
fbx                                          0
vmkfb#branch                                 0
vsub#branch                                  0
vvss#branch                        7.77286e-27
vvdd#branch                       -1.35982e-26

 Reference value :  0.00000e+00 Reference value :  1.36900e-03
No. of Data Rows : 1012
v_det_early         =  3.58223e-01
v_fb_early          =  1.22647e-01
v_fb_v              =  2.87202e+00
v_sns1_v            =  7.82619e-01
v_sns2_v            =  7.82393e-01
v_vref_v            =  1.19911e+00
v_det_v             =  3.82787e-03
i_mkfb_v            =  2.87265e-09
Note: Simulation executed from .control section 
