Warning: m=xx on .subckt line will override multiplier m hierarchy!


Note: Compatibility modes selected: hs a


Circuit: * sg13g2-bandgap -- sg13cmos5l bandgap_top pex (post-layout) closed-loop

Doing analysis at TEMP = 125.000000 and TNOM = 27.000000

Using SPARSE 1.3 as Direct Linear Solver

Initial Transient Solution
--------------------------

Node                                   Voltage
----                                   -------
vdd                                          0
vss                                          0
sub!                                         0
sns1                               2.31125e-19
fb                                           0
sns2                               2.56375e-20
e2                                 2.56347e-20
xr2.dt                                       0
vref                              -4.61434e-19
e3                                -4.61276e-19
xr1.dt                                       0
tail                                         0
d1                                           0
d2                                           0
pn                                           0
det                                          0
xrpu.dt                                      0
fbx                                          0
vmkfb#branch                                 0
vsub#branch                                  0
vvss#branch                       -5.62948e-29
vvdd#branch                         1.2847e-27

 Reference value :  0.00000e+00 Reference value :  1.36300e-03
No. of Data Rows : 1011
v_det_early         =  1.96668e-01
v_fb_early          =  3.78234e-02
v_fb_v              =  2.86249e+00
v_sns1_v            =  6.40890e-01
v_sns2_v            =  6.40459e-01
v_vref_v            =  1.19112e+00
v_det_v             =  1.07158e-02
i_mkfb_v            =  2.94488e-09
Note: Simulation executed from .control section 
