Warning: m=xx on .subckt line will override multiplier m hierarchy!


Note: Compatibility modes selected: hs a


Circuit: * sg13g2-bandgap -- sg13cmos5l bandgap_top pex (post-layout) closed-loop

Doing analysis at TEMP = 27.000000 and TNOM = 27.000000

Using SPARSE 1.3 as Direct Linear Solver

Initial Transient Solution
--------------------------

Node                                   Voltage
----                                   -------
vdd                                          0
vss                                          0
sub!                                         0
sns1                               3.69105e-25
fb                                           0
sns2                               3.29671e-21
e2                                 3.29649e-21
xr2.dt                                       0
vref                               3.04982e-22
e3                                  3.0488e-22
xr1.dt                                       0
tail                                         0
d1                                           0
d2                                           0
pn                                           0
det                                          0
xrpu.dt                                      0
fbx                                          0
vmkfb#branch                                 0
vsub#branch                                  0
vvss#branch                        2.66736e-29
vvdd#branch                       -4.79793e-29

 Reference value :  0.00000e+00 Reference value :  1.30500e-03
No. of Data Rows : 1012
v_det_early         =  3.24255e-01
v_fb_early          =  1.49401e-01
v_fb_v              =  2.46916e+00
v_sns1_v            =  7.80524e-01
v_sns2_v            =  7.80283e-01
v_vref_v            =  1.19704e+00
v_det_v             =  3.26775e-03
i_mkfb_v            =  2.46922e-09
Note: Simulation executed from .control section 
