Warning: m=xx on .subckt line will override multiplier m hierarchy!


Note: Compatibility modes selected: hs a


Circuit: * sg13g2-bandgap -- sg13cmos5l bandgap_top pex (post-layout) closed-loop

Doing analysis at TEMP = 125.000000 and TNOM = 27.000000

Using SPARSE 1.3 as Direct Linear Solver

Initial Transient Solution
--------------------------

Node                                   Voltage
----                                   -------
vdd                                          0
vss                                          0
sub!                                         0
sns1                              -2.23499e-19
fb                                           0
sns2                               4.57836e-18
e2                                 4.57779e-18
xr2.dt                                       0
vref                               1.49456e-19
e3                                 1.49405e-19
xr1.dt                                       0
tail                                         0
d1                                           0
d2                                           0
pn                                           0
det                                          0
xrpu.dt                                      0
fbx                                          0
vmkfb#branch                                 0
vsub#branch                                  0
vvss#branch                        3.63084e-26
vvdd#branch                       -6.36301e-26

 Reference value :  0.00000e+00 Reference value :  1.33900e-03
No. of Data Rows : 1011
v_det_early         =  3.11356e-01
v_fb_early          =  1.07401e-01
v_fb_v              =  2.58757e+00
v_sns1_v            =  6.40894e-01
v_sns2_v            =  6.40471e-01
v_vref_v            =  1.19115e+00
v_det_v             =  1.95827e-02
i_mkfb_v            =  2.61275e-09
Note: Simulation executed from .control section 
