Warning: m=xx on .subckt line will override multiplier m hierarchy!


Note: Compatibility modes selected: hs a


Circuit: * sg13g2-bandgap -- sg13cmos5l bandgap_top pex (post-layout) closed-loop

Doing analysis at TEMP = 27.000000 and TNOM = 27.000000

Using SPARSE 1.3 as Direct Linear Solver

Initial Transient Solution
--------------------------

Node                                   Voltage
----                                   -------
vdd                                          0
vss                                          0
sub!                                         0
sns1                               1.13982e-23
fb                                           0
sns2                               1.46088e-19
e2                                 1.46071e-19
xr2.dt                                       0
vref                               9.63997e-22
e3                                 9.63675e-22
xr1.dt                                       0
tail                                         0
d1                                           0
d2                                           0
pn                                           0
det                                          0
xrpu.dt                                      0
fbx                                          0
vmkfb#branch                                 0
vsub#branch                                  0
vvss#branch                        1.16946e-27
vvdd#branch                        -2.0508e-27

 Reference value :  0.00000e+00 Reference value :  1.36300e-03
No. of Data Rows : 1012
v_det_early         =  2.91835e-01
v_fb_early          =  1.41135e-01
v_fb_v              =  2.16683e+00
v_sns1_v            =  7.80506e-01
v_sns2_v            =  7.80230e-01
v_vref_v            =  1.19666e+00
v_det_v             =  3.76184e-03
i_mkfb_v            =  2.16694e-09
Note: Simulation executed from .control section 
