Warning: m=xx on .subckt line will override multiplier m hierarchy!


Note: Compatibility modes selected: hs a


Circuit: * sg13g2-bandgap -- sg13cmos5l bandgap_top pex (post-layout) closed-loop

Doing analysis at TEMP = 125.000000 and TNOM = 27.000000

Using SPARSE 1.3 as Direct Linear Solver

Initial Transient Solution
--------------------------

Node                                   Voltage
----                                   -------
vdd                                          0
vss                                          0
sub!                                         0
sns1                               1.64186e-19
fb                                           0
sns2                               7.45199e-18
e2                                 7.45099e-18
xr2.dt                                       0
vref                              -5.16697e-20
e3                                -5.16503e-20
xr1.dt                                       0
tail                                         0
d1                                           0
d2                                           0
pn                                           0
det                                          0
xrpu.dt                                      0
fbx                                          0
vmkfb#branch                                 0
vsub#branch                                  0
vvss#branch                        5.85154e-26
vvdd#branch                       -1.03623e-25

 Reference value :  0.00000e+00 Reference value :  1.37900e-03
No. of Data Rows : 1011
v_det_early         =  2.91462e-01
v_fb_early          =  1.28058e-01
v_fb_v              =  2.18746e+00
v_sns1_v            =  6.39178e-01
v_sns2_v            =  6.38734e-01
v_vref_v            =  1.18950e+00
v_det_v             =  2.18841e-02
i_mkfb_v            =  2.19995e-09
Note: Simulation executed from .control section 
