Warning: m=xx on .subckt line will override multiplier m hierarchy!


Note: Compatibility modes selected: hs a


Circuit: * sg13g2-bandgap -- sg13cmos5l bandgap_top pex (post-layout) closed-loop

Doing analysis at TEMP = -40.000000 and TNOM = 27.000000

Using SPARSE 1.3 as Direct Linear Solver

Initial Transient Solution
--------------------------

Node                                   Voltage
----                                   -------
vdd                                          0
vss                                          0
sub!                                         0
sns1                              -2.95681e-32
fb                                           0
sns2                              -5.10417e-26
e2                                -5.11176e-26
xr2.dt                                       0
vref                               6.96154e-33
e3                                 6.95901e-33
xr1.dt                                       0
tail                                         0
d1                                           0
d2                                           0
pn                                           0
det                                          0
xrpu.dt                                      0
fbx                                          0
vmkfb#branch                                 0
vsub#branch                                  0
vvss#branch                       -4.10883e-34
vvdd#branch                        7.14443e-34

 Reference value :  0.00000e+00 Reference value :  1.33500e-03
No. of Data Rows : 1013
v_det_early         =  3.21695e-01
v_fb_early          =  1.56156e-01
v_fb_v              =  2.41750e+00
v_sns1_v            =  8.69969e-01
v_sns2_v            =  8.69863e-01
v_vref_v            =  1.19515e+00
v_det_v             =  2.61217e-03
i_mkfb_v            =  2.41740e-09
Note: Simulation executed from .control section 
