Warning: m=xx on .subckt line will override multiplier m hierarchy!


Note: Compatibility modes selected: hs a


Circuit: * sg13g2-bandgap -- sg13cmos5l bandgap_top pex (post-layout) closed-loop

Doing analysis at TEMP = 27.000000 and TNOM = 27.000000

Using SPARSE 1.3 as Direct Linear Solver

Initial Transient Solution
--------------------------

Node                                   Voltage
----                                   -------
vdd                                          0
vss                                          0
sub!                                         0
sns1                               5.66819e-24
fb                                           0
sns2                               1.18315e-18
e2                                 1.18299e-18
xr2.dt                                       0
vref                               7.38076e-23
e3                                 7.37805e-23
xr1.dt                                       0
tail                                         0
d1                                           0
d2                                           0
pn                                           0
det                                          0
xrpu.dt                                      0
fbx                                          0
vmkfb#branch                                 0
vsub#branch                                  0
vvss#branch                        9.46182e-27
vvdd#branch                       -1.65607e-26

 Reference value :  0.00000e+00 Reference value :  1.26700e-03
No. of Data Rows : 1013
v_det_early         =  3.55128e-01
v_fb_early          =  1.71813e-01
v_fb_v              =  2.78129e+00
v_sns1_v            =  7.78065e-01
v_sns2_v            =  7.77876e-01
v_vref_v            =  1.19528e+00
v_det_v             =  7.00094e-03
i_mkfb_v            =  2.78131e-09
Note: Simulation executed from .control section 
