
Note: No compatibility mode selected!


Circuit: * klt sim -- generated corner deck, do not edit

Doing analysis at TEMP = -40.000000 and TNOM = 27.000000

Using SPARSE 1.3 as Direct Linear Solver
Note: Starting dynamic gmin stepping


The temperature limiting function received NaN.
Please check your power dissipation and improve your heat sink Rth!
    This message will be shown only once.

Note: Dynamic gmin stepping completed

No. of Data Rows : 1

  Measurements for AC Analysis


v(fb) = 2.845725e+00
v(sns1) = 7.817001e-01
v(sns2) = 7.814220e-01
v(vref) = 1.046082e+00
v(det) = 3.309725e-03
i(vmkfb) = 4.760081e-15
Doing analysis at TEMP = -40.000000 and TNOM = 27.000000

Using SPARSE 1.3 as Direct Linear Solver
Note: Starting dynamic gmin stepping
Note: Dynamic gmin stepping completed

No. of Data Rows : 271

  Measurements for AC Analysis

psrr_dc_lin         =  3.69298e-04
psrr_1khz_lin       =  3.69768e-04
psrr_100khz_lin     =  1.90006e-03
psrr_1mhz_lin       =  1.85609e-02

                * klt sim -- generated corner deck, do not edit
                AC Analysis  Sun Oct  4 02:01:16  2026
--------------------------------------------------------------------------------
Index   frequency       psrr_db         
--------------------------------------------------------------------------------
0	1.000000e+00	6.865246e+01	
1	1.079775e+00	6.865246e+01	
2	1.165914e+00	6.865246e+01	
3	1.258925e+00	6.865246e+01	
4	1.359356e+00	6.865246e+01	
5	1.467799e+00	6.865246e+01	
6	1.584893e+00	6.865246e+01	
7	1.711328e+00	6.865246e+01	
8	1.847850e+00	6.865246e+01	
9	1.995262e+00	6.865246e+01	
10	2.154435e+00	6.865246e+01	
11	2.326305e+00	6.865246e+01	
12	2.511886e+00	6.865246e+01	
13	2.712273e+00	6.865246e+01	
14	2.928645e+00	6.865246e+01	
15	3.162278e+00	6.865246e+01	
16	3.414549e+00	6.865246e+01	
17	3.686945e+00	6.865246e+01	
18	3.981072e+00	6.865246e+01	
19	4.298662e+00	6.865246e+01	
20	4.641589e+00	6.865246e+01	
21	5.011872e+00	6.865246e+01	
22	5.411695e+00	6.865246e+01	
23	5.843414e+00	6.865246e+01	
24	6.309573e+00	6.865246e+01	
25	6.812921e+00	6.865246e+01	
26	7.356423e+00	6.865246e+01	
27	7.943282e+00	6.865246e+01	
28	8.576959e+00	6.865246e+01	
29	9.261187e+00	6.865246e+01	
30	1.000000e+01	6.865246e+01	
31	1.079775e+01	6.865246e+01	
32	1.165914e+01	6.865246e+01	
33	1.258925e+01	6.865246e+01	
34	1.359356e+01	6.865246e+01	
35	1.467799e+01	6.865246e+01	
36	1.584893e+01	6.865246e+01	
37	1.711328e+01	6.865246e+01	
38	1.847850e+01	6.865246e+01	
39	1.995262e+01	6.865246e+01	
40	2.154435e+01	6.865246e+01	
41	2.326305e+01	6.865246e+01	
42	2.511886e+01	6.865246e+01	
43	2.712273e+01	6.865245e+01	
44	2.928645e+01	6.865245e+01	
45	3.162278e+01	6.865245e+01	
46	3.414549e+01	6.865245e+01	
47	3.686945e+01	6.865245e+01	
48	3.981072e+01	6.865245e+01	
49	4.298662e+01	6.865244e+01	
50	4.641589e+01	6.865244e+01	
51	5.011872e+01	6.865244e+01	
52	5.411695e+01	6.865243e+01	
53	5.843414e+01	6.865243e+01	
54	6.309573e+01	6.865242e+01	

Index   frequency       psrr_db         
--------------------------------------------------------------------------------
55	6.812921e+01	6.865241e+01	
56	7.356423e+01	6.865240e+01	
57	7.943282e+01	6.865239e+01	
58	8.576959e+01	6.865238e+01	
59	9.261187e+01	6.865237e+01	
60	1.000000e+02	6.865235e+01	
61	1.079775e+02	6.865233e+01	
62	1.165914e+02	6.865231e+01	
63	1.258925e+02	6.865229e+01	
64	1.359356e+02	6.865226e+01	
65	1.467799e+02	6.865222e+01	
66	1.584893e+02	6.865219e+01	
67	1.711328e+02	6.865214e+01	
68	1.847850e+02	6.865209e+01	
69	1.995262e+02	6.865202e+01	
70	2.154435e+02	6.865195e+01	
71	2.326305e+02	6.865186e+01	
72	2.511886e+02	6.865176e+01	
73	2.712273e+02	6.865165e+01	
74	2.928645e+02	6.865151e+01	
75	3.162278e+02	6.865136e+01	
76	3.414549e+02	6.865117e+01	
77	3.686945e+02	6.865096e+01	
78	3.981072e+02	6.865071e+01	
79	4.298662e+02	6.865042e+01	
80	4.641589e+02	6.865008e+01	
81	5.011872e+02	6.864968e+01	
82	5.411695e+02	6.864922e+01	
83	5.843414e+02	6.864869e+01	
84	6.309573e+02	6.864806e+01	
85	6.812921e+02	6.864733e+01	
86	7.356423e+02	6.864648e+01	
87	7.943282e+02	6.864549e+01	
88	8.576959e+02	6.864433e+01	
89	9.261187e+02	6.864298e+01	
90	1.000000e+03	6.864141e+01	
91	1.079775e+03	6.863958e+01	
92	1.165914e+03	6.863745e+01	
93	1.258925e+03	6.863496e+01	
94	1.359356e+03	6.863207e+01	
95	1.467799e+03	6.862869e+01	
96	1.584893e+03	6.862476e+01	
97	1.711328e+03	6.862018e+01	
98	1.847850e+03	6.861485e+01	
99	1.995262e+03	6.860864e+01	
100	2.154435e+03	6.860141e+01	
101	2.326305e+03	6.859300e+01	
102	2.511886e+03	6.858321e+01	
103	2.712273e+03	6.857183e+01	
104	2.928645e+03	6.855860e+01	
105	3.162278e+03	6.854322e+01	
106	3.414549e+03	6.852535e+01	
107	3.686945e+03	6.850462e+01	
108	3.981072e+03	6.848057e+01	
109	4.298662e+03	6.845270e+01	
110	4.641589e+03	6.842043e+01	
111	5.011872e+03	6.838310e+01	
112	5.411695e+03	6.833998e+01	

Index   frequency       psrr_db         
--------------------------------------------------------------------------------
113	5.843414e+03	6.829024e+01	
114	6.309573e+03	6.823296e+01	
115	6.812921e+03	6.816712e+01	
116	7.356423e+03	6.809159e+01	
117	7.943282e+03	6.800515e+01	
118	8.576959e+03	6.790651e+01	
119	9.261187e+03	6.779425e+01	
120	1.000000e+04	6.766693e+01	
121	1.079775e+04	6.752305e+01	
122	1.165914e+04	6.736111e+01	
123	1.258925e+04	6.717962e+01	
124	1.359356e+04	6.697717e+01	
125	1.467799e+04	6.675246e+01	
126	1.584893e+04	6.650436e+01	
127	1.711328e+04	6.623193e+01	
128	1.847850e+04	6.593448e+01	
129	1.995262e+04	6.561159e+01	
130	2.154435e+04	6.526315e+01	
131	2.326305e+04	6.488932e+01	
132	2.511886e+04	6.449058e+01	
133	2.712273e+04	6.406767e+01	
134	2.928645e+04	6.362155e+01	
135	3.162278e+04	6.315341e+01	
136	3.414549e+04	6.266456e+01	
137	3.686945e+04	6.215643e+01	
138	3.981072e+04	6.163051e+01	
139	4.298662e+04	6.108830e+01	
140	4.641589e+04	6.053131e+01	
141	5.011872e+04	5.996097e+01	
142	5.411695e+04	5.937866e+01	
143	5.843414e+04	5.878568e+01	
144	6.309573e+04	5.818324e+01	
145	6.812921e+04	5.757242e+01	
146	7.356423e+04	5.695425e+01	
147	7.943282e+04	5.632962e+01	
148	8.576959e+04	5.569934e+01	
149	9.261187e+04	5.506414e+01	
150	1.000000e+05	5.442467e+01	
151	1.079775e+05	5.378147e+01	
152	1.165914e+05	5.313506e+01	
153	1.258925e+05	5.248586e+01	
154	1.359356e+05	5.183425e+01	
155	1.467799e+05	5.118058e+01	
156	1.584893e+05	5.052513e+01	
157	1.711328e+05	4.986814e+01	
158	1.847850e+05	4.920984e+01	
159	1.995262e+05	4.855043e+01	
160	2.154435e+05	4.789005e+01	
161	2.326305e+05	4.722887e+01	
162	2.511886e+05	4.656700e+01	
163	2.712273e+05	4.590456e+01	
164	2.928645e+05	4.524165e+01	
165	3.162278e+05	4.457835e+01	
166	3.414549e+05	4.391473e+01	
167	3.686945e+05	4.325089e+01	
168	3.981072e+05	4.258687e+01	
169	4.298662e+05	4.192274e+01	
170	4.641589e+05	4.125856e+01	

Index   frequency       psrr_db         
--------------------------------------------------------------------------------
171	5.011872e+05	4.059440e+01	
172	5.411695e+05	3.993029e+01	
173	5.843414e+05	3.926632e+01	
174	6.309573e+05	3.860253e+01	
175	6.812921e+05	3.793900e+01	
176	7.356423e+05	3.727580e+01	
177	7.943282e+05	3.661301e+01	
178	8.576959e+05	3.595072e+01	
179	9.261187e+05	3.528902e+01	
180	1.000000e+06	3.462803e+01	
181	1.079775e+06	3.396788e+01	
182	1.165914e+06	3.330871e+01	
183	1.258925e+06	3.265069e+01	
184	1.359356e+06	3.199400e+01	
185	1.467799e+06	3.133886e+01	
186	1.584893e+06	3.068550e+01	
187	1.711328e+06	3.003421e+01	
188	1.847850e+06	2.938528e+01	
189	1.995262e+06	2.873908e+01	
190	2.154435e+06	2.809597e+01	
191	2.326305e+06	2.745639e+01	
192	2.511886e+06	2.682082e+01	
193	2.712273e+06	2.618974e+01	
194	2.928645e+06	2.556371e+01	
195	3.162278e+06	2.494330e+01	
196	3.414549e+06	2.432908e+01	
197	3.686945e+06	2.372164e+01	
198	3.981072e+06	2.312153e+01	
199	4.298662e+06	2.252925e+01	
200	4.641589e+06	2.194519e+01	
201	5.011872e+06	2.136960e+01	
202	5.411695e+06	2.080252e+01	
203	5.843414e+06	2.024371e+01	
204	6.309573e+06	1.969261e+01	
205	6.812921e+06	1.914822e+01	
206	7.356423e+06	1.860903e+01	
207	7.943282e+06	1.807299e+01	
208	8.576959e+06	1.753738e+01	
209	9.261187e+06	1.699876e+01	
210	1.000000e+07	1.645296e+01	
211	1.079775e+07	1.589500e+01	
212	1.165914e+07	1.531909e+01	
213	1.258925e+07	1.471864e+01	
214	1.359356e+07	1.408630e+01	
215	1.467799e+07	1.341412e+01	
216	1.584893e+07	1.269384e+01	
217	1.711328e+07	1.191760e+01	
218	1.847850e+07	1.107941e+01	
219	1.995262e+07	1.017826e+01	
220	2.154435e+07	9.224520e+00	
221	2.326305e+07	8.251916e+00	
222	2.511886e+07	7.336902e+00	
223	2.712273e+07	6.617076e+00	
224	2.928645e+07	6.274311e+00	
225	3.162278e+07	6.441521e+00	
226	3.414549e+07	7.094719e+00	
227	3.686945e+07	8.073918e+00	
228	3.981072e+07	9.201791e+00	

Index   frequency       psrr_db         
--------------------------------------------------------------------------------
229	4.298662e+07	1.035600e+01	
230	4.641589e+07	1.147157e+01	
231	5.011872e+07	1.252019e+01	
232	5.411695e+07	1.349264e+01	
233	5.843414e+07	1.438864e+01	
234	6.309573e+07	1.521156e+01	
235	6.812921e+07	1.596600e+01	
236	7.356423e+07	1.665665e+01	
237	7.943282e+07	1.728790e+01	
238	8.576959e+07	1.786370e+01	
239	9.261187e+07	1.838760e+01	
240	1.000000e+08	1.886290e+01	
241	1.079775e+08	1.929273e+01	
242	1.165914e+08	1.968025e+01	
243	1.258925e+08	2.002873e+01	
244	1.359356e+08	2.034165e+01	
245	1.467799e+08	2.062275e+01	
246	1.584893e+08	2.087597e+01	
247	1.711328e+08	2.110532e+01	
248	1.847850e+08	2.131476e+01	
249	1.995262e+08	2.150791e+01	
250	2.154435e+08	2.168791e+01	
251	2.326305e+08	2.185727e+01	
252	2.511886e+08	2.201780e+01	
253	2.712273e+08	2.217064e+01	
254	2.928645e+08	2.231637e+01	
255	3.162278e+08	2.245512e+01	
256	3.414549e+08	2.258675e+01	
257	3.686945e+08	2.271092e+01	
258	3.981072e+08	2.282726e+01	
259	4.298662e+08	2.293541e+01	
260	4.641589e+08	2.303501e+01	
261	5.011872e+08	2.312578e+01	
262	5.411695e+08	2.320746e+01	
263	5.843414e+08	2.327981e+01	
264	6.309573e+08	2.334258e+01	
265	6.812921e+08	2.339552e+01	
266	7.356423e+08	2.343831e+01	
267	7.943282e+08	2.347066e+01	
268	8.576959e+08	2.349221e+01	
269	9.261187e+08	2.350265e+01	
270	1.000000e+09	2.350172e+01	
Doing analysis at TEMP = -40.000000 and TNOM = 27.000000

Using SPARSE 1.3 as Direct Linear Solver
Note: Starting dynamic gmin stepping
Note: Dynamic gmin stepping completed

No. of Data Rows : 271

  Measurements for AC Analysis

psrr_dc_lin         =  3.69298e-04
psrr_1khz_lin       =  3.69768e-04
psrr_100khz_lin     =  1.90006e-03
psrr_1mhz_lin       =  1.85609e-02

ngspice-46 done
