
Note: No compatibility mode selected!


Circuit: * klt sim -- generated corner deck, do not edit

Doing analysis at TEMP = 27.000000 and TNOM = 27.000000

Using SPARSE 1.3 as Direct Linear Solver
Note: Starting dynamic gmin stepping


The temperature limiting function received NaN.
Please check your power dissipation and improve your heat sink Rth!
    This message will be shown only once.

Note: Dynamic gmin stepping completed

No. of Data Rows : 1

  Measurements for AC Analysis


v(fb) = 2.497221e+00
v(sns1) = 7.080066e-01
v(sns2) = 7.075716e-01
v(vref) = 1.046148e+00
v(det) = 8.568369e-03
i(vmkfb) = 9.700574e-14
Doing analysis at TEMP = 27.000000 and TNOM = 27.000000

Using SPARSE 1.3 as Direct Linear Solver
Note: Starting dynamic gmin stepping
Note: Dynamic gmin stepping completed

No. of Data Rows : 271

  Measurements for AC Analysis

psrr_dc_lin         =  5.22040e-04
psrr_1khz_lin       =  5.22452e-04
psrr_100khz_lin     =  2.13804e-03
psrr_1mhz_lin       =  2.06285e-02

                * klt sim -- generated corner deck, do not edit
                AC Analysis  Sun Oct  4 01:53:28  2026
--------------------------------------------------------------------------------
Index   frequency       psrr_db         
--------------------------------------------------------------------------------
0	1.000000e+00	6.564592e+01	
1	1.079775e+00	6.564592e+01	
2	1.165914e+00	6.564592e+01	
3	1.258925e+00	6.564592e+01	
4	1.359356e+00	6.564592e+01	
5	1.467799e+00	6.564592e+01	
6	1.584893e+00	6.564592e+01	
7	1.711328e+00	6.564592e+01	
8	1.847850e+00	6.564592e+01	
9	1.995262e+00	6.564592e+01	
10	2.154435e+00	6.564592e+01	
11	2.326305e+00	6.564592e+01	
12	2.511886e+00	6.564592e+01	
13	2.712273e+00	6.564592e+01	
14	2.928645e+00	6.564592e+01	
15	3.162278e+00	6.564592e+01	
16	3.414549e+00	6.564592e+01	
17	3.686945e+00	6.564592e+01	
18	3.981072e+00	6.564592e+01	
19	4.298662e+00	6.564592e+01	
20	4.641589e+00	6.564592e+01	
21	5.011872e+00	6.564592e+01	
22	5.411695e+00	6.564592e+01	
23	5.843414e+00	6.564592e+01	
24	6.309573e+00	6.564592e+01	
25	6.812921e+00	6.564592e+01	
26	7.356423e+00	6.564592e+01	
27	7.943282e+00	6.564592e+01	
28	8.576959e+00	6.564592e+01	
29	9.261187e+00	6.564592e+01	
30	1.000000e+01	6.564592e+01	
31	1.079775e+01	6.564592e+01	
32	1.165914e+01	6.564592e+01	
33	1.258925e+01	6.564592e+01	
34	1.359356e+01	6.564592e+01	
35	1.467799e+01	6.564592e+01	
36	1.584893e+01	6.564592e+01	
37	1.711328e+01	6.564592e+01	
38	1.847850e+01	6.564592e+01	
39	1.995262e+01	6.564592e+01	
40	2.154435e+01	6.564592e+01	
41	2.326305e+01	6.564592e+01	
42	2.511886e+01	6.564592e+01	
43	2.712273e+01	6.564592e+01	
44	2.928645e+01	6.564592e+01	
45	3.162278e+01	6.564591e+01	
46	3.414549e+01	6.564591e+01	
47	3.686945e+01	6.564591e+01	
48	3.981072e+01	6.564591e+01	
49	4.298662e+01	6.564591e+01	
50	4.641589e+01	6.564591e+01	
51	5.011872e+01	6.564590e+01	
52	5.411695e+01	6.564590e+01	
53	5.843414e+01	6.564590e+01	
54	6.309573e+01	6.564589e+01	

Index   frequency       psrr_db         
--------------------------------------------------------------------------------
55	6.812921e+01	6.564589e+01	
56	7.356423e+01	6.564588e+01	
57	7.943282e+01	6.564588e+01	
58	8.576959e+01	6.564587e+01	
59	9.261187e+01	6.564586e+01	
60	1.000000e+02	6.564585e+01	
61	1.079775e+02	6.564584e+01	
62	1.165914e+02	6.564583e+01	
63	1.258925e+02	6.564581e+01	
64	1.359356e+02	6.564579e+01	
65	1.467799e+02	6.564577e+01	
66	1.584893e+02	6.564575e+01	
67	1.711328e+02	6.564572e+01	
68	1.847850e+02	6.564569e+01	
69	1.995262e+02	6.564565e+01	
70	2.154435e+02	6.564560e+01	
71	2.326305e+02	6.564555e+01	
72	2.511886e+02	6.564549e+01	
73	2.712273e+02	6.564542e+01	
74	2.928645e+02	6.564533e+01	
75	3.162278e+02	6.564524e+01	
76	3.414549e+02	6.564512e+01	
77	3.686945e+02	6.564499e+01	
78	3.981072e+02	6.564484e+01	
79	4.298662e+02	6.564466e+01	
80	4.641589e+02	6.564445e+01	
81	5.011872e+02	6.564420e+01	
82	5.411695e+02	6.564391e+01	
83	5.843414e+02	6.564358e+01	
84	6.309573e+02	6.564319e+01	
85	6.812921e+02	6.564274e+01	
86	7.356423e+02	6.564221e+01	
87	7.943282e+02	6.564160e+01	
88	8.576959e+02	6.564088e+01	
89	9.261187e+02	6.564005e+01	
90	1.000000e+03	6.563908e+01	
91	1.079775e+03	6.563794e+01	
92	1.165914e+03	6.563662e+01	
93	1.258925e+03	6.563508e+01	
94	1.359356e+03	6.563328e+01	
95	1.467799e+03	6.563119e+01	
96	1.584893e+03	6.562875e+01	
97	1.711328e+03	6.562590e+01	
98	1.847850e+03	6.562259e+01	
99	1.995262e+03	6.561873e+01	
100	2.154435e+03	6.561424e+01	
101	2.326305e+03	6.560900e+01	
102	2.511886e+03	6.560291e+01	
103	2.712273e+03	6.559581e+01	
104	2.928645e+03	6.558755e+01	
105	3.162278e+03	6.557794e+01	
106	3.414549e+03	6.556677e+01	
107	3.686945e+03	6.555377e+01	
108	3.981072e+03	6.553867e+01	
109	4.298662e+03	6.552113e+01	
110	4.641589e+03	6.550077e+01	
111	5.011872e+03	6.547715e+01	
112	5.411695e+03	6.544977e+01	

Index   frequency       psrr_db         
--------------------------------------------------------------------------------
113	5.843414e+03	6.541807e+01	
114	6.309573e+03	6.538139e+01	
115	6.812921e+03	6.533902e+01	
116	7.356423e+03	6.529014e+01	
117	7.943282e+03	6.523383e+01	
118	8.576959e+03	6.516909e+01	
119	9.261187e+03	6.509480e+01	
120	1.000000e+04	6.500976e+01	
121	1.079775e+04	6.491267e+01	
122	1.165914e+04	6.480215e+01	
123	1.258925e+04	6.467675e+01	
124	1.359356e+04	6.453497e+01	
125	1.467799e+04	6.437530e+01	
126	1.584893e+04	6.419627e+01	
127	1.711328e+04	6.399644e+01	
128	1.847850e+04	6.377451e+01	
129	1.995262e+04	6.352932e+01	
130	2.154435e+04	6.325989e+01	
131	2.326305e+04	6.296551e+01	
132	2.511886e+04	6.264574e+01	
133	2.712273e+04	6.230040e+01	
134	2.928645e+04	6.192965e+01	
135	3.162278e+04	6.153391e+01	
136	3.414549e+04	6.111390e+01	
137	3.686945e+04	6.067055e+01	
138	3.981072e+04	6.020503e+01	
139	4.298662e+04	5.971863e+01	
140	4.641589e+04	5.921277e+01	
141	5.011872e+04	5.868895e+01	
142	5.411695e+04	5.814865e+01	
143	5.843414e+04	5.759339e+01	
144	6.309573e+04	5.702462e+01	
145	6.812921e+04	5.644371e+01	
146	7.356423e+04	5.585198e+01	
147	7.943282e+04	5.525065e+01	
148	8.576959e+04	5.464082e+01	
149	9.261187e+04	5.402352e+01	
150	1.000000e+05	5.339967e+01	
151	1.079775e+05	5.277008e+01	
152	1.165914e+05	5.213549e+01	
153	1.258925e+05	5.149656e+01	
154	1.359356e+05	5.085385e+01	
155	1.467799e+05	5.020787e+01	
156	1.584893e+05	4.955908e+01	
157	1.711328e+05	4.890785e+01	
158	1.847850e+05	4.825453e+01	
159	1.995262e+05	4.759941e+01	
160	2.154435e+05	4.694276e+01	
161	2.326305e+05	4.628479e+01	
162	2.511886e+05	4.562572e+01	
163	2.712273e+05	4.496570e+01	
164	2.928645e+05	4.430490e+01	
165	3.162278e+05	4.364345e+01	
166	3.414549e+05	4.298147e+01	
167	3.686945e+05	4.231907e+01	
168	3.981072e+05	4.165635e+01	
169	4.298662e+05	4.099340e+01	
170	4.641589e+05	4.033030e+01	

Index   frequency       psrr_db         
--------------------------------------------------------------------------------
171	5.011872e+05	3.966715e+01	
172	5.411695e+05	3.900402e+01	
173	5.843414e+05	3.834100e+01	
174	6.309573e+05	3.767817e+01	
175	6.812921e+05	3.701561e+01	
176	7.356423e+05	3.635343e+01	
177	7.943282e+05	3.569172e+01	
178	8.576959e+05	3.503061e+01	
179	9.261187e+05	3.437020e+01	
180	1.000000e+06	3.371066e+01	
181	1.079775e+06	3.305212e+01	
182	1.165914e+06	3.239478e+01	
183	1.258925e+06	3.173883e+01	
184	1.359356e+06	3.108450e+01	
185	1.467799e+06	3.043205e+01	
186	1.584893e+06	2.978177e+01	
187	1.711328e+06	2.913399e+01	
188	1.847850e+06	2.848907e+01	
189	1.995262e+06	2.784742e+01	
190	2.154435e+06	2.720949e+01	
191	2.326305e+06	2.657576e+01	
192	2.511886e+06	2.594678e+01	
193	2.712273e+06	2.532309e+01	
194	2.928645e+06	2.470529e+01	
195	3.162278e+06	2.409398e+01	
196	3.414549e+06	2.348974e+01	
197	3.686945e+06	2.289315e+01	
198	3.981072e+06	2.230468e+01	
199	4.298662e+06	2.172472e+01	
200	4.641589e+06	2.115349e+01	
201	5.011872e+06	2.059099e+01	
202	5.411695e+06	2.003693e+01	
203	5.843414e+06	1.949065e+01	
204	6.309573e+06	1.895109e+01	
205	6.812921e+06	1.841664e+01	
206	7.356423e+06	1.788514e+01	
207	7.943282e+06	1.735375e+01	
208	8.576959e+06	1.681896e+01	
209	9.261187e+06	1.627650e+01	
210	1.000000e+07	1.572135e+01	
211	1.079775e+07	1.514770e+01	
212	1.165914e+07	1.454897e+01	
213	1.258925e+07	1.391790e+01	
214	1.359356e+07	1.324667e+01	
215	1.467799e+07	1.252720e+01	
216	1.584893e+07	1.175186e+01	
217	1.711328e+07	1.091488e+01	
218	1.847850e+07	1.001536e+01	
219	1.995262e+07	9.063363e+00	
220	2.154435e+07	8.091401e+00	
221	2.326305e+07	7.172872e+00	
222	2.511886e+07	6.440096e+00	
223	2.712273e+07	6.070139e+00	
224	2.928645e+07	6.198107e+00	
225	3.162278e+07	6.810317e+00	
226	3.414549e+07	7.755916e+00	
227	3.686945e+07	8.859754e+00	
228	3.981072e+07	9.997505e+00	

Index   frequency       psrr_db         
--------------------------------------------------------------------------------
229	4.298662e+07	1.110162e+01	
230	4.641589e+07	1.214188e+01	
231	5.011872e+07	1.310797e+01	
232	5.411695e+07	1.399894e+01	
233	5.843414e+07	1.481786e+01	
234	6.309573e+07	1.556917e+01	
235	6.812921e+07	1.625753e+01	
236	7.356423e+07	1.688730e+01	
237	7.943282e+07	1.746245e+01	
238	8.576959e+07	1.798655e+01	
239	9.261187e+07	1.846282e+01	
240	1.000000e+08	1.889431e+01	
241	1.079775e+08	1.928400e+01	
242	1.165914e+08	1.963490e+01	
243	1.258925e+08	1.995020e+01	
244	1.359356e+08	2.023326e+01	
245	1.467799e+08	2.048765e+01	
246	1.584893e+08	2.071702e+01	
247	1.711328e+08	2.092504e+01	
248	1.847850e+08	2.111515e+01	
249	1.995262e+08	2.129042e+01	
250	2.154435e+08	2.145337e+01	
251	2.326305e+08	2.160591e+01	
252	2.511886e+08	2.174934e+01	
253	2.712273e+08	2.188434e+01	
254	2.928645e+08	2.201117e+01	
255	3.162278e+08	2.212969e+01	
256	3.414549e+08	2.223957e+01	
257	3.686945e+08	2.234033e+01	
258	3.981072e+08	2.243143e+01	
259	4.298662e+08	2.251231e+01	
260	4.641589e+08	2.258243e+01	
261	5.011872e+08	2.264125e+01	
262	5.411695e+08	2.268827e+01	
263	5.843414e+08	2.272298e+01	
264	6.309573e+08	2.274489e+01	
265	6.812921e+08	2.275355e+01	
266	7.356423e+08	2.274856e+01	
267	7.943282e+08	2.272959e+01	
268	8.576959e+08	2.269645e+01	
269	9.261187e+08	2.264911e+01	
270	1.000000e+09	2.258777e+01	
Doing analysis at TEMP = 27.000000 and TNOM = 27.000000

Using SPARSE 1.3 as Direct Linear Solver
Note: Starting dynamic gmin stepping
Note: Dynamic gmin stepping completed

No. of Data Rows : 271

  Measurements for AC Analysis

psrr_dc_lin         =  5.22040e-04
psrr_1khz_lin       =  5.22452e-04
psrr_100khz_lin     =  2.13804e-03
psrr_1mhz_lin       =  2.06285e-02

ngspice-46 done
