
Note: No compatibility mode selected!


Circuit: * klt sim -- generated corner deck, do not edit

Doing analysis at TEMP = -40.000000 and TNOM = 27.000000

Using SPARSE 1.3 as Direct Linear Solver
Note: Starting dynamic gmin stepping
Note: Dynamic gmin stepping completed

No. of Data Rows : 1

  Measurements for AC Analysis


v(fb) = 2.797917e+00
v(sns1) = 7.843987e-01
v(sns2) = 7.841230e-01
v(vref) = 1.046468e+00
v(det) = 4.343305e-03
i(vmkfb) = 3.275158e-15
Doing analysis at TEMP = -40.000000 and TNOM = 27.000000

Using SPARSE 1.3 as Direct Linear Solver
Note: Starting dynamic gmin stepping
Note: Dynamic gmin stepping completed

No. of Data Rows : 271

  Measurements for AC Analysis

psrr_dc_lin         =  3.69204e-04
psrr_1khz_lin       =  3.69743e-04
psrr_100khz_lin     =  2.02841e-03
psrr_1mhz_lin       =  1.98424e-02

                * klt sim -- generated corner deck, do not edit
                AC Analysis  Sun Oct  4 01:55:47  2026
--------------------------------------------------------------------------------
Index   frequency       psrr_db         
--------------------------------------------------------------------------------
0	1.000000e+00	6.865467e+01	
1	1.079775e+00	6.865467e+01	
2	1.165914e+00	6.865467e+01	
3	1.258925e+00	6.865467e+01	
4	1.359356e+00	6.865467e+01	
5	1.467799e+00	6.865467e+01	
6	1.584893e+00	6.865467e+01	
7	1.711328e+00	6.865467e+01	
8	1.847850e+00	6.865467e+01	
9	1.995262e+00	6.865467e+01	
10	2.154435e+00	6.865467e+01	
11	2.326305e+00	6.865467e+01	
12	2.511886e+00	6.865467e+01	
13	2.712273e+00	6.865467e+01	
14	2.928645e+00	6.865467e+01	
15	3.162278e+00	6.865467e+01	
16	3.414549e+00	6.865467e+01	
17	3.686945e+00	6.865467e+01	
18	3.981072e+00	6.865467e+01	
19	4.298662e+00	6.865467e+01	
20	4.641589e+00	6.865467e+01	
21	5.011872e+00	6.865467e+01	
22	5.411695e+00	6.865467e+01	
23	5.843414e+00	6.865467e+01	
24	6.309573e+00	6.865467e+01	
25	6.812921e+00	6.865467e+01	
26	7.356423e+00	6.865467e+01	
27	7.943282e+00	6.865467e+01	
28	8.576959e+00	6.865467e+01	
29	9.261187e+00	6.865467e+01	
30	1.000000e+01	6.865467e+01	
31	1.079775e+01	6.865467e+01	
32	1.165914e+01	6.865467e+01	
33	1.258925e+01	6.865467e+01	
34	1.359356e+01	6.865467e+01	
35	1.467799e+01	6.865467e+01	
36	1.584893e+01	6.865467e+01	
37	1.711328e+01	6.865467e+01	
38	1.847850e+01	6.865466e+01	
39	1.995262e+01	6.865466e+01	
40	2.154435e+01	6.865466e+01	
41	2.326305e+01	6.865466e+01	
42	2.511886e+01	6.865466e+01	
43	2.712273e+01	6.865466e+01	
44	2.928645e+01	6.865466e+01	
45	3.162278e+01	6.865466e+01	
46	3.414549e+01	6.865465e+01	
47	3.686945e+01	6.865465e+01	
48	3.981072e+01	6.865465e+01	
49	4.298662e+01	6.865465e+01	
50	4.641589e+01	6.865464e+01	
51	5.011872e+01	6.865464e+01	
52	5.411695e+01	6.865463e+01	
53	5.843414e+01	6.865463e+01	
54	6.309573e+01	6.865462e+01	

Index   frequency       psrr_db         
--------------------------------------------------------------------------------
55	6.812921e+01	6.865461e+01	
56	7.356423e+01	6.865460e+01	
57	7.943282e+01	6.865459e+01	
58	8.576959e+01	6.865458e+01	
59	9.261187e+01	6.865456e+01	
60	1.000000e+02	6.865454e+01	
61	1.079775e+02	6.865452e+01	
62	1.165914e+02	6.865450e+01	
63	1.258925e+02	6.865447e+01	
64	1.359356e+02	6.865444e+01	
65	1.467799e+02	6.865440e+01	
66	1.584893e+02	6.865435e+01	
67	1.711328e+02	6.865430e+01	
68	1.847850e+02	6.865424e+01	
69	1.995262e+02	6.865416e+01	
70	2.154435e+02	6.865408e+01	
71	2.326305e+02	6.865398e+01	
72	2.511886e+02	6.865387e+01	
73	2.712273e+02	6.865374e+01	
74	2.928645e+02	6.865358e+01	
75	3.162278e+02	6.865340e+01	
76	3.414549e+02	6.865319e+01	
77	3.686945e+02	6.865295e+01	
78	3.981072e+02	6.865266e+01	
79	4.298662e+02	6.865233e+01	
80	4.641589e+02	6.865194e+01	
81	5.011872e+02	6.865149e+01	
82	5.411695e+02	6.865096e+01	
83	5.843414e+02	6.865034e+01	
84	6.309573e+02	6.864963e+01	
85	6.812921e+02	6.864879e+01	
86	7.356423e+02	6.864781e+01	
87	7.943282e+02	6.864668e+01	
88	8.576959e+02	6.864535e+01	
89	9.261187e+02	6.864381e+01	
90	1.000000e+03	6.864201e+01	
91	1.079775e+03	6.863992e+01	
92	1.165914e+03	6.863747e+01	
93	1.258925e+03	6.863463e+01	
94	1.359356e+03	6.863131e+01	
95	1.467799e+03	6.862745e+01	
96	1.584893e+03	6.862295e+01	
97	1.711328e+03	6.861770e+01	
98	1.847850e+03	6.861160e+01	
99	1.995262e+03	6.860450e+01	
100	2.154435e+03	6.859623e+01	
101	2.326305e+03	6.858661e+01	
102	2.511886e+03	6.857542e+01	
103	2.712273e+03	6.856241e+01	
104	2.928645e+03	6.854729e+01	
105	3.162278e+03	6.852972e+01	
106	3.414549e+03	6.850934e+01	
107	3.686945e+03	6.848569e+01	
108	3.981072e+03	6.845828e+01	
109	4.298662e+03	6.842654e+01	
110	4.641589e+03	6.838982e+01	
111	5.011872e+03	6.834740e+01	
112	5.411695e+03	6.829845e+01	

Index   frequency       psrr_db         
--------------------------------------------------------------------------------
113	5.843414e+03	6.824208e+01	
114	6.309573e+03	6.817726e+01	
115	6.812921e+03	6.810289e+01	
116	7.356423e+03	6.801776e+01	
117	7.943282e+03	6.792057e+01	
118	8.576959e+03	6.780993e+01	
119	9.261187e+03	6.768439e+01	
120	1.000000e+04	6.754247e+01	
121	1.079775e+04	6.738265e+01	
122	1.165914e+04	6.720345e+01	
123	1.258925e+04	6.700345e+01	
124	1.359356e+04	6.678133e+01	
125	1.467799e+04	6.653594e+01	
126	1.584893e+04	6.626631e+01	
127	1.711328e+04	6.597172e+01	
128	1.847850e+04	6.565173e+01	
129	1.995262e+04	6.530619e+01	
130	2.154435e+04	6.493522e+01	
131	2.326305e+04	6.453928e+01	
132	2.511886e+04	6.411907e+01	
133	2.712273e+04	6.367553e+01	
134	2.928645e+04	6.320982e+01	
135	3.162278e+04	6.272325e+01	
136	3.414549e+04	6.221723e+01	
137	3.686945e+04	6.169326e+01	
138	3.981072e+04	6.115283e+01	
139	4.298662e+04	6.059744e+01	
140	4.641589e+04	6.002854e+01	
141	5.011872e+04	5.944753e+01	
142	5.411695e+04	5.885570e+01	
143	5.843414e+04	5.825427e+01	
144	6.309573e+04	5.764436e+01	
145	6.812921e+04	5.702697e+01	
146	7.356423e+04	5.640303e+01	
147	7.943282e+04	5.577336e+01	
148	8.576959e+04	5.513870e+01	
149	9.261187e+04	5.449968e+01	
150	1.000000e+05	5.385688e+01	
151	1.079775e+05	5.321081e+01	
152	1.165914e+05	5.256192e+01	
153	1.258925e+05	5.191058e+01	
154	1.359356e+05	5.125713e+01	
155	1.467799e+05	5.060188e+01	
156	1.584893e+05	4.994506e+01	
157	1.711328e+05	4.928692e+01	
158	1.847850e+05	4.862764e+01	
159	1.995262e+05	4.796738e+01	
160	2.154435e+05	4.730630e+01	
161	2.326305e+05	4.664453e+01	
162	2.511886e+05	4.598218e+01	
163	2.712273e+05	4.531935e+01	
164	2.928645e+05	4.465613e+01	
165	3.162278e+05	4.399259e+01	
166	3.414549e+05	4.332882e+01	
167	3.686945e+05	4.266488e+01	
168	3.981072e+05	4.200084e+01	
169	4.298662e+05	4.133675e+01	
170	4.641589e+05	4.067267e+01	

Index   frequency       psrr_db         
--------------------------------------------------------------------------------
171	5.011872e+05	4.000867e+01	
172	5.411695e+05	3.934481e+01	
173	5.843414e+05	3.868116e+01	
174	6.309573e+05	3.801777e+01	
175	6.812921e+05	3.735474e+01	
176	7.356423e+05	3.669214e+01	
177	7.943282e+05	3.603007e+01	
178	8.576959e+05	3.536863e+01	
179	9.261187e+05	3.470793e+01	
180	1.000000e+06	3.404812e+01	
181	1.079775e+06	3.338934e+01	
182	1.165914e+06	3.273178e+01	
183	1.258925e+06	3.207561e+01	
184	1.359356e+06	3.142107e+01	
185	1.467799e+06	3.076841e+01	
186	1.584893e+06	3.011792e+01	
187	1.711328e+06	2.946993e+01	
188	1.847850e+06	2.882478e+01	
189	1.995262e+06	2.818289e+01	
190	2.154435e+06	2.754470e+01	
191	2.326305e+06	2.691071e+01	
192	2.511886e+06	2.628142e+01	
193	2.712273e+06	2.565742e+01	
194	2.928645e+06	2.503928e+01	
195	3.162278e+06	2.442762e+01	
196	3.414549e+06	2.382301e+01	
197	3.686945e+06	2.322603e+01	
198	3.981072e+06	2.263717e+01	
199	4.298662e+06	2.205683e+01	
200	4.641589e+06	2.148524e+01	
201	5.011872e+06	2.092242e+01	
202	5.411695e+06	2.036809e+01	
203	5.843414e+06	1.982165e+01	
204	6.309573e+06	1.928203e+01	
205	6.812921e+06	1.874767e+01	
206	7.356423e+06	1.821642e+01	
207	7.943282e+06	1.768549e+01	
208	8.576959e+06	1.715135e+01	
209	9.261187e+06	1.660975e+01	
210	1.000000e+07	1.605562e+01	
211	1.079775e+07	1.548307e+01	
212	1.165914e+07	1.488540e+01	
213	1.258925e+07	1.425509e+01	
214	1.359356e+07	1.358392e+01	
215	1.467799e+07	1.286316e+01	
216	1.584893e+07	1.208406e+01	
217	1.711328e+07	1.123903e+01	
218	1.847850e+07	1.032416e+01	
219	1.995262e+07	9.344643e+00	
220	2.154435e+07	8.325752e+00	
221	2.326305e+07	7.332418e+00	
222	2.511886e+07	6.493946e+00	
223	2.712273e+07	6.003933e+00	
224	2.928645e+07	6.037496e+00	
225	3.162278e+07	6.612817e+00	
226	3.414549e+07	7.573388e+00	
227	3.686945e+07	8.718312e+00	
228	3.981072e+07	9.903025e+00	

Index   frequency       psrr_db         
--------------------------------------------------------------------------------
229	4.298662e+07	1.105051e+01	
230	4.641589e+07	1.212767e+01	
231	5.011872e+07	1.312411e+01	
232	5.411695e+07	1.403972e+01	
233	5.843414e+07	1.487850e+01	
234	6.309573e+07	1.564576e+01	
235	6.812921e+07	1.634681e+01	
236	7.356423e+07	1.698656e+01	
237	7.943282e+07	1.756936e+01	
238	8.576959e+07	1.809907e+01	
239	9.261187e+07	1.857916e+01	
240	1.000000e+08	1.901288e+01	
241	1.079775e+08	1.940338e+01	
242	1.165914e+08	1.975388e+01	
243	1.258925e+08	2.006777e+01	
244	1.359356e+08	2.034866e+01	
245	1.467799e+08	2.060038e+01	
246	1.584893e+08	2.082689e+01	
247	1.711328e+08	2.103211e+01	
248	1.847850e+08	2.121974e+01	
249	1.995262e+08	2.139305e+01	
250	2.154435e+08	2.155471e+01	
251	2.326305e+08	2.170674e+01	
252	2.511886e+08	2.185045e+01	
253	2.712273e+08	2.198658e+01	
254	2.928645e+08	2.211538e+01	
255	3.162278e+08	2.223675e+01	
256	3.414549e+08	2.235039e+01	
257	3.686945e+08	2.245586e+01	
258	3.981072e+08	2.255272e+01	
259	4.298662e+08	2.264049e+01	
260	4.641589e+08	2.271873e+01	
261	5.011872e+08	2.278702e+01	
262	5.411695e+08	2.284493e+01	
263	5.843414e+08	2.289207e+01	
264	6.309573e+08	2.292800e+01	
265	6.812921e+08	2.295231e+01	
266	7.356423e+08	2.296458e+01	
267	7.943282e+08	2.296444e+01	
268	8.576959e+08	2.295160e+01	
269	9.261187e+08	2.292589e+01	
270	1.000000e+09	2.288729e+01	
Doing analysis at TEMP = -40.000000 and TNOM = 27.000000

Using SPARSE 1.3 as Direct Linear Solver
Note: Starting dynamic gmin stepping
Note: Dynamic gmin stepping completed

No. of Data Rows : 271

  Measurements for AC Analysis

psrr_dc_lin         =  3.69204e-04
psrr_1khz_lin       =  3.69743e-04
psrr_100khz_lin     =  2.02841e-03
psrr_1mhz_lin       =  1.98424e-02

ngspice-46 done
