Warning: m=xx on .subckt line will override multiplier m hierarchy!


Note: Compatibility modes selected: hs a


Circuit: * sg13g2-bandgap -- bandgap_core + bandgap_amp + bandgap_startup

Doing analysis at TEMP = -40.000000 and TNOM = 27.000000

Using SPARSE 1.3 as Direct Linear Solver

Initial Transient Solution
--------------------------

Node                                   Voltage
----                                   -------
vdd                                          0
vss                                          0
sub!                                         0
sns1                               8.47093e-19
fb                                           0
xq1.s1                             3.40002e-25
xq1.t                              4.56285e-18
sns2                              -1.38603e-25
cb2                               -1.38477e-25
xr2.dt                                       0
xq2.s1                            -2.12976e-31
xq2.t                              2.29317e-25
vref                               4.37311e-20
cb3                                4.37378e-20
xr1.dt                                       0
xq3.s1                             1.75249e-26
xq3.t                              8.26887e-19
tail                                         0
d1                                           0
d2                                           0
pn                                           0
det                                          0
xrpu.dt                                      0
fbx                                          0
vmkfb#branch                                 0
vsub#branch                                  0
vvss#branch                       -9.23686e-28
vvdd#branch                       -2.64874e-27

 Reference value :  8.03375e-05 Reference value :  2.24500e-03
No. of Data Rows : 1512
v_fb_v              =  2.79520e+00
v_sns1_v            =  7.85056e-01
v_sns2_v            =  7.84974e-01
v_det_v             =  4.30114e-03
i_mkfb_v            =  2.79506e-09
i_vdd_2ms           =  -2.30155e-05
i_vdd_3ms           =  -2.30155e-05
i_vdd_avg           =  -2.30155e-05 from=  2.00000e-03 to=  3.00000e-03
Note: Simulation executed from .control section 
