Warning: m=xx on .subckt line will override multiplier m hierarchy!


Note: Compatibility modes selected: hs a


Circuit: * sg13g2-bandgap -- bandgap_core + bandgap_amp + bandgap_startup

Doing analysis at TEMP = -40.000000 and TNOM = 27.000000

Using SPARSE 1.3 as Direct Linear Solver

Initial Transient Solution
--------------------------

Node                                   Voltage
----                                   -------
vdd                                          0
vss                                          0
sub!                                         0
sns1                               1.07829e-22
fb                                           0
xq1.s1                             4.31431e-29
xq1.t                               2.9124e-20
sns2                              -6.57656e-26
cb2                               -6.57585e-26
xr2.dt                                       0
xq2.s1                            -2.40018e-32
xq2.t                               9.5717e-31
vref                                3.2292e-24
cb3                                3.23576e-24
xr1.dt                                       0
xq3.s1                             1.29942e-30
xq3.t                              2.24569e-21
tail                                         0
d1                                           0
d2                                           0
pn                                           0
det                                          0
xrpu.dt                                      0
fbx                                          0
vmkfb#branch                                 0
vsub#branch                                  0
vvss#branch                       -2.78632e-31
vvdd#branch                       -8.30194e-34

 Reference value :  9.27300e-05 Reference value :  2.30100e-03
No. of Data Rows : 1512
v_fb_v              =  2.08649e+00
v_sns1_v            =  7.89226e-01
v_sns2_v            =  7.89070e-01
v_det_v             =  5.93974e-03
i_mkfb_v            =  2.08663e-09
i_vdd_2ms           =  -1.99803e-05
i_vdd_3ms           =  -1.99803e-05
i_vdd_avg           =  -1.99803e-05 from=  2.00000e-03 to=  3.00000e-03
Note: Simulation executed from .control section 
