Warning: m=xx on .subckt line will override multiplier m hierarchy!


Note: Compatibility modes selected: hs a


Circuit: * sg13g2-bandgap -- bandgap_core + bandgap_amp + bandgap_startup

Doing analysis at TEMP = 27.000000 and TNOM = 27.000000

Using SPARSE 1.3 as Direct Linear Solver

Initial Transient Solution
--------------------------

Node                                   Voltage
----                                   -------
vdd                                          0
vss                                          0
sub!                                         0
sns1                               2.73075e-27
fb                                           0
xq1.s1                             1.03394e-33
xq1.t                              4.38223e-57
sns2                               6.20783e-22
cb2                                6.20722e-22
xr2.dt                                       0
xq2.s1                             7.75639e-28
xq2.t                              2.37968e-32
vref                               2.64479e-26
cb3                                2.64267e-26
xr1.dt                                       0
xq3.s1                             9.95506e-33
xq3.t                              5.06287e-55
tail                                         0
d1                                           0
d2                                           0
pn                                           0
det                                          0
xrpu.dt                                      0
fbx                                          0
vmkfb#branch                                 0
vsub#branch                                  0
vvss#branch                        2.02149e-30
vvdd#branch                       -8.22915e-30

 Reference value :  5.55108e-05
No. of Data Rows : 1012
v_det_early         =  3.58238e-01
v_fb_early          =  1.21252e-01
v_fb_v              =  2.86950e+00
v_sns1_v            =  7.05326e-01
v_sns2_v            =  7.05091e-01
v_vref_v            =  1.16314e+00
v_det_v             =  6.60080e-03
i_mkfb_v            =  2.87022e-09
Note: Simulation executed from .control section 
