Warning: m=xx on .subckt line will override multiplier m hierarchy!


Note: Compatibility modes selected: hs a


Circuit: * sg13g2-bandgap -- bandgap_core + bandgap_amp + bandgap_startup

Doing analysis at TEMP = -40.000000 and TNOM = 27.000000

Using SPARSE 1.3 as Direct Linear Solver

Initial Transient Solution
--------------------------

Node                                   Voltage
----                                   -------
vdd                                          0
vss                                          0
sub!                                         0
sns1                               -9.2355e-25
fb                                           0
xq1.s1                            -3.71921e-31
xq1.t                              3.10567e-27
sns2                               3.12797e-27
cb2                                3.12767e-27
xr2.dt                                       0
xq2.s1                             3.30058e-33
xq2.t                              1.95863e-39
vref                               1.01557e-26
cb3                                1.01463e-26
xr1.dt                                       0
xq3.s1                             7.37018e-33
xq3.t                              5.51365e-29
tail                                         0
d1                                           0
d2                                           0
pn                                           0
det                                          0
xrpu.dt                                      0
fbx                                          0
vmkfb#branch                                 0
vsub#branch                                  0
vvss#branch                       -2.71967e-33
vvdd#branch                        9.98547e-33

 Reference value :  9.52407e-05
No. of Data Rows : 1013
v_det_early         =  3.24995e-01
v_fb_early          =  1.55585e-01
v_fb_v              =  2.51237e+00
v_sns1_v            =  7.82441e-01
v_sns2_v            =  7.82312e-01
v_vref_v            =  1.13454e+00
v_det_v             =  2.97267e-03
i_mkfb_v            =  2.51236e-09
Note: Simulation executed from .control section 
