Warning: m=xx on .subckt line will override multiplier m hierarchy!


Note: Compatibility modes selected: hs a


Circuit: * sg13g2-bandgap -- bandgap_core + bandgap_amp + bandgap_startup

Doing analysis at TEMP = -40.000000 and TNOM = 27.000000

Using SPARSE 1.3 as Direct Linear Solver

Initial Transient Solution
--------------------------

Node                                   Voltage
----                                   -------
vdd                                          0
vss                                          0
sub!                                         0
sns1                               5.12048e-21
fb                                           0
xq1.s1                             2.04928e-27
xq1.t                              2.90506e-19
sns2                              -1.03349e-25
cb2                                -1.0334e-25
xr2.dt                                       0
xq2.s1                            -7.17837e-32
xq2.t                              3.19152e-28
vref                               2.21645e-22
cb3                                2.21633e-22
xr1.dt                                       0
xq3.s1                             8.86514e-29
xq3.t                              3.07239e-20
tail                                         0
d1                                           0
d2                                           0
pn                                           0
det                                          0
xrpu.dt                                      0
fbx                                          0
vmkfb#branch                                 0
vsub#branch                                  0
vvss#branch                       -1.27788e-29
vvdd#branch                       -1.37223e-30

 Reference value :  6.03408e-05
No. of Data Rows : 1012
v_det_early         =  2.91010e-01
v_fb_early          =  1.40340e-01
v_fb_v              =  2.10681e+00
v_sns1_v            =  7.85013e-01
v_sns2_v            =  7.84842e-01
v_vref_v            =  1.13703e+00
v_det_v             =  2.56212e-03
i_mkfb_v            =  2.10661e-09
Note: Simulation executed from .control section 
