Warning: m=xx on .subckt line will override multiplier m hierarchy!


Note: Compatibility modes selected: hs a


Circuit: * sg13g2-bandgap -- bandgap_core + bandgap_amp + bandgap_startup

Doing analysis at TEMP = 27.000000 and TNOM = 27.000000

Using SPARSE 1.3 as Direct Linear Solver

Initial Transient Solution
--------------------------

Node                                   Voltage
----                                   -------
vdd                                          0
vss                                          0
sub!                                         0
sns1                              -6.46036e-26
fb                                           0
xq1.s1                            -1.89225e-32
xq1.t                              6.19028e-53
sns2                               5.67107e-16
cb2                                5.67036e-16
xr2.dt                                       0
xq2.s1                             1.73434e-21
xq2.t                              5.28716e-22
vref                              -2.59236e-22
cb3                               -2.59002e-22
xr1.dt                                       0
xq3.s1                            -1.09175e-28
xq3.t                              7.06873e-40
tail                                         0
d1                                           0
d2                                           0
pn                                           0
det                                          0
xrpu.dt                                      0
fbx                                          0
vmkfb#branch                                 0
vsub#branch                                  0
vvss#branch                        2.67236e-24
vvdd#branch                       -8.34289e-24

 Reference value :  1.36711e-04
No. of Data Rows : 1012
v_det_early         =  2.91837e-01
v_fb_early          =  1.38008e-01
v_fb_v              =  2.13640e+00
v_sns1_v            =  7.08656e-01
v_sns2_v            =  7.08362e-01
v_vref_v            =  1.16623e+00
v_det_v             =  5.26259e-03
i_mkfb_v            =  2.13645e-09
Note: Simulation executed from .control section 
