Warning: m=xx on .subckt line will override multiplier m hierarchy!


Note: Compatibility modes selected: hs a


Circuit: * sg13g2-bandgap -- bandgap_core + bandgap_amp + bandgap_startup

Doing analysis at TEMP = 27.000000 and TNOM = 27.000000

Using SPARSE 1.3 as Direct Linear Solver

Initial Transient Solution
--------------------------

Node                                   Voltage
----                                   -------
vdd                                          0
vss                                          0
sub!                                         0
sns1                                -3.383e-28
fb                                           0
xq1.s1                            -1.22825e-34
xq1.t                              2.02818e-58
sns2                              -7.05448e-22
cb2                                -7.0537e-22
xr2.dt                                       0
xq2.s1                            -9.79215e-28
xq2.t                              1.06296e-33
vref                               1.56838e-25
cb3                                1.56699e-25
xr1.dt                                       0
xq3.s1                             5.63705e-32
xq3.t                              5.19884e-53
tail                                         0
d1                                           0
d2                                           0
pn                                           0
det                                          0
xrpu.dt                                      0
fbx                                          0
vmkfb#branch                                 0
vsub#branch                                  0
vvss#branch                       -2.33313e-30
vvdd#branch                        9.38566e-30

 Reference value :  6.91787e-05
No. of Data Rows : 1012
v_det_early         =  3.24265e-01
v_fb_early          =  1.56167e-01
v_fb_v              =  2.52245e+00
v_sns1_v            =  7.08685e-01
v_sns2_v            =  7.08450e-01
v_vref_v            =  1.16682e+00
v_det_v             =  1.34019e-02
i_mkfb_v            =  2.52253e-09
Note: Simulation executed from .control section 
