Warning: m=xx on .subckt line will override multiplier m hierarchy!


Note: Compatibility modes selected: hs a


Circuit: * sg13g2-bandgap -- bandgap_core + bandgap_amp + bandgap_startup

Doing analysis at TEMP = 27.000000 and TNOM = 27.000000

Using SPARSE 1.3 as Direct Linear Solver

Initial Transient Solution
--------------------------

Node                                   Voltage
----                                   -------
vdd                                          0
vss                                          0
sub!                                         0
sns1                               4.12298e-29
fb                                           0
xq1.s1                             1.38787e-35
xq1.t                              8.85607e-60
sns2                               2.37885e-22
cb2                                2.37863e-22
xr2.dt                                       0
xq2.s1                            -1.33347e-28
xq2.t                              3.47406e-35
vref                               3.19672e-26
cb3                                 3.1939e-26
xr1.dt                                       0
xq3.s1                             1.05688e-32
xq3.t                              6.30681e-54
tail                                         0
d1                                           0
d2                                           0
pn                                           0
det                                          0
xrpu.dt                                      0
fbx                                          0
vmkfb#branch                                 0
vsub#branch                                  0
vvss#branch                        3.81217e-31
vvdd#branch                        -2.7602e-30

 Reference value :  5.09950e-05
No. of Data Rows : 1013
v_det_early         =  3.56689e-01
v_fb_early          =  1.64444e-01
v_fb_v              =  2.82476e+00
v_sns1_v            =  7.08695e-01
v_sns2_v            =  7.08481e-01
v_vref_v            =  1.16702e+00
v_det_v             =  9.39505e-03
i_mkfb_v            =  2.82475e-09
Note: Simulation executed from .control section 
