
Note: No compatibility mode selected!


Circuit: * sg13g2-bandgap -- sg13cmos5l bandgap_core + bandgap_amp + bandgap_startup

Doing analysis at TEMP = 27.000000 and TNOM = 27.000000

Using SPARSE 1.3 as Direct Linear Solver

Initial Transient Solution
--------------------------

Node                                   Voltage
----                                   -------
vdd                                          0
vss                                          0
sub!                                         0
sns1                               7.39105e-20
fb                                           0
sns2                               2.24013e-18
e2                                 2.24004e-18
xr2.dt                                       0
vref                               5.75022e-15
e3                                 5.74849e-15
xr1.dt                                       0
tail                                         0
d1                                           0
d2                                           0
pn                                           0
det                                          0
xrpu.dt                                      0
fbx                                          0
vmkfb#branch                                 0
vsub#branch                                  0
vvss#branch                        5.75073e-24
vvdd#branch                       -3.45104e-23

 Reference value :  1.12560e-04 Reference value :  6.99000e-04 Reference value :  1.22900e-03 Reference value :  1.83100e-03
No. of Data Rows : 1011
v_det_early         =  2.93119e-01
v_fb_early          =  1.33966e-01
v_fb_v              =  2.21161e+00
v_sns1_v            =  7.82575e-01
v_sns2_v            =  7.82285e-01
v_vref_v            =  1.19828e+00
v_det_v             =  3.12452e-03
i_mkfb_v            =  2.21196e-09
Note: Simulation executed from .control section 
