
Note: No compatibility mode selected!


Circuit: * sg13g2-bandgap -- sg13cmos5l bandgap_core + bandgap_amp + bandgap_startup

Doing analysis at TEMP = -40.000000 and TNOM = 27.000000

Using SPARSE 1.3 as Direct Linear Solver

Initial Transient Solution
--------------------------

Node                                   Voltage
----                                   -------
vdd                                          0
vss                                          0
sub!                                         0
sns1                               3.51495e-25
fb                                           0
sns2                              -1.40063e-24
e2                                -1.40057e-24
xr2.dt                                       0
vref                               3.66913e-25
e3                                 3.66875e-25
xr1.dt                                       0
tail                                         0
d1                                           0
d2                                           0
pn                                           0
det                                          0
xrpu.dt                                      0
fbx                                          0
vmkfb#branch                                 0
vsub#branch                                  0
vvss#branch                       -6.82578e-34
vvdd#branch                        5.84555e-33

 Reference value :  3.29000e-04 Reference value :  9.13000e-04 Reference value :  1.44100e-03
No. of Data Rows : 1012
v_det_early         =  2.92506e-01
v_fb_early          =  1.41510e-01
v_fb_v              =  2.18300e+00
v_sns1_v            =  8.75005e-01
v_sns2_v            =  8.74835e-01
v_vref_v            =  1.19921e+00
v_det_v             =  1.54120e-03
i_mkfb_v            =  2.18313e-09
Note: Simulation executed from .control section 
