
Note: No compatibility mode selected!


Circuit: * sg13g2-bandgap -- sg13cmos5l bandgap_core + bandgap_amp + bandgap_startup

Doing analysis at TEMP = 125.000000 and TNOM = 27.000000

Using SPARSE 1.3 as Direct Linear Solver

Initial Transient Solution
--------------------------

Node                                   Voltage
----                                   -------
vdd                                          0
vss                                          0
sub!                                         0
sns1                               3.87189e-17
fb                                           0
sns2                               2.46465e-18
e2                                 2.46454e-18
xr2.dt                                       0
vref                               5.52327e-17
e3                                 5.52139e-17
xr1.dt                                       0
tail                                         0
d1                                           0
d2                                           0
pn                                           0
det                                          0
xrpu.dt                                      0
fbx                                          0
vmkfb#branch                                 0
vsub#branch                                  0
vvss#branch                        9.58754e-26
vvdd#branch                       -5.41646e-25

 Reference value :  3.39000e-04 Reference value :  9.21000e-04 Reference value :  1.44100e-03
No. of Data Rows : 1011
v_det_early         =  2.43686e-01
v_fb_early          =  2.53967e-02
v_fb_v              =  2.53221e+00
v_sns1_v            =  6.40877e-01
v_sns2_v            =  6.40439e-01
v_vref_v            =  1.19088e+00
v_det_v             =  9.68669e-03
i_mkfb_v            =  2.60486e-09
Note: Simulation executed from .control section 
