
Note: No compatibility mode selected!


Circuit: * sg13g2-bandgap -- sg13cmos5l bandgap_core + bandgap_amp + bandgap_startup

Doing analysis at TEMP = -40.000000 and TNOM = 27.000000

Using SPARSE 1.3 as Direct Linear Solver

Initial Transient Solution
--------------------------

Node                                   Voltage
----                                   -------
vdd                                          0
vss                                          0
sub!                                         0
sns1                              -2.52661e-25
fb                                           0
sns2                               1.79978e-25
e2                                  1.7997e-25
xr2.dt                                       0
vref                               2.88329e-24
e3                                 2.89308e-24
xr1.dt                                       0
tail                                         0
d1                                           0
d2                                           0
pn                                           0
det                                          0
xrpu.dt                                      0
fbx                                          0
vmkfb#branch                                 0
vsub#branch                                  0
vvss#branch                        2.77223e-33
vvdd#branch                       -1.72744e-32

 Reference value :  1.57521e-04 Reference value :  7.19000e-04 Reference value :  9.85000e-04 Reference value :  1.51700e-03
No. of Data Rows : 1012
v_det_early         =  3.23358e-01
v_fb_early          =  1.56717e-01
v_fb_v              =  2.49389e+00
v_sns1_v            =  8.72730e-01
v_sns2_v            =  8.72620e-01
v_vref_v            =  1.19749e+00
v_det_v             =  2.44599e-03
i_mkfb_v            =  2.49401e-09
Note: Simulation executed from .control section 
