
Note: No compatibility mode selected!


Circuit: * sg13g2-bandgap -- sg13cmos5l bandgap_core + bandgap_amp + bandgap_startup

Doing analysis at TEMP = -40.000000 and TNOM = 27.000000

Using SPARSE 1.3 as Direct Linear Solver

Initial Transient Solution
--------------------------

Node                                   Voltage
----                                   -------
vdd                                          0
vss                                          0
sub!                                         0
sns1                               1.22011e-25
fb                                           0
sns2                               -5.5095e-25
e2                                -5.50926e-25
xr2.dt                                       0
vref                              -3.73179e-25
e3                                -3.75657e-25
xr1.dt                                       0
tail                                         0
d1                                           0
d2                                           0
pn                                           0
det                                          0
xrpu.dt                                      0
fbx                                          0
vmkfb#branch                                 0
vsub#branch                                  0
vvss#branch                        -8.1059e-34
vvdd#branch                        5.49191e-33

 Reference value :  4.39595e-05 Reference value :  5.51000e-04 Reference value :  1.10300e-03 Reference value :  1.67700e-03
No. of Data Rows : 1012
v_det_early         =  2.91023e-01
v_fb_early          =  1.41232e-01
v_fb_v              =  2.13569e+00
v_sns1_v            =  8.72705e-01
v_sns2_v            =  8.72544e-01
v_vref_v            =  1.19703e+00
v_det_v             =  1.74129e-03
i_mkfb_v            =  2.13585e-09
Note: Simulation executed from .control section 
