
Note: No compatibility mode selected!


Circuit: * sg13g2-bandgap -- sg13cmos5l bandgap_core + bandgap_amp + bandgap_startup

Doing analysis at TEMP = 125.000000 and TNOM = 27.000000

Using SPARSE 1.3 as Direct Linear Solver

Initial Transient Solution
--------------------------

Node                                   Voltage
----                                   -------
vdd                                          0
vss                                          0
sub!                                         0
sns1                               6.55678e-15
fb                                           0
sns2                               3.79255e-17
e2                                 3.79237e-17
xr2.dt                                       0
vref                               3.47682e-15
e3                                 3.47552e-15
xr1.dt                                       0
tail                                         0
d1                                           0
d2                                           0
pn                                           0
det                                          0
xrpu.dt                                      0
fbx                                          0
vmkfb#branch                                 0
vsub#branch                                  0
vvss#branch                        9.98573e-24
vvdd#branch                       -5.38206e-23

 Reference value :  3.63000e-04 Reference value :  9.39000e-04 Reference value :  1.47500e-03
No. of Data Rows : 1011
v_det_early         =  3.23585e-01
v_fb_early          =  1.23797e-01
v_fb_v              =  2.51775e+00
v_sns1_v            =  6.39184e-01
v_sns2_v            =  6.38778e-01
v_vref_v            =  1.18974e+00
v_det_v             =  2.50120e-02
i_mkfb_v            =  2.53237e-09
Note: Simulation executed from .control section 
