

The temperature limiting function received NaN.
Please check your power dissipation and improve your heat sink Rth!
    This message will be shown only once.

Note: Starting dynamic gmin stepping
Note: Dynamic gmin stepping completed

Note: No compatibility mode selected!


Circuit: * sg13g2-bandgap -- bandgap_core + bandgap_amp + bandgap_startup

Doing analysis at TEMP = 125.000000 and TNOM = 27.000000

Using SPARSE 1.3 as Direct Linear Solver

Initial Transient Solution
--------------------------

Node                                   Voltage
----                                   -------
vdd                                          0
vss                                          0
sub!                                         0
sns1                                         0
fb                                           0
xq1.s1                                       0
xq1.t                                        0
sns2                                         0
cb2                                          0
xr2.dt                                       0
xq2.s1                                       0
xq2.t                                        0
vref                                         0
cb3                                          0
xr1.dt                                       0
xq3.s1                                       0
xq3.t                                        0
tail                                         0
d1                                           0
d2                                           0
pn                                           0
det                                          0
xrpu.dt                                      0
fbx                                          0
vmkfb#branch                                 0
vsub#branch                                  0
vvss#branch                                  0
vvdd#branch                                  0

 Reference value :  7.65600e-05 Reference value :  4.87000e-04 Reference value :  9.61000e-04 Reference value :  1.42700e-03 Reference value :  1.83700e-03 Reference value :  2.30700e-03 Reference value :  2.74500e-03
No. of Data Rows : 1511
v_fb_v              =  2.92451e+00
v_sns1_v            =  5.85927e-01
v_sns2_v            =  5.85445e-01
v_det_v             =  1.81124e-02
i_mkfb_v            =  3.10706e-09
i_vdd_2ms           =  -4.23783e-05
i_vdd_3ms           =  -4.23783e-05
i_vdd_avg           =  -4.23783e-05 from=  2.00000e-03 to=  3.00000e-03
Note: Simulation executed from .control section 
