
Note: No compatibility mode selected!


Circuit: * sg13g2-bandgap -- bandgap_core + bandgap_amp + bandgap_startup

Doing analysis at TEMP = -40.000000 and TNOM = 27.000000

Using SPARSE 1.3 as Direct Linear Solver

Initial Transient Solution
--------------------------

Node                                   Voltage
----                                   -------
vdd                                          0
vss                                          0
sub!                                         0
sns1                               5.12055e-21
fb                                           0
xq1.s1                             2.04945e-27
xq1.t                              2.90506e-19
sns2                              -1.03973e-25
cb2                               -1.03965e-25
xr2.dt                                       0
xq2.s1                            -7.25531e-32
xq2.t                              3.19152e-28
vref                               2.22248e-22
cb3                                2.22342e-22
xr1.dt                                       0
xq3.s1                             8.89367e-29
xq3.t                              3.08373e-20
tail                                         0
d1                                           0
d2                                           0
pn                                           0
det                                          0
xrpu.dt                                      0
fbx                                          0
vmkfb#branch                                 0
vsub#branch                                  0
vvss#branch                       -1.27813e-29
vvdd#branch                       -1.36995e-30

 Reference value :  9.92710e-05 Reference value :  5.27000e-04 Reference value :  9.75000e-04 Reference value :  1.45500e-03 Reference value :  1.88700e-03 Reference value :  2.37100e-03 Reference value :  2.85300e-03
No. of Data Rows : 1512
v_fb_v              =  2.43700e+00
v_sns1_v            =  7.85035e-01
v_sns2_v            =  7.84912e-01
v_det_v             =  2.85075e-03
i_mkfb_v            =  2.43715e-09
i_vdd_2ms           =  -2.25982e-05
i_vdd_3ms           =  -2.25981e-05
i_vdd_avg           =  -2.25982e-05 from=  2.00000e-03 to=  3.00000e-03
Note: Simulation executed from .control section 
