
Note: No compatibility mode selected!


Circuit: * sg13g2-bandgap -- bandgap_core + bandgap_amp + bandgap_startup

Doing analysis at TEMP = 27.000000 and TNOM = 27.000000

Using SPARSE 1.3 as Direct Linear Solver

Initial Transient Solution
--------------------------

Node                                   Voltage
----                                   -------
vdd                                          0
vss                                          0
sub!                                         0
sns1                              -6.54057e-26
fb                                           0
xq1.s1                            -1.91574e-32
xq1.t                              6.34491e-53
sns2                               5.67107e-16
cb2                                5.67036e-16
xr2.dt                                       0
xq2.s1                             1.73434e-21
xq2.t                              5.28715e-22
vref                               5.41846e-23
cb3                                  5.415e-23
xr1.dt                                       0
xq3.s1                             1.53369e-29
xq3.t                              2.74657e-41
tail                                         0
d1                                           0
d2                                           0
pn                                           0
det                                          0
xrpu.dt                                      0
fbx                                          0
vmkfb#branch                                 0
vsub#branch                                  0
vvss#branch                        2.67236e-24
vvdd#branch                       -8.34289e-24

 Reference value :  1.80776e-04 Reference value :  6.31000e-04 Reference value :  1.06500e-03 Reference value :  1.54300e-03 Reference value :  1.97300e-03 Reference value :  2.44500e-03 Reference value :  2.91700e-03
No. of Data Rows : 1512
v_fb_v              =  2.79685e+00
v_sns1_v            =  7.08692e-01
v_sns2_v            =  7.08473e-01
v_det_v             =  6.47936e-03
i_mkfb_v            =  2.79720e-09
i_vdd_2ms           =  -2.90368e-05
i_vdd_3ms           =  -2.90368e-05
i_vdd_avg           =  -2.90368e-05 from=  2.00000e-03 to=  3.00000e-03
Note: Simulation executed from .control section 
