
Note: No compatibility mode selected!


Circuit: * sg13g2-bandgap -- bandgap_core + bandgap_amp + bandgap_startup

Doing analysis at TEMP = 27.000000 and TNOM = 27.000000

Using SPARSE 1.3 as Direct Linear Solver

Initial Transient Solution
--------------------------

Node                                   Voltage
----                                   -------
vdd                                          0
vss                                          0
sub!                                         0
sns1                              -1.75578e-26
fb                                           0
xq1.s1                            -3.88344e-33
xq1.t                              1.29387e-53
sns2                               3.18662e-17
cb2                                3.18612e-17
xr2.dt                                       0
xq2.s1                             1.52043e-22
xq2.t                              1.24122e-22
vref                                6.4512e-24
cb3                                6.44675e-24
xr1.dt                                       0
xq3.s1                             1.32185e-30
xq3.t                              1.34572e-41
tail                                         0
d1                                           0
d2                                           0
pn                                           0
det                                          0
xrpu.dt                                      0
fbx                                          0
vmkfb#branch                                 0
vsub#branch                                  0
vvss#branch                        1.98222e-25
vvdd#branch                       -5.16838e-25

 Reference value :  0.00000e+00 Reference value :  2.67000e-04 Reference value :  7.31000e-04 Reference value :  1.11700e-03 Reference value :  1.58100e-03 Reference value :  2.04300e-03 Reference value :  2.47700e-03 Reference value :  2.94500e-03
No. of Data Rows : 1512
v_fb_v              =  2.77881e+00
v_sns1_v            =  7.14162e-01
v_sns2_v            =  7.13964e-01
v_det_v             =  1.89541e-02
i_mkfb_v            =  2.77883e-09
i_vdd_2ms           =  -2.61650e-05
i_vdd_3ms           =  -2.61650e-05
i_vdd_avg           =  -2.61650e-05 from=  2.00000e-03 to=  3.00000e-03
Note: Simulation executed from .control section 
