
Note: No compatibility mode selected!


Circuit: * sg13g2-bandgap -- bandgap_core + bandgap_amp + bandgap_startup

Doing analysis at TEMP = -40.000000 and TNOM = 27.000000

Using SPARSE 1.3 as Direct Linear Solver

Initial Transient Solution
--------------------------

Node                                   Voltage
----                                   -------
vdd                                          0
vss                                          0
sub!                                         0
sns1                              -9.25761e-25
fb                                           0
xq1.s1                            -3.72803e-31
xq1.t                              3.10567e-27
sns2                                3.1267e-27
cb2                                 3.1264e-27
xr2.dt                                       0
xq2.s1                             3.29921e-33
xq2.t                              1.95863e-39
vref                               5.11394e-25
cb3                                5.11094e-25
xr1.dt                                       0
xq3.s1                             2.00686e-31
xq3.t                              5.53205e-29
tail                                         0
d1                                           0
d2                                           0
pn                                           0
det                                          0
xrpu.dt                                      0
fbx                                          0
vmkfb#branch                                 0
vsub#branch                                  0
vvss#branch                         -1.249e-33
vvdd#branch                        4.02339e-33

 Reference value :  0.00000e+00 Reference value :  8.08429e-05 Reference value :  2.75000e-04 Reference value :  4.87000e-04 Reference value :  8.11000e-04 Reference value :  1.05900e-03 Reference value :  1.20700e-03 Reference value :  1.47900e-03 Reference value :  1.74300e-03
No. of Data Rows : 1012
v_det_early         =  3.57495e-01
v_fb_early          =  1.69508e-01
v_fb_v              =  2.84257e+00
v_sns1_v            =  7.82458e-01
v_sns2_v            =  7.82363e-01
v_vref_v            =  1.04203e+00
v_det_v             =  3.27405e-03
i_mkfb_v            =  2.84248e-09
Note: Simulation executed from .control section 
