
Note: No compatibility mode selected!


Circuit: * sg13g2-bandgap -- bandgap_core + bandgap_amp + bandgap_startup

Doing analysis at TEMP = 27.000000 and TNOM = 27.000000

Using SPARSE 1.3 as Direct Linear Solver

Initial Transient Solution
--------------------------

Node                                   Voltage
----                                   -------
vdd                                          0
vss                                          0
sub!                                         0
sns1                              -7.27737e-29
fb                                           0
xq1.s1                            -2.64216e-35
xq1.t                               9.3854e-60
sns2                              -6.94453e-22
cb2                               -6.94376e-22
xr2.dt                                       0
xq2.s1                            -9.74492e-28
xq2.t                              1.06296e-33
vref                               1.51136e-25
cb3                                1.51038e-25
xr1.dt                                       0
xq3.s1                             5.43326e-32
xq3.t                              4.78908e-53
tail                                         0
d1                                           0
d2                                           0
pn                                           0
det                                          0
xrpu.dt                                      0
fbx                                          0
vmkfb#branch                                 0
vsub#branch                                  0
vvss#branch                        -2.3072e-30
vvdd#branch                        9.24983e-30

 Reference value :  0.00000e+00 Reference value :  2.61000e-04 Reference value :  7.05000e-04 Reference value :  1.18500e-03 Reference value :  1.60300e-03 Reference value :  1.91700e-03
No. of Data Rows : 1012
v_det_early         =  2.91838e-01
v_fb_early          =  1.41406e-01
v_fb_v              =  2.19223e+00
v_sns1_v            =  7.08665e-01
v_sns2_v            =  7.08390e-01
v_vref_v            =  1.04587e+00
v_det_v             =  1.18931e-02
i_mkfb_v            =  2.19218e-09
Note: Simulation executed from .control section 
