
Note: No compatibility mode selected!


Circuit: * sg13g2-bandgap -- bandgap_core + bandgap_amp + bandgap_startup

Doing analysis at TEMP = 27.000000 and TNOM = 27.000000

Using SPARSE 1.3 as Direct Linear Solver

Initial Transient Solution
--------------------------

Node                                   Voltage
----                                   -------
vdd                                          0
vss                                          0
sub!                                         0
sns1                               6.26559e-29
fb                                           0
xq1.s1                             2.10911e-35
xq1.t                              2.04524e-59
sns2                               2.38073e-22
cb2                                2.38051e-22
xr2.dt                                       0
xq2.s1                            -1.33454e-28
xq2.t                              3.47406e-35
vref                               1.15372e-25
cb3                                1.15297e-25
xr1.dt                                       0
xq3.s1                              3.8151e-32
xq3.t                              8.23536e-53
tail                                         0
d1                                           0
d2                                           0
pn                                           0
det                                          0
xrpu.dt                                      0
fbx                                          0
vmkfb#branch                                 0
vsub#branch                                  0
vvss#branch                        3.81717e-31
vvdd#branch                       -2.76333e-30

 Reference value :  1.76405e-04 Reference value :  6.31000e-04 Reference value :  1.04900e-03 Reference value :  1.51300e-03 Reference value :  1.93900e-03
No. of Data Rows : 1012
v_det_early         =  2.91838e-01
v_fb_early          =  1.40359e-01
v_fb_v              =  2.16431e+00
v_sns1_v            =  7.08661e-01
v_sns2_v            =  7.08377e-01
v_vref_v            =  1.04582e+00
v_det_v             =  7.58369e-03
i_mkfb_v            =  2.16434e-09
Note: Simulation executed from .control section 
