
Note: No compatibility mode selected!


Circuit: * sg13g2-bandgap -- bandgap_core + bandgap_amp + bandgap_startup

Doing analysis at TEMP = -40.000000 and TNOM = 27.000000

Using SPARSE 1.3 as Direct Linear Solver

Initial Transient Solution
--------------------------

Node                                   Voltage
----                                   -------
vdd                                          0
vss                                          0
sub!                                         0
sns1                                8.4709e-19
fb                                           0
xq1.s1                             3.39999e-25
xq1.t                              4.56285e-18
sns2                              -1.89675e-25
cb2                               -1.89216e-25
xr2.dt                                       0
xq2.s1                            -2.67306e-31
xq2.t                              2.29317e-25
vref                               4.38633e-20
cb3                                4.38634e-20
xr1.dt                                       0
xq3.s1                             1.75762e-26
xq3.t                              8.29133e-19
tail                                         0
d1                                           0
d2                                           0
pn                                           0
det                                          0
xrpu.dt                                      0
fbx                                          0
vmkfb#branch                                 0
vsub#branch                                  0
vvss#branch                       -9.23951e-28
vvdd#branch                       -2.64892e-27

 Reference value :  1.65051e-04 Reference value :  6.07000e-04 Reference value :  1.03900e-03 Reference value :  1.50100e-03 Reference value :  1.96500e-03
No. of Data Rows : 1012
v_det_early         =  3.23344e-01
v_fb_early          =  1.55716e-01
v_fb_v              =  2.46500e+00
v_sns1_v            =  7.85038e-01
v_sns2_v            =  7.84920e-01
v_vref_v            =  1.04469e+00
v_det_v             =  3.90105e-03
i_mkfb_v            =  2.46528e-09
Note: Simulation executed from .control section 
