
Note: No compatibility mode selected!


Circuit: * sg13g2-bandgap -- bandgap_core + bandgap_amp + bandgap_startup

Doing analysis at TEMP = -40.000000 and TNOM = 27.000000

Using SPARSE 1.3 as Direct Linear Solver

Initial Transient Solution
--------------------------

Node                                   Voltage
----                                   -------
vdd                                          0
vss                                          0
sub!                                         0
sns1                               5.12055e-21
fb                                           0
xq1.s1                             2.04945e-27
xq1.t                              2.90506e-19
sns2                              -1.03973e-25
cb2                               -1.03965e-25
xr2.dt                                       0
xq2.s1                            -7.25531e-32
xq2.t                              3.19152e-28
vref                               2.21492e-22
cb3                                2.21701e-22
xr1.dt                                       0
xq3.s1                             8.86802e-29
xq3.t                              3.07239e-20
tail                                         0
d1                                           0
d2                                           0
pn                                           0
det                                          0
xrpu.dt                                      0
fbx                                          0
vmkfb#branch                                 0
vsub#branch                                  0
vvss#branch                       -1.27783e-29
vvdd#branch                       -1.37188e-30

 Reference value :  1.52341e-04 Reference value :  5.83000e-04 Reference value :  7.15000e-04 Reference value :  1.17700e-03 Reference value :  1.60100e-03 Reference value :  2.07100e-03 Reference value :  2.54100e-03 Reference value :  2.68700e-03 Reference value :  2.79500e-03
No. of Data Rows : 1512
v_fb_v              =  2.10681e+00
v_sns1_v            =  7.85013e-01
v_sns2_v            =  7.84843e-01
v_det_v             =  2.56213e-03
i_mkfb_v            =  2.10666e-09
v_vref_2ms          =  1.13703e+00
v_vref_3ms          =  1.13703e+00
v_vbeq3_2ms         =  7.84930e-01
v_vbeq3_3ms         =  7.84930e-01
Note: Simulation executed from .control section 
