
Note: No compatibility mode selected!


Circuit: * sg13g2-bandgap -- bandgap_core + bandgap_amp + bandgap_startup

Doing analysis at TEMP = 27.000000 and TNOM = 27.000000

Using SPARSE 1.3 as Direct Linear Solver

Initial Transient Solution
--------------------------

Node                                   Voltage
----                                   -------
vdd                                          0
vss                                          0
sub!                                         0
sns1                              -7.27737e-29
fb                                           0
xq1.s1                            -2.64216e-35
xq1.t                               9.3854e-60
sns2                              -6.94453e-22
cb2                               -6.94376e-22
xr2.dt                                       0
xq2.s1                            -9.74492e-28
xq2.t                              1.06296e-33
vref                               1.55891e-25
cb3                                1.55753e-25
xr1.dt                                       0
xq3.s1                             5.60302e-32
xq3.t                              5.13642e-53
tail                                         0
d1                                           0
d2                                           0
pn                                           0
det                                          0
xrpu.dt                                      0
fbx                                          0
vmkfb#branch                                 0
vsub#branch                                  0
vvss#branch                       -2.30719e-30
vvdd#branch                        9.24978e-30

 Reference value :  0.00000e+00 Reference value :  7.52186e-05 Reference value :  4.81000e-04 Reference value :  8.97000e-04 Reference value :  1.37900e-03 Reference value :  1.71500e-03 Reference value :  1.80500e-03 Reference value :  2.23500e-03 Reference value :  2.71100e-03
No. of Data Rows : 1512
v_fb_v              =  2.19223e+00
v_sns1_v            =  7.08665e-01
v_sns2_v            =  7.08390e-01
v_det_v             =  1.18932e-02
i_mkfb_v            =  2.19224e-09
v_vref_2ms          =  1.16637e+00
v_vref_3ms          =  1.16637e+00
v_vbeq3_2ms         =  7.08548e-01
v_vbeq3_3ms         =  7.08548e-01
Note: Simulation executed from .control section 
