
Note: No compatibility mode selected!


Circuit: * sg13g2-bandgap -- bandgap_core + bandgap_amp + bandgap_startup

Doing analysis at TEMP = 27.000000 and TNOM = 27.000000

Using SPARSE 1.3 as Direct Linear Solver

Initial Transient Solution
--------------------------

Node                                   Voltage
----                                   -------
vdd                                          0
vss                                          0
sub!                                         0
sns1                               6.26559e-29
fb                                           0
xq1.s1                             2.10911e-35
xq1.t                              2.04524e-59
sns2                               2.38073e-22
cb2                                2.38051e-22
xr2.dt                                       0
xq2.s1                            -1.33454e-28
xq2.t                              3.47406e-35
vref                               3.20174e-26
cb3                                3.19892e-26
xr1.dt                                       0
xq3.s1                             1.05854e-32
xq3.t                              6.32665e-54
tail                                         0
d1                                           0
d2                                           0
pn                                           0
det                                          0
xrpu.dt                                      0
fbx                                          0
vmkfb#branch                                 0
vsub#branch                                  0
vvss#branch                        3.81482e-31
vvdd#branch                       -2.76235e-30

 Reference value :  1.82351e-04 Reference value :  6.43000e-04 Reference value :  1.09300e-03 Reference value :  1.55900e-03 Reference value :  1.97900e-03 Reference value :  2.41900e-03 Reference value :  2.85100e-03
No. of Data Rows : 1512
v_fb_v              =  2.16431e+00
v_sns1_v            =  7.08661e-01
v_sns2_v            =  7.08377e-01
v_det_v             =  7.58372e-03
i_mkfb_v            =  2.16437e-09
v_vref_2ms          =  1.16631e+00
v_vref_3ms          =  1.16631e+00
v_vbeq3_2ms         =  7.08544e-01
v_vbeq3_3ms         =  7.08544e-01
Note: Simulation executed from .control section 
