Warning: m=xx on .subckt line will override multiplier m hierarchy!



The temperature limiting function received NaN.
Please check your power dissipation and improve your heat sink Rth!
    This message will be shown only once.

Note: Starting dynamic gmin stepping
Note: Dynamic gmin stepping completed

Note: Compatibility modes selected: hs a


Circuit: * sg13g2-bandgap -- second-trim-knob jacobian bench (issue #267): the

Doing analysis at TEMP = 125.000000 and TNOM = 27.000000

Using SPARSE 1.3 as Direct Linear Solver
 Reference value :  0.00000e+00
No. of Data Rows : 1
v(fb) = 2.935038e+00
v(sns1) = 5.833483e-01
v(sns2) = 5.827241e-01
v(vref) = 1.014492e+00
v(det) = 1.862984e-02
v(cb3) = 5.839771e-01
i(vmkfb) = 1.849694e-10
Note: Simulation executed from .control section 
