Warning: m=xx on .subckt line will override multiplier m hierarchy!

Warning: singular matrix:  check nodes xxtrim.t217 and xxtrim.t191

Note: Starting dynamic gmin stepping
Warning: spfactor.c, 230, Pivot for step = 1639 not found


The temperature limiting function received NaN.
Please check your power dissipation and improve your heat sink Rth!
    This message will be shown only once.

Warning: Dynamic gmin stepping failed
Note: Starting true gmin stepping
Warning: singular matrix:  check node xxtrim.t174

Note: True gmin stepping completed

Note: Compatibility modes selected: hs a


Circuit: * sg13g2-bandgap -- second-trim-knob jacobian bench (issue #267): the

Doing analysis at TEMP = 125.000000 and TNOM = 27.000000

Using SPARSE 1.3 as Direct Linear Solver
 Reference value :  0.00000e+00
No. of Data Rows : 1
v(fb) = 2.858313e+00
v(sns1) = 5.899755e-01
v(sns2) = 5.893439e-01
v(vref) = 1.015762e+00
v(det) = 1.826228e-02
v(cb3) = 5.904070e-01
i(vmkfb) = 9.442809e-11
Note: Simulation executed from .control section 
