Warning: m=xx on .subckt line will override multiplier m hierarchy!

Warning: singular matrix:  check nodes xxtrim.t226 and n.xxtrim.xru254.nr1#i1

Note: Starting dynamic gmin stepping


The temperature limiting function received NaN.
Please check your power dissipation and improve your heat sink Rth!
    This message will be shown only once.

Note: Dynamic gmin stepping completed

Note: Compatibility modes selected: hs a


Circuit: * sg13g2-bandgap -- second-trim-knob jacobian bench (issue #267): the

Doing analysis at TEMP = 125.000000 and TNOM = 27.000000

Using SPARSE 1.3 as Direct Linear Solver
 Reference value :  0.00000e+00
No. of Data Rows : 1
v(fb) = 2.535756e+00
v(sns1) = 5.880254e-01
v(sns2) = 5.874261e-01
v(vref) = 1.016059e+00
v(det) = 1.677156e-02
v(cb3) = 5.884559e-01
i(vmkfb) = 8.270373e-11
Note: Simulation executed from .control section 
