Warning: m=xx on .subckt line will override multiplier m hierarchy!

Note: Starting dynamic gmin stepping


The temperature limiting function received NaN.
Please check your power dissipation and improve your heat sink Rth!
    This message will be shown only once.

Note: Dynamic gmin stepping completed

Note: Compatibility modes selected: hs a


Circuit: * sg13g2-bandgap -- second-trim-knob jacobian bench (issue #267): the

Doing analysis at TEMP = -40.000000 and TNOM = 27.000000

Using SPARSE 1.3 as Direct Linear Solver
 Reference value :  0.00000e+00
No. of Data Rows : 1
v(fb) = 2.769405e+00
v(sns1) = 7.845537e-01
v(sns2) = 7.843041e-01
v(vref) = 1.093230e+00
v(det) = 3.153445e-03
v(cb3) = 7.882087e-01
i(vmkfb) = 3.516305e-15
Note: Simulation executed from .control section 
