Warning: m=xx on .subckt line will override multiplier m hierarchy!

Warning: singular matrix:  check node n.xxtrim.xru247.nr1#i2

Note: Starting dynamic gmin stepping
Warning: spfactor.c, 230, Pivot for step = 1707 not found


The temperature limiting function received NaN.
Please check your power dissipation and improve your heat sink Rth!
    This message will be shown only once.

Note: Dynamic gmin stepping completed

Note: Compatibility modes selected: hs a


Circuit: * sg13g2-bandgap -- second-trim-knob jacobian bench (issue #267): the

Doing analysis at TEMP = 125.000000 and TNOM = 27.000000

Using SPARSE 1.3 as Direct Linear Solver
 Reference value :  0.00000e+00
No. of Data Rows : 1
v(fb) = 2.900821e+00
v(sns1) = 5.862010e-01
v(sns2) = 5.856123e-01
v(vref) = 9.940151e-01
v(det) = 3.160348e-02
v(cb3) = 5.867107e-01
i(vmkfb) = 6.452979e-11
Note: Simulation executed from .control section 
