Warning: m=xx on .subckt line will override multiplier m hierarchy!

Warning: singular matrix:  check nodes n.xxtrim.xru245.nr1#i2 and xxtrim.t219

Note: Starting dynamic gmin stepping


The temperature limiting function received NaN.
Please check your power dissipation and improve your heat sink Rth!
    This message will be shown only once.

Note: Dynamic gmin stepping completed

Note: Compatibility modes selected: hs a


Circuit: * sg13g2-bandgap -- second-trim-knob jacobian bench (issue #267): the

Doing analysis at TEMP = 125.000000 and TNOM = 27.000000

Using SPARSE 1.3 as Direct Linear Solver
OSDI(debug) n.xxtrim.xru248.nr1: WARNING: V(i1,c) voltage is greater than specified by vmax
OSDI(debug) n.xxtrim.xru247.nr1: WARNING: V(i1,c) voltage is greater than specified by vmax
OSDI(debug) n.xxtrim.xru247.nr1: WARNING: V(i2,c) voltage is greater than specified by vmax
OSDI(debug) n.xxtrim.xru246.nr1: WARNING: V(i2,c) voltage is greater than specified by vmax
OSDI(debug) n.xxtrim.xru255.nr1: WARNING: V(i2,c) voltage is greater than specified by vmax
OSDI(debug) n.xxtrim.xru255.nr1: WARNING: V(i2,c) voltage is greater than specified by vmax
 Reference value :  0.00000e+00
No. of Data Rows : 1
v(fb) = 2.886270e+00
v(sns1) = 5.899260e-01
v(sns2) = 5.892992e-01
v(vref) = 1.077509e+00
v(det) = 2.955084e-02
v(cb3) = 5.929454e-01
i(vmkfb) = 6.184868e-11
Note: Simulation executed from .control section 
