Warning: m=xx on .subckt line will override multiplier m hierarchy!

Warning: singular matrix:  check node n.xr2t.nr1#i1

Note: Starting dynamic gmin stepping


The temperature limiting function received NaN.
Please check your power dissipation and improve your heat sink Rth!
    This message will be shown only once.

Note: Dynamic gmin stepping completed

Note: Compatibility modes selected: hs a


Circuit: * sg13g2-bandgap -- second-trim-knob jacobian bench (issue #267): the

Doing analysis at TEMP = 125.000000 and TNOM = 27.000000

Using SPARSE 1.3 as Direct Linear Solver
OSDI(debug) n.xr2t.nr1: WARNING: V(i1,c) voltage is greater than specified by vmax
OSDI(debug) n.xr2.nr1: WARNING: V(i1,c) voltage is greater than specified by vmax
OSDI(debug) n.xr2.nr1: WARNING: V(i2,c) voltage is greater than specified by vmax
OSDI(debug) n.xr2t.nr1: WARNING: V(i1,c) voltage is greater than specified by vmax
OSDI(debug) n.xr2.nr1: WARNING: V(i1,c) voltage is greater than specified by vmax
OSDI(debug) n.xr2.nr1: WARNING: V(i2,c) voltage is greater than specified by vmax
OSDI(debug) n.xr2t.nr1: WARNING: V(i2,c) voltage is greater than specified by vmax
OSDI(debug) n.xr2t.nr1: WARNING: V(i2,c) voltage is greater than specified by vmax
OSDI(debug) n.xr2t.nr1: WARNING: V(i2,c) voltage is greater than specified by vmax
OSDI(debug) n.xr2t.nr1: WARNING: V(i2,c) voltage is greater than specified by vmax
OSDI(debug) n.xr2t.nr1: WARNING: V(i2,c) voltage is greater than specified by vmax
OSDI(debug) n.xr2t.nr1: WARNING: V(i2,c) voltage is greater than specified by vmax
OSDI(debug) n.xr2t.nr1: WARNING: V(i2,c) voltage is greater than specified by vmax
OSDI(debug) n.xr2t.nr1: WARNING: V(i2,c) voltage is greater than specified by vmax
OSDI(debug) n.xr2t.nr1: WARNING: V(i2,c) voltage is greater than specified by vmax
OSDI(debug) n.xr2t.nr1: WARNING: V(i2,c) voltage is greater than specified by vmax
OSDI(debug) n.xr2t.nr1: WARNING: V(i2,c) voltage is greater than specified by vmax
OSDI(debug) n.xr2t.nr1: WARNING: V(i2,c) voltage is greater than specified by vmax
OSDI(debug) n.xr2t.nr1: WARNING: V(i2,c) voltage is greater than specified by vmax
OSDI(debug) n.xr2t.nr1: WARNING: V(i2,c) voltage is greater than specified by vmax
 Reference value :  0.00000e+00
No. of Data Rows : 1
v(fb) = 2.858098e+00
v(sns1) = 5.936477e-01
v(sns2) = 5.930746e-01
v(vref) = 9.990624e-01
v(det) = 1.478764e-01
v(cb3) = 5.940168e-01
i(vmkfb) = 1.597876e-10
Note: Simulation executed from .control section 
