
Note: No compatibility mode selected!


Circuit: * klt sim -- generated corner deck, do not edit

Doing analysis at TEMP = -40.000000 and TNOM = 27.000000

Using SPARSE 1.3 as Direct Linear Solver
Note: Starting dynamic gmin stepping


The temperature limiting function received NaN.
Please check your power dissipation and improve your heat sink Rth!
    This message will be shown only once.

Note: Dynamic gmin stepping completed

No. of Data Rows : 1

  Measurements for AC Analysis


v(fb) = 2.826129e+00
v(sns1) = 7.843475e-01
v(sns2) = 7.840754e-01
v(vref) = 1.046717e+00
v(det) = 6.315408e-03
i(vmkfb) = 3.247402e-15
Doing analysis at TEMP = -40.000000 and TNOM = 27.000000

Using SPARSE 1.3 as Direct Linear Solver
Note: Starting dynamic gmin stepping
Note: Dynamic gmin stepping completed

No. of Data Rows : 271

  Measurements for AC Analysis

psrr_dc_lin         =  3.42215e-04
psrr_1khz_lin       =  3.42796e-04
psrr_100khz_lin     =  2.02426e-03
psrr_1mhz_lin       =  1.98477e-02

                * klt sim -- generated corner deck, do not edit
                AC Analysis  Sun Oct  4 02:09:25  2026
--------------------------------------------------------------------------------
Index   frequency       psrr_db         
--------------------------------------------------------------------------------
0	1.000000e+00	6.931402e+01	
1	1.079775e+00	6.931402e+01	
2	1.165914e+00	6.931402e+01	
3	1.258925e+00	6.931402e+01	
4	1.359356e+00	6.931402e+01	
5	1.467799e+00	6.931402e+01	
6	1.584893e+00	6.931402e+01	
7	1.711328e+00	6.931402e+01	
8	1.847850e+00	6.931402e+01	
9	1.995262e+00	6.931402e+01	
10	2.154435e+00	6.931402e+01	
11	2.326305e+00	6.931402e+01	
12	2.511886e+00	6.931402e+01	
13	2.712273e+00	6.931402e+01	
14	2.928645e+00	6.931402e+01	
15	3.162278e+00	6.931402e+01	
16	3.414549e+00	6.931402e+01	
17	3.686945e+00	6.931402e+01	
18	3.981072e+00	6.931402e+01	
19	4.298662e+00	6.931402e+01	
20	4.641589e+00	6.931402e+01	
21	5.011872e+00	6.931402e+01	
22	5.411695e+00	6.931402e+01	
23	5.843414e+00	6.931402e+01	
24	6.309573e+00	6.931402e+01	
25	6.812921e+00	6.931402e+01	
26	7.356423e+00	6.931402e+01	
27	7.943282e+00	6.931402e+01	
28	8.576959e+00	6.931402e+01	
29	9.261187e+00	6.931402e+01	
30	1.000000e+01	6.931402e+01	
31	1.079775e+01	6.931402e+01	
32	1.165914e+01	6.931402e+01	
33	1.258925e+01	6.931402e+01	
34	1.359356e+01	6.931402e+01	
35	1.467799e+01	6.931402e+01	
36	1.584893e+01	6.931402e+01	
37	1.711328e+01	6.931402e+01	
38	1.847850e+01	6.931402e+01	
39	1.995262e+01	6.931402e+01	
40	2.154435e+01	6.931402e+01	
41	2.326305e+01	6.931402e+01	
42	2.511886e+01	6.931401e+01	
43	2.712273e+01	6.931401e+01	
44	2.928645e+01	6.931401e+01	
45	3.162278e+01	6.931401e+01	
46	3.414549e+01	6.931401e+01	
47	3.686945e+01	6.931400e+01	
48	3.981072e+01	6.931400e+01	
49	4.298662e+01	6.931400e+01	
50	4.641589e+01	6.931399e+01	
51	5.011872e+01	6.931399e+01	
52	5.411695e+01	6.931398e+01	
53	5.843414e+01	6.931397e+01	
54	6.309573e+01	6.931396e+01	

Index   frequency       psrr_db         
--------------------------------------------------------------------------------
55	6.812921e+01	6.931395e+01	
56	7.356423e+01	6.931394e+01	
57	7.943282e+01	6.931393e+01	
58	8.576959e+01	6.931391e+01	
59	9.261187e+01	6.931390e+01	
60	1.000000e+02	6.931388e+01	
61	1.079775e+02	6.931385e+01	
62	1.165914e+02	6.931382e+01	
63	1.258925e+02	6.931379e+01	
64	1.359356e+02	6.931375e+01	
65	1.467799e+02	6.931371e+01	
66	1.584893e+02	6.931365e+01	
67	1.711328e+02	6.931359e+01	
68	1.847850e+02	6.931352e+01	
69	1.995262e+02	6.931344e+01	
70	2.154435e+02	6.931334e+01	
71	2.326305e+02	6.931322e+01	
72	2.511886e+02	6.931309e+01	
73	2.712273e+02	6.931294e+01	
74	2.928645e+02	6.931276e+01	
75	3.162278e+02	6.931255e+01	
76	3.414549e+02	6.931230e+01	
77	3.686945e+02	6.931202e+01	
78	3.981072e+02	6.931168e+01	
79	4.298662e+02	6.931130e+01	
80	4.641589e+02	6.931084e+01	
81	5.011872e+02	6.931032e+01	
82	5.411695e+02	6.930970e+01	
83	5.843414e+02	6.930899e+01	
84	6.309573e+02	6.930815e+01	
85	6.812921e+02	6.930718e+01	
86	7.356423e+02	6.930604e+01	
87	7.943282e+02	6.930472e+01	
88	8.576959e+02	6.930318e+01	
89	9.261187e+02	6.930138e+01	
90	1.000000e+03	6.929929e+01	
91	1.079775e+03	6.929684e+01	
92	1.165914e+03	6.929400e+01	
93	1.258925e+03	6.929069e+01	
94	1.359356e+03	6.928683e+01	
95	1.467799e+03	6.928233e+01	
96	1.584893e+03	6.927710e+01	
97	1.711328e+03	6.927100e+01	
98	1.847850e+03	6.926390e+01	
99	1.995262e+03	6.925564e+01	
100	2.154435e+03	6.924603e+01	
101	2.326305e+03	6.923486e+01	
102	2.511886e+03	6.922186e+01	
103	2.712273e+03	6.920676e+01	
104	2.928645e+03	6.918921e+01	
105	3.162278e+03	6.916885e+01	
106	3.414549e+03	6.914522e+01	
107	3.686945e+03	6.911784e+01	
108	3.981072e+03	6.908613e+01	
109	4.298662e+03	6.904945e+01	
110	4.641589e+03	6.900707e+01	
111	5.011872e+03	6.895818e+01	
112	5.411695e+03	6.890186e+01	

Index   frequency       psrr_db         
--------------------------------------------------------------------------------
113	5.843414e+03	6.883711e+01	
114	6.309573e+03	6.876281e+01	
115	6.812921e+03	6.867776e+01	
116	7.356423e+03	6.858065e+01	
117	7.943282e+03	6.847011e+01	
118	8.576959e+03	6.834469e+01	
119	9.261187e+03	6.820289e+01	
120	1.000000e+04	6.804320e+01	
121	1.079775e+04	6.786414e+01	
122	1.165914e+04	6.766429e+01	
123	1.258925e+04	6.744234e+01	
124	1.359356e+04	6.719711e+01	
125	1.467799e+04	6.692765e+01	
126	1.584893e+04	6.663324e+01	
127	1.711328e+04	6.631344e+01	
128	1.847850e+04	6.596807e+01	
129	1.995262e+04	6.559728e+01	
130	2.154435e+04	6.520151e+01	
131	2.326305e+04	6.478147e+01	
132	2.511886e+04	6.433809e+01	
133	2.712273e+04	6.387253e+01	
134	2.928645e+04	6.338610e+01	
135	3.162278e+04	6.288022e+01	
136	3.414549e+04	6.235636e+01	
137	3.686945e+04	6.181604e+01	
138	3.981072e+04	6.126075e+01	
139	4.298662e+04	6.069195e+01	
140	4.641589e+04	6.011101e+01	
141	5.011872e+04	5.951925e+01	
142	5.411695e+04	5.891788e+01	
143	5.843414e+04	5.830802e+01	
144	6.309573e+04	5.769068e+01	
145	6.812921e+04	5.706678e+01	
146	7.356423e+04	5.643714e+01	
147	7.943282e+04	5.580250e+01	
148	8.576959e+04	5.516350e+01	
149	9.261187e+04	5.452072e+01	
150	1.000000e+05	5.387467e+01	
151	1.079775e+05	5.322578e+01	
152	1.165914e+05	5.257444e+01	
153	1.258925e+05	5.192099e+01	
154	1.359356e+05	5.126572e+01	
155	1.467799e+05	5.060890e+01	
156	1.584893e+05	4.995073e+01	
157	1.711328e+05	4.929143e+01	
158	1.847850e+05	4.863114e+01	
159	1.995262e+05	4.797002e+01	
160	2.154435e+05	4.730821e+01	
161	2.326305e+05	4.664580e+01	
162	2.511886e+05	4.598290e+01	
163	2.712273e+05	4.531960e+01	
164	2.928645e+05	4.465597e+01	
165	3.162278e+05	4.399210e+01	
166	3.414549e+05	4.332803e+01	
167	3.686945e+05	4.266383e+01	
168	3.981072e+05	4.199957e+01	
169	4.298662e+05	4.133529e+01	
170	4.641589e+05	4.067106e+01	

Index   frequency       psrr_db         
--------------------------------------------------------------------------------
171	5.011872e+05	4.000692e+01	
172	5.411695e+05	3.934295e+01	
173	5.843414e+05	3.867919e+01	
174	6.309573e+05	3.801573e+01	
175	6.812921e+05	3.735262e+01	
176	7.356423e+05	3.668996e+01	
177	7.943282e+05	3.602784e+01	
178	8.576959e+05	3.536636e+01	
179	9.261187e+05	3.470563e+01	
180	1.000000e+06	3.404579e+01	
181	1.079775e+06	3.338700e+01	
182	1.165914e+06	3.272941e+01	
183	1.258925e+06	3.207324e+01	
184	1.359356e+06	3.141870e+01	
185	1.467799e+06	3.076605e+01	
186	1.584893e+06	3.011556e+01	
187	1.711328e+06	2.946758e+01	
188	1.847850e+06	2.882246e+01	
189	1.995262e+06	2.818059e+01	
190	2.154435e+06	2.754244e+01	
191	2.326305e+06	2.690848e+01	
192	2.511886e+06	2.627925e+01	
193	2.712273e+06	2.565531e+01	
194	2.928645e+06	2.503725e+01	
195	3.162278e+06	2.442566e+01	
196	3.414549e+06	2.382116e+01	
197	3.686945e+06	2.322429e+01	
198	3.981072e+06	2.263557e+01	
199	4.298662e+06	2.205539e+01	
200	4.641589e+06	2.148398e+01	
201	5.011872e+06	2.092137e+01	
202	5.411695e+06	2.036728e+01	
203	5.843414e+06	1.982111e+01	
204	6.309573e+06	1.928180e+01	
205	6.812921e+06	1.874778e+01	
206	7.356423e+06	1.821692e+01	
207	7.943282e+06	1.768639e+01	
208	8.576959e+06	1.715270e+01	
209	9.261187e+06	1.661156e+01	
210	1.000000e+07	1.605789e+01	
211	1.079775e+07	1.548579e+01	
212	1.165914e+07	1.488852e+01	
213	1.258925e+07	1.425850e+01	
214	1.359356e+07	1.358745e+01	
215	1.467799e+07	1.286651e+01	
216	1.584893e+07	1.208678e+01	
217	1.711328e+07	1.124043e+01	
218	1.847850e+07	1.032320e+01	
219	1.995262e+07	9.339755e+00	
220	2.154435e+07	8.314733e+00	
221	2.326305e+07	7.312555e+00	
222	2.511886e+07	6.463035e+00	
223	2.712273e+07	5.962684e+00	
224	2.928645e+07	5.991387e+00	
225	3.162278e+07	6.569458e+00	
226	3.414549e+07	7.537673e+00	
227	3.686945e+07	8.691274e+00	
228	3.981072e+07	9.883585e+00	

Index   frequency       psrr_db         
--------------------------------------------------------------------------------
229	4.298662e+07	1.103702e+01	
230	4.641589e+07	1.211860e+01	
231	5.011872e+07	1.311817e+01	
232	5.411695e+07	1.403587e+01	
233	5.843414e+07	1.487592e+01	
234	6.309573e+07	1.564373e+01	
235	6.812921e+07	1.634475e+01	
236	7.356423e+07	1.698393e+01	
237	7.943282e+07	1.756571e+01	
238	8.576959e+07	1.809398e+01	
239	9.261187e+07	1.857229e+01	
240	1.000000e+08	1.900394e+01	
241	1.079775e+08	1.939215e+01	
242	1.165914e+08	1.974023e+01	
243	1.258925e+08	2.005166e+01	
244	1.359356e+08	2.033015e+01	
245	1.467799e+08	2.057963e+01	
246	1.584893e+08	2.080414e+01	
247	1.711328e+08	2.100768e+01	
248	1.847850e+08	2.119402e+01	
249	1.995262e+08	2.136645e+01	
250	2.154435e+08	2.152770e+01	
251	2.326305e+08	2.167978e+01	
252	2.511886e+08	2.182405e+01	
253	2.712273e+08	2.196126e+01	
254	2.928645e+08	2.209170e+01	
255	3.162278e+08	2.221531e+01	
256	3.414549e+08	2.233183e+01	
257	3.686945e+08	2.244091e+01	
258	3.981072e+08	2.254214e+01	
259	4.298662e+08	2.263514e+01	
260	4.641589e+08	2.271955e+01	
261	5.011872e+08	2.279503e+01	
262	5.411695e+08	2.286125e+01	
263	5.843414e+08	2.291788e+01	
264	6.309573e+08	2.296456e+01	
265	6.812921e+08	2.300094e+01	
266	7.356423e+08	2.302663e+01	
267	7.943282e+08	2.304127e+01	
268	8.576959e+08	2.304454e+01	
269	9.261187e+08	2.303620e+01	
270	1.000000e+09	2.301614e+01	
Doing analysis at TEMP = -40.000000 and TNOM = 27.000000

Using SPARSE 1.3 as Direct Linear Solver
Note: Starting dynamic gmin stepping
Note: Dynamic gmin stepping completed

No. of Data Rows : 271

  Measurements for AC Analysis

psrr_dc_lin         =  3.42215e-04
psrr_1khz_lin       =  3.42796e-04
psrr_100khz_lin     =  2.02426e-03
psrr_1mhz_lin       =  1.98477e-02

ngspice-46 done
