
Note: No compatibility mode selected!


Circuit: * klt sim -- generated corner deck, do not edit

Doing analysis at TEMP = 27.000000 and TNOM = 27.000000

Using SPARSE 1.3 as Direct Linear Solver
Note: Starting dynamic gmin stepping


The temperature limiting function received NaN.
Please check your power dissipation and improve your heat sink Rth!
    This message will be shown only once.

Note: Dynamic gmin stepping completed

No. of Data Rows : 1

  Measurements for AC Analysis


v(fb) = 2.195064e+00
v(sns1) = 7.079489e-01
v(sns2) = 7.074964e-01
v(vref) = 1.046196e+00
v(det) = 1.204500e-02
i(vmkfb) = 4.242440e-14
Doing analysis at TEMP = 27.000000 and TNOM = 27.000000

Using SPARSE 1.3 as Direct Linear Solver
Note: Starting dynamic gmin stepping
Note: Dynamic gmin stepping completed

No. of Data Rows : 271

  Measurements for AC Analysis

psrr_dc_lin         =  8.47225e-04
psrr_1khz_lin       =  8.47492e-04
psrr_100khz_lin     =  2.28832e-03
psrr_1mhz_lin       =  2.11614e-02

                * klt sim -- generated corner deck, do not edit
                AC Analysis  Sun Oct  4 02:06:56  2026
--------------------------------------------------------------------------------
Index   frequency       psrr_db         
--------------------------------------------------------------------------------
0	1.000000e+00	6.144002e+01	
1	1.079775e+00	6.144002e+01	
2	1.165914e+00	6.144002e+01	
3	1.258925e+00	6.144002e+01	
4	1.359356e+00	6.144002e+01	
5	1.467799e+00	6.144002e+01	
6	1.584893e+00	6.144002e+01	
7	1.711328e+00	6.144002e+01	
8	1.847850e+00	6.144002e+01	
9	1.995262e+00	6.144002e+01	
10	2.154435e+00	6.144002e+01	
11	2.326305e+00	6.144002e+01	
12	2.511886e+00	6.144002e+01	
13	2.712273e+00	6.144002e+01	
14	2.928645e+00	6.144002e+01	
15	3.162278e+00	6.144002e+01	
16	3.414549e+00	6.144002e+01	
17	3.686945e+00	6.144002e+01	
18	3.981072e+00	6.144002e+01	
19	4.298662e+00	6.144002e+01	
20	4.641589e+00	6.144002e+01	
21	5.011872e+00	6.144002e+01	
22	5.411695e+00	6.144002e+01	
23	5.843414e+00	6.144002e+01	
24	6.309573e+00	6.144002e+01	
25	6.812921e+00	6.144002e+01	
26	7.356423e+00	6.144002e+01	
27	7.943282e+00	6.144002e+01	
28	8.576959e+00	6.144002e+01	
29	9.261187e+00	6.144002e+01	
30	1.000000e+01	6.144002e+01	
31	1.079775e+01	6.144002e+01	
32	1.165914e+01	6.144002e+01	
33	1.258925e+01	6.144002e+01	
34	1.359356e+01	6.144002e+01	
35	1.467799e+01	6.144002e+01	
36	1.584893e+01	6.144002e+01	
37	1.711328e+01	6.144002e+01	
38	1.847850e+01	6.144002e+01	
39	1.995262e+01	6.144002e+01	
40	2.154435e+01	6.144002e+01	
41	2.326305e+01	6.144002e+01	
42	2.511886e+01	6.144002e+01	
43	2.712273e+01	6.144002e+01	
44	2.928645e+01	6.144002e+01	
45	3.162278e+01	6.144002e+01	
46	3.414549e+01	6.144002e+01	
47	3.686945e+01	6.144002e+01	
48	3.981072e+01	6.144002e+01	
49	4.298662e+01	6.144002e+01	
50	4.641589e+01	6.144002e+01	
51	5.011872e+01	6.144002e+01	
52	5.411695e+01	6.144002e+01	
53	5.843414e+01	6.144001e+01	
54	6.309573e+01	6.144001e+01	

Index   frequency       psrr_db         
--------------------------------------------------------------------------------
55	6.812921e+01	6.144001e+01	
56	7.356423e+01	6.144001e+01	
57	7.943282e+01	6.144001e+01	
58	8.576959e+01	6.144000e+01	
59	9.261187e+01	6.144000e+01	
60	1.000000e+02	6.144000e+01	
61	1.079775e+02	6.143999e+01	
62	1.165914e+02	6.143999e+01	
63	1.258925e+02	6.143998e+01	
64	1.359356e+02	6.143997e+01	
65	1.467799e+02	6.143996e+01	
66	1.584893e+02	6.143995e+01	
67	1.711328e+02	6.143994e+01	
68	1.847850e+02	6.143993e+01	
69	1.995262e+02	6.143991e+01	
70	2.154435e+02	6.143990e+01	
71	2.326305e+02	6.143988e+01	
72	2.511886e+02	6.143985e+01	
73	2.712273e+02	6.143982e+01	
74	2.928645e+02	6.143979e+01	
75	3.162278e+02	6.143975e+01	
76	3.414549e+02	6.143970e+01	
77	3.686945e+02	6.143965e+01	
78	3.981072e+02	6.143959e+01	
79	4.298662e+02	6.143952e+01	
80	4.641589e+02	6.143943e+01	
81	5.011872e+02	6.143934e+01	
82	5.411695e+02	6.143922e+01	
83	5.843414e+02	6.143909e+01	
84	6.309573e+02	6.143894e+01	
85	6.812921e+02	6.143875e+01	
86	7.356423e+02	6.143854e+01	
87	7.943282e+02	6.143830e+01	
88	8.576959e+02	6.143801e+01	
89	9.261187e+02	6.143768e+01	
90	1.000000e+03	6.143729e+01	
91	1.079775e+03	6.143684e+01	
92	1.165914e+03	6.143631e+01	
93	1.258925e+03	6.143569e+01	
94	1.359356e+03	6.143497e+01	
95	1.467799e+03	6.143414e+01	
96	1.584893e+03	6.143316e+01	
97	1.711328e+03	6.143202e+01	
98	1.847850e+03	6.143070e+01	
99	1.995262e+03	6.142915e+01	
100	2.154435e+03	6.142735e+01	
101	2.326305e+03	6.142525e+01	
102	2.511886e+03	6.142281e+01	
103	2.712273e+03	6.141996e+01	
104	2.928645e+03	6.141664e+01	
105	3.162278e+03	6.141277e+01	
106	3.414549e+03	6.140826e+01	
107	3.686945e+03	6.140301e+01	
108	3.981072e+03	6.139690e+01	
109	4.298662e+03	6.138979e+01	
110	4.641589e+03	6.138151e+01	
111	5.011872e+03	6.137188e+01	
112	5.411695e+03	6.136068e+01	

Index   frequency       psrr_db         
--------------------------------------------------------------------------------
113	5.843414e+03	6.134765e+01	
114	6.309573e+03	6.133251e+01	
115	6.812921e+03	6.131493e+01	
116	7.356423e+03	6.129452e+01	
117	7.943282e+03	6.127084e+01	
118	8.576959e+03	6.124340e+01	
119	9.261187e+03	6.121162e+01	
120	1.000000e+04	6.117486e+01	
121	1.079775e+04	6.113239e+01	
122	1.165914e+04	6.108339e+01	
123	1.258925e+04	6.102696e+01	
124	1.359356e+04	6.096207e+01	
125	1.467799e+04	6.088762e+01	
126	1.584893e+04	6.080240e+01	
127	1.711328e+04	6.070510e+01	
128	1.847850e+04	6.059435e+01	
129	1.995262e+04	6.046870e+01	
130	2.154435e+04	6.032664e+01	
131	2.326305e+04	6.016667e+01	
132	2.511886e+04	5.998732e+01	
133	2.712273e+04	5.978715e+01	
134	2.928645e+04	5.956485e+01	
135	3.162278e+04	5.931927e+01	
136	3.414549e+04	5.904945e+01	
137	3.686945e+04	5.875467e+01	
138	3.981072e+04	5.843449e+01	
139	4.298662e+04	5.808874e+01	
140	4.641589e+04	5.771759e+01	
141	5.011872e+04	5.732146e+01	
142	5.411695e+04	5.690107e+01	
143	5.843414e+04	5.645737e+01	
144	6.309573e+04	5.599151e+01	
145	6.812921e+04	5.550480e+01	
146	7.356423e+04	5.499867e+01	
147	7.943282e+04	5.447459e+01	
148	8.576959e+04	5.393407e+01	
149	9.261187e+04	5.337861e+01	
150	1.000000e+05	5.280967e+01	
151	1.079775e+05	5.222862e+01	
152	1.165914e+05	5.163679e+01	
153	1.258925e+05	5.103537e+01	
154	1.359356e+05	5.042549e+01	
155	1.467799e+05	4.980816e+01	
156	1.584893e+05	4.918431e+01	
157	1.711328e+05	4.855475e+01	
158	1.847850e+05	4.792022e+01	
159	1.995262e+05	4.728138e+01	
160	2.154435e+05	4.663880e+01	
161	2.326305e+05	4.599299e+01	
162	2.511886e+05	4.534440e+01	
163	2.712273e+05	4.469343e+01	
164	2.928645e+05	4.404042e+01	
165	3.162278e+05	4.338567e+01	
166	3.414549e+05	4.272946e+01	
167	3.686945e+05	4.207202e+01	
168	3.981072e+05	4.141355e+01	
169	4.298662e+05	4.075426e+01	
170	4.641589e+05	4.009430e+01	

Index   frequency       psrr_db         
--------------------------------------------------------------------------------
171	5.011872e+05	3.943384e+01	
172	5.411695e+05	3.877301e+01	
173	5.843414e+05	3.811195e+01	
174	6.309573e+05	3.745079e+01	
175	6.812921e+05	3.678967e+01	
176	7.356423e+05	3.612870e+01	
177	7.943282e+05	3.546801e+01	
178	8.576959e+05	3.480775e+01	
179	9.261187e+05	3.414807e+01	
180	1.000000e+06	3.348911e+01	
181	1.079775e+06	3.283105e+01	
182	1.165914e+06	3.217408e+01	
183	1.258925e+06	3.151840e+01	
184	1.359356e+06	3.086426e+01	
185	1.467799e+06	3.021192e+01	
186	1.584893e+06	2.956167e+01	
187	1.711328e+06	2.891383e+01	
188	1.847850e+06	2.826877e+01	
189	1.995262e+06	2.762691e+01	
190	2.154435e+06	2.698866e+01	
191	2.326305e+06	2.635453e+01	
192	2.511886e+06	2.572504e+01	
193	2.712273e+06	2.510072e+01	
194	2.928645e+06	2.448216e+01	
195	3.162278e+06	2.386995e+01	
196	3.414549e+06	2.326464e+01	
197	3.686945e+06	2.266679e+01	
198	3.981072e+06	2.207684e+01	
199	4.298662e+06	2.149516e+01	
200	4.641589e+06	2.092192e+01	
201	5.011872e+06	2.035709e+01	
202	5.411695e+06	1.980033e+01	
203	5.843414e+06	1.925095e+01	
204	6.309573e+06	1.870781e+01	
205	6.812921e+06	1.816927e+01	
206	7.356423e+06	1.763308e+01	
207	7.943282e+06	1.709637e+01	
208	8.576959e+06	1.655554e+01	
209	9.261187e+06	1.600628e+01	
210	1.000000e+07	1.544351e+01	
211	1.079775e+07	1.486138e+01	
212	1.165914e+07	1.425334e+01	
213	1.258925e+07	1.361216e+01	
214	1.359356e+07	1.293020e+01	
215	1.467799e+07	1.219977e+01	
216	1.584893e+07	1.141398e+01	
217	1.711328e+07	1.056853e+01	
218	1.847850e+07	9.665315e+00	
219	1.995262e+07	8.719440e+00	
220	2.154435e+07	7.771920e+00	
221	2.326305e+07	6.907947e+00	
222	2.511886e+07	6.268953e+00	
223	2.712273e+07	6.023089e+00	
224	2.928645e+07	6.269977e+00	
225	3.162278e+07	6.959357e+00	
226	3.414549e+07	7.933443e+00	
227	3.686945e+07	9.032685e+00	
228	3.981072e+07	1.015001e+01	

Index   frequency       psrr_db         
--------------------------------------------------------------------------------
229	4.298662e+07	1.122863e+01	
230	4.641589e+07	1.224353e+01	
231	5.011872e+07	1.318644e+01	
232	5.411695e+07	1.405702e+01	
233	5.843414e+07	1.485827e+01	
234	6.309573e+07	1.559436e+01	
235	6.812921e+07	1.626962e+01	
236	7.356423e+07	1.688811e+01	
237	7.943282e+07	1.745352e+01	
238	8.576959e+07	1.796922e+01	
239	9.261187e+07	1.843827e+01	
240	1.000000e+08	1.886362e+01	
241	1.079775e+08	1.924816e+01	
242	1.165914e+08	1.959487e+01	
243	1.258925e+08	1.990689e+01	
244	1.359356e+08	2.018756e+01	
245	1.467799e+08	2.044038e+01	
246	1.584893e+08	2.066896e+01	
247	1.711328e+08	2.087685e+01	
248	1.847850e+08	2.106737e+01	
249	1.995262e+08	2.124347e+01	
250	2.154435e+08	2.140752e+01	
251	2.326305e+08	2.156134e+01	
252	2.511886e+08	2.170612e+01	
253	2.712273e+08	2.184249e+01	
254	2.928645e+08	2.197066e+01	
255	3.162278e+08	2.209049e+01	
256	3.414549e+08	2.220165e+01	
257	3.686945e+08	2.230367e+01	
258	3.981072e+08	2.239603e+01	
259	4.298662e+08	2.247821e+01	
260	4.641589e+08	2.254968e+01	
261	5.011872e+08	2.260994e+01	
262	5.411695e+08	2.265851e+01	
263	5.843414e+08	2.269489e+01	
264	6.309573e+08	2.271863e+01	
265	6.812921e+08	2.272928e+01	
266	7.356423e+08	2.272644e+01	
267	7.943282e+08	2.270979e+01	
268	8.576959e+08	2.267913e+01	
269	9.261187e+08	2.263442e+01	
270	1.000000e+09	2.257585e+01	
Doing analysis at TEMP = 27.000000 and TNOM = 27.000000

Using SPARSE 1.3 as Direct Linear Solver
Note: Starting dynamic gmin stepping
Note: Dynamic gmin stepping completed

No. of Data Rows : 271

  Measurements for AC Analysis

psrr_dc_lin         =  8.47225e-04
psrr_1khz_lin       =  8.47492e-04
psrr_100khz_lin     =  2.28832e-03
psrr_1mhz_lin       =  2.11614e-02

ngspice-46 done
