
Note: No compatibility mode selected!


Circuit: * klt sim -- generated corner deck, do not edit

Doing analysis at TEMP = 27.000000 and TNOM = 27.000000

Using SPARSE 1.3 as Direct Linear Solver

No. of Data Rows : 1

  Measurements for AC Analysis


v(fb) = 2.855607e+00
v(sns1) = 7.079592e-01
v(sns2) = 7.075418e-01
v(vref) = 1.046499e+00
v(det) = 1.515393e-02
i(vmkfb) = 6.263046e-14
Doing analysis at TEMP = 27.000000 and TNOM = 27.000000

Using SPARSE 1.3 as Direct Linear Solver

No. of Data Rows : 271

  Measurements for AC Analysis

psrr_dc_lin         =  1.79522e-05
psrr_1khz_lin       =  2.70085e-05
psrr_100khz_lin     =  2.01783e-03
psrr_1mhz_lin       =  2.00672e-02

                * klt sim -- generated corner deck, do not edit
                AC Analysis  Sun Oct  4 02:09:23  2026
--------------------------------------------------------------------------------
Index   frequency       psrr_db         
--------------------------------------------------------------------------------
0	1.000000e+00	9.491763e+01	
1	1.079775e+00	9.491763e+01	
2	1.165914e+00	9.491763e+01	
3	1.258925e+00	9.491763e+01	
4	1.359356e+00	9.491762e+01	
5	1.467799e+00	9.491762e+01	
6	1.584893e+00	9.491762e+01	
7	1.711328e+00	9.491762e+01	
8	1.847850e+00	9.491762e+01	
9	1.995262e+00	9.491761e+01	
10	2.154435e+00	9.491761e+01	
11	2.326305e+00	9.491760e+01	
12	2.511886e+00	9.491760e+01	
13	2.712273e+00	9.491759e+01	
14	2.928645e+00	9.491759e+01	
15	3.162278e+00	9.491758e+01	
16	3.414549e+00	9.491757e+01	
17	3.686945e+00	9.491756e+01	
18	3.981072e+00	9.491755e+01	
19	4.298662e+00	9.491753e+01	
20	4.641589e+00	9.491752e+01	
21	5.011872e+00	9.491750e+01	
22	5.411695e+00	9.491747e+01	
23	5.843414e+00	9.491745e+01	
24	6.309573e+00	9.491742e+01	
25	6.812921e+00	9.491738e+01	
26	7.356423e+00	9.491734e+01	
27	7.943282e+00	9.491729e+01	
28	8.576959e+00	9.491723e+01	
29	9.261187e+00	9.491716e+01	
30	1.000000e+01	9.491709e+01	
31	1.079775e+01	9.491699e+01	
32	1.165914e+01	9.491689e+01	
33	1.258925e+01	9.491676e+01	
34	1.359356e+01	9.491662e+01	
35	1.467799e+01	9.491645e+01	
36	1.584893e+01	9.491626e+01	
37	1.711328e+01	9.491603e+01	
38	1.847850e+01	9.491576e+01	
39	1.995262e+01	9.491545e+01	
40	2.154435e+01	9.491509e+01	
41	2.326305e+01	9.491467e+01	
42	2.511886e+01	9.491417e+01	
43	2.712273e+01	9.491360e+01	
44	2.928645e+01	9.491293e+01	
45	3.162278e+01	9.491215e+01	
46	3.414549e+01	9.491124e+01	
47	3.686945e+01	9.491018e+01	
48	3.981072e+01	9.490895e+01	
49	4.298662e+01	9.490751e+01	
50	4.641589e+01	9.490583e+01	
51	5.011872e+01	9.490387e+01	
52	5.411695e+01	9.490159e+01	
53	5.843414e+01	9.489894e+01	
54	6.309573e+01	9.489584e+01	

Index   frequency       psrr_db         
--------------------------------------------------------------------------------
55	6.812921e+01	9.489224e+01	
56	7.356423e+01	9.488804e+01	
57	7.943282e+01	9.488315e+01	
58	8.576959e+01	9.487746e+01	
59	9.261187e+01	9.487083e+01	
60	1.000000e+02	9.486311e+01	
61	1.079775e+02	9.485413e+01	
62	1.165914e+02	9.484368e+01	
63	1.258925e+02	9.483153e+01	
64	1.359356e+02	9.481741e+01	
65	1.467799e+02	9.480100e+01	
66	1.584893e+02	9.478195e+01	
67	1.711328e+02	9.475984e+01	
68	1.847850e+02	9.473421e+01	
69	1.995262e+02	9.470451e+01	
70	2.154435e+02	9.467014e+01	
71	2.326305e+02	9.463041e+01	
72	2.511886e+02	9.458454e+01	
73	2.712273e+02	9.453166e+01	
74	2.928645e+02	9.447081e+01	
75	3.162278e+02	9.440093e+01	
76	3.414549e+02	9.432085e+01	
77	3.686945e+02	9.422931e+01	
78	3.981072e+02	9.412496e+01	
79	4.298662e+02	9.400638e+01	
80	4.641589e+02	9.387210e+01	
81	5.011872e+02	9.372060e+01	
82	5.411695e+02	9.355040e+01	
83	5.843414e+02	9.336003e+01	
84	6.309573e+02	9.314812e+01	
85	6.812921e+02	9.291344e+01	
86	7.356423e+02	9.265493e+01	
87	7.943282e+02	9.237176e+01	
88	8.576959e+02	9.206336e+01	
89	9.261187e+02	9.172944e+01	
90	1.000000e+03	9.136999e+01	
91	1.079775e+03	9.098533e+01	
92	1.165914e+03	9.057605e+01	
93	1.258925e+03	9.014298e+01	
94	1.359356e+03	8.968719e+01	
95	1.467799e+03	8.920993e+01	
96	1.584893e+03	8.871257e+01	
97	1.711328e+03	8.819657e+01	
98	1.847850e+03	8.766342e+01	
99	1.995262e+03	8.711464e+01	
100	2.154435e+03	8.655170e+01	
101	2.326305e+03	8.597601e+01	
102	2.511886e+03	8.538893e+01	
103	2.712273e+03	8.479170e+01	
104	2.928645e+03	8.418549e+01	
105	3.162278e+03	8.357135e+01	
106	3.414549e+03	8.295025e+01	
107	3.686945e+03	8.232305e+01	
108	3.981072e+03	8.169053e+01	
109	4.298662e+03	8.105336e+01	
110	4.641589e+03	8.041215e+01	
111	5.011872e+03	7.976744e+01	
112	5.411695e+03	7.911969e+01	

Index   frequency       psrr_db         
--------------------------------------------------------------------------------
113	5.843414e+03	7.846932e+01	
114	6.309573e+03	7.781668e+01	
115	6.812921e+03	7.716207e+01	
116	7.356423e+03	7.650578e+01	
117	7.943282e+03	7.584803e+01	
118	8.576959e+03	7.518903e+01	
119	9.261187e+03	7.452895e+01	
120	1.000000e+04	7.386794e+01	
121	1.079775e+04	7.320613e+01	
122	1.165914e+04	7.254363e+01	
123	1.258925e+04	7.188054e+01	
124	1.359356e+04	7.121695e+01	
125	1.467799e+04	7.055292e+01	
126	1.584893e+04	6.988852e+01	
127	1.711328e+04	6.922380e+01	
128	1.847850e+04	6.855880e+01	
129	1.995262e+04	6.789357e+01	
130	2.154435e+04	6.722813e+01	
131	2.326305e+04	6.656252e+01	
132	2.511886e+04	6.589676e+01	
133	2.712273e+04	6.523087e+01	
134	2.928645e+04	6.456487e+01	
135	3.162278e+04	6.389878e+01	
136	3.414549e+04	6.323261e+01	
137	3.686945e+04	6.256638e+01	
138	3.981072e+04	6.190008e+01	
139	4.298662e+04	6.123374e+01	
140	4.641589e+04	6.056735e+01	
141	5.011872e+04	5.990093e+01	
142	5.411695e+04	5.923447e+01	
143	5.843414e+04	5.856800e+01	
144	6.309573e+04	5.790150e+01	
145	6.812921e+04	5.723499e+01	
146	7.356423e+04	5.656847e+01	
147	7.943282e+04	5.590193e+01	
148	8.576959e+04	5.523540e+01	
149	9.261187e+04	5.456886e+01	
150	1.000000e+05	5.390231e+01	
151	1.079775e+05	5.323578e+01	
152	1.165914e+05	5.256925e+01	
153	1.258925e+05	5.190273e+01	
154	1.359356e+05	5.123622e+01	
155	1.467799e+05	5.056973e+01	
156	1.584893e+05	4.990326e+01	
157	1.711328e+05	4.923681e+01	
158	1.847850e+05	4.857040e+01	
159	1.995262e+05	4.790402e+01	
160	2.154435e+05	4.723769e+01	
161	2.326305e+05	4.657141e+01	
162	2.511886e+05	4.590519e+01	
163	2.712273e+05	4.523904e+01	
164	2.928645e+05	4.457297e+01	
165	3.162278e+05	4.390700e+01	
166	3.414549e+05	4.324114e+01	
167	3.686945e+05	4.257542e+01	
168	3.981072e+05	4.190985e+01	
169	4.298662e+05	4.124446e+01	
170	4.641589e+05	4.057928e+01	

Index   frequency       psrr_db         
--------------------------------------------------------------------------------
171	5.011872e+05	3.991435e+01	
172	5.411695e+05	3.924970e+01	
173	5.843414e+05	3.858538e+01	
174	6.309573e+05	3.792145e+01	
175	6.812921e+05	3.725796e+01	
176	7.356423e+05	3.659500e+01	
177	7.943282e+05	3.593265e+01	
178	8.576959e+05	3.527099e+01	
179	9.261187e+05	3.461016e+01	
180	1.000000e+06	3.395027e+01	
181	1.079775e+06	3.329148e+01	
182	1.165914e+06	3.263396e+01	
183	1.258925e+06	3.197791e+01	
184	1.359356e+06	3.132354e+01	
185	1.467799e+06	3.067113e+01	
186	1.584893e+06	3.002096e+01	
187	1.711328e+06	2.937336e+01	
188	1.847850e+06	2.872870e+01	
189	1.995262e+06	2.808739e+01	
190	2.154435e+06	2.744989e+01	
191	2.326305e+06	2.681670e+01	
192	2.511886e+06	2.618836e+01	
193	2.712273e+06	2.556545e+01	
194	2.928645e+06	2.494858e+01	
195	3.162278e+06	2.433836e+01	
196	3.414549e+06	2.373541e+01	
197	3.686945e+06	2.314031e+01	
198	3.981072e+06	2.255360e+01	
199	4.298662e+06	2.197568e+01	
200	4.641589e+06	2.140682e+01	
201	5.011872e+06	2.084706e+01	
202	5.411695e+06	2.029617e+01	
203	5.843414e+06	1.975355e+01	
204	6.309573e+06	1.921818e+01	
205	6.812921e+06	1.868853e+01	
206	7.356423e+06	1.816248e+01	
207	7.943282e+06	1.763729e+01	
208	8.576959e+06	1.710949e+01	
209	9.261187e+06	1.657487e+01	
210	1.000000e+07	1.602843e+01	
211	1.079775e+07	1.546437e+01	
212	1.165914e+07	1.487607e+01	
213	1.258925e+07	1.425614e+01	
214	1.359356e+07	1.359648e+01	
215	1.467799e+07	1.288850e+01	
216	1.584893e+07	1.212358e+01	
217	1.711328e+07	1.129418e+01	
218	1.847850e+07	1.039616e+01	
219	1.995262e+07	9.433805e+00	
220	2.154435e+07	8.429913e+00	
221	2.326305e+07	7.443943e+00	
222	2.511886e+07	6.595800e+00	
223	2.712273e+07	6.069865e+00	
224	2.928645e+07	6.044564e+00	
225	3.162278e+07	6.558482e+00	
226	3.414549e+07	7.473993e+00	
227	3.686945e+07	8.593681e+00	
228	3.981072e+07	9.767411e+00	

Index   frequency       psrr_db         
--------------------------------------------------------------------------------
229	4.298662e+07	1.091200e+01	
230	4.641589e+07	1.199027e+01	
231	5.011872e+07	1.298952e+01	
232	5.411695e+07	1.390846e+01	
233	5.843414e+07	1.475055e+01	
234	6.309573e+07	1.552081e+01	
235	6.812921e+07	1.622451e+01	
236	7.356423e+07	1.686656e+01	
237	7.943282e+07	1.745136e+01	
238	8.576959e+07	1.798283e+01	
239	9.261187e+07	1.846454e+01	
240	1.000000e+08	1.889978e+01	
241	1.079775e+08	1.929175e+01	
242	1.165914e+08	1.964369e+01	
243	1.258925e+08	1.995897e+01	
244	1.359356e+08	2.024115e+01	
245	1.467799e+08	2.049400e+01	
246	1.584893e+08	2.072141e+01	
247	1.711328e+08	2.092724e+01	
248	1.847850e+08	2.111517e+01	
249	1.995262e+08	2.128848e+01	
250	2.154435e+08	2.144992e+01	
251	2.326305e+08	2.160160e+01	
252	2.511886e+08	2.174496e+01	
253	2.712273e+08	2.188088e+01	
254	2.928645e+08	2.200973e+01	
255	3.162278e+08	2.213153e+01	
256	3.414549e+08	2.224605e+01	
257	3.686945e+08	2.235295e+01	
258	3.981072e+08	2.245180e+01	
259	4.298662e+08	2.254219e+01	
260	4.641589e+08	2.262368e+01	
261	5.011872e+08	2.269588e+01	
262	5.411695e+08	2.275839e+01	
263	5.843414e+08	2.281083e+01	
264	6.309573e+08	2.285277e+01	
265	6.812921e+08	2.288383e+01	
266	7.356423e+08	2.290359e+01	
267	7.943282e+08	2.291169e+01	
268	8.576959e+08	2.290782e+01	
269	9.261187e+08	2.289177e+01	
270	1.000000e+09	2.286350e+01	
Doing analysis at TEMP = 27.000000 and TNOM = 27.000000

Using SPARSE 1.3 as Direct Linear Solver

No. of Data Rows : 271

  Measurements for AC Analysis

psrr_dc_lin         =  1.79522e-05
psrr_1khz_lin       =  2.70085e-05
psrr_100khz_lin     =  2.01783e-03
psrr_1mhz_lin       =  2.00672e-02

ngspice-46 done
