
Note: No compatibility mode selected!


Circuit: * klt sim -- generated corner deck, do not edit

Doing analysis at TEMP = 27.000000 and TNOM = 27.000000

Using SPARSE 1.3 as Direct Linear Solver

No. of Data Rows : 1

  Measurements for AC Analysis


v(fb) = 2.781108e+00
v(sns1) = 7.135857e-01
v(sns2) = 7.131690e-01
v(vref) = 1.049500e+00
v(det) = 1.921080e-02
i(vmkfb) = 3.333445e-14
Doing analysis at TEMP = 27.000000 and TNOM = 27.000000

Using SPARSE 1.3 as Direct Linear Solver

No. of Data Rows : 271

  Measurements for AC Analysis

psrr_dc_lin         =  4.81894e-05
psrr_1khz_lin       =  5.28172e-05
psrr_100khz_lin     =  2.16244e-03
psrr_1mhz_lin       =  2.14772e-02

                * klt sim -- generated corner deck, do not edit
                AC Analysis  Sun Oct  4 02:05:15  2026
--------------------------------------------------------------------------------
Index   frequency       psrr_db         
--------------------------------------------------------------------------------
0	1.000000e+00	8.634098e+01	
1	1.079775e+00	8.634098e+01	
2	1.165914e+00	8.634098e+01	
3	1.258925e+00	8.634098e+01	
4	1.359356e+00	8.634098e+01	
5	1.467799e+00	8.634098e+01	
6	1.584893e+00	8.634098e+01	
7	1.711328e+00	8.634098e+01	
8	1.847850e+00	8.634097e+01	
9	1.995262e+00	8.634097e+01	
10	2.154435e+00	8.634097e+01	
11	2.326305e+00	8.634097e+01	
12	2.511886e+00	8.634097e+01	
13	2.712273e+00	8.634097e+01	
14	2.928645e+00	8.634097e+01	
15	3.162278e+00	8.634097e+01	
16	3.414549e+00	8.634097e+01	
17	3.686945e+00	8.634097e+01	
18	3.981072e+00	8.634096e+01	
19	4.298662e+00	8.634096e+01	
20	4.641589e+00	8.634096e+01	
21	5.011872e+00	8.634096e+01	
22	5.411695e+00	8.634095e+01	
23	5.843414e+00	8.634095e+01	
24	6.309573e+00	8.634094e+01	
25	6.812921e+00	8.634094e+01	
26	7.356423e+00	8.634093e+01	
27	7.943282e+00	8.634092e+01	
28	8.576959e+00	8.634091e+01	
29	9.261187e+00	8.634090e+01	
30	1.000000e+01	8.634089e+01	
31	1.079775e+01	8.634088e+01	
32	1.165914e+01	8.634086e+01	
33	1.258925e+01	8.634084e+01	
34	1.359356e+01	8.634082e+01	
35	1.467799e+01	8.634079e+01	
36	1.584893e+01	8.634076e+01	
37	1.711328e+01	8.634072e+01	
38	1.847850e+01	8.634068e+01	
39	1.995262e+01	8.634063e+01	
40	2.154435e+01	8.634057e+01	
41	2.326305e+01	8.634050e+01	
42	2.511886e+01	8.634043e+01	
43	2.712273e+01	8.634033e+01	
44	2.928645e+01	8.634023e+01	
45	3.162278e+01	8.634010e+01	
46	3.414549e+01	8.633996e+01	
47	3.686945e+01	8.633979e+01	
48	3.981072e+01	8.633959e+01	
49	4.298662e+01	8.633936e+01	
50	4.641589e+01	8.633909e+01	
51	5.011872e+01	8.633878e+01	
52	5.411695e+01	8.633842e+01	
53	5.843414e+01	8.633799e+01	
54	6.309573e+01	8.633750e+01	

Index   frequency       psrr_db         
--------------------------------------------------------------------------------
55	6.812921e+01	8.633692e+01	
56	7.356423e+01	8.633625e+01	
57	7.943282e+01	8.633547e+01	
58	8.576959e+01	8.633455e+01	
59	9.261187e+01	8.633349e+01	
60	1.000000e+02	8.633224e+01	
61	1.079775e+02	8.633080e+01	
62	1.165914e+02	8.632911e+01	
63	1.258925e+02	8.632714e+01	
64	1.359356e+02	8.632485e+01	
65	1.467799e+02	8.632218e+01	
66	1.584893e+02	8.631907e+01	
67	1.711328e+02	8.631545e+01	
68	1.847850e+02	8.631123e+01	
69	1.995262e+02	8.630631e+01	
70	2.154435e+02	8.630059e+01	
71	2.326305e+02	8.629392e+01	
72	2.511886e+02	8.628617e+01	
73	2.712273e+02	8.627714e+01	
74	2.928645e+02	8.626664e+01	
75	3.162278e+02	8.625443e+01	
76	3.414549e+02	8.624023e+01	
77	3.686945e+02	8.622374e+01	
78	3.981072e+02	8.620459e+01	
79	4.298662e+02	8.618237e+01	
80	4.641589e+02	8.615661e+01	
81	5.011872e+02	8.612676e+01	
82	5.411695e+02	8.609222e+01	
83	5.843414e+02	8.605229e+01	
84	6.309573e+02	8.600619e+01	
85	6.812921e+02	8.595306e+01	
86	7.356423e+02	8.589192e+01	
87	7.943282e+02	8.582171e+01	
88	8.576959e+02	8.574126e+01	
89	9.261187e+02	8.564930e+01	
90	1.000000e+03	8.554449e+01	
91	1.079775e+03	8.542540e+01	
92	1.165914e+03	8.529055e+01	
93	1.258925e+03	8.513844e+01	
94	1.359356e+03	8.496757e+01	
95	1.467799e+03	8.477648e+01	
96	1.584893e+03	8.456381e+01	
97	1.711328e+03	8.432833e+01	
98	1.847850e+03	8.406899e+01	
99	1.995262e+03	8.378497e+01	
100	2.154435e+03	8.347569e+01	
101	2.326305e+03	8.314089e+01	
102	2.511886e+03	8.278058e+01	
103	2.712273e+03	8.239506e+01	
104	2.928645e+03	8.198495e+01	
105	3.162278e+03	8.155109e+01	
106	3.414549e+03	8.109454e+01	
107	3.686945e+03	8.061657e+01	
108	3.981072e+03	8.011855e+01	
109	4.298662e+03	7.960193e+01	
110	4.641589e+03	7.906823e+01	
111	5.011872e+03	7.851894e+01	
112	5.411695e+03	7.795554e+01	

Index   frequency       psrr_db         
--------------------------------------------------------------------------------
113	5.843414e+03	7.737944e+01	
114	6.309573e+03	7.679199e+01	
115	6.812921e+03	7.619443e+01	
116	7.356423e+03	7.558793e+01	
117	7.943282e+03	7.497354e+01	
118	8.576959e+03	7.435222e+01	
119	9.261187e+03	7.372483e+01	
120	1.000000e+04	7.309213e+01	
121	1.079775e+04	7.245481e+01	
122	1.165914e+04	7.181348e+01	
123	1.258925e+04	7.116866e+01	
124	1.359356e+04	7.052082e+01	
125	1.467799e+04	6.987036e+01	
126	1.584893e+04	6.921765e+01	
127	1.711328e+04	6.856299e+01	
128	1.847850e+04	6.790664e+01	
129	1.995262e+04	6.724885e+01	
130	2.154435e+04	6.658981e+01	
131	2.326305e+04	6.592970e+01	
132	2.511886e+04	6.526866e+01	
133	2.712273e+04	6.460683e+01	
134	2.928645e+04	6.394432e+01	
135	3.162278e+04	6.328122e+01	
136	3.414549e+04	6.261762e+01	
137	3.686945e+04	6.195359e+01	
138	3.981072e+04	6.128919e+01	
139	4.298662e+04	6.062447e+01	
140	4.641589e+04	5.995948e+01	
141	5.011872e+04	5.929425e+01	
142	5.411695e+04	5.862883e+01	
143	5.843414e+04	5.796324e+01	
144	6.309573e+04	5.729750e+01	
145	6.812921e+04	5.663165e+01	
146	7.356423e+04	5.596569e+01	
147	7.943282e+04	5.529964e+01	
148	8.576959e+04	5.463352e+01	
149	9.261187e+04	5.396734e+01	
150	1.000000e+05	5.330112e+01	
151	1.079775e+05	5.263485e+01	
152	1.165914e+05	5.196856e+01	
153	1.258925e+05	5.130225e+01	
154	1.359356e+05	5.063594e+01	
155	1.467799e+05	4.996961e+01	
156	1.584893e+05	4.930330e+01	
157	1.711328e+05	4.863700e+01	
158	1.847850e+05	4.797072e+01	
159	1.995262e+05	4.730448e+01	
160	2.154435e+05	4.663827e+01	
161	2.326305e+05	4.597212e+01	
162	2.511886e+05	4.530604e+01	
163	2.712273e+05	4.464003e+01	
164	2.928645e+05	4.397412e+01	
165	3.162278e+05	4.330832e+01	
166	3.414549e+05	4.264265e+01	
167	3.686945e+05	4.197714e+01	
168	3.981072e+05	4.131181e+01	
169	4.298662e+05	4.064670e+01	
170	4.641589e+05	3.998183e+01	

Index   frequency       psrr_db         
--------------------------------------------------------------------------------
171	5.011872e+05	3.931726e+01	
172	5.411695e+05	3.865303e+01	
173	5.843414e+05	3.798919e+01	
174	6.309573e+05	3.732582e+01	
175	6.812921e+05	3.666298e+01	
176	7.356423e+05	3.600077e+01	
177	7.943282e+05	3.533929e+01	
178	8.576959e+05	3.467864e+01	
179	9.261187e+05	3.401897e+01	
180	1.000000e+06	3.336044e+01	
181	1.079775e+06	3.270321e+01	
182	1.165914e+06	3.204749e+01	
183	1.258925e+06	3.139352e+01	
184	1.359356e+06	3.074156e+01	
185	1.467799e+06	3.009190e+01	
186	1.584893e+06	2.944490e+01	
187	1.711328e+06	2.880092e+01	
188	1.847850e+06	2.816039e+01	
189	1.995262e+06	2.752379e+01	
190	2.154435e+06	2.689161e+01	
191	2.326305e+06	2.626443e+01	
192	2.511886e+06	2.564282e+01	
193	2.712273e+06	2.502741e+01	
194	2.928645e+06	2.441882e+01	
195	3.162278e+06	2.381769e+01	
196	3.414549e+06	2.322460e+01	
197	3.686945e+06	2.264008e+01	
198	3.981072e+06	2.206455e+01	
199	4.298662e+06	2.149826e+01	
200	4.641589e+06	2.094124e+01	
201	5.011872e+06	2.039324e+01	
202	5.411695e+06	1.985364e+01	
203	5.843414e+06	1.932139e+01	
204	6.309573e+06	1.879493e+01	
205	6.812921e+06	1.827211e+01	
206	7.356423e+06	1.775015e+01	
207	7.943282e+06	1.722556e+01	
208	8.576959e+06	1.669410e+01	
209	9.261187e+06	1.615078e+01	
210	1.000000e+07	1.558978e+01	
211	1.079775e+07	1.500449e+01	
212	1.165914e+07	1.438751e+01	
213	1.258925e+07	1.373066e+01	
214	1.359356e+07	1.302518e+01	
215	1.467799e+07	1.226204e+01	
216	1.584893e+07	1.143278e+01	
217	1.711328e+07	1.053147e+01	
218	1.847850e+07	9.558812e+00	
219	1.995262e+07	8.531040e+00	
220	2.154435e+07	7.496815e+00	
221	2.326305e+07	6.562983e+00	
222	2.511886e+07	5.910672e+00	
223	2.712273e+07	5.744543e+00	
224	2.928645e+07	6.150640e+00	
225	3.162278e+07	7.015210e+00	
226	3.414549e+07	8.128494e+00	
227	3.686945e+07	9.318274e+00	
228	3.981072e+07	1.048642e+01	

Index   frequency       psrr_db         
--------------------------------------------------------------------------------
229	4.298662e+07	1.158865e+01	
230	4.641589e+07	1.260961e+01	
231	5.011872e+07	1.354743e+01	
232	5.411695e+07	1.440572e+01	
233	5.843414e+07	1.518999e+01	
234	6.309573e+07	1.590594e+01	
235	6.812921e+07	1.655893e+01	
236	7.356423e+07	1.715370e+01	
237	7.943282e+07	1.769442e+01	
238	8.576959e+07	1.818481e+01	
239	9.261187e+07	1.862823e+01	
240	1.000000e+08	1.902782e+01	
241	1.079775e+08	1.938670e+01	
242	1.165914e+08	1.970804e+01	
243	1.258925e+08	1.999516e+01	
244	1.359356e+08	2.025160e+01	
245	1.467799e+08	2.048100e+01	
246	1.584893e+08	2.068709e+01	
247	1.711328e+08	2.087347e+01	
248	1.847850e+08	2.104342e+01	
249	1.995262e+08	2.119978e+01	
250	2.154435e+08	2.134478e+01	
251	2.326305e+08	2.148003e+01	
252	2.511886e+08	2.160653e+01	
253	2.712273e+08	2.172474e+01	
254	2.928645e+08	2.183473e+01	
255	3.162278e+08	2.193624e+01	
256	3.414549e+08	2.202884e+01	
257	3.686945e+08	2.211197e+01	
258	3.981072e+08	2.218503e+01	
259	4.298662e+08	2.224741e+01	
260	4.641589e+08	2.229847e+01	
261	5.011872e+08	2.233761e+01	
262	5.411695e+08	2.236424e+01	
263	5.843414e+08	2.237778e+01	
264	6.309573e+08	2.237774e+01	
265	6.812921e+08	2.236367e+01	
266	7.356423e+08	2.233525e+01	
267	7.943282e+08	2.229232e+01	
268	8.576959e+08	2.223493e+01	
269	9.261187e+08	2.216338e+01	
270	1.000000e+09	2.207827e+01	
Doing analysis at TEMP = 27.000000 and TNOM = 27.000000

Using SPARSE 1.3 as Direct Linear Solver

No. of Data Rows : 271

  Measurements for AC Analysis

psrr_dc_lin         =  4.81894e-05
psrr_1khz_lin       =  5.28172e-05
psrr_100khz_lin     =  2.16244e-03
psrr_1mhz_lin       =  2.14772e-02

ngspice-46 done
