
Note: No compatibility mode selected!


Circuit: * klt sim -- generated corner deck, do not edit

Doing analysis at TEMP = 27.000000 and TNOM = 27.000000

Using SPARSE 1.3 as Direct Linear Solver
Note: Starting dynamic gmin stepping


The temperature limiting function received NaN.
Please check your power dissipation and improve your heat sink Rth!
    This message will be shown only once.

Note: Dynamic gmin stepping completed

No. of Data Rows : 1

  Measurements for AC Analysis


v(fb) = 2.872683e+00
v(sns1) = 7.045367e-01
v(sns2) = 7.041045e-01
v(vref) = 1.045429e+00
v(det) = 6.666110e-03
i(vmkfb) = 5.846157e-13
Doing analysis at TEMP = 27.000000 and TNOM = 27.000000

Using SPARSE 1.3 as Direct Linear Solver
Note: Starting dynamic gmin stepping
Note: Dynamic gmin stepping completed

No. of Data Rows : 271

  Measurements for AC Analysis

psrr_dc_lin         =  1.05834e-05
psrr_1khz_lin       =  2.16388e-05
psrr_100khz_lin     =  1.88735e-03
psrr_1mhz_lin       =  1.87891e-02

                * klt sim -- generated corner deck, do not edit
                AC Analysis  Sun Oct  4 02:01:15  2026
--------------------------------------------------------------------------------
Index   frequency       psrr_db         
--------------------------------------------------------------------------------
0	1.000000e+00	9.950751e+01	
1	1.079775e+00	9.950750e+01	
2	1.165914e+00	9.950750e+01	
3	1.258925e+00	9.950750e+01	
4	1.359356e+00	9.950749e+01	
5	1.467799e+00	9.950749e+01	
6	1.584893e+00	9.950748e+01	
7	1.711328e+00	9.950748e+01	
8	1.847850e+00	9.950747e+01	
9	1.995262e+00	9.950746e+01	
10	2.154435e+00	9.950746e+01	
11	2.326305e+00	9.950744e+01	
12	2.511886e+00	9.950743e+01	
13	2.712273e+00	9.950742e+01	
14	2.928645e+00	9.950740e+01	
15	3.162278e+00	9.950738e+01	
16	3.414549e+00	9.950736e+01	
17	3.686945e+00	9.950733e+01	
18	3.981072e+00	9.950730e+01	
19	4.298662e+00	9.950726e+01	
20	4.641589e+00	9.950722e+01	
21	5.011872e+00	9.950717e+01	
22	5.411695e+00	9.950712e+01	
23	5.843414e+00	9.950705e+01	
24	6.309573e+00	9.950697e+01	
25	6.812921e+00	9.950688e+01	
26	7.356423e+00	9.950677e+01	
27	7.943282e+00	9.950665e+01	
28	8.576959e+00	9.950650e+01	
29	9.261187e+00	9.950634e+01	
30	1.000000e+01	9.950614e+01	
31	1.079775e+01	9.950591e+01	
32	1.165914e+01	9.950564e+01	
33	1.258925e+01	9.950533e+01	
34	1.359356e+01	9.950497e+01	
35	1.467799e+01	9.950454e+01	
36	1.584893e+01	9.950405e+01	
37	1.711328e+01	9.950348e+01	
38	1.847850e+01	9.950281e+01	
39	1.995262e+01	9.950202e+01	
40	2.154435e+01	9.950111e+01	
41	2.326305e+01	9.950005e+01	
42	2.511886e+01	9.949881e+01	
43	2.712273e+01	9.949737e+01	
44	2.928645e+01	9.949569e+01	
45	3.162278e+01	9.949373e+01	
46	3.414549e+01	9.949145e+01	
47	3.686945e+01	9.948878e+01	
48	3.981072e+01	9.948568e+01	
49	4.298662e+01	9.948207e+01	
50	4.641589e+01	9.947786e+01	
51	5.011872e+01	9.947296e+01	
52	5.411695e+01	9.946726e+01	
53	5.843414e+01	9.946061e+01	
54	6.309573e+01	9.945288e+01	

Index   frequency       psrr_db         
--------------------------------------------------------------------------------
55	6.812921e+01	9.944388e+01	
56	7.356423e+01	9.943341e+01	
57	7.943282e+01	9.942123e+01	
58	8.576959e+01	9.940708e+01	
59	9.261187e+01	9.939064e+01	
60	1.000000e+02	9.937155e+01	
61	1.079775e+02	9.934939e+01	
62	1.165914e+02	9.932371e+01	
63	1.258925e+02	9.929395e+01	
64	1.359356e+02	9.925951e+01	
65	1.467799e+02	9.921969e+01	
66	1.584893e+02	9.917373e+01	
67	1.711328e+02	9.912075e+01	
68	1.847850e+02	9.905979e+01	
69	1.995262e+02	9.898977e+01	
70	2.154435e+02	9.890953e+01	
71	2.326305e+02	9.881782e+01	
72	2.511886e+02	9.871328e+01	
73	2.712273e+02	9.859450e+01	
74	2.928645e+02	9.845998e+01	
75	3.162278e+02	9.830824e+01	
76	3.414549e+02	9.813776e+01	
77	3.686945e+02	9.794709e+01	
78	3.981072e+02	9.773487e+01	
79	4.298662e+02	9.749987e+01	
80	4.641589e+02	9.724102e+01	
81	5.011872e+02	9.695750e+01	
82	5.411695e+02	9.664874e+01	
83	5.843414e+02	9.631446e+01	
84	6.309573e+02	9.595466e+01	
85	6.812921e+02	9.556965e+01	
86	7.356423e+02	9.516002e+01	
87	7.943282e+02	9.472663e+01	
88	8.576959e+02	9.427053e+01	
89	9.261187e+02	9.379298e+01	
90	1.000000e+03	9.329535e+01	
91	1.079775e+03	9.277909e+01	
92	1.165914e+03	9.224572e+01	
93	1.258925e+03	9.169673e+01	
94	1.359356e+03	9.113360e+01	
95	1.467799e+03	9.055774e+01	
96	1.584893e+03	8.997051e+01	
97	1.711328e+03	8.937315e+01	
98	1.847850e+03	8.876682e+01	
99	1.995262e+03	8.815258e+01	
100	2.154435e+03	8.753138e+01	
101	2.326305e+03	8.690411e+01	
102	2.511886e+03	8.627151e+01	
103	2.712273e+03	8.563428e+01	
104	2.928645e+03	8.499302e+01	
105	3.162278e+03	8.434826e+01	
106	3.414549e+03	8.370047e+01	
107	3.686945e+03	8.305007e+01	
108	3.981072e+03	8.239740e+01	
109	4.298662e+03	8.174277e+01	
110	4.641589e+03	8.108645e+01	
111	5.011872e+03	8.042869e+01	
112	5.411695e+03	7.976967e+01	

Index   frequency       psrr_db         
--------------------------------------------------------------------------------
113	5.843414e+03	7.910957e+01	
114	6.309573e+03	7.844855e+01	
115	6.812921e+03	7.778673e+01	
116	7.356423e+03	7.712422e+01	
117	7.943282e+03	7.646112e+01	
118	8.576959e+03	7.579752e+01	
119	9.261187e+03	7.513349e+01	
120	1.000000e+04	7.446908e+01	
121	1.079775e+04	7.380435e+01	
122	1.165914e+04	7.313935e+01	
123	1.258925e+04	7.247411e+01	
124	1.359356e+04	7.180867e+01	
125	1.467799e+04	7.114305e+01	
126	1.584893e+04	7.047729e+01	
127	1.711328e+04	6.981140e+01	
128	1.847850e+04	6.914539e+01	
129	1.995262e+04	6.847930e+01	
130	2.154435e+04	6.781312e+01	
131	2.326305e+04	6.714688e+01	
132	2.511886e+04	6.648057e+01	
133	2.712273e+04	6.581422e+01	
134	2.928645e+04	6.514782e+01	
135	3.162278e+04	6.448139e+01	
136	3.414549e+04	6.381492e+01	
137	3.686945e+04	6.314843e+01	
138	3.981072e+04	6.248191e+01	
139	4.298662e+04	6.181538e+01	
140	4.641589e+04	6.114883e+01	
141	5.011872e+04	6.048227e+01	
142	5.411695e+04	5.981569e+01	
143	5.843414e+04	5.914911e+01	
144	6.309573e+04	5.848253e+01	
145	6.812921e+04	5.781593e+01	
146	7.356423e+04	5.714934e+01	
147	7.943282e+04	5.648274e+01	
148	8.576959e+04	5.581615e+01	
149	9.261187e+04	5.514956e+01	
150	1.000000e+05	5.448297e+01	
151	1.079775e+05	5.381639e+01	
152	1.165914e+05	5.314981e+01	
153	1.258925e+05	5.248325e+01	
154	1.359356e+05	5.181670e+01	
155	1.467799e+05	5.115017e+01	
156	1.584893e+05	5.048365e+01	
157	1.711328e+05	4.981716e+01	
158	1.847850e+05	4.915069e+01	
159	1.995262e+05	4.848425e+01	
160	2.154435e+05	4.781785e+01	
161	2.326305e+05	4.715149e+01	
162	2.511886e+05	4.648518e+01	
163	2.712273e+05	4.581893e+01	
164	2.928645e+05	4.515275e+01	
165	3.162278e+05	4.448665e+01	
166	3.414549e+05	4.382064e+01	
167	3.686945e+05	4.315474e+01	
168	3.981072e+05	4.248896e+01	
169	4.298662e+05	4.182333e+01	
170	4.641589e+05	4.115787e+01	

Index   frequency       psrr_db         
--------------------------------------------------------------------------------
171	5.011872e+05	4.049261e+01	
172	5.411695e+05	3.982759e+01	
173	5.843414e+05	3.916283e+01	
174	6.309573e+05	3.849839e+01	
175	6.812921e+05	3.783431e+01	
176	7.356423e+05	3.717066e+01	
177	7.943282e+05	3.650751e+01	
178	8.576959e+05	3.584492e+01	
179	9.261187e+05	3.518301e+01	
180	1.000000e+06	3.452187e+01	
181	1.079775e+06	3.386163e+01	
182	1.165914e+06	3.320243e+01	
183	1.258925e+06	3.254444e+01	
184	1.359356e+06	3.188783e+01	
185	1.467799e+06	3.123284e+01	
186	1.584893e+06	3.057969e+01	
187	1.711328e+06	2.992867e+01	
188	1.847850e+06	2.928010e+01	
189	1.995262e+06	2.863432e+01	
190	2.154435e+06	2.799174e+01	
191	2.326305e+06	2.735278e+01	
192	2.511886e+06	2.671793e+01	
193	2.712273e+06	2.608770e+01	
194	2.928645e+06	2.546266e+01	
195	3.162278e+06	2.484338e+01	
196	3.414549e+06	2.423048e+01	
197	3.686945e+06	2.362454e+01	
198	3.981072e+06	2.302615e+01	
199	4.298662e+06	2.243582e+01	
200	4.641589e+06	2.185397e+01	
201	5.011872e+06	2.128088e+01	
202	5.411695e+06	2.071662e+01	
203	5.843414e+06	2.016097e+01	
204	6.309573e+06	1.961341e+01	
205	6.812921e+06	1.907297e+01	
206	7.356423e+06	1.853820e+01	
207	7.943282e+06	1.800707e+01	
208	8.576959e+06	1.747692e+01	
209	9.261187e+06	1.694438e+01	
210	1.000000e+07	1.640536e+01	
211	1.079775e+07	1.585496e+01	
212	1.165914e+07	1.528753e+01	
213	1.258925e+07	1.469661e+01	
214	1.359356e+07	1.407505e+01	
215	1.467799e+07	1.341513e+01	
216	1.584893e+07	1.270888e+01	
217	1.711328e+07	1.194876e+01	
218	1.847850e+07	1.112908e+01	
219	1.995262e+07	1.024895e+01	
220	2.154435e+07	9.318168e+00	
221	2.326305e+07	8.368269e+00	
222	2.511886e+07	7.470093e+00	
223	2.712273e+07	6.751051e+00	
224	2.928645e+07	6.382476e+00	
225	3.162278e+07	6.498621e+00	
226	3.414549e+07	7.093049e+00	
227	3.686945e+07	8.023653e+00	
228	3.981072e+07	9.118932e+00	

Index   frequency       psrr_db         
--------------------------------------------------------------------------------
229	4.298662e+07	1.025395e+01	
230	4.641589e+07	1.135927e+01	
231	5.011872e+07	1.240306e+01	
232	5.411695e+07	1.337384e+01	
233	5.843414e+07	1.426997e+01	
234	6.309573e+07	1.509407e+01	
235	6.812921e+07	1.585029e+01	
236	7.356423e+07	1.654312e+01	
237	7.943282e+07	1.717683e+01	
238	8.576959e+07	1.775531e+01	
239	9.261187e+07	1.828211e+01	
240	1.000000e+08	1.876049e+01	
241	1.079775e+08	1.919356e+01	
242	1.165914e+08	1.958442e+01	
243	1.258925e+08	1.993626e+01	
244	1.359356e+08	2.025244e+01	
245	1.467799e+08	2.053657e+01	
246	1.584893e+08	2.079245e+01	
247	1.711328e+08	2.102397e+01	
248	1.847850e+08	2.123499e+01	
249	1.995262e+08	2.142910e+01	
250	2.154435e+08	2.160946e+01	
251	2.326305e+08	2.177864e+01	
252	2.511886e+08	2.193854e+01	
253	2.712273e+08	2.209040e+01	
254	2.928645e+08	2.223490e+01	
255	3.162278e+08	2.237225e+01	
256	3.414549e+08	2.250233e+01	
257	3.686945e+08	2.262484e+01	
258	3.981072e+08	2.273939e+01	
259	4.298662e+08	2.284555e+01	
260	4.641589e+08	2.294293e+01	
261	5.011872e+08	2.303118e+01	
262	5.411695e+08	2.310995e+01	
263	5.843414e+08	2.317894e+01	
264	6.309573e+08	2.323783e+01	
265	6.812921e+08	2.328629e+01	
266	7.356423e+08	2.332400e+01	
267	7.943282e+08	2.335059e+01	
268	8.576959e+08	2.336573e+01	
269	9.261187e+08	2.336910e+01	
270	1.000000e+09	2.336049e+01	
Doing analysis at TEMP = 27.000000 and TNOM = 27.000000

Using SPARSE 1.3 as Direct Linear Solver
Note: Starting dynamic gmin stepping
Note: Dynamic gmin stepping completed

No. of Data Rows : 271

  Measurements for AC Analysis

psrr_dc_lin         =  1.05834e-05
psrr_1khz_lin       =  2.16388e-05
psrr_100khz_lin     =  1.88735e-03
psrr_1mhz_lin       =  1.87891e-02

ngspice-46 done
