
Note: No compatibility mode selected!


Circuit: * klt sim -- generated corner deck, do not edit

Doing analysis at TEMP = -40.000000 and TNOM = 27.000000

Using SPARSE 1.3 as Direct Linear Solver

No. of Data Rows : 1

  Measurements for AC Analysis


v(fb) = 2.109258e+00
v(sns1) = 7.844299e-01
v(sns2) = 7.840957e-01
v(vref) = 1.045786e+00
v(det) = 2.585408e-03
i(vmkfb) = 2.567391e-15
Doing analysis at TEMP = -40.000000 and TNOM = 27.000000

Using SPARSE 1.3 as Direct Linear Solver

No. of Data Rows : 271

  Measurements for AC Analysis

psrr_dc_lin         =  8.66669e-04
psrr_1khz_lin       =  8.66933e-04
psrr_100khz_lin     =  2.30955e-03
psrr_1mhz_lin       =  2.13149e-02

                * klt sim -- generated corner deck, do not edit
                AC Analysis  Sun Oct  4 02:10:49  2026
--------------------------------------------------------------------------------
Index   frequency       psrr_db         
--------------------------------------------------------------------------------
0	1.000000e+00	6.124294e+01	
1	1.079775e+00	6.124294e+01	
2	1.165914e+00	6.124294e+01	
3	1.258925e+00	6.124294e+01	
4	1.359356e+00	6.124294e+01	
5	1.467799e+00	6.124294e+01	
6	1.584893e+00	6.124294e+01	
7	1.711328e+00	6.124294e+01	
8	1.847850e+00	6.124294e+01	
9	1.995262e+00	6.124294e+01	
10	2.154435e+00	6.124294e+01	
11	2.326305e+00	6.124294e+01	
12	2.511886e+00	6.124294e+01	
13	2.712273e+00	6.124294e+01	
14	2.928645e+00	6.124294e+01	
15	3.162278e+00	6.124294e+01	
16	3.414549e+00	6.124294e+01	
17	3.686945e+00	6.124294e+01	
18	3.981072e+00	6.124294e+01	
19	4.298662e+00	6.124294e+01	
20	4.641589e+00	6.124294e+01	
21	5.011872e+00	6.124294e+01	
22	5.411695e+00	6.124294e+01	
23	5.843414e+00	6.124294e+01	
24	6.309573e+00	6.124294e+01	
25	6.812921e+00	6.124294e+01	
26	7.356423e+00	6.124294e+01	
27	7.943282e+00	6.124294e+01	
28	8.576959e+00	6.124294e+01	
29	9.261187e+00	6.124294e+01	
30	1.000000e+01	6.124294e+01	
31	1.079775e+01	6.124294e+01	
32	1.165914e+01	6.124294e+01	
33	1.258925e+01	6.124294e+01	
34	1.359356e+01	6.124294e+01	
35	1.467799e+01	6.124294e+01	
36	1.584893e+01	6.124294e+01	
37	1.711328e+01	6.124294e+01	
38	1.847850e+01	6.124294e+01	
39	1.995262e+01	6.124294e+01	
40	2.154435e+01	6.124294e+01	
41	2.326305e+01	6.124294e+01	
42	2.511886e+01	6.124294e+01	
43	2.712273e+01	6.124294e+01	
44	2.928645e+01	6.124294e+01	
45	3.162278e+01	6.124294e+01	
46	3.414549e+01	6.124294e+01	
47	3.686945e+01	6.124294e+01	
48	3.981072e+01	6.124294e+01	
49	4.298662e+01	6.124293e+01	
50	4.641589e+01	6.124293e+01	
51	5.011872e+01	6.124293e+01	
52	5.411695e+01	6.124293e+01	
53	5.843414e+01	6.124293e+01	
54	6.309573e+01	6.124293e+01	

Index   frequency       psrr_db         
--------------------------------------------------------------------------------
55	6.812921e+01	6.124293e+01	
56	7.356423e+01	6.124293e+01	
57	7.943282e+01	6.124292e+01	
58	8.576959e+01	6.124292e+01	
59	9.261187e+01	6.124292e+01	
60	1.000000e+02	6.124291e+01	
61	1.079775e+02	6.124291e+01	
62	1.165914e+02	6.124290e+01	
63	1.258925e+02	6.124290e+01	
64	1.359356e+02	6.124289e+01	
65	1.467799e+02	6.124288e+01	
66	1.584893e+02	6.124287e+01	
67	1.711328e+02	6.124286e+01	
68	1.847850e+02	6.124285e+01	
69	1.995262e+02	6.124283e+01	
70	2.154435e+02	6.124282e+01	
71	2.326305e+02	6.124280e+01	
72	2.511886e+02	6.124277e+01	
73	2.712273e+02	6.124274e+01	
74	2.928645e+02	6.124271e+01	
75	3.162278e+02	6.124267e+01	
76	3.414549e+02	6.124263e+01	
77	3.686945e+02	6.124258e+01	
78	3.981072e+02	6.124252e+01	
79	4.298662e+02	6.124245e+01	
80	4.641589e+02	6.124237e+01	
81	5.011872e+02	6.124227e+01	
82	5.411695e+02	6.124216e+01	
83	5.843414e+02	6.124203e+01	
84	6.309573e+02	6.124188e+01	
85	6.812921e+02	6.124171e+01	
86	7.356423e+02	6.124151e+01	
87	7.943282e+02	6.124127e+01	
88	8.576959e+02	6.124099e+01	
89	9.261187e+02	6.124067e+01	
90	1.000000e+03	6.124029e+01	
91	1.079775e+03	6.123985e+01	
92	1.165914e+03	6.123934e+01	
93	1.258925e+03	6.123874e+01	
94	1.359356e+03	6.123805e+01	
95	1.467799e+03	6.123723e+01	
96	1.584893e+03	6.123629e+01	
97	1.711328e+03	6.123519e+01	
98	1.847850e+03	6.123390e+01	
99	1.995262e+03	6.123240e+01	
100	2.154435e+03	6.123066e+01	
101	2.326305e+03	6.122862e+01	
102	2.511886e+03	6.122625e+01	
103	2.712273e+03	6.122349e+01	
104	2.928645e+03	6.122027e+01	
105	3.162278e+03	6.121652e+01	
106	3.414549e+03	6.121215e+01	
107	3.686945e+03	6.120706e+01	
108	3.981072e+03	6.120114e+01	
109	4.298662e+03	6.119424e+01	
110	4.641589e+03	6.118622e+01	
111	5.011872e+03	6.117688e+01	
112	5.411695e+03	6.116601e+01	

Index   frequency       psrr_db         
--------------------------------------------------------------------------------
113	5.843414e+03	6.115338e+01	
114	6.309573e+03	6.113870e+01	
115	6.812921e+03	6.112164e+01	
116	7.356423e+03	6.110184e+01	
117	7.943282e+03	6.107887e+01	
118	8.576959e+03	6.105224e+01	
119	9.261187e+03	6.102139e+01	
120	1.000000e+04	6.098570e+01	
121	1.079775e+04	6.094446e+01	
122	1.165914e+04	6.089686e+01	
123	1.258925e+04	6.084202e+01	
124	1.359356e+04	6.077893e+01	
125	1.467799e+04	6.070653e+01	
126	1.584893e+04	6.062360e+01	
127	1.711328e+04	6.052888e+01	
128	1.847850e+04	6.042098e+01	
129	1.995262e+04	6.029848e+01	
130	2.154435e+04	6.015988e+01	
131	2.326305e+04	6.000369e+01	
132	2.511886e+04	5.982840e+01	
133	2.712273e+04	5.963258e+01	
134	2.928645e+04	5.941489e+01	
135	3.162278e+04	5.917413e+01	
136	3.414549e+04	5.890931e+01	
137	3.686945e+04	5.861966e+01	
138	3.981072e+04	5.830467e+01	
139	4.298662e+04	5.796413e+01	
140	4.641589e+04	5.759813e+01	
141	5.011872e+04	5.720704e+01	
142	5.411695e+04	5.679152e+01	
143	5.843414e+04	5.635248e+01	
144	6.309573e+04	5.589103e+01	
145	6.812921e+04	5.540845e+01	
146	7.356423e+04	5.490615e+01	
147	7.943282e+04	5.438561e+01	
148	8.576959e+04	5.384831e+01	
149	9.261187e+04	5.329578e+01	
150	1.000000e+05	5.272947e+01	
151	1.079775e+05	5.215078e+01	
152	1.165914e+05	5.156104e+01	
153	1.258925e+05	5.096148e+01	
154	1.359356e+05	5.035323e+01	
155	1.467799e+05	4.973735e+01	
156	1.584893e+05	4.911475e+01	
157	1.711328e+05	4.848629e+01	
158	1.847850e+05	4.785272e+01	
159	1.995262e+05	4.721471e+01	
160	2.154435e+05	4.657285e+01	
161	2.326305e+05	4.592766e+01	
162	2.511886e+05	4.527961e+01	
163	2.712273e+05	4.462910e+01	
164	2.928645e+05	4.397648e+01	
165	3.162278e+05	4.332207e+01	
166	3.414549e+05	4.266613e+01	
167	3.686945e+05	4.200893e+01	
168	3.981072e+05	4.135066e+01	
169	4.298662e+05	4.069153e+01	
170	4.641589e+05	4.003170e+01	

Index   frequency       psrr_db         
--------------------------------------------------------------------------------
171	5.011872e+05	3.937133e+01	
172	5.411695e+05	3.871057e+01	
173	5.843414e+05	3.804956e+01	
174	6.309573e+05	3.738842e+01	
175	6.812921e+05	3.672729e+01	
176	7.356423e+05	3.606630e+01	
177	7.943282e+05	3.540556e+01	
178	8.576959e+05	3.474522e+01	
179	9.261187e+05	3.408543e+01	
180	1.000000e+06	3.342633e+01	
181	1.079775e+06	3.276810e+01	
182	1.165914e+06	3.211092e+01	
183	1.258925e+06	3.145500e+01	
184	1.359356e+06	3.080056e+01	
185	1.467799e+06	3.014787e+01	
186	1.584893e+06	2.949721e+01	
187	1.711328e+06	2.884889e+01	
188	1.847850e+06	2.820328e+01	
189	1.995262e+06	2.756076e+01	
190	2.154435e+06	2.692176e+01	
191	2.326305e+06	2.628676e+01	
192	2.511886e+06	2.565626e+01	
193	2.712273e+06	2.503079e+01	
194	2.928645e+06	2.441091e+01	
195	3.162278e+06	2.379717e+01	
196	3.414549e+06	2.319014e+01	
197	3.686945e+06	2.259031e+01	
198	3.981072e+06	2.199812e+01	
199	4.298662e+06	2.141390e+01	
200	4.641589e+06	2.083780e+01	
201	5.011872e+06	2.026974e+01	
202	5.411695e+06	1.970937e+01	
203	5.843414e+06	1.915594e+01	
204	6.309573e+06	1.860830e+01	
205	6.812921e+06	1.806474e+01	
206	7.356423e+06	1.752299e+01	
207	7.943282e+06	1.698013e+01	
208	8.576959e+06	1.643251e+01	
209	9.261187e+06	1.587578e+01	
210	1.000000e+07	1.530481e+01	
211	1.079775e+07	1.471370e+01	
212	1.165914e+07	1.409588e+01	
213	1.258925e+07	1.344416e+01	
214	1.359356e+07	1.275100e+01	
215	1.467799e+07	1.200896e+01	
216	1.584893e+07	1.121179e+01	
217	1.711328e+07	1.035646e+01	
218	1.847850e+07	9.447323e+00	
219	1.995262e+07	8.504176e+00	
220	2.154435e+07	7.575946e+00	
221	2.326305e+07	6.758601e+00	
222	2.511886e+07	6.201023e+00	
223	2.712273e+07	6.061799e+00	
224	2.928645e+07	6.409732e+00	
225	3.162278e+07	7.166284e+00	
226	3.414549e+07	8.169610e+00	
227	3.686945e+07	9.272207e+00	
228	3.981072e+07	1.037986e+01	

Index   frequency       psrr_db         
--------------------------------------------------------------------------------
229	4.298662e+07	1.144398e+01	
230	4.641589e+07	1.244375e+01	
231	5.011872e+07	1.337274e+01	
232	5.411695e+07	1.423125e+01	
233	5.843414e+07	1.502243e+01	
234	6.309573e+07	1.575033e+01	
235	6.812921e+07	1.641908e+01	
236	7.356423e+07	1.703254e+01	
237	7.943282e+07	1.759419e+01	
238	8.576959e+07	1.810716e+01	
239	9.261187e+07	1.857438e+01	
240	1.000000e+08	1.899860e+01	
241	1.079775e+08	1.938260e+01	
242	1.165914e+08	1.972925e+01	
243	1.258925e+08	2.004160e+01	
244	1.359356e+08	2.032290e+01	
245	1.467799e+08	2.057662e+01	
246	1.584893e+08	2.080629e+01	
247	1.711328e+08	2.101538e+01	
248	1.847850e+08	2.120712e+01	
249	1.995262e+08	2.138430e+01	
250	2.154435e+08	2.154915e+01	
251	2.326305e+08	2.170327e+01	
252	2.511886e+08	2.184766e+01	
253	2.712273e+08	2.198276e+01	
254	2.928645e+08	2.210858e+01	
255	3.162278e+08	2.222484e+01	
256	3.414549e+08	2.233104e+01	
257	3.686945e+08	2.242660e+01	
258	3.981072e+08	2.251089e+01	
259	4.298662e+08	2.258328e+01	
260	4.641589e+08	2.264317e+01	
261	5.011872e+08	2.268997e+01	
262	5.411695e+08	2.272313e+01	
263	5.843414e+08	2.274211e+01	
264	6.309573e+08	2.274643e+01	
265	6.812921e+08	2.273563e+01	
266	7.356423e+08	2.270938e+01	
267	7.943282e+08	2.266744e+01	
268	8.576959e+08	2.260976e+01	
269	9.261187e+08	2.253651e+01	
270	1.000000e+09	2.244813e+01	
Doing analysis at TEMP = -40.000000 and TNOM = 27.000000

Using SPARSE 1.3 as Direct Linear Solver

No. of Data Rows : 271

  Measurements for AC Analysis

psrr_dc_lin         =  8.66669e-04
psrr_1khz_lin       =  8.66933e-04
psrr_100khz_lin     =  2.30955e-03
psrr_1mhz_lin       =  2.13149e-02

ngspice-46 done
