
Note: No compatibility mode selected!


Circuit: * klt sim -- generated corner deck, do not edit

Doing analysis at TEMP = 125.000000 and TNOM = 27.000000

Using SPARSE 1.3 as Direct Linear Solver
Warning: singular matrix:  check node n.xru212.nr1#i2

Note: Starting dynamic gmin stepping


The temperature limiting function received NaN.
Please check your power dissipation and improve your heat sink Rth!
    This message will be shown only once.

Note: Dynamic gmin stepping completed

No. of Data Rows : 1

  Measurements for AC Analysis


v(fb) = 2.198178e+00
v(sns1) = 5.897990e-01
v(sns2) = 5.891069e-01
v(vref) = 1.040223e+00
v(det) = 1.458356e-02
i(vmkfb) = 7.142693e-11
Doing analysis at TEMP = 125.000000 and TNOM = 27.000000

Using SPARSE 1.3 as Direct Linear Solver
Warning: singular matrix:  check node n.xru212.nr1#i2

Note: Starting dynamic gmin stepping
Note: Dynamic gmin stepping completed

No. of Data Rows : 271

  Measurements for AC Analysis

psrr_dc_lin         =  9.43898e-04
psrr_1khz_lin       =  9.44153e-04
psrr_100khz_lin     =  2.38761e-03
psrr_1mhz_lin       =  2.18343e-02

                * klt sim -- generated corner deck, do not edit
                AC Analysis  Sun Oct  4 02:10:50  2026
--------------------------------------------------------------------------------
Index   frequency       psrr_db         
--------------------------------------------------------------------------------
0	1.000000e+00	6.050149e+01	
1	1.079775e+00	6.050149e+01	
2	1.165914e+00	6.050149e+01	
3	1.258925e+00	6.050149e+01	
4	1.359356e+00	6.050149e+01	
5	1.467799e+00	6.050149e+01	
6	1.584893e+00	6.050149e+01	
7	1.711328e+00	6.050149e+01	
8	1.847850e+00	6.050149e+01	
9	1.995262e+00	6.050149e+01	
10	2.154435e+00	6.050149e+01	
11	2.326305e+00	6.050149e+01	
12	2.511886e+00	6.050149e+01	
13	2.712273e+00	6.050149e+01	
14	2.928645e+00	6.050149e+01	
15	3.162278e+00	6.050149e+01	
16	3.414549e+00	6.050149e+01	
17	3.686945e+00	6.050149e+01	
18	3.981072e+00	6.050149e+01	
19	4.298662e+00	6.050149e+01	
20	4.641589e+00	6.050149e+01	
21	5.011872e+00	6.050149e+01	
22	5.411695e+00	6.050149e+01	
23	5.843414e+00	6.050149e+01	
24	6.309573e+00	6.050149e+01	
25	6.812921e+00	6.050149e+01	
26	7.356423e+00	6.050149e+01	
27	7.943282e+00	6.050149e+01	
28	8.576959e+00	6.050149e+01	
29	9.261187e+00	6.050149e+01	
30	1.000000e+01	6.050149e+01	
31	1.079775e+01	6.050149e+01	
32	1.165914e+01	6.050149e+01	
33	1.258925e+01	6.050149e+01	
34	1.359356e+01	6.050149e+01	
35	1.467799e+01	6.050149e+01	
36	1.584893e+01	6.050149e+01	
37	1.711328e+01	6.050149e+01	
38	1.847850e+01	6.050149e+01	
39	1.995262e+01	6.050149e+01	
40	2.154435e+01	6.050149e+01	
41	2.326305e+01	6.050149e+01	
42	2.511886e+01	6.050149e+01	
43	2.712273e+01	6.050149e+01	
44	2.928645e+01	6.050149e+01	
45	3.162278e+01	6.050149e+01	
46	3.414549e+01	6.050149e+01	
47	3.686945e+01	6.050149e+01	
48	3.981072e+01	6.050149e+01	
49	4.298662e+01	6.050149e+01	
50	4.641589e+01	6.050149e+01	
51	5.011872e+01	6.050149e+01	
52	5.411695e+01	6.050149e+01	
53	5.843414e+01	6.050149e+01	
54	6.309573e+01	6.050149e+01	

Index   frequency       psrr_db         
--------------------------------------------------------------------------------
55	6.812921e+01	6.050148e+01	
56	7.356423e+01	6.050148e+01	
57	7.943282e+01	6.050148e+01	
58	8.576959e+01	6.050148e+01	
59	9.261187e+01	6.050147e+01	
60	1.000000e+02	6.050147e+01	
61	1.079775e+02	6.050147e+01	
62	1.165914e+02	6.050146e+01	
63	1.258925e+02	6.050146e+01	
64	1.359356e+02	6.050145e+01	
65	1.467799e+02	6.050144e+01	
66	1.584893e+02	6.050144e+01	
67	1.711328e+02	6.050143e+01	
68	1.847850e+02	6.050141e+01	
69	1.995262e+02	6.050140e+01	
70	2.154435e+02	6.050139e+01	
71	2.326305e+02	6.050137e+01	
72	2.511886e+02	6.050135e+01	
73	2.712273e+02	6.050132e+01	
74	2.928645e+02	6.050129e+01	
75	3.162278e+02	6.050126e+01	
76	3.414549e+02	6.050122e+01	
77	3.686945e+02	6.050118e+01	
78	3.981072e+02	6.050112e+01	
79	4.298662e+02	6.050106e+01	
80	4.641589e+02	6.050099e+01	
81	5.011872e+02	6.050091e+01	
82	5.411695e+02	6.050081e+01	
83	5.843414e+02	6.050069e+01	
84	6.309573e+02	6.050056e+01	
85	6.812921e+02	6.050041e+01	
86	7.356423e+02	6.050023e+01	
87	7.943282e+02	6.050002e+01	
88	8.576959e+02	6.049977e+01	
89	9.261187e+02	6.049948e+01	
90	1.000000e+03	6.049915e+01	
91	1.079775e+03	6.049876e+01	
92	1.165914e+03	6.049831e+01	
93	1.258925e+03	6.049778e+01	
94	1.359356e+03	6.049716e+01	
95	1.467799e+03	6.049645e+01	
96	1.584893e+03	6.049561e+01	
97	1.711328e+03	6.049463e+01	
98	1.847850e+03	6.049350e+01	
99	1.995262e+03	6.049217e+01	
100	2.154435e+03	6.049062e+01	
101	2.326305e+03	6.048882e+01	
102	2.511886e+03	6.048673e+01	
103	2.712273e+03	6.048428e+01	
104	2.928645e+03	6.048143e+01	
105	3.162278e+03	6.047811e+01	
106	3.414549e+03	6.047424e+01	
107	3.686945e+03	6.046974e+01	
108	3.981072e+03	6.046449e+01	
109	4.298662e+03	6.045838e+01	
110	4.641589e+03	6.045127e+01	
111	5.011872e+03	6.044299e+01	
112	5.411695e+03	6.043336e+01	

Index   frequency       psrr_db         
--------------------------------------------------------------------------------
113	5.843414e+03	6.042216e+01	
114	6.309573e+03	6.040914e+01	
115	6.812921e+03	6.039400e+01	
116	7.356423e+03	6.037642e+01	
117	7.943282e+03	6.035601e+01	
118	8.576959e+03	6.033234e+01	
119	9.261187e+03	6.030490e+01	
120	1.000000e+04	6.027313e+01	
121	1.079775e+04	6.023637e+01	
122	1.165914e+04	6.019391e+01	
123	1.258925e+04	6.014492e+01	
124	1.359356e+04	6.008849e+01	
125	1.467799e+04	6.002361e+01	
126	1.584893e+04	5.994917e+01	
127	1.711328e+04	5.986397e+01	
128	1.847850e+04	5.976669e+01	
129	1.995262e+04	5.965595e+01	
130	2.154435e+04	5.953031e+01	
131	2.326305e+04	5.938827e+01	
132	2.511886e+04	5.922833e+01	
133	2.712273e+04	5.904899e+01	
134	2.928645e+04	5.884885e+01	
135	3.162278e+04	5.862658e+01	
136	3.414549e+04	5.838102e+01	
137	3.686945e+04	5.811123e+01	
138	3.981072e+04	5.781648e+01	
139	4.298662e+04	5.749632e+01	
140	4.641589e+04	5.715061e+01	
141	5.011872e+04	5.677948e+01	
142	5.411695e+04	5.638339e+01	
143	5.843414e+04	5.596303e+01	
144	6.309573e+04	5.551935e+01	
145	6.812921e+04	5.505352e+01	
146	7.356423e+04	5.456684e+01	
147	7.943282e+04	5.406073e+01	
148	8.576959e+04	5.353667e+01	
149	9.261187e+04	5.299618e+01	
150	1.000000e+05	5.244075e+01	
151	1.079775e+05	5.187183e+01	
152	1.165914e+05	5.129081e+01	
153	1.258925e+05	5.069900e+01	
154	1.359356e+05	5.009761e+01	
155	1.467799e+05	4.948776e+01	
156	1.584893e+05	4.887047e+01	
157	1.711328e+05	4.824665e+01	
158	1.847850e+05	4.761713e+01	
159	1.995262e+05	4.698265e+01	
160	2.154435e+05	4.634386e+01	
161	2.326305e+05	4.570133e+01	
162	2.511886e+05	4.505559e+01	
163	2.712273e+05	4.440709e+01	
164	2.928645e+05	4.375620e+01	
165	3.162278e+05	4.310330e+01	
166	3.414549e+05	4.244867e+01	
167	3.686945e+05	4.179260e+01	
168	3.981072e+05	4.113531e+01	
169	4.298662e+05	4.047704e+01	
170	4.641589e+05	3.981796e+01	

Index   frequency       psrr_db         
--------------------------------------------------------------------------------
171	5.011872e+05	3.915826e+01	
172	5.411695e+05	3.849809e+01	
173	5.843414e+05	3.783760e+01	
174	6.309573e+05	3.717694e+01	
175	6.812921e+05	3.651625e+01	
176	7.356423e+05	3.585566e+01	
177	7.943282e+05	3.519532e+01	
178	8.576959e+05	3.453536e+01	
179	9.261187e+05	3.387595e+01	
180	1.000000e+06	3.321723e+01	
181	1.079775e+06	3.255940e+01	
182	1.165914e+06	3.190264e+01	
183	1.258925e+06	3.124717e+01	
184	1.359356e+06	3.059323e+01	
185	1.467799e+06	2.994108e+01	
186	1.584893e+06	2.929102e+01	
187	1.711328e+06	2.864338e+01	
188	1.847850e+06	2.799852e+01	
189	1.995262e+06	2.735685e+01	
190	2.154435e+06	2.671880e+01	
191	2.326305e+06	2.608487e+01	
192	2.511886e+06	2.545555e+01	
193	2.712273e+06	2.483139e+01	
194	2.928645e+06	2.421296e+01	
195	3.162278e+06	2.360081e+01	
196	3.414549e+06	2.299549e+01	
197	3.686945e+06	2.239750e+01	
198	3.981072e+06	2.180726e+01	
199	4.298662e+06	2.122506e+01	
200	4.641589e+06	2.065101e+01	
201	5.011872e+06	2.008499e+01	
202	5.411695e+06	1.952657e+01	
203	5.843414e+06	1.897493e+01	
204	6.309573e+06	1.842881e+01	
205	6.812921e+06	1.788640e+01	
206	7.356423e+06	1.734532e+01	
207	7.943282e+06	1.680251e+01	
208	8.576959e+06	1.625424e+01	
209	9.261187e+06	1.569603e+01	
210	1.000000e+07	1.512267e+01	
211	1.079775e+07	1.452826e+01	
212	1.165914e+07	1.390625e+01	
213	1.258925e+07	1.324964e+01	
214	1.359356e+07	1.255127e+01	
215	1.467799e+07	1.180448e+01	
216	1.584893e+07	1.100443e+01	
217	1.711328e+07	1.015065e+01	
218	1.847850e+07	9.252004e+00	
219	1.995262e+07	8.335740e+00	
220	2.154435e+07	7.461559e+00	
221	2.326305e+07	6.736156e+00	
222	2.511886e+07	6.307441e+00	
223	2.712273e+07	6.307114e+00	
224	2.928645e+07	6.761256e+00	
225	3.162278e+07	7.568550e+00	
226	3.414549e+07	8.575992e+00	
227	3.686945e+07	9.656487e+00	
228	3.981072e+07	1.073165e+01	

Index   frequency       psrr_db         
--------------------------------------------------------------------------------
229	4.298662e+07	1.176146e+01	
230	4.641589e+07	1.272883e+01	
231	5.011872e+07	1.362860e+01	
232	5.411695e+07	1.446127e+01	
233	5.843414e+07	1.522974e+01	
234	6.309573e+07	1.593773e+01	
235	6.812921e+07	1.658901e+01	
236	7.356423e+07	1.718717e+01	
237	7.943282e+07	1.773545e+01	
238	8.576959e+07	1.823686e+01	
239	9.261187e+07	1.869415e+01	
240	1.000000e+08	1.911002e+01	
241	1.079775e+08	1.948714e+01	
242	1.165914e+08	1.982824e+01	
243	1.258925e+08	2.013624e+01	
244	1.359356e+08	2.041420e+01	
245	1.467799e+08	2.066531e+01	
246	1.584893e+08	2.089282e+01	
247	1.711328e+08	2.109987e+01	
248	1.847850e+08	2.128936e+01	
249	1.995262e+08	2.146379e+01	
250	2.154435e+08	2.162512e+01	
251	2.326305e+08	2.177476e+01	
252	2.511886e+08	2.191356e+01	
253	2.712273e+08	2.204186e+01	
254	2.928645e+08	2.215959e+01	
255	3.162278e+08	2.226638e+01	
256	3.414549e+08	2.236168e+01	
257	3.686945e+08	2.244481e+01	
258	3.981072e+08	2.251506e+01	
259	4.298662e+08	2.257168e+01	
260	4.641589e+08	2.261397e+01	
261	5.011872e+08	2.264126e+01	
262	5.411695e+08	2.265292e+01	
263	5.843414e+08	2.264840e+01	
264	6.309573e+08	2.262723e+01	
265	6.812921e+08	2.258906e+01	
266	7.356423e+08	2.253371e+01	
267	7.943282e+08	2.246119e+01	
268	8.576959e+08	2.237176e+01	
269	9.261187e+08	2.226599e+01	
270	1.000000e+09	2.214478e+01	
Doing analysis at TEMP = 125.000000 and TNOM = 27.000000

Using SPARSE 1.3 as Direct Linear Solver
Warning: singular matrix:  check node n.xru212.nr1#i2

Note: Starting dynamic gmin stepping
Note: Dynamic gmin stepping completed

No. of Data Rows : 271

  Measurements for AC Analysis

psrr_dc_lin         =  9.43898e-04
psrr_1khz_lin       =  9.44153e-04
psrr_100khz_lin     =  2.38761e-03
psrr_1mhz_lin       =  2.18343e-02

ngspice-46 done
