
Note: No compatibility mode selected!


Circuit: * klt sim -- generated corner deck, do not edit

Doing analysis at TEMP = 125.000000 and TNOM = 27.000000

Using SPARSE 1.3 as Direct Linear Solver
Warning: singular matrix:  check nodes n.xru234.nr1#i2 and t232__t0

Note: Starting dynamic gmin stepping


The temperature limiting function received NaN.
Please check your power dissipation and improve your heat sink Rth!
    This message will be shown only once.

Note: Dynamic gmin stepping completed

No. of Data Rows : 1

  Measurements for AC Analysis


v(fb) = 2.858853e+00
v(sns1) = 5.897958e-01
v(sns2) = 5.891099e-01
v(vref) = 1.040332e+00
v(det) = 1.832295e-02
i(vmkfb) = 9.456319e-11
Doing analysis at TEMP = 125.000000 and TNOM = 27.000000

Using SPARSE 1.3 as Direct Linear Solver
Warning: singular matrix:  check nodes n.xru234.nr1#i2 and t232__t0

Note: Starting dynamic gmin stepping
Note: Dynamic gmin stepping completed

No. of Data Rows : 271

  Measurements for AC Analysis

psrr_dc_lin         =  8.59549e-04
psrr_1khz_lin       =  8.59810e-04
psrr_100khz_lin     =  2.28675e-03
psrr_1mhz_lin       =  2.10906e-02

                * klt sim -- generated corner deck, do not edit
                AC Analysis  Sun Oct  4 02:14:23  2026
--------------------------------------------------------------------------------
Index   frequency       psrr_db         
--------------------------------------------------------------------------------
0	1.000000e+00	6.131459e+01	
1	1.079775e+00	6.131459e+01	
2	1.165914e+00	6.131459e+01	
3	1.258925e+00	6.131459e+01	
4	1.359356e+00	6.131459e+01	
5	1.467799e+00	6.131459e+01	
6	1.584893e+00	6.131459e+01	
7	1.711328e+00	6.131459e+01	
8	1.847850e+00	6.131459e+01	
9	1.995262e+00	6.131459e+01	
10	2.154435e+00	6.131459e+01	
11	2.326305e+00	6.131459e+01	
12	2.511886e+00	6.131459e+01	
13	2.712273e+00	6.131459e+01	
14	2.928645e+00	6.131459e+01	
15	3.162278e+00	6.131459e+01	
16	3.414549e+00	6.131459e+01	
17	3.686945e+00	6.131459e+01	
18	3.981072e+00	6.131459e+01	
19	4.298662e+00	6.131459e+01	
20	4.641589e+00	6.131459e+01	
21	5.011872e+00	6.131459e+01	
22	5.411695e+00	6.131459e+01	
23	5.843414e+00	6.131459e+01	
24	6.309573e+00	6.131459e+01	
25	6.812921e+00	6.131459e+01	
26	7.356423e+00	6.131459e+01	
27	7.943282e+00	6.131459e+01	
28	8.576959e+00	6.131459e+01	
29	9.261187e+00	6.131459e+01	
30	1.000000e+01	6.131459e+01	
31	1.079775e+01	6.131459e+01	
32	1.165914e+01	6.131459e+01	
33	1.258925e+01	6.131459e+01	
34	1.359356e+01	6.131459e+01	
35	1.467799e+01	6.131459e+01	
36	1.584893e+01	6.131459e+01	
37	1.711328e+01	6.131459e+01	
38	1.847850e+01	6.131459e+01	
39	1.995262e+01	6.131459e+01	
40	2.154435e+01	6.131459e+01	
41	2.326305e+01	6.131459e+01	
42	2.511886e+01	6.131459e+01	
43	2.712273e+01	6.131459e+01	
44	2.928645e+01	6.131459e+01	
45	3.162278e+01	6.131459e+01	
46	3.414549e+01	6.131458e+01	
47	3.686945e+01	6.131458e+01	
48	3.981072e+01	6.131458e+01	
49	4.298662e+01	6.131458e+01	
50	4.641589e+01	6.131458e+01	
51	5.011872e+01	6.131458e+01	
52	5.411695e+01	6.131458e+01	
53	5.843414e+01	6.131458e+01	
54	6.309573e+01	6.131458e+01	

Index   frequency       psrr_db         
--------------------------------------------------------------------------------
55	6.812921e+01	6.131458e+01	
56	7.356423e+01	6.131457e+01	
57	7.943282e+01	6.131457e+01	
58	8.576959e+01	6.131457e+01	
59	9.261187e+01	6.131457e+01	
60	1.000000e+02	6.131456e+01	
61	1.079775e+02	6.131456e+01	
62	1.165914e+02	6.131455e+01	
63	1.258925e+02	6.131455e+01	
64	1.359356e+02	6.131454e+01	
65	1.467799e+02	6.131453e+01	
66	1.584893e+02	6.131452e+01	
67	1.711328e+02	6.131451e+01	
68	1.847850e+02	6.131450e+01	
69	1.995262e+02	6.131448e+01	
70	2.154435e+02	6.131447e+01	
71	2.326305e+02	6.131445e+01	
72	2.511886e+02	6.131442e+01	
73	2.712273e+02	6.131439e+01	
74	2.928645e+02	6.131436e+01	
75	3.162278e+02	6.131432e+01	
76	3.414549e+02	6.131428e+01	
77	3.686945e+02	6.131423e+01	
78	3.981072e+02	6.131417e+01	
79	4.298662e+02	6.131410e+01	
80	4.641589e+02	6.131402e+01	
81	5.011872e+02	6.131392e+01	
82	5.411695e+02	6.131381e+01	
83	5.843414e+02	6.131369e+01	
84	6.309573e+02	6.131354e+01	
85	6.812921e+02	6.131336e+01	
86	7.356423e+02	6.131316e+01	
87	7.943282e+02	6.131292e+01	
88	8.576959e+02	6.131265e+01	
89	9.261187e+02	6.131232e+01	
90	1.000000e+03	6.131195e+01	
91	1.079775e+03	6.131151e+01	
92	1.165914e+03	6.131100e+01	
93	1.258925e+03	6.131041e+01	
94	1.359356e+03	6.130971e+01	
95	1.467799e+03	6.130890e+01	
96	1.584893e+03	6.130796e+01	
97	1.711328e+03	6.130686e+01	
98	1.847850e+03	6.130558e+01	
99	1.995262e+03	6.130409e+01	
100	2.154435e+03	6.130235e+01	
101	2.326305e+03	6.130033e+01	
102	2.511886e+03	6.129796e+01	
103	2.712273e+03	6.129521e+01	
104	2.928645e+03	6.129201e+01	
105	3.162278e+03	6.128827e+01	
106	3.414549e+03	6.128392e+01	
107	3.686945e+03	6.127885e+01	
108	3.981072e+03	6.127295e+01	
109	4.298662e+03	6.126608e+01	
110	4.641589e+03	6.125808e+01	
111	5.011872e+03	6.124878e+01	
112	5.411695e+03	6.123796e+01	

Index   frequency       psrr_db         
--------------------------------------------------------------------------------
113	5.843414e+03	6.122537e+01	
114	6.309573e+03	6.121075e+01	
115	6.812921e+03	6.119375e+01	
116	7.356423e+03	6.117403e+01	
117	7.943282e+03	6.115114e+01	
118	8.576959e+03	6.112461e+01	
119	9.261187e+03	6.109388e+01	
120	1.000000e+04	6.105832e+01	
121	1.079775e+04	6.101722e+01	
122	1.165914e+04	6.096980e+01	
123	1.258925e+04	6.091515e+01	
124	1.359356e+04	6.085229e+01	
125	1.467799e+04	6.078013e+01	
126	1.584893e+04	6.069749e+01	
127	1.711328e+04	6.060308e+01	
128	1.847850e+04	6.049554e+01	
129	1.995262e+04	6.037342e+01	
130	2.154435e+04	6.023525e+01	
131	2.326305e+04	6.007952e+01	
132	2.511886e+04	5.990473e+01	
133	2.712273e+04	5.970945e+01	
134	2.928645e+04	5.949233e+01	
135	3.162278e+04	5.925217e+01	
136	3.414549e+04	5.898797e+01	
137	3.686945e+04	5.869896e+01	
138	3.981072e+04	5.838461e+01	
139	4.298662e+04	5.804472e+01	
140	4.641589e+04	5.767936e+01	
141	5.011872e+04	5.728890e+01	
142	5.411695e+04	5.687399e+01	
143	5.843414e+04	5.643553e+01	
144	6.309573e+04	5.597464e+01	
145	6.812921e+04	5.549258e+01	
146	7.356423e+04	5.499077e+01	
147	7.943282e+04	5.447067e+01	
148	8.576959e+04	5.393378e+01	
149	9.261187e+04	5.338162e+01	
150	1.000000e+05	5.281565e+01	
151	1.079775e+05	5.223726e+01	
152	1.165914e+05	5.164779e+01	
153	1.258925e+05	5.104847e+01	
154	1.359356e+05	5.044044e+01	
155	1.467799e+05	4.982475e+01	
156	1.584893e+05	4.920233e+01	
157	1.711328e+05	4.857402e+01	
158	1.847850e+05	4.794059e+01	
159	1.995262e+05	4.730270e+01	
160	2.154435e+05	4.666096e+01	
161	2.326305e+05	4.601588e+01	
162	2.511886e+05	4.536792e+01	
163	2.712273e+05	4.471751e+01	
164	2.928645e+05	4.406498e+01	
165	3.162278e+05	4.341066e+01	
166	3.414549e+05	4.275482e+01	
167	3.686945e+05	4.209772e+01	
168	3.981072e+05	4.143956e+01	
169	4.298662e+05	4.078054e+01	
170	4.641589e+05	4.012083e+01	

Index   frequency       psrr_db         
--------------------------------------------------------------------------------
171	5.011872e+05	3.946061e+01	
172	5.411695e+05	3.880001e+01	
173	5.843414e+05	3.813918e+01	
174	6.309573e+05	3.747825e+01	
175	6.812921e+05	3.681735e+01	
176	7.356423e+05	3.615662e+01	
177	7.943282e+05	3.549620e+01	
178	8.576959e+05	3.483623e+01	
179	9.261187e+05	3.417685e+01	
180	1.000000e+06	3.351824e+01	
181	1.079775e+06	3.286057e+01	
182	1.165914e+06	3.220404e+01	
183	1.258925e+06	3.154887e+01	
184	1.359356e+06	3.089531e+01	
185	1.467799e+06	3.024363e+01	
186	1.584893e+06	2.959414e+01	
187	1.711328e+06	2.894717e+01	
188	1.847850e+06	2.830312e+01	
189	1.995262e+06	2.766239e+01	
190	2.154435e+06	2.702546e+01	
191	2.326305e+06	2.639283e+01	
192	2.511886e+06	2.576504e+01	
193	2.712273e+06	2.514267e+01	
194	2.928645e+06	2.452632e+01	
195	3.162278e+06	2.391659e+01	
196	3.414549e+06	2.331408e+01	
197	3.686945e+06	2.271935e+01	
198	3.981072e+06	2.213289e+01	
199	4.298662e+06	2.155506e+01	
200	4.641589e+06	2.098606e+01	
201	5.011872e+06	2.042586e+01	
202	5.411695e+06	1.987412e+01	
203	5.843414e+06	1.933015e+01	
204	6.309573e+06	1.879279e+01	
205	6.812921e+06	1.826037e+01	
206	7.356423e+06	1.773062e+01	
207	7.943282e+06	1.720060e+01	
208	8.576959e+06	1.666669e+01	
209	9.261187e+06	1.612450e+01	
210	1.000000e+07	1.556888e+01	
211	1.079775e+07	1.499391e+01	
212	1.165914e+07	1.439292e+01	
213	1.258925e+07	1.375862e+01	
214	1.359356e+07	1.308324e+01	
215	1.467799e+07	1.235898e+01	
216	1.584893e+07	1.157888e+01	
217	1.711328e+07	1.073862e+01	
218	1.847850e+07	9.840222e+00	
219	1.995262e+07	8.899306e+00	
220	2.154435e+07	7.958056e+00	
221	2.326305e+07	7.103808e+00	
222	2.511886e+07	6.480613e+00	
223	2.712273e+07	6.257276e+00	
224	2.928645e+07	6.529438e+00	
225	3.162278e+07	7.240594e+00	
226	3.414549e+07	8.229755e+00	
227	3.686945e+07	9.337950e+00	
228	3.981072e+07	1.045998e+01	

Index   frequency       psrr_db         
--------------------------------------------------------------------------------
229	4.298662e+07	1.154067e+01	
230	4.641589e+07	1.255603e+01	
231	5.011872e+07	1.349837e+01	
232	5.411695e+07	1.436771e+01	
233	5.843414e+07	1.516725e+01	
234	6.309573e+07	1.590130e+01	
235	6.812921e+07	1.657430e+01	
236	7.356423e+07	1.719040e+01	
237	7.943282e+07	1.775338e+01	
238	8.576959e+07	1.826665e+01	
239	9.261187e+07	1.873335e+01	
240	1.000000e+08	1.915646e+01	
241	1.079775e+08	1.953890e+01	
242	1.165914e+08	1.988365e+01	
243	1.258925e+08	2.019382e+01	
244	1.359356e+08	2.047269e+01	
245	1.467799e+08	2.072372e+01	
246	1.584893e+08	2.095039e+01	
247	1.711328e+08	2.115614e+01	
248	1.847850e+08	2.134419e+01	
249	1.995262e+08	2.151731e+01	
250	2.154435e+08	2.167780e+01	
251	2.326305e+08	2.182734e+01	
252	2.511886e+08	2.196701e+01	
253	2.712273e+08	2.209738e+01	
254	2.928645e+08	2.221856e+01	
255	3.162278e+08	2.233037e+01	
256	3.414549e+08	2.243239e+01	
257	3.686945e+08	2.252408e+01	
258	3.981072e+08	2.260485e+01	
259	4.298662e+08	2.267409e+01	
260	4.641589e+08	2.273118e+01	
261	5.011872e+08	2.277554e+01	
262	5.411695e+08	2.280659e+01	
263	5.843414e+08	2.282378e+01	
264	6.309573e+08	2.282662e+01	
265	6.812921e+08	2.281466e+01	
266	7.356423e+08	2.278755e+01	
267	7.943282e+08	2.274508e+01	
268	8.576959e+08	2.268723e+01	
269	9.261187e+08	2.261419e+01	
270	1.000000e+09	2.252644e+01	
Doing analysis at TEMP = 125.000000 and TNOM = 27.000000

Using SPARSE 1.3 as Direct Linear Solver
Warning: singular matrix:  check nodes n.xru234.nr1#i2 and t232__t0

Note: Starting dynamic gmin stepping
Note: Dynamic gmin stepping completed

No. of Data Rows : 271

  Measurements for AC Analysis

psrr_dc_lin         =  8.59549e-04
psrr_1khz_lin       =  8.59810e-04
psrr_100khz_lin     =  2.28675e-03
psrr_1mhz_lin       =  2.10906e-02

ngspice-46 done
