
Note: No compatibility mode selected!


Circuit: * klt sim -- generated corner deck, do not edit

Doing analysis at TEMP = -40.000000 and TNOM = 27.000000

Using SPARSE 1.3 as Direct Linear Solver
Note: Starting dynamic gmin stepping


The temperature limiting function received NaN.
Please check your power dissipation and improve your heat sink Rth!
    This message will be shown only once.

Note: Dynamic gmin stepping completed

No. of Data Rows : 1

  Measurements for AC Analysis


v(fb) = 2.088678e+00
v(sns1) = 7.886984e-01
v(sns2) = 7.883696e-01
v(vref) = 1.048337e+00
v(det) = 5.997312e-03
i(vmkfb) = 2.262079e-15
Doing analysis at TEMP = -40.000000 and TNOM = 27.000000

Using SPARSE 1.3 as Direct Linear Solver
Note: Starting dynamic gmin stepping
Note: Dynamic gmin stepping completed

No. of Data Rows : 271

  Measurements for AC Analysis

psrr_dc_lin         =  8.40860e-04
psrr_1khz_lin       =  8.41173e-04
psrr_100khz_lin     =  2.44357e-03
psrr_1mhz_lin       =  2.28162e-02

                * klt sim -- generated corner deck, do not edit
                AC Analysis  Sun Oct  4 02:02:41  2026
--------------------------------------------------------------------------------
Index   frequency       psrr_db         
--------------------------------------------------------------------------------
0	1.000000e+00	6.150552e+01	
1	1.079775e+00	6.150552e+01	
2	1.165914e+00	6.150552e+01	
3	1.258925e+00	6.150552e+01	
4	1.359356e+00	6.150552e+01	
5	1.467799e+00	6.150552e+01	
6	1.584893e+00	6.150552e+01	
7	1.711328e+00	6.150552e+01	
8	1.847850e+00	6.150552e+01	
9	1.995262e+00	6.150552e+01	
10	2.154435e+00	6.150552e+01	
11	2.326305e+00	6.150552e+01	
12	2.511886e+00	6.150552e+01	
13	2.712273e+00	6.150552e+01	
14	2.928645e+00	6.150552e+01	
15	3.162278e+00	6.150552e+01	
16	3.414549e+00	6.150552e+01	
17	3.686945e+00	6.150552e+01	
18	3.981072e+00	6.150552e+01	
19	4.298662e+00	6.150552e+01	
20	4.641589e+00	6.150552e+01	
21	5.011872e+00	6.150552e+01	
22	5.411695e+00	6.150552e+01	
23	5.843414e+00	6.150552e+01	
24	6.309573e+00	6.150552e+01	
25	6.812921e+00	6.150552e+01	
26	7.356423e+00	6.150552e+01	
27	7.943282e+00	6.150552e+01	
28	8.576959e+00	6.150552e+01	
29	9.261187e+00	6.150552e+01	
30	1.000000e+01	6.150552e+01	
31	1.079775e+01	6.150552e+01	
32	1.165914e+01	6.150552e+01	
33	1.258925e+01	6.150552e+01	
34	1.359356e+01	6.150552e+01	
35	1.467799e+01	6.150552e+01	
36	1.584893e+01	6.150552e+01	
37	1.711328e+01	6.150552e+01	
38	1.847850e+01	6.150552e+01	
39	1.995262e+01	6.150552e+01	
40	2.154435e+01	6.150552e+01	
41	2.326305e+01	6.150552e+01	
42	2.511886e+01	6.150552e+01	
43	2.712273e+01	6.150552e+01	
44	2.928645e+01	6.150552e+01	
45	3.162278e+01	6.150552e+01	
46	3.414549e+01	6.150552e+01	
47	3.686945e+01	6.150552e+01	
48	3.981072e+01	6.150552e+01	
49	4.298662e+01	6.150552e+01	
50	4.641589e+01	6.150551e+01	
51	5.011872e+01	6.150551e+01	
52	5.411695e+01	6.150551e+01	
53	5.843414e+01	6.150551e+01	
54	6.309573e+01	6.150551e+01	

Index   frequency       psrr_db         
--------------------------------------------------------------------------------
55	6.812921e+01	6.150551e+01	
56	7.356423e+01	6.150550e+01	
57	7.943282e+01	6.150550e+01	
58	8.576959e+01	6.150550e+01	
59	9.261187e+01	6.150549e+01	
60	1.000000e+02	6.150549e+01	
61	1.079775e+02	6.150548e+01	
62	1.165914e+02	6.150548e+01	
63	1.258925e+02	6.150547e+01	
64	1.359356e+02	6.150546e+01	
65	1.467799e+02	6.150545e+01	
66	1.584893e+02	6.150544e+01	
67	1.711328e+02	6.150543e+01	
68	1.847850e+02	6.150541e+01	
69	1.995262e+02	6.150539e+01	
70	2.154435e+02	6.150537e+01	
71	2.326305e+02	6.150535e+01	
72	2.511886e+02	6.150532e+01	
73	2.712273e+02	6.150528e+01	
74	2.928645e+02	6.150524e+01	
75	3.162278e+02	6.150520e+01	
76	3.414549e+02	6.150514e+01	
77	3.686945e+02	6.150508e+01	
78	3.981072e+02	6.150501e+01	
79	4.298662e+02	6.150492e+01	
80	4.641589e+02	6.150482e+01	
81	5.011872e+02	6.150471e+01	
82	5.411695e+02	6.150457e+01	
83	5.843414e+02	6.150442e+01	
84	6.309573e+02	6.150423e+01	
85	6.812921e+02	6.150402e+01	
86	7.356423e+02	6.150377e+01	
87	7.943282e+02	6.150348e+01	
88	8.576959e+02	6.150314e+01	
89	9.261187e+02	6.150275e+01	
90	1.000000e+03	6.150229e+01	
91	1.079775e+03	6.150175e+01	
92	1.165914e+03	6.150113e+01	
93	1.258925e+03	6.150040e+01	
94	1.359356e+03	6.149955e+01	
95	1.467799e+03	6.149856e+01	
96	1.584893e+03	6.149741e+01	
97	1.711328e+03	6.149606e+01	
98	1.847850e+03	6.149449e+01	
99	1.995262e+03	6.149267e+01	
100	2.154435e+03	6.149054e+01	
101	2.326305e+03	6.148806e+01	
102	2.511886e+03	6.148517e+01	
103	2.712273e+03	6.148180e+01	
104	2.928645e+03	6.147787e+01	
105	3.162278e+03	6.147330e+01	
106	3.414549e+03	6.146798e+01	
107	3.686945e+03	6.146178e+01	
108	3.981072e+03	6.145457e+01	
109	4.298662e+03	6.144617e+01	
110	4.641589e+03	6.143641e+01	
111	5.011872e+03	6.142504e+01	
112	5.411695e+03	6.141183e+01	

Index   frequency       psrr_db         
--------------------------------------------------------------------------------
113	5.843414e+03	6.139648e+01	
114	6.309573e+03	6.137865e+01	
115	6.812921e+03	6.135796e+01	
116	7.356423e+03	6.133395e+01	
117	7.943282e+03	6.130613e+01	
118	8.576959e+03	6.127392e+01	
119	9.261187e+03	6.123666e+01	
120	1.000000e+04	6.119362e+01	
121	1.079775e+04	6.114397e+01	
122	1.165914e+04	6.108679e+01	
123	1.258925e+04	6.102106e+01	
124	1.359356e+04	6.094566e+01	
125	1.467799e+04	6.085938e+01	
126	1.584893e+04	6.076089e+01	
127	1.711328e+04	6.064882e+01	
128	1.847850e+04	6.052170e+01	
129	1.995262e+04	6.037804e+01	
130	2.154435e+04	6.021633e+01	
131	2.326305e+04	6.003510e+01	
132	2.511886e+04	5.983292e+01	
133	2.712273e+04	5.960851e+01	
134	2.928645e+04	5.936071e+01	
135	3.162278e+04	5.908859e+01	
136	3.414549e+04	5.879147e+01	
137	3.686945e+04	5.846891e+01	
138	3.981072e+04	5.812079e+01	
139	4.298662e+04	5.774729e+01	
140	4.641589e+04	5.734888e+01	
141	5.011872e+04	5.692627e+01	
142	5.411695e+04	5.648046e+01	
143	5.843414e+04	5.601260e+01	
144	6.309573e+04	5.552403e+01	
145	6.812921e+04	5.501616e+01	
146	7.356423e+04	5.449049e+01	
147	7.943282e+04	5.394852e+01	
148	8.576959e+04	5.339175e+01	
149	9.261187e+04	5.282162e+01	
150	1.000000e+05	5.223952e+01	
151	1.079775e+05	5.164674e+01	
152	1.165914e+05	5.104449e+01	
153	1.258925e+05	5.043387e+01	
154	1.359356e+05	4.981590e+01	
155	1.467799e+05	4.919148e+01	
156	1.584893e+05	4.856143e+01	
157	1.711328e+05	4.792647e+01	
158	1.847850e+05	4.728725e+01	
159	1.995262e+05	4.664435e+01	
160	2.154435e+05	4.599827e+01	
161	2.326305e+05	4.534944e+01	
162	2.511886e+05	4.469826e+01	
163	2.712273e+05	4.404508e+01	
164	2.928645e+05	4.339018e+01	
165	3.162278e+05	4.273384e+01	
166	3.414549e+05	4.207629e+01	
167	3.686945e+05	4.141773e+01	
168	3.981072e+05	4.075836e+01	
169	4.298662e+05	4.009834e+01	
170	4.641589e+05	3.943783e+01	

Index   frequency       psrr_db         
--------------------------------------------------------------------------------
171	5.011872e+05	3.877697e+01	
172	5.411695e+05	3.811588e+01	
173	5.843414e+05	3.745471e+01	
174	6.309573e+05	3.679358e+01	
175	6.812921e+05	3.613261e+01	
176	7.356423e+05	3.547194e+01	
177	7.943282e+05	3.481170e+01	
178	8.576959e+05	3.415205e+01	
179	9.261187e+05	3.349313e+01	
180	1.000000e+06	3.283513e+01	
181	1.079775e+06	3.217822e+01	
182	1.165914e+06	3.152263e+01	
183	1.258925e+06	3.086858e+01	
184	1.359356e+06	3.021635e+01	
185	1.467799e+06	2.956622e+01	
186	1.584893e+06	2.891853e+01	
187	1.711328e+06	2.827364e+01	
188	1.847850e+06	2.763196e+01	
189	1.995262e+06	2.699393e+01	
190	2.154435e+06	2.636003e+01	
191	2.326305e+06	2.573078e+01	
192	2.511886e+06	2.510674e+01	
193	2.712273e+06	2.448847e+01	
194	2.928645e+06	2.387655e+01	
195	3.162278e+06	2.327155e+01	
196	3.414549e+06	2.267398e+01	
197	3.686945e+06	2.208429e+01	
198	3.981072e+06	2.150282e+01	
199	4.298662e+06	2.092971e+01	
200	4.641589e+06	2.036489e+01	
201	5.011872e+06	1.980800e+01	
202	5.411695e+06	1.925828e+01	
203	5.843414e+06	1.871454e+01	
204	6.309573e+06	1.817508e+01	
205	6.812921e+06	1.763758e+01	
206	7.356423e+06	1.709909e+01	
207	7.943282e+06	1.655594e+01	
208	8.576959e+06	1.600374e+01	
209	9.261187e+06	1.543729e+01	
210	1.000000e+07	1.485067e+01	
211	1.079775e+07	1.423716e+01	
212	1.165914e+07	1.358938e+01	
213	1.258925e+07	1.289944e+01	
214	1.359356e+07	1.215926e+01	
215	1.467799e+07	1.136138e+01	
216	1.584893e+07	1.050062e+01	
217	1.711328e+07	9.577512e+00	
218	1.847850e+07	8.605292e+00	
219	1.995262e+07	7.622899e+00	
220	2.154435e+07	6.714825e+00	
221	2.326305e+07	6.026900e+00	
222	2.511886e+07	5.739887e+00	
223	2.712273e+07	5.967749e+00	
224	2.928645e+07	6.662429e+00	
225	3.162278e+07	7.655907e+00	
226	3.414549e+07	8.777835e+00	
227	3.686945e+07	9.915574e+00	
228	3.981072e+07	1.101080e+01	

Index   frequency       psrr_db         
--------------------------------------------------------------------------------
229	4.298662e+07	1.203871e+01	
230	4.641589e+07	1.299174e+01	
231	5.011872e+07	1.387027e+01	
232	5.411695e+07	1.467791e+01	
233	5.843414e+07	1.541928e+01	
234	6.309573e+07	1.609904e+01	
235	6.812921e+07	1.672148e+01	
236	7.356423e+07	1.729046e+01	
237	7.943282e+07	1.780939e+01	
238	8.576959e+07	1.828138e+01	
239	9.261187e+07	1.870932e+01	
240	1.000000e+08	1.909605e+01	
241	1.079775e+08	1.944445e+01	
242	1.165914e+08	1.975752e+01	
243	1.258925e+08	2.003849e+01	
244	1.359356e+08	2.029077e+01	
245	1.467799e+08	2.051789e+01	
246	1.584893e+08	2.072334e+01	
247	1.711328e+08	2.091042e+01	
248	1.847850e+08	2.108208e+01	
249	1.995262e+08	2.124071e+01	
250	2.154435e+08	2.138811e+01	
251	2.326305e+08	2.152547e+01	
252	2.511886e+08	2.165342e+01	
253	2.712273e+08	2.177212e+01	
254	2.928645e+08	2.188139e+01	
255	3.162278e+08	2.198079e+01	
256	3.414549e+08	2.206976e+01	
257	3.686945e+08	2.214767e+01	
258	3.981072e+08	2.221387e+01	
259	4.298662e+08	2.226769e+01	
260	4.641589e+08	2.230850e+01	
261	5.011872e+08	2.233567e+01	
262	5.411695e+08	2.234864e+01	
263	5.843414e+08	2.234687e+01	
264	6.309573e+08	2.232990e+01	
265	6.812921e+08	2.229739e+01	
266	7.356423e+08	2.224912e+01	
267	7.943282e+08	2.218511e+01	
268	8.576959e+08	2.210561e+01	
269	9.261187e+08	2.201114e+01	
270	1.000000e+09	2.190258e+01	
Doing analysis at TEMP = -40.000000 and TNOM = 27.000000

Using SPARSE 1.3 as Direct Linear Solver
Note: Starting dynamic gmin stepping
Note: Dynamic gmin stepping completed

No. of Data Rows : 271

  Measurements for AC Analysis

psrr_dc_lin         =  8.40860e-04
psrr_1khz_lin       =  8.41173e-04
psrr_100khz_lin     =  2.44357e-03
psrr_1mhz_lin       =  2.28162e-02

ngspice-46 done
