
Note: No compatibility mode selected!


Circuit: * klt sim -- generated corner deck, do not edit

Doing analysis at TEMP = 27.000000 and TNOM = 27.000000

Using SPARSE 1.3 as Direct Linear Solver
Note: Starting dynamic gmin stepping


The temperature limiting function received NaN.
Please check your power dissipation and improve your heat sink Rth!
    This message will be shown only once.

Note: Dynamic gmin stepping completed

No. of Data Rows : 1

  Measurements for AC Analysis


v(fb) = 2.497221e+00
v(sns1) = 7.080066e-01
v(sns2) = 7.075716e-01
v(vref) = 1.046148e+00
v(det) = 8.568369e-03
i(vmkfb) = 9.700574e-14
Doing analysis at TEMP = 27.000000 and TNOM = 27.000000

Using SPARSE 1.3 as Direct Linear Solver
Note: Starting dynamic gmin stepping
Note: Dynamic gmin stepping completed

No. of Data Rows : 271

  Measurements for AC Analysis

zout_dc_lin         =  7.11263e+04
zout_1khz_lin       =  7.11263e+04
zout_100khz_lin     =  7.11205e+04
zout_1mhz_lin       =  7.05567e+04

                * klt sim -- generated corner deck, do not edit
                AC Analysis  Sun Oct  4 01:53:27  2026
--------------------------------------------------------------------------------
Index   frequency       zout_db         
--------------------------------------------------------------------------------
0	1.000000e+00	9.704061e+01	
1	1.079775e+00	9.704061e+01	
2	1.165914e+00	9.704061e+01	
3	1.258925e+00	9.704061e+01	
4	1.359356e+00	9.704061e+01	
5	1.467799e+00	9.704061e+01	
6	1.584893e+00	9.704061e+01	
7	1.711328e+00	9.704061e+01	
8	1.847850e+00	9.704061e+01	
9	1.995262e+00	9.704061e+01	
10	2.154435e+00	9.704061e+01	
11	2.326305e+00	9.704061e+01	
12	2.511886e+00	9.704061e+01	
13	2.712273e+00	9.704061e+01	
14	2.928645e+00	9.704061e+01	
15	3.162278e+00	9.704061e+01	
16	3.414549e+00	9.704061e+01	
17	3.686945e+00	9.704061e+01	
18	3.981072e+00	9.704061e+01	
19	4.298662e+00	9.704061e+01	
20	4.641589e+00	9.704061e+01	
21	5.011872e+00	9.704061e+01	
22	5.411695e+00	9.704061e+01	
23	5.843414e+00	9.704061e+01	
24	6.309573e+00	9.704061e+01	
25	6.812921e+00	9.704061e+01	
26	7.356423e+00	9.704061e+01	
27	7.943282e+00	9.704061e+01	
28	8.576959e+00	9.704061e+01	
29	9.261187e+00	9.704061e+01	
30	1.000000e+01	9.704061e+01	
31	1.079775e+01	9.704061e+01	
32	1.165914e+01	9.704061e+01	
33	1.258925e+01	9.704061e+01	
34	1.359356e+01	9.704061e+01	
35	1.467799e+01	9.704061e+01	
36	1.584893e+01	9.704061e+01	
37	1.711328e+01	9.704061e+01	
38	1.847850e+01	9.704061e+01	
39	1.995262e+01	9.704061e+01	
40	2.154435e+01	9.704061e+01	
41	2.326305e+01	9.704061e+01	
42	2.511886e+01	9.704061e+01	
43	2.712273e+01	9.704061e+01	
44	2.928645e+01	9.704061e+01	
45	3.162278e+01	9.704061e+01	
46	3.414549e+01	9.704061e+01	
47	3.686945e+01	9.704061e+01	
48	3.981072e+01	9.704061e+01	
49	4.298662e+01	9.704061e+01	
50	4.641589e+01	9.704061e+01	
51	5.011872e+01	9.704061e+01	
52	5.411695e+01	9.704061e+01	
53	5.843414e+01	9.704061e+01	
54	6.309573e+01	9.704061e+01	

Index   frequency       zout_db         
--------------------------------------------------------------------------------
55	6.812921e+01	9.704061e+01	
56	7.356423e+01	9.704061e+01	
57	7.943282e+01	9.704061e+01	
58	8.576959e+01	9.704061e+01	
59	9.261187e+01	9.704061e+01	
60	1.000000e+02	9.704061e+01	
61	1.079775e+02	9.704061e+01	
62	1.165914e+02	9.704061e+01	
63	1.258925e+02	9.704061e+01	
64	1.359356e+02	9.704061e+01	
65	1.467799e+02	9.704061e+01	
66	1.584893e+02	9.704061e+01	
67	1.711328e+02	9.704061e+01	
68	1.847850e+02	9.704061e+01	
69	1.995262e+02	9.704061e+01	
70	2.154435e+02	9.704061e+01	
71	2.326305e+02	9.704061e+01	
72	2.511886e+02	9.704061e+01	
73	2.712273e+02	9.704061e+01	
74	2.928645e+02	9.704061e+01	
75	3.162278e+02	9.704061e+01	
76	3.414549e+02	9.704061e+01	
77	3.686945e+02	9.704061e+01	
78	3.981072e+02	9.704061e+01	
79	4.298662e+02	9.704061e+01	
80	4.641589e+02	9.704061e+01	
81	5.011872e+02	9.704061e+01	
82	5.411695e+02	9.704061e+01	
83	5.843414e+02	9.704061e+01	
84	6.309573e+02	9.704061e+01	
85	6.812921e+02	9.704061e+01	
86	7.356423e+02	9.704061e+01	
87	7.943282e+02	9.704061e+01	
88	8.576959e+02	9.704061e+01	
89	9.261187e+02	9.704061e+01	
90	1.000000e+03	9.704061e+01	
91	1.079775e+03	9.704061e+01	
92	1.165914e+03	9.704061e+01	
93	1.258925e+03	9.704061e+01	
94	1.359356e+03	9.704061e+01	
95	1.467799e+03	9.704061e+01	
96	1.584893e+03	9.704061e+01	
97	1.711328e+03	9.704061e+01	
98	1.847850e+03	9.704061e+01	
99	1.995262e+03	9.704061e+01	
100	2.154435e+03	9.704061e+01	
101	2.326305e+03	9.704061e+01	
102	2.511886e+03	9.704061e+01	
103	2.712273e+03	9.704061e+01	
104	2.928645e+03	9.704060e+01	
105	3.162278e+03	9.704060e+01	
106	3.414549e+03	9.704060e+01	
107	3.686945e+03	9.704060e+01	
108	3.981072e+03	9.704060e+01	
109	4.298662e+03	9.704060e+01	
110	4.641589e+03	9.704060e+01	
111	5.011872e+03	9.704060e+01	
112	5.411695e+03	9.704060e+01	

Index   frequency       zout_db         
--------------------------------------------------------------------------------
113	5.843414e+03	9.704060e+01	
114	6.309573e+03	9.704060e+01	
115	6.812921e+03	9.704060e+01	
116	7.356423e+03	9.704060e+01	
117	7.943282e+03	9.704060e+01	
118	8.576959e+03	9.704060e+01	
119	9.261187e+03	9.704060e+01	
120	1.000000e+04	9.704060e+01	
121	1.079775e+04	9.704060e+01	
122	1.165914e+04	9.704060e+01	
123	1.258925e+04	9.704059e+01	
124	1.359356e+04	9.704059e+01	
125	1.467799e+04	9.704059e+01	
126	1.584893e+04	9.704059e+01	
127	1.711328e+04	9.704058e+01	
128	1.847850e+04	9.704058e+01	
129	1.995262e+04	9.704058e+01	
130	2.154435e+04	9.704057e+01	
131	2.326305e+04	9.704057e+01	
132	2.511886e+04	9.704056e+01	
133	2.712273e+04	9.704055e+01	
134	2.928645e+04	9.704055e+01	
135	3.162278e+04	9.704054e+01	
136	3.414549e+04	9.704052e+01	
137	3.686945e+04	9.704051e+01	
138	3.981072e+04	9.704049e+01	
139	4.298662e+04	9.704048e+01	
140	4.641589e+04	9.704045e+01	
141	5.011872e+04	9.704043e+01	
142	5.411695e+04	9.704040e+01	
143	5.843414e+04	9.704037e+01	
144	6.309573e+04	9.704033e+01	
145	6.812921e+04	9.704028e+01	
146	7.356423e+04	9.704022e+01	
147	7.943282e+04	9.704016e+01	
148	8.576959e+04	9.704009e+01	
149	9.261187e+04	9.704000e+01	
150	1.000000e+05	9.703990e+01	
151	1.079775e+05	9.703978e+01	
152	1.165914e+05	9.703965e+01	
153	1.258925e+05	9.703949e+01	
154	1.359356e+05	9.703930e+01	
155	1.467799e+05	9.703909e+01	
156	1.584893e+05	9.703884e+01	
157	1.711328e+05	9.703854e+01	
158	1.847850e+05	9.703820e+01	
159	1.995262e+05	9.703780e+01	
160	2.154435e+05	9.703734e+01	
161	2.326305e+05	9.703680e+01	
162	2.511886e+05	9.703617e+01	
163	2.712273e+05	9.703543e+01	
164	2.928645e+05	9.703457e+01	
165	3.162278e+05	9.703357e+01	
166	3.414549e+05	9.703240e+01	
167	3.686945e+05	9.703105e+01	
168	3.981072e+05	9.702946e+01	
169	4.298662e+05	9.702762e+01	
170	4.641589e+05	9.702546e+01	

Index   frequency       zout_db         
--------------------------------------------------------------------------------
171	5.011872e+05	9.702296e+01	
172	5.411695e+05	9.702004e+01	
173	5.843414e+05	9.701663e+01	
174	6.309573e+05	9.701267e+01	
175	6.812921e+05	9.700805e+01	
176	7.356423e+05	9.700267e+01	
177	7.943282e+05	9.699641e+01	
178	8.576959e+05	9.698912e+01	
179	9.261187e+05	9.698064e+01	
180	1.000000e+06	9.697077e+01	
181	1.079775e+06	9.695929e+01	
182	1.165914e+06	9.694595e+01	
183	1.258925e+06	9.693044e+01	
184	1.359356e+06	9.691243e+01	
185	1.467799e+06	9.689153e+01	
186	1.584893e+06	9.686729e+01	
187	1.711328e+06	9.683920e+01	
188	1.847850e+06	9.680668e+01	
189	1.995262e+06	9.676907e+01	
190	2.154435e+06	9.672564e+01	
191	2.326305e+06	9.667554e+01	
192	2.511886e+06	9.661787e+01	
193	2.712273e+06	9.655158e+01	
194	2.928645e+06	9.647557e+01	
195	3.162278e+06	9.638862e+01	
196	3.414549e+06	9.628941e+01	
197	3.686945e+06	9.617657e+01	
198	3.981072e+06	9.604865e+01	
199	4.298662e+06	9.590417e+01	
200	4.641589e+06	9.574165e+01	
201	5.011872e+06	9.555963e+01	
202	5.411695e+06	9.535674e+01	
203	5.843414e+06	9.513174e+01	
204	6.309573e+06	9.488352e+01	
205	6.812921e+06	9.461122e+01	
206	7.356423e+06	9.431423e+01	
207	7.943282e+06	9.399220e+01	
208	8.576959e+06	9.364510e+01	
209	9.261187e+06	9.327319e+01	
210	1.000000e+07	9.287703e+01	
211	1.079775e+07	9.245745e+01	
212	1.165914e+07	9.201552e+01	
213	1.258925e+07	9.155247e+01	
214	1.359356e+07	9.106970e+01	
215	1.467799e+07	9.056869e+01	
216	1.584893e+07	9.005096e+01	
217	1.711328e+07	8.951806e+01	
218	1.847850e+07	8.897167e+01	
219	1.995262e+07	8.841379e+01	
220	2.154435e+07	8.784744e+01	
221	2.326305e+07	8.727785e+01	
222	2.511886e+07	8.671363e+01	
223	2.712273e+07	8.616452e+01	
224	2.928645e+07	8.563306e+01	
225	3.162278e+07	8.511037e+01	
226	3.414549e+07	8.458608e+01	
227	3.686945e+07	8.405723e+01	
228	3.981072e+07	8.352659e+01	

Index   frequency       zout_db         
--------------------------------------------------------------------------------
229	4.298662e+07	8.299847e+01	
230	4.641589e+07	8.247671e+01	
231	5.011872e+07	8.196439e+01	
232	5.411695e+07	8.146392e+01	
233	5.843414e+07	8.097723e+01	
234	6.309573e+07	8.050589e+01	
235	6.812921e+07	8.005114e+01	
236	7.356423e+07	7.961400e+01	
237	7.943282e+07	7.919520e+01	
238	8.576959e+07	7.879527e+01	
239	9.261187e+07	7.841449e+01	
240	1.000000e+08	7.805298e+01	
241	1.079775e+08	7.771066e+01	
242	1.165914e+08	7.738735e+01	
243	1.258925e+08	7.708271e+01	
244	1.359356e+08	7.679635e+01	
245	1.467799e+08	7.652778e+01	
246	1.584893e+08	7.627646e+01	
247	1.711328e+08	7.604176e+01	
248	1.847850e+08	7.582300e+01	
249	1.995262e+08	7.561938e+01	
250	2.154435e+08	7.543002e+01	
251	2.326305e+08	7.525395e+01	
252	2.511886e+08	7.509008e+01	
253	2.712273e+08	7.493722e+01	
254	2.928645e+08	7.479410e+01	
255	3.162278e+08	7.465939e+01	
256	3.414549e+08	7.453168e+01	
257	3.686945e+08	7.440955e+01	
258	3.981072e+08	7.429155e+01	
259	4.298662e+08	7.417624e+01	
260	4.641589e+08	7.406220e+01	
261	5.011872e+08	7.394805e+01	
262	5.411695e+08	7.383242e+01	
263	5.843414e+08	7.371401e+01	
264	6.309573e+08	7.359155e+01	
265	6.812921e+08	7.346378e+01	
266	7.356423e+08	7.332948e+01	
267	7.943282e+08	7.318744e+01	
268	8.576959e+08	7.303642e+01	
269	9.261187e+08	7.287519e+01	
270	1.000000e+09	7.270247e+01	
Doing analysis at TEMP = 27.000000 and TNOM = 27.000000

Using SPARSE 1.3 as Direct Linear Solver
Note: Starting dynamic gmin stepping
Note: Dynamic gmin stepping completed

No. of Data Rows : 271

  Measurements for AC Analysis

zout_dc_lin         =  7.11263e+04
zout_1khz_lin       =  7.11263e+04
zout_100khz_lin     =  7.11205e+04
zout_1mhz_lin       =  7.05567e+04

ngspice-46 done
