Warning: m=xx on .subckt line will override multiplier m hierarchy!



The temperature limiting function received NaN.
Please check your power dissipation and improve your heat sink Rth!
    This message will be shown only once.

Note: Starting dynamic gmin stepping
Note: Dynamic gmin stepping completed

Note: Compatibility modes selected: hs a


Circuit: * sg13g2-bandgap -- bandgap_core + bandgap_startup co-simulated hand-over

Doing analysis at TEMP = 125.000000 and TNOM = 27.000000

Using SPARSE 1.3 as Direct Linear Solver

Initial Transient Solution
--------------------------

Node                                   Voltage
----                                   -------
vdd                                          0
vss                                          0
sub!                                         0
fb                                   -0.475944
sns1                                         0
xq1.s1                                       0
xq1.t                                        0
sns2                                         0
cb2                                          0
xr2.dt                                       0
xq2.s1                                       0
xq2.t                                        0
vref                                         0
cb3                                          0
xr1.dt                                       0
xq3.s1                                       0
xq3.t                                        0
det                                          0
xrpu.dt                                      0
fbx                                  -0.475944
vmkfb#branch                      -4.75948e-06
vsub#branch                                  0
vvss#branch                        2.40523e-07
vvdd#branch                       -2.40523e-07

 Reference value :  5.35000e-04
No. of Data Rows : 1011
v_det_early         =  2.80147e-01
v_fb_early          =  -2.77540e-01
v_det_v             =  2.09721e-01
v_fb_v              =  2.23499e+00
v_sns1_v            =  5.80229e-01
v_vref_v            =  1.04403e+00
i_mkfb_v            =  3.03014e-09
Note: Simulation executed from .control section 
