Warning: m=xx on .subckt line will override multiplier m hierarchy!



The temperature limiting function received NaN.
Please check your power dissipation and improve your heat sink Rth!
    This message will be shown only once.

Note: Starting dynamic gmin stepping
Note: Dynamic gmin stepping completed

Note: Compatibility modes selected: hs a


Circuit: * sg13g2-bandgap -- bandgap_core + bandgap_startup co-simulated hand-over

Doing analysis at TEMP = -40.000000 and TNOM = 27.000000

Using SPARSE 1.3 as Direct Linear Solver

Initial Transient Solution
--------------------------

Node                                   Voltage
----                                   -------
vdd                                          0
vss                                          0
sub!                                         0
fb                                   -0.599276
sns1                               1.07464e-52
xq1.s1                             4.29857e-62
xq1.t                             4.90899e-121
sns2                               1.63302e-56
cb2                                1.63302e-56
xr2.dt                                       0
xq2.s1                             1.79633e-65
xq2.t                             2.78393e-130
vref                               5.57974e-54
cb3                                5.57974e-54
xr1.dt                                       0
xq3.s1                              2.2319e-63
xq3.t                             1.32137e-123
det                                          0
xrpu.dt                                      0
fbx                                  -0.599276
vmkfb#branch                      -4.96047e-06
vsub#branch                                  0
vvss#branch                        3.95348e-08
vvdd#branch                       -3.95348e-08

 Reference value :  5.49000e-04
No. of Data Rows : 1012
v_det_early         =  2.93342e-01
v_fb_early          =  -3.82506e-01
v_det_v             =  1.35598e-02
v_fb_v              =  2.14187e+00
v_sns1_v            =  7.90058e-01
v_vref_v            =  1.23945e+00
i_mkfb_v            =  -7.11724e-15
Note: Simulation executed from .control section 
