Warning: m=xx on .subckt line will override multiplier m hierarchy!



The temperature limiting function received NaN.
Please check your power dissipation and improve your heat sink Rth!
    This message will be shown only once.

Note: Starting dynamic gmin stepping
Note: Dynamic gmin stepping completed

Note: Compatibility modes selected: hs a


Circuit: * sg13g2-bandgap -- bandgap_core + bandgap_startup co-simulated hand-over

Doing analysis at TEMP = -40.000000 and TNOM = 27.000000

Using SPARSE 1.3 as Direct Linear Solver

Initial Transient Solution
--------------------------

Node                                   Voltage
----                                   -------
vdd                                          0
vss                                          0
sub!                                         0
fb                                   -0.576578
sns1                               2.55738e-57
xq1.s1                             1.02295e-66
xq1.t                               2.822e-130
sns2                               2.95069e-61
cb2                                2.95069e-61
xr2.dt                                       0
xq2.s1                             3.24576e-70
xq2.t                             1.59335e-139
vref                               1.08181e-58
cb3                                1.08181e-58
xr1.dt                                       0
xq3.s1                             4.32724e-68
xq3.t                             5.04208e-133
det                                          0
xrpu.dt                                      0
fbx                                  -0.576578
vmkfb#branch                      -4.99207e-06
vsub#branch                                  0
vvss#branch                        7.93273e-09
vvdd#branch                       -7.93273e-09

 Reference value :  5.67000e-04
No. of Data Rows : 1012
v_det_early         =  2.93339e-01
v_fb_early          =  -3.61495e-01
v_det_v             =  9.70014e-03
v_fb_v              =  2.11365e+00
v_sns1_v            =  7.90048e-01
v_vref_v            =  1.23923e+00
i_mkfb_v            =  2.14299e-14
Note: Simulation executed from .control section 
