Warning: m=xx on .subckt line will override multiplier m hierarchy!


Note: Compatibility modes selected: hs a


Circuit: * sg13g2-bandgap -- bandgap_core + bandgap_startup co-simulated hand-over

Doing analysis at TEMP = 27.000000 and TNOM = 27.000000

Using SPARSE 1.3 as Direct Linear Solver

Initial Transient Solution
--------------------------

Node                                   Voltage
----                                   -------
vdd                                          0
vss                                          0
sub!                                         0
fb                                   -0.553015
sns1                                1.2451e-18
xq1.s1                             4.98039e-28
xq1.t                              1.17626e-51
sns2                               1.24524e-18
cb2                                1.24524e-18
xr2.dt                                       0
xq2.s1                             1.36976e-27
xq2.t                                1.134e-51
vref                              -6.50784e-19
cb3                               -6.50784e-19
xr1.dt                                       0
xq3.s1                            -2.60314e-28
xq3.t                              3.21344e-52
det                                          0
xrpu.dt                                      0
fbx                                  -0.553015
vmkfb#branch                       -4.9205e-06
vsub#branch                                  0
vvss#branch                         7.9505e-08
vvdd#branch                        -7.9505e-08

 Reference value :  6.07000e-04
No. of Data Rows : 1012
v_det_early         =  3.58115e-01
v_fb_early          =  -2.91007e-01
v_det_v             =  4.08358e-02
v_fb_v              =  2.82526e+00
v_sns1_v            =  7.08611e-01
v_vref_v            =  1.16504e+00
i_mkfb_v            =  2.50371e-13
Note: Simulation executed from .control section 
