Warning: m=xx on .subckt line will override multiplier m hierarchy!


Note: Compatibility modes selected: hs a


Circuit: * sg13g2-bandgap -- bandgap_core + bandgap_startup co-simulated hand-over

Doing analysis at TEMP = 27.000000 and TNOM = 27.000000

Using SPARSE 1.3 as Direct Linear Solver

Initial Transient Solution
--------------------------

Node                                   Voltage
----                                   -------
vdd                                          0
vss                                          0
sub!                                         0
fb                                   -0.598379
sns1                               7.62602e-33
xq1.s1                             3.05041e-42
xq1.t                              5.06822e-80
sns2                              -2.00427e-26
cb2                               -2.00427e-26
xr2.dt                                       0
xq2.s1                            -2.20469e-35
xq2.t                              3.37224e-67
vref                              -4.41989e-32
cb3                               -4.41989e-32
xr1.dt                                       0
xq3.s1                            -1.76796e-41
xq3.t                              1.70248e-78
det                                          0
xrpu.dt                                      0
fbx                                  -0.598379
vmkfb#branch                      -4.93128e-06
vsub#branch                                  0
vvss#branch                        6.87189e-08
vvdd#branch                       -6.87189e-08

 Reference value :  6.63000e-04
No. of Data Rows : 1012
v_det_early         =  3.25548e-01
v_fb_early          =  -3.64479e-01
v_det_v             =  2.45643e-01
v_fb_v              =  2.43941e+00
v_sns1_v            =  7.16492e-01
v_vref_v            =  1.21646e+00
i_mkfb_v            =  9.00302e-12
Note: Simulation executed from .control section 
