
Note: No compatibility mode selected!


Circuit: * klt sim -- generated corner deck, do not edit

Doing analysis at TEMP = 125.000000 and TNOM = 27.000000

Using SPARSE 1.3 as Direct Linear Solver


The temperature limiting function received NaN.
Please check your power dissipation and improve your heat sink Rth!
    This message will be shown only once.

Note: Starting dynamic gmin stepping
OSDI(debug) n.xr2.nr1: WARNING: V(i2,c) voltage is greater than specified by vmax
OSDI(debug) n.xr2.nr1: WARNING: V(i2,c) voltage is greater than specified by vmax
OSDI(debug) n.xr2.nr1: WARNING: V(i2,c) voltage is greater than specified by vmax
OSDI(debug) n.xr2.nr1: WARNING: V(i2,c) voltage is greater than specified by vmax
OSDI(debug) n.xr2.nr1: WARNING: V(i2,c) voltage is greater than specified by vmax
OSDI(debug) n.xr2.nr1: WARNING: V(i2,c) voltage is greater than specified by vmax
OSDI(debug) n.xr2.nr1: WARNING: V(i2,c) voltage is greater than specified by vmax
OSDI(debug) n.xr2.nr1: WARNING: V(i2,c) voltage is greater than specified by vmax
OSDI(debug) n.xr2.nr1: WARNING: V(i2,c) voltage is greater than specified by vmax
Note: Dynamic gmin stepping completed

No. of Data Rows : 1

  Measurements for AC Analysis


v(fb) = 2.597331e+00
v(sns1) = 5.851321e-01
v(sns2) = 5.844449e-01
v(vref) = 1.039107e+00
v(det) = 1.643006e-02
i(vmkfb) = 1.588121e-10
Doing analysis at TEMP = 125.000000 and TNOM = 27.000000

Using SPARSE 1.3 as Direct Linear Solver
Note: Starting dynamic gmin stepping
OSDI(debug) n.xr2.nr1: WARNING: V(i2,c) voltage is greater than specified by vmax
OSDI(debug) n.xr2.nr1: WARNING: V(i2,c) voltage is greater than specified by vmax
OSDI(debug) n.xr2.nr1: WARNING: V(i2,c) voltage is greater than specified by vmax
OSDI(debug) n.xr2.nr1: WARNING: V(i2,c) voltage is greater than specified by vmax
OSDI(debug) n.xr2.nr1: WARNING: V(i2,c) voltage is greater than specified by vmax
OSDI(debug) n.xr2.nr1: WARNING: V(i2,c) voltage is greater than specified by vmax
OSDI(debug) n.xr2.nr1: WARNING: V(i2,c) voltage is greater than specified by vmax
OSDI(debug) n.xr2.nr1: WARNING: V(i2,c) voltage is greater than specified by vmax
OSDI(debug) n.xr2.nr1: WARNING: V(i2,c) voltage is greater than specified by vmax
Note: Dynamic gmin stepping completed

No. of Data Rows : 271

  Measurements for AC Analysis

psrr_dc_lin         =  9.94697e-05
psrr_1khz_lin       =  1.01461e-04
psrr_100khz_lin     =  2.00246e-03
psrr_1mhz_lin       =  1.99115e-02

                * klt sim -- generated corner deck, do not edit
                AC Analysis  Sun Oct  4 01:59:47  2026
--------------------------------------------------------------------------------
Index   frequency       psrr_db         
--------------------------------------------------------------------------------
0	1.000000e+00	8.004618e+01	
1	1.079775e+00	8.004618e+01	
2	1.165914e+00	8.004618e+01	
3	1.258925e+00	8.004618e+01	
4	1.359356e+00	8.004618e+01	
5	1.467799e+00	8.004618e+01	
6	1.584893e+00	8.004618e+01	
7	1.711328e+00	8.004618e+01	
8	1.847850e+00	8.004618e+01	
9	1.995262e+00	8.004618e+01	
10	2.154435e+00	8.004618e+01	
11	2.326305e+00	8.004618e+01	
12	2.511886e+00	8.004618e+01	
13	2.712273e+00	8.004618e+01	
14	2.928645e+00	8.004618e+01	
15	3.162278e+00	8.004618e+01	
16	3.414549e+00	8.004618e+01	
17	3.686945e+00	8.004618e+01	
18	3.981072e+00	8.004618e+01	
19	4.298662e+00	8.004618e+01	
20	4.641589e+00	8.004618e+01	
21	5.011872e+00	8.004618e+01	
22	5.411695e+00	8.004618e+01	
23	5.843414e+00	8.004618e+01	
24	6.309573e+00	8.004617e+01	
25	6.812921e+00	8.004617e+01	
26	7.356423e+00	8.004617e+01	
27	7.943282e+00	8.004617e+01	
28	8.576959e+00	8.004617e+01	
29	9.261187e+00	8.004617e+01	
30	1.000000e+01	8.004616e+01	
31	1.079775e+01	8.004616e+01	
32	1.165914e+01	8.004616e+01	
33	1.258925e+01	8.004615e+01	
34	1.359356e+01	8.004615e+01	
35	1.467799e+01	8.004614e+01	
36	1.584893e+01	8.004614e+01	
37	1.711328e+01	8.004613e+01	
38	1.847850e+01	8.004612e+01	
39	1.995262e+01	8.004611e+01	
40	2.154435e+01	8.004610e+01	
41	2.326305e+01	8.004609e+01	
42	2.511886e+01	8.004607e+01	
43	2.712273e+01	8.004605e+01	
44	2.928645e+01	8.004603e+01	
45	3.162278e+01	8.004601e+01	
46	3.414549e+01	8.004598e+01	
47	3.686945e+01	8.004594e+01	
48	3.981072e+01	8.004590e+01	
49	4.298662e+01	8.004586e+01	
50	4.641589e+01	8.004580e+01	
51	5.011872e+01	8.004574e+01	
52	5.411695e+01	8.004567e+01	
53	5.843414e+01	8.004558e+01	
54	6.309573e+01	8.004548e+01	

Index   frequency       psrr_db         
--------------------------------------------------------------------------------
55	6.812921e+01	8.004537e+01	
56	7.356423e+01	8.004523e+01	
57	7.943282e+01	8.004507e+01	
58	8.576959e+01	8.004489e+01	
59	9.261187e+01	8.004468e+01	
60	1.000000e+02	8.004443e+01	
61	1.079775e+02	8.004414e+01	
62	1.165914e+02	8.004380e+01	
63	1.258925e+02	8.004340e+01	
64	1.359356e+02	8.004294e+01	
65	1.467799e+02	8.004240e+01	
66	1.584893e+02	8.004177e+01	
67	1.711328e+02	8.004104e+01	
68	1.847850e+02	8.004019e+01	
69	1.995262e+02	8.003920e+01	
70	2.154435e+02	8.003804e+01	
71	2.326305e+02	8.003669e+01	
72	2.511886e+02	8.003512e+01	
73	2.712273e+02	8.003328e+01	
74	2.928645e+02	8.003115e+01	
75	3.162278e+02	8.002866e+01	
76	3.414549e+02	8.002576e+01	
77	3.686945e+02	8.002238e+01	
78	3.981072e+02	8.001844e+01	
79	4.298662e+02	8.001386e+01	
80	4.641589e+02	8.000852e+01	
81	5.011872e+02	8.000230e+01	
82	5.411695e+02	7.999506e+01	
83	5.843414e+02	7.998664e+01	
84	6.309573e+02	7.997684e+01	
85	6.812921e+02	7.996544e+01	
86	7.356423e+02	7.995218e+01	
87	7.943282e+02	7.993678e+01	
88	8.576959e+02	7.991889e+01	
89	9.261187e+02	7.989813e+01	
90	1.000000e+03	7.987405e+01	
91	1.079775e+03	7.984614e+01	
92	1.165914e+03	7.981382e+01	
93	1.258925e+03	7.977644e+01	
94	1.359356e+03	7.973327e+01	
95	1.467799e+03	7.968346e+01	
96	1.584893e+03	7.962611e+01	
97	1.711328e+03	7.956018e+01	
98	1.847850e+03	7.948455e+01	
99	1.995262e+03	7.939801e+01	
100	2.154435e+03	7.929925e+01	
101	2.326305e+03	7.918686e+01	
102	2.511886e+03	7.905939e+01	
103	2.712273e+03	7.891535e+01	
104	2.928645e+03	7.875323e+01	
105	3.162278e+03	7.857155e+01	
106	3.414549e+03	7.836890e+01	
107	3.686945e+03	7.814398e+01	
108	3.981072e+03	7.789566e+01	
109	4.298662e+03	7.762300e+01	
110	4.641589e+03	7.732531e+01	
111	5.011872e+03	7.700218e+01	
112	5.411695e+03	7.665350e+01	

Index   frequency       psrr_db         
--------------------------------------------------------------------------------
113	5.843414e+03	7.627944e+01	
114	6.309573e+03	7.588047e+01	
115	6.812921e+03	7.545733e+01	
116	7.356423e+03	7.501100e+01	
117	7.943282e+03	7.454265e+01	
118	8.576959e+03	7.405361e+01	
119	9.261187e+03	7.354530e+01	
120	1.000000e+04	7.301921e+01	
121	1.079775e+04	7.247686e+01	
122	1.165914e+04	7.191972e+01	
123	1.258925e+04	7.134925e+01	
124	1.359356e+04	7.076682e+01	
125	1.467799e+04	7.017374e+01	
126	1.584893e+04	6.957118e+01	
127	1.711328e+04	6.896027e+01	
128	1.847850e+04	6.834201e+01	
129	1.995262e+04	6.771729e+01	
130	2.154435e+04	6.708693e+01	
131	2.326305e+04	6.645164e+01	
132	2.511886e+04	6.581207e+01	
133	2.712273e+04	6.516879e+01	
134	2.928645e+04	6.452227e+01	
135	3.162278e+04	6.387297e+01	
136	3.414549e+04	6.322125e+01	
137	3.686945e+04	6.256745e+01	
138	3.981072e+04	6.191185e+01	
139	4.298662e+04	6.125470e+01	
140	4.641589e+04	6.059622e+01	
141	5.011872e+04	5.993659e+01	
142	5.411695e+04	5.927597e+01	
143	5.843414e+04	5.861450e+01	
144	6.309573e+04	5.795230e+01	
145	6.812921e+04	5.728948e+01	
146	7.356423e+04	5.662612e+01	
147	7.943282e+04	5.596230e+01	
148	8.576959e+04	5.529809e+01	
149	9.261187e+04	5.463354e+01	
150	1.000000e+05	5.396871e+01	
151	1.079775e+05	5.330363e+01	
152	1.165914e+05	5.263835e+01	
153	1.258925e+05	5.197289e+01	
154	1.359356e+05	5.130729e+01	
155	1.467799e+05	5.064157e+01	
156	1.584893e+05	4.997576e+01	
157	1.711328e+05	4.930986e+01	
158	1.847850e+05	4.864391e+01	
159	1.995262e+05	4.797791e+01	
160	2.154435e+05	4.731189e+01	
161	2.326305e+05	4.664585e+01	
162	2.511886e+05	4.597982e+01	
163	2.712273e+05	4.531381e+01	
164	2.928645e+05	4.464783e+01	
165	3.162278e+05	4.398190e+01	
166	3.414549e+05	4.331604e+01	
167	3.686945e+05	4.265026e+01	
168	3.981072e+05	4.198460e+01	
169	4.298662e+05	4.131906e+01	
170	4.641589e+05	4.065368e+01	

Index   frequency       psrr_db         
--------------------------------------------------------------------------------
171	5.011872e+05	3.998848e+01	
172	5.411695e+05	3.932351e+01	
173	5.843414e+05	3.865880e+01	
174	6.309573e+05	3.799439e+01	
175	6.812921e+05	3.733034e+01	
176	7.356423e+05	3.666671e+01	
177	7.943282e+05	3.600357e+01	
178	8.576959e+05	3.534100e+01	
179	9.261187e+05	3.467908e+01	
180	1.000000e+06	3.401793e+01	
181	1.079775e+06	3.335768e+01	
182	1.165914e+06	3.269846e+01	
183	1.258925e+06	3.204043e+01	
184	1.359356e+06	3.138378e+01	
185	1.467799e+06	3.072873e+01	
186	1.584893e+06	3.007551e+01	
187	1.711328e+06	2.942440e+01	
188	1.847850e+06	2.877571e+01	
189	1.995262e+06	2.812979e+01	
190	2.154435e+06	2.748701e+01	
191	2.326305e+06	2.684782e+01	
192	2.511886e+06	2.621268e+01	
193	2.712273e+06	2.558208e+01	
194	2.928645e+06	2.495656e+01	
195	3.162278e+06	2.433669e+01	
196	3.414549e+06	2.372303e+01	
197	3.686945e+06	2.311614e+01	
198	3.981072e+06	2.251654e+01	
199	4.298662e+06	2.192468e+01	
200	4.641589e+06	2.134090e+01	
201	5.011872e+06	2.076539e+01	
202	5.411695e+06	2.019809e+01	
203	5.843414e+06	1.963867e+01	
204	6.309573e+06	1.908644e+01	
205	6.812921e+06	1.854026e+01	
206	7.356423e+06	1.799849e+01	
207	7.943282e+06	1.745888e+01	
208	8.576959e+06	1.691857e+01	
209	9.261187e+06	1.637395e+01	
210	1.000000e+07	1.582072e+01	
211	1.079775e+07	1.525381e+01	
212	1.165914e+07	1.466743e+01	
213	1.258925e+07	1.405513e+01	
214	1.359356e+07	1.340998e+01	
215	1.467799e+07	1.272485e+01	
216	1.584893e+07	1.199311e+01	
217	1.711328e+07	1.120985e+01	
218	1.847850e+07	1.037442e+01	
219	1.995262e+07	9.495262e+00	
220	2.154435e+07	8.598548e+00	
221	2.326305e+07	7.741809e+00	
222	2.511886e+07	7.028068e+00	
223	2.712273e+07	6.601205e+00	
224	2.928645e+07	6.592279e+00	
225	3.162278e+07	7.032664e+00	
226	3.414549e+07	7.828216e+00	
227	3.686945e+07	8.829477e+00	
228	3.981072e+07	9.909072e+00	

Index   frequency       psrr_db         
--------------------------------------------------------------------------------
229	4.298662e+07	1.098692e+01	
230	4.641589e+07	1.202139e+01	
231	5.011872e+07	1.299428e+01	
232	5.411695e+07	1.389969e+01	
233	5.843414e+07	1.473770e+01	
234	6.309573e+07	1.551093e+01	
235	6.812921e+07	1.622294e+01	
236	7.356423e+07	1.687743e+01	
237	7.943282e+07	1.747790e+01	
238	8.576959e+07	1.802762e+01	
239	9.261187e+07	1.852962e+01	
240	1.000000e+08	1.898678e+01	
241	1.079775e+08	1.940192e+01	
242	1.165914e+08	1.977792e+01	
243	1.258925e+08	2.011781e+01	
244	1.359356e+08	2.042477e+01	
245	1.467799e+08	2.070221e+01	
246	1.584893e+08	2.095366e+01	
247	1.711328e+08	2.118264e+01	
248	1.847850e+08	2.139258e+01	
249	1.995262e+08	2.158656e+01	
250	2.154435e+08	2.176721e+01	
251	2.326305e+08	2.193660e+01	
252	2.511886e+08	2.209616e+01	
253	2.712273e+08	2.224678e+01	
254	2.928645e+08	2.238885e+01	
255	3.162278e+08	2.252235e+01	
256	3.414549e+08	2.264706e+01	
257	3.686945e+08	2.276254e+01	
258	3.981072e+08	2.286834e+01	
259	4.298662e+08	2.296395e+01	
260	4.641589e+08	2.304890e+01	
261	5.011872e+08	2.312274e+01	
262	5.411695e+08	2.318503e+01	
263	5.843414e+08	2.323535e+01	
264	6.309573e+08	2.327330e+01	
265	6.812921e+08	2.329846e+01	
266	7.356423e+08	2.331045e+01	
267	7.943282e+08	2.330890e+01	
268	8.576959e+08	2.329351e+01	
269	9.261187e+08	2.326410e+01	
270	1.000000e+09	2.322062e+01	
Doing analysis at TEMP = 125.000000 and TNOM = 27.000000

Using SPARSE 1.3 as Direct Linear Solver
Note: Starting dynamic gmin stepping
OSDI(debug) n.xr2.nr1: WARNING: V(i2,c) voltage is greater than specified by vmax
OSDI(debug) n.xr2.nr1: WARNING: V(i2,c) voltage is greater than specified by vmax
OSDI(debug) n.xr2.nr1: WARNING: V(i2,c) voltage is greater than specified by vmax
OSDI(debug) n.xr2.nr1: WARNING: V(i2,c) voltage is greater than specified by vmax
OSDI(debug) n.xr2.nr1: WARNING: V(i2,c) voltage is greater than specified by vmax
OSDI(debug) n.xr2.nr1: WARNING: V(i2,c) voltage is greater than specified by vmax
OSDI(debug) n.xr2.nr1: WARNING: V(i2,c) voltage is greater than specified by vmax
OSDI(debug) n.xr2.nr1: WARNING: V(i2,c) voltage is greater than specified by vmax
OSDI(debug) n.xr2.nr1: WARNING: V(i2,c) voltage is greater than specified by vmax
Note: Dynamic gmin stepping completed

No. of Data Rows : 271

  Measurements for AC Analysis

psrr_dc_lin         =  9.94697e-05
psrr_1khz_lin       =  1.01461e-04
psrr_100khz_lin     =  2.00246e-03
psrr_1mhz_lin       =  1.99115e-02

ngspice-46 done
