
Note: No compatibility mode selected!


Circuit: * klt sim -- generated corner deck, do not edit

Doing analysis at TEMP = -40.000000 and TNOM = 27.000000

Using SPARSE 1.3 as Direct Linear Solver
Note: Starting dynamic gmin stepping


The temperature limiting function received NaN.
Please check your power dissipation and improve your heat sink Rth!
    This message will be shown only once.

Note: Dynamic gmin stepping completed

No. of Data Rows : 1

  Measurements for AC Analysis


v(fb) = 2.515483e+00
v(sns1) = 7.816928e-01
v(sns2) = 7.813929e-01
v(vref) = 1.045918e+00
v(det) = 3.004791e-03
i(vmkfb) = 4.066192e-15
Doing analysis at TEMP = -40.000000 and TNOM = 27.000000

Using SPARSE 1.3 as Direct Linear Solver
Note: Starting dynamic gmin stepping
Note: Dynamic gmin stepping completed

No. of Data Rows : 271

  Measurements for AC Analysis

psrr_dc_lin         =  6.17860e-04
psrr_1khz_lin       =  6.18160e-04
psrr_100khz_lin     =  2.02096e-03
psrr_1mhz_lin       =  1.91696e-02

                * klt sim -- generated corner deck, do not edit
                AC Analysis  Sun Oct  4 01:59:45  2026
--------------------------------------------------------------------------------
Index   frequency       psrr_db         
--------------------------------------------------------------------------------
0	1.000000e+00	6.418220e+01	
1	1.079775e+00	6.418220e+01	
2	1.165914e+00	6.418220e+01	
3	1.258925e+00	6.418220e+01	
4	1.359356e+00	6.418220e+01	
5	1.467799e+00	6.418220e+01	
6	1.584893e+00	6.418220e+01	
7	1.711328e+00	6.418220e+01	
8	1.847850e+00	6.418220e+01	
9	1.995262e+00	6.418220e+01	
10	2.154435e+00	6.418220e+01	
11	2.326305e+00	6.418220e+01	
12	2.511886e+00	6.418220e+01	
13	2.712273e+00	6.418220e+01	
14	2.928645e+00	6.418220e+01	
15	3.162278e+00	6.418220e+01	
16	3.414549e+00	6.418220e+01	
17	3.686945e+00	6.418220e+01	
18	3.981072e+00	6.418220e+01	
19	4.298662e+00	6.418220e+01	
20	4.641589e+00	6.418220e+01	
21	5.011872e+00	6.418220e+01	
22	5.411695e+00	6.418220e+01	
23	5.843414e+00	6.418220e+01	
24	6.309573e+00	6.418220e+01	
25	6.812921e+00	6.418220e+01	
26	7.356423e+00	6.418220e+01	
27	7.943282e+00	6.418220e+01	
28	8.576959e+00	6.418220e+01	
29	9.261187e+00	6.418220e+01	
30	1.000000e+01	6.418220e+01	
31	1.079775e+01	6.418220e+01	
32	1.165914e+01	6.418220e+01	
33	1.258925e+01	6.418220e+01	
34	1.359356e+01	6.418220e+01	
35	1.467799e+01	6.418220e+01	
36	1.584893e+01	6.418220e+01	
37	1.711328e+01	6.418220e+01	
38	1.847850e+01	6.418220e+01	
39	1.995262e+01	6.418220e+01	
40	2.154435e+01	6.418220e+01	
41	2.326305e+01	6.418220e+01	
42	2.511886e+01	6.418220e+01	
43	2.712273e+01	6.418219e+01	
44	2.928645e+01	6.418219e+01	
45	3.162278e+01	6.418219e+01	
46	3.414549e+01	6.418219e+01	
47	3.686945e+01	6.418219e+01	
48	3.981072e+01	6.418219e+01	
49	4.298662e+01	6.418219e+01	
50	4.641589e+01	6.418219e+01	
51	5.011872e+01	6.418219e+01	
52	5.411695e+01	6.418219e+01	
53	5.843414e+01	6.418218e+01	
54	6.309573e+01	6.418218e+01	

Index   frequency       psrr_db         
--------------------------------------------------------------------------------
55	6.812921e+01	6.418218e+01	
56	7.356423e+01	6.418217e+01	
57	7.943282e+01	6.418217e+01	
58	8.576959e+01	6.418217e+01	
59	9.261187e+01	6.418216e+01	
60	1.000000e+02	6.418216e+01	
61	1.079775e+02	6.418215e+01	
62	1.165914e+02	6.418214e+01	
63	1.258925e+02	6.418213e+01	
64	1.359356e+02	6.418212e+01	
65	1.467799e+02	6.418211e+01	
66	1.584893e+02	6.418209e+01	
67	1.711328e+02	6.418207e+01	
68	1.847850e+02	6.418205e+01	
69	1.995262e+02	6.418203e+01	
70	2.154435e+02	6.418200e+01	
71	2.326305e+02	6.418197e+01	
72	2.511886e+02	6.418193e+01	
73	2.712273e+02	6.418189e+01	
74	2.928645e+02	6.418184e+01	
75	3.162278e+02	6.418178e+01	
76	3.414549e+02	6.418171e+01	
77	3.686945e+02	6.418163e+01	
78	3.981072e+02	6.418153e+01	
79	4.298662e+02	6.418142e+01	
80	4.641589e+02	6.418129e+01	
81	5.011872e+02	6.418114e+01	
82	5.411695e+02	6.418096e+01	
83	5.843414e+02	6.418076e+01	
84	6.309573e+02	6.418052e+01	
85	6.812921e+02	6.418024e+01	
86	7.356423e+02	6.417992e+01	
87	7.943282e+02	6.417954e+01	
88	8.576959e+02	6.417910e+01	
89	9.261187e+02	6.417859e+01	
90	1.000000e+03	6.417799e+01	
91	1.079775e+03	6.417729e+01	
92	1.165914e+03	6.417648e+01	
93	1.258925e+03	6.417553e+01	
94	1.359356e+03	6.417442e+01	
95	1.467799e+03	6.417313e+01	
96	1.584893e+03	6.417163e+01	
97	1.711328e+03	6.416988e+01	
98	1.847850e+03	6.416784e+01	
99	1.995262e+03	6.416546e+01	
100	2.154435e+03	6.416269e+01	
101	2.326305e+03	6.415946e+01	
102	2.511886e+03	6.415570e+01	
103	2.712273e+03	6.415132e+01	
104	2.928645e+03	6.414622e+01	
105	3.162278e+03	6.414028e+01	
106	3.414549e+03	6.413336e+01	
107	3.686945e+03	6.412531e+01	
108	3.981072e+03	6.411594e+01	
109	4.298662e+03	6.410505e+01	
110	4.641589e+03	6.409238e+01	
111	5.011872e+03	6.407765e+01	
112	5.411695e+03	6.406055e+01	

Index   frequency       psrr_db         
--------------------------------------------------------------------------------
113	5.843414e+03	6.404069e+01	
114	6.309573e+03	6.401765e+01	
115	6.812921e+03	6.399094e+01	
116	7.356423e+03	6.396001e+01	
117	7.943282e+03	6.392422e+01	
118	8.576959e+03	6.388286e+01	
119	9.261187e+03	6.383514e+01	
120	1.000000e+04	6.378014e+01	
121	1.079775e+04	6.371690e+01	
122	1.165914e+04	6.364430e+01	
123	1.258925e+04	6.356116e+01	
124	1.359356e+04	6.346619e+01	
125	1.467799e+04	6.335803e+01	
126	1.584893e+04	6.323524e+01	
127	1.711328e+04	6.309632e+01	
128	1.847850e+04	6.293977e+01	
129	1.995262e+04	6.276410e+01	
130	2.154435e+04	6.256787e+01	
131	2.326305e+04	6.234974e+01	
132	2.511886e+04	6.210853e+01	
133	2.712273e+04	6.184324e+01	
134	2.928645e+04	6.155310e+01	
135	3.162278e+04	6.123762e+01	
136	3.414549e+04	6.089659e+01	
137	3.686945e+04	6.053009e+01	
138	3.981072e+04	6.013852e+01	
139	4.298662e+04	5.972253e+01	
140	4.641589e+04	5.928304e+01	
141	5.011872e+04	5.882116e+01	
142	5.411695e+04	5.833818e+01	
143	5.843414e+04	5.783551e+01	
144	6.309573e+04	5.731460e+01	
145	6.812921e+04	5.677698e+01	
146	7.356423e+04	5.622414e+01	
147	7.943282e+04	5.565755e+01	
148	8.576959e+04	5.507860e+01	
149	9.261187e+04	5.448862e+01	
150	1.000000e+05	5.388883e+01	
151	1.079775e+05	5.328038e+01	
152	1.165914e+05	5.266428e+01	
153	1.258925e+05	5.204149e+01	
154	1.359356e+05	5.141283e+01	
155	1.467799e+05	5.077907e+01	
156	1.584893e+05	5.014085e+01	
157	1.711328e+05	4.949878e+01	
158	1.847850e+05	4.885336e+01	
159	1.995262e+05	4.820506e+01	
160	2.154435e+05	4.755427e+01	
161	2.326305e+05	4.690135e+01	
162	2.511886e+05	4.624659e+01	
163	2.712273e+05	4.559027e+01	
164	2.928645e+05	4.493261e+01	
165	3.162278e+05	4.427383e+01	
166	3.414549e+05	4.361411e+01	
167	3.686945e+05	4.295359e+01	
168	3.981072e+05	4.229244e+01	
169	4.298662e+05	4.163076e+01	
170	4.641589e+05	4.096869e+01	

Index   frequency       psrr_db         
--------------------------------------------------------------------------------
171	5.011872e+05	4.030632e+01	
172	5.411695e+05	3.964375e+01	
173	5.843414e+05	3.898109e+01	
174	6.309573e+05	3.831842e+01	
175	6.812921e+05	3.765584e+01	
176	7.356423e+05	3.699344e+01	
177	7.943282e+05	3.633132e+01	
178	8.576959e+05	3.566959e+01	
179	9.261187e+05	3.500835e+01	
180	1.000000e+06	3.434774e+01	
181	1.079775e+06	3.368788e+01	
182	1.165914e+06	3.302894e+01	
183	1.258925e+06	3.237107e+01	
184	1.359356e+06	3.171447e+01	
185	1.467799e+06	3.105935e+01	
186	1.584893e+06	3.040596e+01	
187	1.711328e+06	2.975458e+01	
188	1.847850e+06	2.910550e+01	
189	1.995262e+06	2.845906e+01	
190	2.154435e+06	2.781566e+01	
191	2.326305e+06	2.717571e+01	
192	2.511886e+06	2.653966e+01	
193	2.712273e+06	2.590802e+01	
194	2.928645e+06	2.528132e+01	
195	3.162278e+06	2.466010e+01	
196	3.414549e+06	2.404493e+01	
197	3.686945e+06	2.343638e+01	
198	3.981072e+06	2.283496e+01	
199	4.298662e+06	2.224115e+01	
200	4.641589e+06	2.165531e+01	
201	5.011872e+06	2.107764e+01	
202	5.411695e+06	2.050815e+01	
203	5.843414e+06	1.994656e+01	
204	6.309573e+06	1.939225e+01	
205	6.812921e+06	1.884415e+01	
206	7.356423e+06	1.830072e+01	
207	7.943282e+06	1.775983e+01	
208	8.576959e+06	1.721868e+01	
209	9.261187e+06	1.667380e+01	
210	1.000000e+07	1.612095e+01	
211	1.079775e+07	1.555511e+01	
212	1.165914e+07	1.497049e+01	
213	1.258925e+07	1.436052e+01	
214	1.359356e+07	1.371801e+01	
215	1.467799e+07	1.303529e+01	
216	1.584893e+07	1.230470e+01	
217	1.711328e+07	1.151949e+01	
218	1.847850e+07	1.067576e+01	
219	1.995262e+07	9.776317e+00	
220	2.154435e+07	8.838227e+00	
221	2.326305e+07	7.906063e+00	
222	2.511886e+07	7.070270e+00	
223	2.712273e+07	6.476684e+00	
224	2.928645e+07	6.290340e+00	
225	3.162278e+07	6.596689e+00	
226	3.414549e+07	7.330613e+00	
227	3.686945e+07	8.330633e+00	
228	3.981072e+07	9.442159e+00	

Index   frequency       psrr_db         
--------------------------------------------------------------------------------
229	4.298662e+07	1.056422e+01	
230	4.641589e+07	1.164413e+01	
231	5.011872e+07	1.265906e+01	
232	5.411695e+07	1.360174e+01	
233	5.843414e+07	1.447218e+01	
234	6.309573e+07	1.527349e+01	
235	6.812921e+07	1.600978e+01	
236	7.356423e+07	1.668526e+01	
237	7.943282e+07	1.730388e+01	
238	8.576959e+07	1.786922e+01	
239	9.261187e+07	1.838457e+01	
240	1.000000e+08	1.885297e+01	
241	1.079775e+08	1.927740e+01	
242	1.165914e+08	1.966086e+01	
243	1.258925e+08	2.000650e+01	
244	1.359356e+08	2.031770e+01	
245	1.467799e+08	2.059808e+01	
246	1.584893e+08	2.085143e+01	
247	1.711328e+08	2.108162e+01	
248	1.847850e+08	2.129241e+01	
249	1.995262e+08	2.148724e+01	
250	2.154435e+08	2.166906e+01	
251	2.326305e+08	2.184018e+01	
252	2.511886e+08	2.200225e+01	
253	2.712273e+08	2.215628e+01	
254	2.928645e+08	2.230274e+01	
255	3.162278e+08	2.244169e+01	
256	3.414549e+08	2.257292e+01	
257	3.686945e+08	2.269606e+01	
258	3.981072e+08	2.281071e+01	
259	4.298662e+08	2.291645e+01	
260	4.641589e+08	2.301290e+01	
261	5.011872e+08	2.309974e+01	
262	5.411695e+08	2.317666e+01	
263	5.843414e+08	2.324338e+01	
264	6.309573e+08	2.329960e+01	
265	6.812921e+08	2.334503e+01	
266	7.356423e+08	2.337932e+01	
267	7.943282e+08	2.340212e+01	
268	8.576959e+08	2.341311e+01	
269	9.261187e+08	2.341196e+01	
270	1.000000e+09	2.339847e+01	
Doing analysis at TEMP = -40.000000 and TNOM = 27.000000

Using SPARSE 1.3 as Direct Linear Solver
Note: Starting dynamic gmin stepping
Note: Dynamic gmin stepping completed

No. of Data Rows : 271

  Measurements for AC Analysis

psrr_dc_lin         =  6.17860e-04
psrr_1khz_lin       =  6.18160e-04
psrr_100khz_lin     =  2.02096e-03
psrr_1mhz_lin       =  1.91696e-02

ngspice-46 done
