
Note: No compatibility mode selected!


Circuit: * klt sim -- generated corner deck, do not edit

Doing analysis at TEMP = -40.000000 and TNOM = 27.000000

Using SPARSE 1.3 as Direct Linear Solver
Note: Starting dynamic gmin stepping


The temperature limiting function received NaN.
Please check your power dissipation and improve your heat sink Rth!
    This message will be shown only once.

Note: Dynamic gmin stepping completed

No. of Data Rows : 1

  Measurements for AC Analysis


v(fb) = 2.769721e+00
v(sns1) = 7.844501e-01
v(sns2) = 7.841706e-01
v(vref) = 1.046213e+00
v(det) = 3.169228e-03
i(vmkfb) = 3.511080e-15
Doing analysis at TEMP = -40.000000 and TNOM = 27.000000

Using SPARSE 1.3 as Direct Linear Solver
Note: Starting dynamic gmin stepping
Note: Dynamic gmin stepping completed

No. of Data Rows : 271

  Measurements for AC Analysis

psrr_dc_lin         =  3.98033e-04
psrr_1khz_lin       =  3.98533e-04
psrr_100khz_lin     =  2.03517e-03
psrr_1mhz_lin       =  1.98565e-02

                * klt sim -- generated corner deck, do not edit
                AC Analysis  Sun Oct  4 02:14:15  2026
--------------------------------------------------------------------------------
Index   frequency       psrr_db         
--------------------------------------------------------------------------------
0	1.000000e+00	6.800162e+01	
1	1.079775e+00	6.800162e+01	
2	1.165914e+00	6.800162e+01	
3	1.258925e+00	6.800162e+01	
4	1.359356e+00	6.800162e+01	
5	1.467799e+00	6.800162e+01	
6	1.584893e+00	6.800162e+01	
7	1.711328e+00	6.800162e+01	
8	1.847850e+00	6.800162e+01	
9	1.995262e+00	6.800162e+01	
10	2.154435e+00	6.800162e+01	
11	2.326305e+00	6.800162e+01	
12	2.511886e+00	6.800162e+01	
13	2.712273e+00	6.800162e+01	
14	2.928645e+00	6.800162e+01	
15	3.162278e+00	6.800162e+01	
16	3.414549e+00	6.800162e+01	
17	3.686945e+00	6.800162e+01	
18	3.981072e+00	6.800162e+01	
19	4.298662e+00	6.800162e+01	
20	4.641589e+00	6.800162e+01	
21	5.011872e+00	6.800162e+01	
22	5.411695e+00	6.800162e+01	
23	5.843414e+00	6.800162e+01	
24	6.309573e+00	6.800162e+01	
25	6.812921e+00	6.800162e+01	
26	7.356423e+00	6.800162e+01	
27	7.943282e+00	6.800162e+01	
28	8.576959e+00	6.800162e+01	
29	9.261187e+00	6.800162e+01	
30	1.000000e+01	6.800162e+01	
31	1.079775e+01	6.800162e+01	
32	1.165914e+01	6.800162e+01	
33	1.258925e+01	6.800162e+01	
34	1.359356e+01	6.800162e+01	
35	1.467799e+01	6.800162e+01	
36	1.584893e+01	6.800162e+01	
37	1.711328e+01	6.800162e+01	
38	1.847850e+01	6.800162e+01	
39	1.995262e+01	6.800162e+01	
40	2.154435e+01	6.800162e+01	
41	2.326305e+01	6.800162e+01	
42	2.511886e+01	6.800162e+01	
43	2.712273e+01	6.800161e+01	
44	2.928645e+01	6.800161e+01	
45	3.162278e+01	6.800161e+01	
46	3.414549e+01	6.800161e+01	
47	3.686945e+01	6.800161e+01	
48	3.981072e+01	6.800161e+01	
49	4.298662e+01	6.800160e+01	
50	4.641589e+01	6.800160e+01	
51	5.011872e+01	6.800160e+01	
52	5.411695e+01	6.800159e+01	
53	5.843414e+01	6.800159e+01	
54	6.309573e+01	6.800158e+01	

Index   frequency       psrr_db         
--------------------------------------------------------------------------------
55	6.812921e+01	6.800157e+01	
56	7.356423e+01	6.800156e+01	
57	7.943282e+01	6.800155e+01	
58	8.576959e+01	6.800154e+01	
59	9.261187e+01	6.800153e+01	
60	1.000000e+02	6.800151e+01	
61	1.079775e+02	6.800150e+01	
62	1.165914e+02	6.800147e+01	
63	1.258925e+02	6.800145e+01	
64	1.359356e+02	6.800142e+01	
65	1.467799e+02	6.800139e+01	
66	1.584893e+02	6.800135e+01	
67	1.711328e+02	6.800130e+01	
68	1.847850e+02	6.800125e+01	
69	1.995262e+02	6.800119e+01	
70	2.154435e+02	6.800112e+01	
71	2.326305e+02	6.800103e+01	
72	2.511886e+02	6.800093e+01	
73	2.712273e+02	6.800082e+01	
74	2.928645e+02	6.800069e+01	
75	3.162278e+02	6.800053e+01	
76	3.414549e+02	6.800035e+01	
77	3.686945e+02	6.800014e+01	
78	3.981072e+02	6.799989e+01	
79	4.298662e+02	6.799961e+01	
80	4.641589e+02	6.799927e+01	
81	5.011872e+02	6.799888e+01	
82	5.411695e+02	6.799843e+01	
83	5.843414e+02	6.799790e+01	
84	6.309573e+02	6.799728e+01	
85	6.812921e+02	6.799656e+01	
86	7.356423e+02	6.799572e+01	
87	7.943282e+02	6.799474e+01	
88	8.576959e+02	6.799360e+01	
89	9.261187e+02	6.799227e+01	
90	1.000000e+03	6.799072e+01	
91	1.079775e+03	6.798891e+01	
92	1.165914e+03	6.798680e+01	
93	1.258925e+03	6.798435e+01	
94	1.359356e+03	6.798149e+01	
95	1.467799e+03	6.797816e+01	
96	1.584893e+03	6.797428e+01	
97	1.711328e+03	6.796976e+01	
98	1.847850e+03	6.796449e+01	
99	1.995262e+03	6.795836e+01	
100	2.154435e+03	6.795123e+01	
101	2.326305e+03	6.794292e+01	
102	2.511886e+03	6.793326e+01	
103	2.712273e+03	6.792202e+01	
104	2.928645e+03	6.790895e+01	
105	3.162278e+03	6.789376e+01	
106	3.414549e+03	6.787612e+01	
107	3.686945e+03	6.785565e+01	
108	3.981072e+03	6.783190e+01	
109	4.298662e+03	6.780437e+01	
110	4.641589e+03	6.777249e+01	
111	5.011872e+03	6.773562e+01	
112	5.411695e+03	6.769302e+01	

Index   frequency       psrr_db         
--------------------------------------------------------------------------------
113	5.843414e+03	6.764387e+01	
114	6.309573e+03	6.758726e+01	
115	6.812921e+03	6.752218e+01	
116	7.356423e+03	6.744752e+01	
117	7.943282e+03	6.736205e+01	
118	8.576959e+03	6.726449e+01	
119	9.261187e+03	6.715343e+01	
120	1.000000e+04	6.702744e+01	
121	1.079775e+04	6.688502e+01	
122	1.165914e+04	6.672465e+01	
123	1.258925e+04	6.654487e+01	
124	1.359356e+04	6.634424e+01	
125	1.467799e+04	6.612145e+01	
126	1.584893e+04	6.587536e+01	
127	1.711328e+04	6.560501e+01	
128	1.847850e+04	6.530969e+01	
129	1.995262e+04	6.498896e+01	
130	2.154435e+04	6.464266e+01	
131	2.326305e+04	6.427097e+01	
132	2.511886e+04	6.387430e+01	
133	2.712273e+04	6.345339e+01	
134	2.928645e+04	6.300919e+01	
135	3.162278e+04	6.254285e+01	
136	3.414549e+04	6.205570e+01	
137	3.686945e+04	6.154914e+01	
138	3.981072e+04	6.102466e+01	
139	4.298662e+04	6.048377e+01	
140	4.641589e+04	5.992797e+01	
141	5.011872e+04	5.935871e+01	
142	5.411695e+04	5.877736e+01	
143	5.843414e+04	5.818524e+01	
144	6.309573e+04	5.758355e+01	
145	6.812921e+04	5.697341e+01	
146	7.356423e+04	5.635582e+01	
147	7.943282e+04	5.573171e+01	
148	8.576959e+04	5.510189e+01	
149	9.261187e+04	5.446710e+01	
150	1.000000e+05	5.382797e+01	
151	1.079775e+05	5.318508e+01	
152	1.165914e+05	5.253894e+01	
153	1.258925e+05	5.188998e+01	
154	1.359356e+05	5.123859e+01	
155	1.467799e+05	5.058511e+01	
156	1.584893e+05	4.992983e+01	
157	1.711328e+05	4.927300e+01	
158	1.847850e+05	4.861485e+01	
159	1.995262e+05	4.795557e+01	
160	2.154435e+05	4.729534e+01	
161	2.326305e+05	4.663429e+01	
162	2.511886e+05	4.597256e+01	
163	2.712273e+05	4.531026e+01	
164	2.928645e+05	4.464749e+01	
165	3.162278e+05	4.398435e+01	
166	3.414549e+05	4.332092e+01	
167	3.686945e+05	4.265726e+01	
168	3.981072e+05	4.199346e+01	
169	4.298662e+05	4.132959e+01	
170	4.641589e+05	4.066569e+01	

Index   frequency       psrr_db         
--------------------------------------------------------------------------------
171	5.011872e+05	4.000185e+01	
172	5.411695e+05	3.933812e+01	
173	5.843414e+05	3.867457e+01	
174	6.309573e+05	3.801129e+01	
175	6.812921e+05	3.734833e+01	
176	7.356423e+05	3.668580e+01	
177	7.943282e+05	3.602378e+01	
178	8.576959e+05	3.536239e+01	
179	9.261187e+05	3.470173e+01	
180	1.000000e+06	3.404195e+01	
181	1.079775e+06	3.338319e+01	
182	1.165914e+06	3.272563e+01	
183	1.258925e+06	3.206948e+01	
184	1.359356e+06	3.141494e+01	
185	1.467799e+06	3.076227e+01	
186	1.584893e+06	3.011177e+01	
187	1.711328e+06	2.946375e+01	
188	1.847850e+06	2.881858e+01	
189	1.995262e+06	2.817665e+01	
190	2.154435e+06	2.753842e+01	
191	2.326305e+06	2.690437e+01	
192	2.511886e+06	2.627502e+01	
193	2.712273e+06	2.565094e+01	
194	2.928645e+06	2.503271e+01	
195	3.162278e+06	2.442093e+01	
196	3.414549e+06	2.381619e+01	
197	3.686945e+06	2.321906e+01	
198	3.981072e+06	2.263002e+01	
199	4.298662e+06	2.204948e+01	
200	4.641589e+06	2.147765e+01	
201	5.011872e+06	2.091455e+01	
202	5.411695e+06	2.035991e+01	
203	5.843414e+06	1.981310e+01	
204	6.309573e+06	1.927307e+01	
205	6.812921e+06	1.873825e+01	
206	7.356423e+06	1.820648e+01	
207	7.943282e+06	1.767497e+01	
208	8.576959e+06	1.714021e+01	
209	9.261187e+06	1.659793e+01	
210	1.000000e+07	1.604308e+01	
211	1.079775e+07	1.546980e+01	
212	1.165914e+07	1.487142e+01	
213	1.258925e+07	1.424047e+01	
214	1.359356e+07	1.356880e+01	
215	1.467799e+07	1.284781e+01	
216	1.584893e+07	1.206893e+01	
217	1.711328e+07	1.122488e+01	
218	1.847850e+07	1.031222e+01	
219	1.995262e+07	9.336879e+00	
220	2.154435e+07	8.325186e+00	
221	2.326305e+07	7.343231e+00	
222	2.511886e+07	6.520532e+00	
223	2.712273e+07	6.047789e+00	
224	2.928645e+07	6.093692e+00	
225	3.162278e+07	6.671785e+00	
226	3.414549e+07	7.627248e+00	
227	3.686945e+07	8.763761e+00	
228	3.981072e+07	9.939985e+00	

Index   frequency       psrr_db         
--------------------------------------------------------------------------------
229	4.298662e+07	1.108021e+01	
230	4.641589e+07	1.215161e+01	
231	5.011872e+07	1.314367e+01	
232	5.411695e+07	1.405608e+01	
233	5.843414e+07	1.489265e+01	
234	6.309573e+07	1.565852e+01	
235	6.812921e+07	1.635889e+01	
236	7.356423e+07	1.699858e+01	
237	7.943282e+07	1.758186e+01	
238	8.576959e+07	1.811252e+01	
239	9.261187e+07	1.859398e+01	
240	1.000000e+08	1.902941e+01	
241	1.079775e+08	1.942189e+01	
242	1.165914e+08	1.977457e+01	
243	1.258925e+08	2.009074e+01	
244	1.359356e+08	2.037390e+01	
245	1.467799e+08	2.062780e+01	
246	1.584893e+08	2.085629e+01	
247	1.711328e+08	2.106322e+01	
248	1.847850e+08	2.125220e+01	
249	1.995262e+08	2.142646e+01	
250	2.154435e+08	2.158861e+01	
251	2.326305e+08	2.174062e+01	
252	2.511886e+08	2.188378e+01	
253	2.712273e+08	2.201878e+01	
254	2.928645e+08	2.214583e+01	
255	3.162278e+08	2.226480e+01	
256	3.414549e+08	2.237530e+01	
257	3.686945e+08	2.247686e+01	
258	3.981072e+08	2.256895e+01	
259	4.298662e+08	2.265102e+01	
260	4.641589e+08	2.272255e+01	
261	5.011872e+08	2.278305e+01	
262	5.411695e+08	2.283201e+01	
263	5.843414e+08	2.286897e+01	
264	6.309573e+08	2.289345e+01	
265	6.812921e+08	2.290499e+01	
266	7.356423e+08	2.290317e+01	
267	7.943282e+08	2.288764e+01	
268	8.576959e+08	2.285816e+01	
269	9.261187e+08	2.281465e+01	
270	1.000000e+09	2.275725e+01	
Doing analysis at TEMP = -40.000000 and TNOM = 27.000000

Using SPARSE 1.3 as Direct Linear Solver
Note: Starting dynamic gmin stepping
Note: Dynamic gmin stepping completed

No. of Data Rows : 271

  Measurements for AC Analysis

psrr_dc_lin         =  3.98033e-04
psrr_1khz_lin       =  3.98533e-04
psrr_100khz_lin     =  2.03517e-03
psrr_1mhz_lin       =  1.98565e-02

ngspice-46 done
