
Note: No compatibility mode selected!


Circuit: * klt sim -- generated corner deck, do not edit

Doing analysis at TEMP = 27.000000 and TNOM = 27.000000

Using SPARSE 1.3 as Direct Linear Solver
Note: Starting dynamic gmin stepping


The temperature limiting function received NaN.
Please check your power dissipation and improve your heat sink Rth!
    This message will be shown only once.

Note: Dynamic gmin stepping completed

No. of Data Rows : 1

  Measurements for AC Analysis


v(fb) = 2.799403e+00
v(sns1) = 7.080600e-01
v(sns2) = 7.076322e-01
v(vref) = 1.045979e+00
v(det) = 6.535913e-03
i(vmkfb) = 2.417511e-13
Doing analysis at TEMP = 27.000000 and TNOM = 27.000000

Using SPARSE 1.3 as Direct Linear Solver
Note: Starting dynamic gmin stepping
Note: Dynamic gmin stepping completed

No. of Data Rows : 271

  Measurements for AC Analysis

psrr_dc_lin         =  5.48253e-05
psrr_1khz_lin       =  5.84463e-05
psrr_100khz_lin     =  2.02586e-03
psrr_1mhz_lin       =  2.01409e-02

                * klt sim -- generated corner deck, do not edit
                AC Analysis  Sun Oct  4 02:14:15  2026
--------------------------------------------------------------------------------
Index   frequency       psrr_db         
--------------------------------------------------------------------------------
0	1.000000e+00	8.522039e+01	
1	1.079775e+00	8.522039e+01	
2	1.165914e+00	8.522039e+01	
3	1.258925e+00	8.522039e+01	
4	1.359356e+00	8.522039e+01	
5	1.467799e+00	8.522039e+01	
6	1.584893e+00	8.522039e+01	
7	1.711328e+00	8.522038e+01	
8	1.847850e+00	8.522038e+01	
9	1.995262e+00	8.522038e+01	
10	2.154435e+00	8.522038e+01	
11	2.326305e+00	8.522038e+01	
12	2.511886e+00	8.522038e+01	
13	2.712273e+00	8.522038e+01	
14	2.928645e+00	8.522038e+01	
15	3.162278e+00	8.522038e+01	
16	3.414549e+00	8.522038e+01	
17	3.686945e+00	8.522038e+01	
18	3.981072e+00	8.522038e+01	
19	4.298662e+00	8.522038e+01	
20	4.641589e+00	8.522037e+01	
21	5.011872e+00	8.522037e+01	
22	5.411695e+00	8.522037e+01	
23	5.843414e+00	8.522037e+01	
24	6.309573e+00	8.522036e+01	
25	6.812921e+00	8.522036e+01	
26	7.356423e+00	8.522035e+01	
27	7.943282e+00	8.522035e+01	
28	8.576959e+00	8.522034e+01	
29	9.261187e+00	8.522034e+01	
30	1.000000e+01	8.522033e+01	
31	1.079775e+01	8.522032e+01	
32	1.165914e+01	8.522031e+01	
33	1.258925e+01	8.522029e+01	
34	1.359356e+01	8.522028e+01	
35	1.467799e+01	8.522026e+01	
36	1.584893e+01	8.522024e+01	
37	1.711328e+01	8.522021e+01	
38	1.847850e+01	8.522018e+01	
39	1.995262e+01	8.522015e+01	
40	2.154435e+01	8.522011e+01	
41	2.326305e+01	8.522007e+01	
42	2.511886e+01	8.522001e+01	
43	2.712273e+01	8.521995e+01	
44	2.928645e+01	8.521988e+01	
45	3.162278e+01	8.521979e+01	
46	3.414549e+01	8.521970e+01	
47	3.686945e+01	8.521958e+01	
48	3.981072e+01	8.521945e+01	
49	4.298662e+01	8.521929e+01	
50	4.641589e+01	8.521911e+01	
51	5.011872e+01	8.521890e+01	
52	5.411695e+01	8.521865e+01	
53	5.843414e+01	8.521836e+01	
54	6.309573e+01	8.521803e+01	

Index   frequency       psrr_db         
--------------------------------------------------------------------------------
55	6.812921e+01	8.521764e+01	
56	7.356423e+01	8.521718e+01	
57	7.943282e+01	8.521665e+01	
58	8.576959e+01	8.521603e+01	
59	9.261187e+01	8.521531e+01	
60	1.000000e+02	8.521446e+01	
61	1.079775e+02	8.521348e+01	
62	1.165914e+02	8.521234e+01	
63	1.258925e+02	8.521100e+01	
64	1.359356e+02	8.520945e+01	
65	1.467799e+02	8.520764e+01	
66	1.584893e+02	8.520553e+01	
67	1.711328e+02	8.520307e+01	
68	1.847850e+02	8.520020e+01	
69	1.995262e+02	8.519686e+01	
70	2.154435e+02	8.519297e+01	
71	2.326305e+02	8.518843e+01	
72	2.511886e+02	8.518316e+01	
73	2.712273e+02	8.517701e+01	
74	2.928645e+02	8.516985e+01	
75	3.162278e+02	8.516153e+01	
76	3.414549e+02	8.515184e+01	
77	3.686945e+02	8.514057e+01	
78	3.981072e+02	8.512747e+01	
79	4.298662e+02	8.511224e+01	
80	4.641589e+02	8.509455e+01	
81	5.011872e+02	8.507402e+01	
82	5.411695e+02	8.505021e+01	
83	5.843414e+02	8.502261e+01	
84	6.309573e+02	8.499065e+01	
85	6.812921e+02	8.495368e+01	
86	7.356423e+02	8.491097e+01	
87	7.943282e+02	8.486170e+01	
88	8.576959e+02	8.480495e+01	
89	9.261187e+02	8.473971e+01	
90	1.000000e+03	8.466487e+01	
91	1.079775e+03	8.457920e+01	
92	1.165914e+03	8.448141e+01	
93	1.258925e+03	8.437010e+01	
94	1.359356e+03	8.424383e+01	
95	1.467799e+03	8.410110e+01	
96	1.584893e+03	8.394041e+01	
97	1.711328e+03	8.376026e+01	
98	1.847850e+03	8.355925e+01	
99	1.995262e+03	8.333606e+01	
100	2.154435e+03	8.308955e+01	
101	2.326305e+03	8.281876e+01	
102	2.511886e+03	8.252299e+01	
103	2.712273e+03	8.220180e+01	
104	2.928645e+03	8.185506e+01	
105	3.162278e+03	8.148291e+01	
106	3.414549e+03	8.108581e+01	
107	3.686945e+03	8.066447e+01	
108	3.981072e+03	8.021986e+01	
109	4.298662e+03	7.975314e+01	
110	4.641589e+03	7.926562e+01	
111	5.011872e+03	7.875872e+01	
112	5.411695e+03	7.823393e+01	

Index   frequency       psrr_db         
--------------------------------------------------------------------------------
113	5.843414e+03	7.769275e+01	
114	6.309573e+03	7.713669e+01	
115	6.812921e+03	7.656718e+01	
116	7.356423e+03	7.598561e+01	
117	7.943282e+03	7.539329e+01	
118	8.576959e+03	7.479142e+01	
119	9.261187e+03	7.418110e+01	
120	1.000000e+04	7.356336e+01	
121	1.079775e+04	7.293910e+01	
122	1.165914e+04	7.230914e+01	
123	1.258925e+04	7.167420e+01	
124	1.359356e+04	7.103494e+01	
125	1.467799e+04	7.039191e+01	
126	1.584893e+04	6.974562e+01	
127	1.711328e+04	6.909651e+01	
128	1.847850e+04	6.844496e+01	
129	1.995262e+04	6.779130e+01	
130	2.154435e+04	6.713583e+01	
131	2.326305e+04	6.647878e+01	
132	2.511886e+04	6.582038e+01	
133	2.712273e+04	6.516082e+01	
134	2.928645e+04	6.450026e+01	
135	3.162278e+04	6.383884e+01	
136	3.414549e+04	6.317668e+01	
137	3.686945e+04	6.251389e+01	
138	3.981072e+04	6.185055e+01	
139	4.298662e+04	6.118674e+01	
140	4.641589e+04	6.052253e+01	
141	5.011872e+04	5.985797e+01	
142	5.411695e+04	5.919313e+01	
143	5.843414e+04	5.852803e+01	
144	6.309573e+04	5.786271e+01	
145	6.812921e+04	5.719721e+01	
146	7.356423e+04	5.653156e+01	
147	7.943282e+04	5.586577e+01	
148	8.576959e+04	5.519987e+01	
149	9.261187e+04	5.453388e+01	
150	1.000000e+05	5.386781e+01	
151	1.079775e+05	5.320167e+01	
152	1.165914e+05	5.253549e+01	
153	1.258925e+05	5.186927e+01	
154	1.359356e+05	5.120301e+01	
155	1.467799e+05	5.053674e+01	
156	1.584893e+05	4.987046e+01	
157	1.711328e+05	4.920417e+01	
158	1.847850e+05	4.853789e+01	
159	1.995262e+05	4.787164e+01	
160	2.154435e+05	4.720540e+01	
161	2.326305e+05	4.653921e+01	
162	2.511886e+05	4.587306e+01	
163	2.712273e+05	4.520697e+01	
164	2.928645e+05	4.454096e+01	
165	3.162278e+05	4.387503e+01	
166	3.414549e+05	4.320921e+01	
167	3.686945e+05	4.254352e+01	
168	3.981072e+05	4.187798e+01	
169	4.298662e+05	4.121261e+01	
170	4.641589e+05	4.054745e+01	

Index   frequency       psrr_db         
--------------------------------------------------------------------------------
171	5.011872e+05	3.988253e+01	
172	5.411695e+05	3.921789e+01	
173	5.843414e+05	3.855358e+01	
174	6.309573e+05	3.788965e+01	
175	6.812921e+05	3.722617e+01	
176	7.356423e+05	3.656320e+01	
177	7.943282e+05	3.590084e+01	
178	8.576959e+05	3.523918e+01	
179	9.261187e+05	3.457833e+01	
180	1.000000e+06	3.391843e+01	
181	1.079775e+06	3.325962e+01	
182	1.165914e+06	3.260207e+01	
183	1.258925e+06	3.194599e+01	
184	1.359356e+06	3.129159e+01	
185	1.467799e+06	3.063914e+01	
186	1.584893e+06	2.998892e+01	
187	1.711328e+06	2.934126e+01	
188	1.847850e+06	2.869653e+01	
189	1.995262e+06	2.805514e+01	
190	2.154435e+06	2.741754e+01	
191	2.326305e+06	2.678424e+01	
192	2.511886e+06	2.615577e+01	
193	2.712273e+06	2.553271e+01	
194	2.928645e+06	2.491566e+01	
195	3.162278e+06	2.430523e+01	
196	3.414549e+06	2.370204e+01	
197	3.686945e+06	2.310667e+01	
198	3.981072e+06	2.251964e+01	
199	4.298662e+06	2.194134e+01	
200	4.641589e+06	2.137205e+01	
201	5.011872e+06	2.081179e+01	
202	5.411695e+06	2.026032e+01	
203	5.843414e+06	1.971704e+01	
204	6.309573e+06	1.918093e+01	
205	6.812921e+06	1.865043e+01	
206	7.356423e+06	1.812345e+01	
207	7.943282e+06	1.759721e+01	
208	8.576959e+06	1.706827e+01	
209	9.261187e+06	1.653242e+01	
210	1.000000e+07	1.598469e+01	
211	1.079775e+07	1.541931e+01	
212	1.165914e+07	1.482974e+01	
213	1.258925e+07	1.420869e+01	
214	1.359356e+07	1.354821e+01	
215	1.467799e+07	1.283996e+01	
216	1.584893e+07	1.207572e+01	
217	1.711328e+07	1.124854e+01	
218	1.847850e+07	1.035529e+01	
219	1.995262e+07	9.401770e+00	
220	2.154435e+07	8.413018e+00	
221	2.326305e+07	7.451050e+00	
222	2.511886e+07	6.636663e+00	
223	2.712273e+07	6.149047e+00	
224	2.928645e+07	6.153547e+00	
225	3.162278e+07	6.677615e+00	
226	3.414549e+07	7.585326e+00	
227	3.686945e+07	8.688553e+00	
228	3.981072e+07	9.844553e+00	

Index   frequency       psrr_db         
--------------------------------------------------------------------------------
229	4.298662e+07	1.097350e+01	
230	4.641589e+07	1.203909e+01	
231	5.011872e+07	1.302853e+01	
232	5.411695e+07	1.394014e+01	
233	5.843414e+07	1.477699e+01	
234	6.309573e+07	1.554377e+01	
235	6.812921e+07	1.624547e+01	
236	7.356423e+07	1.688678e+01	
237	7.943282e+07	1.747195e+01	
238	8.576959e+07	1.800474e+01	
239	9.261187e+07	1.848857e+01	
240	1.000000e+08	1.892659e+01	
241	1.079775e+08	1.932186e+01	
242	1.165914e+08	1.967744e+01	
243	1.258925e+08	1.999652e+01	
244	1.359356e+08	2.028250e+01	
245	1.467799e+08	2.053897e+01	
246	1.584893e+08	2.076966e+01	
247	1.711328e+08	2.097828e+01	
248	1.847850e+08	2.116840e+01	
249	1.995262e+08	2.134321e+01	
250	2.154435e+08	2.150534e+01	
251	2.326305e+08	2.165683e+01	
252	2.511886e+08	2.179904e+01	
253	2.712273e+08	2.193277e+01	
254	2.928645e+08	2.205826e+01	
255	3.162278e+08	2.217543e+01	
256	3.414549e+08	2.228393e+01	
257	3.686945e+08	2.238326e+01	
258	3.981072e+08	2.247284e+01	
259	4.298662e+08	2.255210e+01	
260	4.641589e+08	2.262046e+01	
261	5.011872e+08	2.267734e+01	
262	5.411695e+08	2.272222e+01	
263	5.843414e+08	2.275456e+01	
264	6.309573e+08	2.277384e+01	
265	6.812921e+08	2.277962e+01	
266	7.356423e+08	2.277146e+01	
267	7.943282e+08	2.274905e+01	
268	8.576959e+08	2.271220e+01	
269	9.261187e+08	2.266091e+01	
270	1.000000e+09	2.259542e+01	
Doing analysis at TEMP = 27.000000 and TNOM = 27.000000

Using SPARSE 1.3 as Direct Linear Solver
Note: Starting dynamic gmin stepping
Note: Dynamic gmin stepping completed

No. of Data Rows : 271

  Measurements for AC Analysis

psrr_dc_lin         =  5.48253e-05
psrr_1khz_lin       =  5.84463e-05
psrr_100khz_lin     =  2.02586e-03
psrr_1mhz_lin       =  2.01409e-02

ngspice-46 done
