
Note: No compatibility mode selected!


Circuit: * klt sim -- generated corner deck, do not edit

Doing analysis at TEMP = 125.000000 and TNOM = 27.000000

Using SPARSE 1.3 as Direct Linear Solver
Warning: singular matrix:  check node t247__t0

Note: Starting dynamic gmin stepping


The temperature limiting function received NaN.
Please check your power dissipation and improve your heat sink Rth!
    This message will be shown only once.

Note: Dynamic gmin stepping completed

No. of Data Rows : 1

  Measurements for AC Analysis


v(fb) = 2.254053e+00
v(sns1) = 5.897057e-01
v(sns2) = 5.890347e-01
v(vref) = 1.040803e+00
v(det) = 4.295226e-02
i(vmkfb) = 3.451138e-11
Doing analysis at TEMP = 125.000000 and TNOM = 27.000000

Using SPARSE 1.3 as Direct Linear Solver
Warning: singular matrix:  check node t247__t0

Note: Starting dynamic gmin stepping
Note: Dynamic gmin stepping completed

No. of Data Rows : 271

  Measurements for AC Analysis

psrr_dc_lin         =  8.36929e-04
psrr_1khz_lin       =  8.37212e-04
psrr_100khz_lin     =  2.33032e-03
psrr_1mhz_lin       =  2.16479e-02

                * klt sim -- generated corner deck, do not edit
                AC Analysis  Sun Oct  4 02:07:01  2026
--------------------------------------------------------------------------------
Index   frequency       psrr_db         
--------------------------------------------------------------------------------
0	1.000000e+00	6.154623e+01	
1	1.079775e+00	6.154623e+01	
2	1.165914e+00	6.154623e+01	
3	1.258925e+00	6.154623e+01	
4	1.359356e+00	6.154623e+01	
5	1.467799e+00	6.154623e+01	
6	1.584893e+00	6.154623e+01	
7	1.711328e+00	6.154623e+01	
8	1.847850e+00	6.154623e+01	
9	1.995262e+00	6.154623e+01	
10	2.154435e+00	6.154623e+01	
11	2.326305e+00	6.154623e+01	
12	2.511886e+00	6.154623e+01	
13	2.712273e+00	6.154623e+01	
14	2.928645e+00	6.154623e+01	
15	3.162278e+00	6.154623e+01	
16	3.414549e+00	6.154623e+01	
17	3.686945e+00	6.154623e+01	
18	3.981072e+00	6.154623e+01	
19	4.298662e+00	6.154623e+01	
20	4.641589e+00	6.154623e+01	
21	5.011872e+00	6.154623e+01	
22	5.411695e+00	6.154623e+01	
23	5.843414e+00	6.154623e+01	
24	6.309573e+00	6.154623e+01	
25	6.812921e+00	6.154623e+01	
26	7.356423e+00	6.154623e+01	
27	7.943282e+00	6.154623e+01	
28	8.576959e+00	6.154623e+01	
29	9.261187e+00	6.154623e+01	
30	1.000000e+01	6.154623e+01	
31	1.079775e+01	6.154623e+01	
32	1.165914e+01	6.154623e+01	
33	1.258925e+01	6.154623e+01	
34	1.359356e+01	6.154623e+01	
35	1.467799e+01	6.154623e+01	
36	1.584893e+01	6.154623e+01	
37	1.711328e+01	6.154623e+01	
38	1.847850e+01	6.154623e+01	
39	1.995262e+01	6.154623e+01	
40	2.154435e+01	6.154623e+01	
41	2.326305e+01	6.154623e+01	
42	2.511886e+01	6.154623e+01	
43	2.712273e+01	6.154623e+01	
44	2.928645e+01	6.154623e+01	
45	3.162278e+01	6.154623e+01	
46	3.414549e+01	6.154622e+01	
47	3.686945e+01	6.154622e+01	
48	3.981072e+01	6.154622e+01	
49	4.298662e+01	6.154622e+01	
50	4.641589e+01	6.154622e+01	
51	5.011872e+01	6.154622e+01	
52	5.411695e+01	6.154622e+01	
53	5.843414e+01	6.154622e+01	
54	6.309573e+01	6.154622e+01	

Index   frequency       psrr_db         
--------------------------------------------------------------------------------
55	6.812921e+01	6.154621e+01	
56	7.356423e+01	6.154621e+01	
57	7.943282e+01	6.154621e+01	
58	8.576959e+01	6.154621e+01	
59	9.261187e+01	6.154620e+01	
60	1.000000e+02	6.154620e+01	
61	1.079775e+02	6.154619e+01	
62	1.165914e+02	6.154619e+01	
63	1.258925e+02	6.154618e+01	
64	1.359356e+02	6.154617e+01	
65	1.467799e+02	6.154616e+01	
66	1.584893e+02	6.154615e+01	
67	1.711328e+02	6.154614e+01	
68	1.847850e+02	6.154613e+01	
69	1.995262e+02	6.154611e+01	
70	2.154435e+02	6.154609e+01	
71	2.326305e+02	6.154607e+01	
72	2.511886e+02	6.154604e+01	
73	2.712273e+02	6.154601e+01	
74	2.928645e+02	6.154598e+01	
75	3.162278e+02	6.154593e+01	
76	3.414549e+02	6.154589e+01	
77	3.686945e+02	6.154583e+01	
78	3.981072e+02	6.154576e+01	
79	4.298662e+02	6.154569e+01	
80	4.641589e+02	6.154560e+01	
81	5.011872e+02	6.154549e+01	
82	5.411695e+02	6.154537e+01	
83	5.843414e+02	6.154523e+01	
84	6.309573e+02	6.154506e+01	
85	6.812921e+02	6.154487e+01	
86	7.356423e+02	6.154464e+01	
87	7.943282e+02	6.154438e+01	
88	8.576959e+02	6.154407e+01	
89	9.261187e+02	6.154371e+01	
90	1.000000e+03	6.154330e+01	
91	1.079775e+03	6.154281e+01	
92	1.165914e+03	6.154224e+01	
93	1.258925e+03	6.154158e+01	
94	1.359356e+03	6.154081e+01	
95	1.467799e+03	6.153991e+01	
96	1.584893e+03	6.153887e+01	
97	1.711328e+03	6.153765e+01	
98	1.847850e+03	6.153622e+01	
99	1.995262e+03	6.153457e+01	
100	2.154435e+03	6.153264e+01	
101	2.326305e+03	6.153038e+01	
102	2.511886e+03	6.152776e+01	
103	2.712273e+03	6.152471e+01	
104	2.928645e+03	6.152114e+01	
105	3.162278e+03	6.151700e+01	
106	3.414549e+03	6.151217e+01	
107	3.686945e+03	6.150654e+01	
108	3.981072e+03	6.149999e+01	
109	4.298662e+03	6.149237e+01	
110	4.641589e+03	6.148349e+01	
111	5.011872e+03	6.147317e+01	
112	5.411695e+03	6.146117e+01	

Index   frequency       psrr_db         
--------------------------------------------------------------------------------
113	5.843414e+03	6.144722e+01	
114	6.309573e+03	6.143101e+01	
115	6.812921e+03	6.141218e+01	
116	7.356423e+03	6.139033e+01	
117	7.943282e+03	6.136500e+01	
118	8.576959e+03	6.133565e+01	
119	9.261187e+03	6.130168e+01	
120	1.000000e+04	6.126241e+01	
121	1.079775e+04	6.121706e+01	
122	1.165914e+04	6.116478e+01	
123	1.258925e+04	6.110461e+01	
124	1.359356e+04	6.103550e+01	
125	1.467799e+04	6.095628e+01	
126	1.584893e+04	6.086571e+01	
127	1.711328e+04	6.076244e+01	
128	1.847850e+04	6.064506e+01	
129	1.995262e+04	6.051209e+01	
130	2.154435e+04	6.036203e+01	
131	2.326305e+04	6.019339e+01	
132	2.511886e+04	6.000469e+01	
133	2.712273e+04	5.979456e+01	
134	2.928645e+04	5.956175e+01	
135	3.162278e+04	5.930520e+01	
136	3.414549e+04	5.902404e+01	
137	3.686945e+04	5.871768e+01	
138	3.981072e+04	5.838582e+01	
139	4.298662e+04	5.802842e+01	
140	4.641589e+04	5.764578e+01	
141	5.011872e+04	5.723846e+01	
142	5.411695e+04	5.680728e+01	
143	5.843414e+04	5.635330e+01	
144	6.309573e+04	5.587774e+01	
145	6.812921e+04	5.538197e+01	
146	7.356423e+04	5.486744e+01	
147	7.943282e+04	5.433566e+01	
148	8.576959e+04	5.378812e+01	
149	9.261187e+04	5.322632e+01	
150	1.000000e+05	5.265167e+01	
151	1.079775e+05	5.206553e+01	
152	1.165914e+05	5.146917e+01	
153	1.258925e+05	5.086374e+01	
154	1.359356e+05	5.025033e+01	
155	1.467799e+05	4.962990e+01	
156	1.584893e+05	4.900333e+01	
157	1.711328e+05	4.837141e+01	
158	1.847850e+05	4.773482e+01	
159	1.995262e+05	4.709418e+01	
160	2.154435e+05	4.645005e+01	
161	2.326305e+05	4.580290e+01	
162	2.511886e+05	4.515315e+01	
163	2.712273e+05	4.450118e+01	
164	2.928645e+05	4.384730e+01	
165	3.162278e+05	4.319182e+01	
166	3.414549e+05	4.253497e+01	
167	3.686945e+05	4.187698e+01	
168	3.981072e+05	4.121805e+01	
169	4.298662e+05	4.055836e+01	
170	4.641589e+05	3.989807e+01	

Index   frequency       psrr_db         
--------------------------------------------------------------------------------
171	5.011872e+05	3.923733e+01	
172	5.411695e+05	3.857626e+01	
173	5.843414e+05	3.791501e+01	
174	6.309573e+05	3.725370e+01	
175	6.812921e+05	3.659245e+01	
176	7.356423e+05	3.593138e+01	
177	7.943282e+05	3.527064e+01	
178	8.576959e+05	3.461034e+01	
179	9.261187e+05	3.395064e+01	
180	1.000000e+06	3.329169e+01	
181	1.079775e+06	3.263366e+01	
182	1.165914e+06	3.197675e+01	
183	1.258925e+06	3.132116e+01	
184	1.359356e+06	3.066713e+01	
185	1.467799e+06	3.001492e+01	
186	1.584893e+06	2.936483e+01	
187	1.711328e+06	2.871719e+01	
188	1.847850e+06	2.807235e+01	
189	1.995262e+06	2.743073e+01	
190	2.154435e+06	2.679277e+01	
191	2.326305e+06	2.615895e+01	
192	2.511886e+06	2.552978e+01	
193	2.712273e+06	2.490580e+01	
194	2.928645e+06	2.428760e+01	
195	3.162278e+06	2.367572e+01	
196	3.414549e+06	2.307072e+01	
197	3.686945e+06	2.247311e+01	
198	3.981072e+06	2.188332e+01	
199	4.298662e+06	2.130164e+01	
200	4.641589e+06	2.072820e+01	
201	5.011872e+06	2.016287e+01	
202	5.411695e+06	1.960525e+01	
203	5.843414e+06	1.905452e+01	
204	6.309573e+06	1.850942e+01	
205	6.812921e+06	1.796817e+01	
206	7.356423e+06	1.742837e+01	
207	7.943282e+06	1.688698e+01	
208	8.576959e+06	1.634023e+01	
209	9.261187e+06	1.578362e+01	
210	1.000000e+07	1.521191e+01	
211	1.079775e+07	1.461910e+01	
212	1.165914e+07	1.399853e+01	
213	1.258925e+07	1.334300e+01	
214	1.359356e+07	1.264504e+01	
215	1.467799e+07	1.189750e+01	
216	1.584893e+07	1.109476e+01	
217	1.711328e+07	1.023511e+01	
218	1.847850e+07	9.325511e+00	
219	1.995262e+07	8.390467e+00	
220	2.154435e+07	7.486561e+00	
221	2.326305e+07	6.719161e+00	
222	2.511886e+07	6.241202e+00	
223	2.712273e+07	6.198040e+00	
224	2.928645e+07	6.629450e+00	
225	3.162278e+07	7.435905e+00	
226	3.414549e+07	8.456214e+00	
227	3.686945e+07	9.554550e+00	
228	3.981072e+07	1.064741e+01	

Index   frequency       psrr_db         
--------------------------------------------------------------------------------
229	4.298662e+07	1.169268e+01	
230	4.641589e+07	1.267275e+01	
231	5.011872e+07	1.358258e+01	
232	5.411695e+07	1.442299e+01	
233	5.843414e+07	1.519720e+01	
234	6.309573e+07	1.590924e+01	
235	6.812921e+07	1.656314e+01	
236	7.356423e+07	1.716267e+01	
237	7.943282e+07	1.771128e+01	
238	8.576959e+07	1.821210e+01	
239	9.261187e+07	1.866807e+01	
240	1.000000e+08	1.908200e+01	
241	1.079775e+08	1.945671e+01	
242	1.165914e+08	1.979511e+01	
243	1.258925e+08	2.010026e+01	
244	1.359356e+08	2.037539e+01	
245	1.467799e+08	2.062385e+01	
246	1.584893e+08	2.084906e+01	
247	1.711328e+08	2.105430e+01	
248	1.847850e+08	2.124262e+01	
249	1.995262e+08	2.141666e+01	
250	2.154435e+08	2.157852e+01	
251	2.326305e+08	2.172974e+01	
252	2.511886e+08	2.187129e+01	
253	2.712273e+08	2.200367e+01	
254	2.928645e+08	2.212694e+01	
255	3.162278e+08	2.224090e+01	
256	3.414549e+08	2.234513e+01	
257	3.686945e+08	2.243912e+01	
258	3.981072e+08	2.252230e+01	
259	4.298662e+08	2.259408e+01	
260	4.641589e+08	2.265390e+01	
261	5.011872e+08	2.270119e+01	
262	5.411695e+08	2.273540e+01	
263	5.843414e+08	2.275600e+01	
264	6.309573e+08	2.276252e+01	
265	6.812921e+08	2.275451e+01	
266	7.356423e+08	2.273163e+01	
267	7.943282e+08	2.269366e+01	
268	8.576959e+08	2.264053e+01	
269	9.261187e+08	2.257243e+01	
270	1.000000e+09	2.248980e+01	
Doing analysis at TEMP = 125.000000 and TNOM = 27.000000

Using SPARSE 1.3 as Direct Linear Solver
Warning: singular matrix:  check node t247__t0

Note: Starting dynamic gmin stepping
Note: Dynamic gmin stepping completed

No. of Data Rows : 271

  Measurements for AC Analysis

psrr_dc_lin         =  8.36929e-04
psrr_1khz_lin       =  8.37212e-04
psrr_100khz_lin     =  2.33032e-03
psrr_1mhz_lin       =  2.16479e-02

ngspice-46 done
