
Note: No compatibility mode selected!


Circuit: * klt sim -- generated corner deck, do not edit

Doing analysis at TEMP = 27.000000 and TNOM = 27.000000

Using SPARSE 1.3 as Direct Linear Solver
Note: Starting dynamic gmin stepping


The temperature limiting function received NaN.
Please check your power dissipation and improve your heat sink Rth!
    This message will be shown only once.

Note: Dynamic gmin stepping completed

No. of Data Rows : 1

  Measurements for AC Analysis


v(fb) = 2.525322e+00
v(sns1) = 7.079573e-01
v(sns2) = 7.075291e-01
v(vref) = 1.046417e+00
v(det) = 1.357904e-02
i(vmkfb) = 5.136169e-14
Doing analysis at TEMP = 27.000000 and TNOM = 27.000000

Using SPARSE 1.3 as Direct Linear Solver
Note: Starting dynamic gmin stepping
Note: Dynamic gmin stepping completed

No. of Data Rows : 271

  Measurements for AC Analysis

psrr_dc_lin         =  4.82816e-04
psrr_1khz_lin       =  4.83259e-04
psrr_100khz_lin     =  2.12502e-03
psrr_1mhz_lin       =  2.05887e-02

                * klt sim -- generated corner deck, do not edit
                AC Analysis  Sun Oct  4 02:08:15  2026
--------------------------------------------------------------------------------
Index   frequency       psrr_db         
--------------------------------------------------------------------------------
0	1.000000e+00	6.632437e+01	
1	1.079775e+00	6.632437e+01	
2	1.165914e+00	6.632437e+01	
3	1.258925e+00	6.632437e+01	
4	1.359356e+00	6.632437e+01	
5	1.467799e+00	6.632437e+01	
6	1.584893e+00	6.632437e+01	
7	1.711328e+00	6.632437e+01	
8	1.847850e+00	6.632437e+01	
9	1.995262e+00	6.632437e+01	
10	2.154435e+00	6.632437e+01	
11	2.326305e+00	6.632437e+01	
12	2.511886e+00	6.632437e+01	
13	2.712273e+00	6.632437e+01	
14	2.928645e+00	6.632437e+01	
15	3.162278e+00	6.632437e+01	
16	3.414549e+00	6.632437e+01	
17	3.686945e+00	6.632437e+01	
18	3.981072e+00	6.632437e+01	
19	4.298662e+00	6.632437e+01	
20	4.641589e+00	6.632437e+01	
21	5.011872e+00	6.632437e+01	
22	5.411695e+00	6.632437e+01	
23	5.843414e+00	6.632437e+01	
24	6.309573e+00	6.632437e+01	
25	6.812921e+00	6.632437e+01	
26	7.356423e+00	6.632437e+01	
27	7.943282e+00	6.632437e+01	
28	8.576959e+00	6.632437e+01	
29	9.261187e+00	6.632437e+01	
30	1.000000e+01	6.632437e+01	
31	1.079775e+01	6.632437e+01	
32	1.165914e+01	6.632437e+01	
33	1.258925e+01	6.632437e+01	
34	1.359356e+01	6.632437e+01	
35	1.467799e+01	6.632437e+01	
36	1.584893e+01	6.632436e+01	
37	1.711328e+01	6.632436e+01	
38	1.847850e+01	6.632436e+01	
39	1.995262e+01	6.632436e+01	
40	2.154435e+01	6.632436e+01	
41	2.326305e+01	6.632436e+01	
42	2.511886e+01	6.632436e+01	
43	2.712273e+01	6.632436e+01	
44	2.928645e+01	6.632436e+01	
45	3.162278e+01	6.632436e+01	
46	3.414549e+01	6.632436e+01	
47	3.686945e+01	6.632436e+01	
48	3.981072e+01	6.632435e+01	
49	4.298662e+01	6.632435e+01	
50	4.641589e+01	6.632435e+01	
51	5.011872e+01	6.632435e+01	
52	5.411695e+01	6.632434e+01	
53	5.843414e+01	6.632434e+01	
54	6.309573e+01	6.632434e+01	

Index   frequency       psrr_db         
--------------------------------------------------------------------------------
55	6.812921e+01	6.632433e+01	
56	7.356423e+01	6.632432e+01	
57	7.943282e+01	6.632432e+01	
58	8.576959e+01	6.632431e+01	
59	9.261187e+01	6.632430e+01	
60	1.000000e+02	6.632429e+01	
61	1.079775e+02	6.632427e+01	
62	1.165914e+02	6.632426e+01	
63	1.258925e+02	6.632424e+01	
64	1.359356e+02	6.632422e+01	
65	1.467799e+02	6.632419e+01	
66	1.584893e+02	6.632417e+01	
67	1.711328e+02	6.632413e+01	
68	1.847850e+02	6.632409e+01	
69	1.995262e+02	6.632405e+01	
70	2.154435e+02	6.632400e+01	
71	2.326305e+02	6.632394e+01	
72	2.511886e+02	6.632386e+01	
73	2.712273e+02	6.632378e+01	
74	2.928645e+02	6.632368e+01	
75	3.162278e+02	6.632357e+01	
76	3.414549e+02	6.632344e+01	
77	3.686945e+02	6.632328e+01	
78	3.981072e+02	6.632310e+01	
79	4.298662e+02	6.632289e+01	
80	4.641589e+02	6.632265e+01	
81	5.011872e+02	6.632236e+01	
82	5.411695e+02	6.632203e+01	
83	5.843414e+02	6.632164e+01	
84	6.309573e+02	6.632119e+01	
85	6.812921e+02	6.632066e+01	
86	7.356423e+02	6.632005e+01	
87	7.943282e+02	6.631934e+01	
88	8.576959e+02	6.631850e+01	
89	9.261187e+02	6.631753e+01	
90	1.000000e+03	6.631639e+01	
91	1.079775e+03	6.631507e+01	
92	1.165914e+03	6.631353e+01	
93	1.258925e+03	6.631174e+01	
94	1.359356e+03	6.630965e+01	
95	1.467799e+03	6.630721e+01	
96	1.584893e+03	6.630437e+01	
97	1.711328e+03	6.630106e+01	
98	1.847850e+03	6.629721e+01	
99	1.995262e+03	6.629272e+01	
100	2.154435e+03	6.628749e+01	
101	2.326305e+03	6.628140e+01	
102	2.511886e+03	6.627431e+01	
103	2.712273e+03	6.626606e+01	
104	2.928645e+03	6.625646e+01	
105	3.162278e+03	6.624530e+01	
106	3.414549e+03	6.623232e+01	
107	3.686945e+03	6.621723e+01	
108	3.981072e+03	6.619971e+01	
109	4.298662e+03	6.617937e+01	
110	4.641589e+03	6.615577e+01	
111	5.011872e+03	6.612842e+01	
112	5.411695e+03	6.609675e+01	

Index   frequency       psrr_db         
--------------------------------------------------------------------------------
113	5.843414e+03	6.606011e+01	
114	6.309573e+03	6.601778e+01	
115	6.812921e+03	6.596894e+01	
116	7.356423e+03	6.591269e+01	
117	7.943282e+03	6.584800e+01	
118	8.576959e+03	6.577379e+01	
119	9.261187e+03	6.568883e+01	
120	1.000000e+04	6.559182e+01	
121	1.079775e+04	6.548140e+01	
122	1.165914e+04	6.535610e+01	
123	1.258925e+04	6.521444e+01	
124	1.359356e+04	6.505490e+01	
125	1.467799e+04	6.487600e+01	
126	1.584893e+04	6.467632e+01	
127	1.711328e+04	6.445455e+01	
128	1.847850e+04	6.420951e+01	
129	1.995262e+04	6.394025e+01	
130	2.154435e+04	6.364604e+01	
131	2.326305e+04	6.332644e+01	
132	2.511886e+04	6.298128e+01	
133	2.712273e+04	6.261070e+01	
134	2.928645e+04	6.221513e+01	
135	3.162278e+04	6.179528e+01	
136	3.414549e+04	6.135208e+01	
137	3.686945e+04	6.088670e+01	
138	3.981072e+04	6.040044e+01	
139	4.298662e+04	5.989471e+01	
140	4.641589e+04	5.937100e+01	
141	5.011872e+04	5.883081e+01	
142	5.411695e+04	5.827565e+01	
143	5.843414e+04	5.770695e+01	
144	6.309573e+04	5.712612e+01	
145	6.812921e+04	5.653446e+01	
146	7.356423e+04	5.593318e+01	
147	7.943282e+04	5.532340e+01	
148	8.576959e+04	5.470614e+01	
149	9.261187e+04	5.408232e+01	
150	1.000000e+05	5.345275e+01	
151	1.079775e+05	5.281818e+01	
152	1.165914e+05	5.217926e+01	
153	1.258925e+05	5.153656e+01	
154	1.359356e+05	5.089058e+01	
155	1.467799e+05	5.024178e+01	
156	1.584893e+05	4.959054e+01	
157	1.711328e+05	4.893720e+01	
158	1.847850e+05	4.828206e+01	
159	1.995262e+05	4.762537e+01	
160	2.154435e+05	4.696736e+01	
161	2.326305e+05	4.630823e+01	
162	2.511886e+05	4.564815e+01	
163	2.712273e+05	4.498728e+01	
164	2.928645e+05	4.432573e+01	
165	3.162278e+05	4.366365e+01	
166	3.414549e+05	4.300112e+01	
167	3.686945e+05	4.233825e+01	
168	3.981072e+05	4.167512e+01	
169	4.298662e+05	4.101183e+01	
170	4.641589e+05	4.034844e+01	

Index   frequency       psrr_db         
--------------------------------------------------------------------------------
171	5.011872e+05	3.968503e+01	
172	5.411695e+05	3.902169e+01	
173	5.843414e+05	3.835848e+01	
174	6.309573e+05	3.769549e+01	
175	6.812921e+05	3.703280e+01	
176	7.356423e+05	3.637050e+01	
177	7.943282e+05	3.570870e+01	
178	8.576959e+05	3.504750e+01	
179	9.261187e+05	3.438703e+01	
180	1.000000e+06	3.372743e+01	
181	1.079775e+06	3.306885e+01	
182	1.165914e+06	3.241147e+01	
183	1.258925e+06	3.175550e+01	
184	1.359356e+06	3.110115e+01	
185	1.467799e+06	3.044869e+01	
186	1.584893e+06	2.979841e+01	
187	1.711328e+06	2.915063e+01	
188	1.847850e+06	2.850573e+01	
189	1.995262e+06	2.786410e+01	
190	2.154435e+06	2.722619e+01	
191	2.326305e+06	2.659251e+01	
192	2.511886e+06	2.596356e+01	
193	2.712273e+06	2.533994e+01	
194	2.928645e+06	2.472221e+01	
195	3.162278e+06	2.411098e+01	
196	3.414549e+06	2.350685e+01	
197	3.686945e+06	2.291037e+01	
198	3.981072e+06	2.232205e+01	
199	4.298662e+06	2.174225e+01	
200	4.641589e+06	2.117121e+01	
201	5.011872e+06	2.060892e+01	
202	5.411695e+06	2.005511e+01	
203	5.843414e+06	1.950912e+01	
204	6.309573e+06	1.896989e+01	
205	6.812921e+06	1.843580e+01	
206	7.356423e+06	1.790470e+01	
207	7.943282e+06	1.737376e+01	
208	8.576959e+06	1.683944e+01	
209	9.261187e+06	1.629749e+01	
210	1.000000e+07	1.574285e+01	
211	1.079775e+07	1.516969e+01	
212	1.165914e+07	1.457141e+01	
213	1.258925e+07	1.394067e+01	
214	1.359356e+07	1.326957e+01	
215	1.467799e+07	1.254989e+01	
216	1.584893e+07	1.177378e+01	
217	1.711328e+07	1.093515e+01	
218	1.847850e+07	1.003259e+01	
219	1.995262e+07	9.075402e+00	
220	2.154435e+07	8.095089e+00	
221	2.326305e+07	7.164139e+00	
222	2.511886e+07	6.415261e+00	
223	2.712273e+07	6.029035e+00	
224	2.928645e+07	6.146589e+00	
225	3.162278e+07	6.757546e+00	
226	3.414549e+07	7.708790e+00	
227	3.686945e+07	8.820965e+00	
228	3.981072e+07	9.966947e+00	

Index   frequency       psrr_db         
--------------------------------------------------------------------------------
229	4.298662e+07	1.107806e+01	
230	4.641589e+07	1.212388e+01	
231	5.011872e+07	1.309419e+01	
232	5.411695e+07	1.398825e+01	
233	5.843414e+07	1.480931e+01	
234	6.309573e+07	1.556195e+01	
235	6.812921e+07	1.625097e+01	
236	7.356423e+07	1.688082e+01	
237	7.943282e+07	1.745554e+01	
238	8.576959e+07	1.797878e+01	
239	9.261187e+07	1.845383e+01	
240	1.000000e+08	1.888382e+01	
241	1.079775e+08	1.927178e+01	
242	1.165914e+08	1.962084e+01	
243	1.258925e+08	1.993425e+01	
244	1.359356e+08	2.021546e+01	
245	1.467799e+08	2.046811e+01	
246	1.584893e+08	2.069595e+01	
247	1.711328e+08	2.090270e+01	
248	1.847850e+08	2.109185e+01	
249	1.995262e+08	2.126651e+01	
250	2.154435e+08	2.142926e+01	
251	2.326305e+08	2.158204e+01	
252	2.511886e+08	2.172618e+01	
253	2.712273e+08	2.186244e+01	
254	2.928645e+08	2.199110e+01	
255	3.162278e+08	2.211211e+01	
256	3.414549e+08	2.222520e+01	
257	3.686945e+08	2.232996e+01	
258	3.981072e+08	2.242593e+01	
259	4.298662e+08	2.251263e+01	
260	4.641589e+08	2.258961e+01	
261	5.011872e+08	2.265641e+01	
262	5.411695e+08	2.271260e+01	
263	5.843414e+08	2.275773e+01	
264	6.309573e+08	2.279137e+01	
265	6.812921e+08	2.281309e+01	
266	7.356423e+08	2.282248e+01	
267	7.943282e+08	2.281918e+01	
268	8.576959e+08	2.280293e+01	
269	9.261187e+08	2.277360e+01	
270	1.000000e+09	2.273122e+01	
Doing analysis at TEMP = 27.000000 and TNOM = 27.000000

Using SPARSE 1.3 as Direct Linear Solver
Note: Starting dynamic gmin stepping
Note: Dynamic gmin stepping completed

No. of Data Rows : 271

  Measurements for AC Analysis

psrr_dc_lin         =  4.82816e-04
psrr_1khz_lin       =  4.83259e-04
psrr_100khz_lin     =  2.12502e-03
psrr_1mhz_lin       =  2.05887e-02

ngspice-46 done
