
Note: No compatibility mode selected!


Circuit: * klt sim -- generated corner deck, do not edit

Doing analysis at TEMP = 27.000000 and TNOM = 27.000000

Using SPARSE 1.3 as Direct Linear Solver
Note: Starting dynamic gmin stepping


The temperature limiting function received NaN.
Please check your power dissipation and improve your heat sink Rth!
    This message will be shown only once.

Note: Dynamic gmin stepping completed

No. of Data Rows : 1

  Measurements for AC Analysis


v(fb) = 2.166967e+00
v(sns1) = 7.079971e-01
v(sns2) = 7.075359e-01
v(vref) = 1.045913e+00
v(det) = 7.658764e-03
i(vmkfb) = 8.164303e-14
Doing analysis at TEMP = 27.000000 and TNOM = 27.000000

Using SPARSE 1.3 as Direct Linear Solver
Note: Starting dynamic gmin stepping
Note: Dynamic gmin stepping completed

No. of Data Rows : 271

  Measurements for AC Analysis

psrr_dc_lin         =  8.85842e-04
psrr_1khz_lin       =  8.86098e-04
psrr_100khz_lin     =  2.30807e-03
psrr_1mhz_lin       =  2.12188e-02

                * klt sim -- generated corner deck, do not edit
                AC Analysis  Sun Oct  4 01:52:11  2026
--------------------------------------------------------------------------------
Index   frequency       psrr_db         
--------------------------------------------------------------------------------
0	1.000000e+00	6.105288e+01	
1	1.079775e+00	6.105288e+01	
2	1.165914e+00	6.105288e+01	
3	1.258925e+00	6.105288e+01	
4	1.359356e+00	6.105288e+01	
5	1.467799e+00	6.105288e+01	
6	1.584893e+00	6.105288e+01	
7	1.711328e+00	6.105288e+01	
8	1.847850e+00	6.105288e+01	
9	1.995262e+00	6.105288e+01	
10	2.154435e+00	6.105288e+01	
11	2.326305e+00	6.105288e+01	
12	2.511886e+00	6.105288e+01	
13	2.712273e+00	6.105288e+01	
14	2.928645e+00	6.105288e+01	
15	3.162278e+00	6.105288e+01	
16	3.414549e+00	6.105288e+01	
17	3.686945e+00	6.105288e+01	
18	3.981072e+00	6.105288e+01	
19	4.298662e+00	6.105288e+01	
20	4.641589e+00	6.105288e+01	
21	5.011872e+00	6.105288e+01	
22	5.411695e+00	6.105288e+01	
23	5.843414e+00	6.105288e+01	
24	6.309573e+00	6.105288e+01	
25	6.812921e+00	6.105288e+01	
26	7.356423e+00	6.105288e+01	
27	7.943282e+00	6.105288e+01	
28	8.576959e+00	6.105288e+01	
29	9.261187e+00	6.105288e+01	
30	1.000000e+01	6.105288e+01	
31	1.079775e+01	6.105288e+01	
32	1.165914e+01	6.105288e+01	
33	1.258925e+01	6.105288e+01	
34	1.359356e+01	6.105288e+01	
35	1.467799e+01	6.105288e+01	
36	1.584893e+01	6.105288e+01	
37	1.711328e+01	6.105288e+01	
38	1.847850e+01	6.105288e+01	
39	1.995262e+01	6.105288e+01	
40	2.154435e+01	6.105288e+01	
41	2.326305e+01	6.105288e+01	
42	2.511886e+01	6.105288e+01	
43	2.712273e+01	6.105288e+01	
44	2.928645e+01	6.105288e+01	
45	3.162278e+01	6.105288e+01	
46	3.414549e+01	6.105288e+01	
47	3.686945e+01	6.105288e+01	
48	3.981072e+01	6.105287e+01	
49	4.298662e+01	6.105287e+01	
50	4.641589e+01	6.105287e+01	
51	5.011872e+01	6.105287e+01	
52	5.411695e+01	6.105287e+01	
53	5.843414e+01	6.105287e+01	
54	6.309573e+01	6.105287e+01	

Index   frequency       psrr_db         
--------------------------------------------------------------------------------
55	6.812921e+01	6.105287e+01	
56	7.356423e+01	6.105287e+01	
57	7.943282e+01	6.105286e+01	
58	8.576959e+01	6.105286e+01	
59	9.261187e+01	6.105286e+01	
60	1.000000e+02	6.105285e+01	
61	1.079775e+02	6.105285e+01	
62	1.165914e+02	6.105284e+01	
63	1.258925e+02	6.105284e+01	
64	1.359356e+02	6.105283e+01	
65	1.467799e+02	6.105282e+01	
66	1.584893e+02	6.105282e+01	
67	1.711328e+02	6.105281e+01	
68	1.847850e+02	6.105279e+01	
69	1.995262e+02	6.105278e+01	
70	2.154435e+02	6.105276e+01	
71	2.326305e+02	6.105274e+01	
72	2.511886e+02	6.105272e+01	
73	2.712273e+02	6.105269e+01	
74	2.928645e+02	6.105266e+01	
75	3.162278e+02	6.105263e+01	
76	3.414549e+02	6.105259e+01	
77	3.686945e+02	6.105254e+01	
78	3.981072e+02	6.105248e+01	
79	4.298662e+02	6.105241e+01	
80	4.641589e+02	6.105234e+01	
81	5.011872e+02	6.105225e+01	
82	5.411695e+02	6.105214e+01	
83	5.843414e+02	6.105202e+01	
84	6.309573e+02	6.105188e+01	
85	6.812921e+02	6.105171e+01	
86	7.356423e+02	6.105152e+01	
87	7.943282e+02	6.105129e+01	
88	8.576959e+02	6.105103e+01	
89	9.261187e+02	6.105072e+01	
90	1.000000e+03	6.105037e+01	
91	1.079775e+03	6.104995e+01	
92	1.165914e+03	6.104946e+01	
93	1.258925e+03	6.104890e+01	
94	1.359356e+03	6.104824e+01	
95	1.467799e+03	6.104747e+01	
96	1.584893e+03	6.104657e+01	
97	1.711328e+03	6.104552e+01	
98	1.847850e+03	6.104430e+01	
99	1.995262e+03	6.104288e+01	
100	2.154435e+03	6.104122e+01	
101	2.326305e+03	6.103929e+01	
102	2.511886e+03	6.103704e+01	
103	2.712273e+03	6.103442e+01	
104	2.928645e+03	6.103137e+01	
105	3.162278e+03	6.102781e+01	
106	3.414549e+03	6.102366e+01	
107	3.686945e+03	6.101883e+01	
108	3.981072e+03	6.101321e+01	
109	4.298662e+03	6.100667e+01	
110	4.641589e+03	6.099905e+01	
111	5.011872e+03	6.099018e+01	
112	5.411695e+03	6.097986e+01	

Index   frequency       psrr_db         
--------------------------------------------------------------------------------
113	5.843414e+03	6.096787e+01	
114	6.309573e+03	6.095392e+01	
115	6.812921e+03	6.093772e+01	
116	7.356423e+03	6.091890e+01	
117	7.943282e+03	6.089707e+01	
118	8.576959e+03	6.087175e+01	
119	9.261187e+03	6.084241e+01	
120	1.000000e+04	6.080846e+01	
121	1.079775e+04	6.076921e+01	
122	1.165914e+04	6.072388e+01	
123	1.258925e+04	6.067163e+01	
124	1.359356e+04	6.061149e+01	
125	1.467799e+04	6.054241e+01	
126	1.584893e+04	6.046323e+01	
127	1.711328e+04	6.037270e+01	
128	1.847850e+04	6.026948e+01	
129	1.995262e+04	6.015215e+01	
130	2.154435e+04	6.001924e+01	
131	2.326305e+04	5.986924e+01	
132	2.511886e+04	5.970067e+01	
133	2.712273e+04	5.951204e+01	
134	2.928645e+04	5.930199e+01	
135	3.162278e+04	5.906926e+01	
136	3.414549e+04	5.881279e+01	
137	3.686945e+04	5.853172e+01	
138	3.981072e+04	5.822546e+01	
139	4.298662e+04	5.789368e+01	
140	4.641589e+04	5.753638e+01	
141	5.011872e+04	5.715383e+01	
142	5.411695e+04	5.674660e+01	
143	5.843414e+04	5.631550e+01	
144	6.309573e+04	5.586160e+01	
145	6.812921e+04	5.538611e+01	
146	7.356423e+04	5.489042e+01	
147	7.943282e+04	5.437596e+01	
148	8.576959e+04	5.384424e+01	
149	9.261187e+04	5.329677e+01	
150	1.000000e+05	5.273502e+01	
151	1.079775e+05	5.216042e+01	
152	1.165914e+05	5.157433e+01	
153	1.258925e+05	5.097802e+01	
154	1.359356e+05	5.037264e+01	
155	1.467799e+05	4.975927e+01	
156	1.584893e+05	4.913889e+01	
157	1.711328e+05	4.851236e+01	
158	1.847850e+05	4.788048e+01	
159	1.995262e+05	4.724394e+01	
160	2.154435e+05	4.660336e+01	
161	2.326305e+05	4.595929e+01	
162	2.511886e+05	4.531220e+01	
163	2.712273e+05	4.466252e+01	
164	2.928645e+05	4.401063e+01	
165	3.162278e+05	4.335685e+01	
166	3.414549e+05	4.270147e+01	
167	3.686945e+05	4.204474e+01	
168	3.981072e+05	4.138690e+01	
169	4.298662e+05	4.072813e+01	
170	4.641589e+05	4.006863e+01	

Index   frequency       psrr_db         
--------------------------------------------------------------------------------
171	5.011872e+05	3.940855e+01	
172	5.411695e+05	3.874806e+01	
173	5.843414e+05	3.808729e+01	
174	6.309573e+05	3.742638e+01	
175	6.812921e+05	3.676546e+01	
176	7.356423e+05	3.610467e+01	
177	7.943282e+05	3.544414e+01	
178	8.576959e+05	3.478401e+01	
179	9.261187e+05	3.412443e+01	
180	1.000000e+06	3.346556e+01	
181	1.079775e+06	3.280758e+01	
182	1.165914e+06	3.215067e+01	
183	1.258925e+06	3.149504e+01	
184	1.359356e+06	3.084094e+01	
185	1.467799e+06	3.018863e+01	
186	1.584893e+06	2.953839e+01	
187	1.711328e+06	2.889056e+01	
188	1.847850e+06	2.824551e+01	
189	1.995262e+06	2.760363e+01	
190	2.154435e+06	2.696536e+01	
191	2.326305e+06	2.633120e+01	
192	2.511886e+06	2.570167e+01	
193	2.712273e+06	2.507730e+01	
194	2.928645e+06	2.445868e+01	
195	3.162278e+06	2.384638e+01	
196	3.414549e+06	2.324098e+01	
197	3.686945e+06	2.264301e+01	
198	3.981072e+06	2.205293e+01	
199	4.298662e+06	2.147109e+01	
200	4.641589e+06	2.089768e+01	
201	5.011872e+06	2.033263e+01	
202	5.411695e+06	1.977563e+01	
203	5.843414e+06	1.922598e+01	
204	6.309573e+06	1.868253e+01	
205	6.812921e+06	1.814363e+01	
206	7.356423e+06	1.760705e+01	
207	7.943282e+06	1.706992e+01	
208	8.576959e+06	1.652864e+01	
209	9.261187e+06	1.597892e+01	
210	1.000000e+07	1.541568e+01	
211	1.079775e+07	1.483311e+01	
212	1.165914e+07	1.422471e+01	
213	1.258925e+07	1.358332e+01	
214	1.359356e+07	1.290140e+01	
215	1.467799e+07	1.217142e+01	
216	1.584893e+07	1.138676e+01	
217	1.711328e+07	1.054351e+01	
218	1.847850e+07	9.644147e+00	
219	1.995262e+07	8.704668e+00	
220	2.154435e+07	7.767153e+00	
221	2.326305e+07	6.917518e+00	
222	2.511886e+07	6.296118e+00	
223	2.712273e+07	6.066678e+00	
224	2.928645e+07	6.322905e+00	
225	3.162278e+07	7.012466e+00	
226	3.414549e+07	7.980504e+00	
227	3.686945e+07	9.071456e+00	
228	3.981072e+07	1.018071e+01	

Index   frequency       psrr_db         
--------------------------------------------------------------------------------
229	4.298662e+07	1.125246e+01	
230	4.641589e+07	1.226187e+01	
231	5.011872e+07	1.320059e+01	
232	5.411695e+07	1.406808e+01	
233	5.843414e+07	1.486717e+01	
234	6.309573e+07	1.560190e+01	
235	6.812921e+07	1.627647e+01	
236	7.356423e+07	1.689486e+01	
237	7.943282e+07	1.746068e+01	
238	8.576959e+07	1.797720e+01	
239	9.261187e+07	1.844745e+01	
240	1.000000e+08	1.887428e+01	
241	1.079775e+08	1.926051e+01	
242	1.165914e+08	1.960903e+01	
243	1.258925e+08	1.992291e+01	
244	1.359356e+08	2.020538e+01	
245	1.467799e+08	2.045987e+01	
246	1.584893e+08	2.068991e+01	
247	1.711328e+08	2.089899e+01	
248	1.847850e+08	2.109037e+01	
249	1.995262e+08	2.126693e+01	
250	2.154435e+08	2.143104e+01	
251	2.326305e+08	2.158444e+01	
252	2.511886e+08	2.172827e+01	
253	2.712273e+08	2.186313e+01	
254	2.928645e+08	2.198915e+01	
255	3.162278e+08	2.210615e+01	
256	3.414549e+08	2.221369e+01	
257	3.686945e+08	2.231124e+01	
258	3.981072e+08	2.239821e+01	
259	4.298662e+08	2.247398e+01	
260	4.641589e+08	2.253795e+01	
261	5.011872e+08	2.258954e+01	
262	5.411695e+08	2.262819e+01	
263	5.843414e+08	2.265338e+01	
264	6.309573e+08	2.266459e+01	
265	6.812921e+08	2.266139e+01	
266	7.356423e+08	2.264339e+01	
267	7.943282e+08	2.261033e+01	
268	8.576959e+08	2.256213e+01	
269	9.261187e+08	2.249888e+01	
270	1.000000e+09	2.242096e+01	
Doing analysis at TEMP = 27.000000 and TNOM = 27.000000

Using SPARSE 1.3 as Direct Linear Solver
Note: Starting dynamic gmin stepping
Note: Dynamic gmin stepping completed

No. of Data Rows : 271

  Measurements for AC Analysis

psrr_dc_lin         =  8.85842e-04
psrr_1khz_lin       =  8.86098e-04
psrr_100khz_lin     =  2.30807e-03
psrr_1mhz_lin       =  2.12188e-02

ngspice-46 done
