
Note: No compatibility mode selected!


Circuit: * klt sim -- generated corner deck, do not edit

Doing analysis at TEMP = 27.000000 and TNOM = 27.000000

Using SPARSE 1.3 as Direct Linear Solver
Note: Starting dynamic gmin stepping


The temperature limiting function received NaN.
Please check your power dissipation and improve your heat sink Rth!
    This message will be shown only once.

Note: Dynamic gmin stepping completed

No. of Data Rows : 1

  Measurements for AC Analysis


v(fb) = 2.166967e+00
v(sns1) = 7.079971e-01
v(sns2) = 7.075359e-01
v(vref) = 1.045913e+00
v(det) = 7.658764e-03
i(vmkfb) = 8.164303e-14
Doing analysis at TEMP = 27.000000 and TNOM = 27.000000

Using SPARSE 1.3 as Direct Linear Solver
Note: Starting dynamic gmin stepping
Note: Dynamic gmin stepping completed

No. of Data Rows : 271

  Measurements for AC Analysis

zout_dc_lin         =  7.11174e+04
zout_1khz_lin       =  7.11174e+04
zout_100khz_lin     =  7.11116e+04
zout_1mhz_lin       =  7.05471e+04

                * klt sim -- generated corner deck, do not edit
                AC Analysis  Sun Oct  4 01:52:10  2026
--------------------------------------------------------------------------------
Index   frequency       zout_db         
--------------------------------------------------------------------------------
0	1.000000e+00	9.703951e+01	
1	1.079775e+00	9.703951e+01	
2	1.165914e+00	9.703951e+01	
3	1.258925e+00	9.703951e+01	
4	1.359356e+00	9.703951e+01	
5	1.467799e+00	9.703951e+01	
6	1.584893e+00	9.703951e+01	
7	1.711328e+00	9.703951e+01	
8	1.847850e+00	9.703951e+01	
9	1.995262e+00	9.703951e+01	
10	2.154435e+00	9.703951e+01	
11	2.326305e+00	9.703951e+01	
12	2.511886e+00	9.703951e+01	
13	2.712273e+00	9.703951e+01	
14	2.928645e+00	9.703951e+01	
15	3.162278e+00	9.703951e+01	
16	3.414549e+00	9.703951e+01	
17	3.686945e+00	9.703951e+01	
18	3.981072e+00	9.703951e+01	
19	4.298662e+00	9.703951e+01	
20	4.641589e+00	9.703951e+01	
21	5.011872e+00	9.703951e+01	
22	5.411695e+00	9.703951e+01	
23	5.843414e+00	9.703951e+01	
24	6.309573e+00	9.703951e+01	
25	6.812921e+00	9.703951e+01	
26	7.356423e+00	9.703951e+01	
27	7.943282e+00	9.703951e+01	
28	8.576959e+00	9.703951e+01	
29	9.261187e+00	9.703951e+01	
30	1.000000e+01	9.703951e+01	
31	1.079775e+01	9.703951e+01	
32	1.165914e+01	9.703951e+01	
33	1.258925e+01	9.703951e+01	
34	1.359356e+01	9.703951e+01	
35	1.467799e+01	9.703951e+01	
36	1.584893e+01	9.703951e+01	
37	1.711328e+01	9.703951e+01	
38	1.847850e+01	9.703951e+01	
39	1.995262e+01	9.703951e+01	
40	2.154435e+01	9.703951e+01	
41	2.326305e+01	9.703951e+01	
42	2.511886e+01	9.703951e+01	
43	2.712273e+01	9.703951e+01	
44	2.928645e+01	9.703951e+01	
45	3.162278e+01	9.703951e+01	
46	3.414549e+01	9.703951e+01	
47	3.686945e+01	9.703951e+01	
48	3.981072e+01	9.703951e+01	
49	4.298662e+01	9.703951e+01	
50	4.641589e+01	9.703951e+01	
51	5.011872e+01	9.703951e+01	
52	5.411695e+01	9.703951e+01	
53	5.843414e+01	9.703951e+01	
54	6.309573e+01	9.703951e+01	

Index   frequency       zout_db         
--------------------------------------------------------------------------------
55	6.812921e+01	9.703951e+01	
56	7.356423e+01	9.703951e+01	
57	7.943282e+01	9.703951e+01	
58	8.576959e+01	9.703951e+01	
59	9.261187e+01	9.703951e+01	
60	1.000000e+02	9.703951e+01	
61	1.079775e+02	9.703951e+01	
62	1.165914e+02	9.703951e+01	
63	1.258925e+02	9.703951e+01	
64	1.359356e+02	9.703951e+01	
65	1.467799e+02	9.703951e+01	
66	1.584893e+02	9.703951e+01	
67	1.711328e+02	9.703951e+01	
68	1.847850e+02	9.703951e+01	
69	1.995262e+02	9.703951e+01	
70	2.154435e+02	9.703951e+01	
71	2.326305e+02	9.703951e+01	
72	2.511886e+02	9.703951e+01	
73	2.712273e+02	9.703951e+01	
74	2.928645e+02	9.703951e+01	
75	3.162278e+02	9.703951e+01	
76	3.414549e+02	9.703951e+01	
77	3.686945e+02	9.703951e+01	
78	3.981072e+02	9.703951e+01	
79	4.298662e+02	9.703951e+01	
80	4.641589e+02	9.703951e+01	
81	5.011872e+02	9.703951e+01	
82	5.411695e+02	9.703951e+01	
83	5.843414e+02	9.703951e+01	
84	6.309573e+02	9.703951e+01	
85	6.812921e+02	9.703951e+01	
86	7.356423e+02	9.703951e+01	
87	7.943282e+02	9.703951e+01	
88	8.576959e+02	9.703951e+01	
89	9.261187e+02	9.703951e+01	
90	1.000000e+03	9.703951e+01	
91	1.079775e+03	9.703951e+01	
92	1.165914e+03	9.703951e+01	
93	1.258925e+03	9.703951e+01	
94	1.359356e+03	9.703951e+01	
95	1.467799e+03	9.703951e+01	
96	1.584893e+03	9.703951e+01	
97	1.711328e+03	9.703951e+01	
98	1.847850e+03	9.703951e+01	
99	1.995262e+03	9.703951e+01	
100	2.154435e+03	9.703951e+01	
101	2.326305e+03	9.703951e+01	
102	2.511886e+03	9.703951e+01	
103	2.712273e+03	9.703951e+01	
104	2.928645e+03	9.703951e+01	
105	3.162278e+03	9.703951e+01	
106	3.414549e+03	9.703951e+01	
107	3.686945e+03	9.703951e+01	
108	3.981072e+03	9.703951e+01	
109	4.298662e+03	9.703951e+01	
110	4.641589e+03	9.703951e+01	
111	5.011872e+03	9.703951e+01	
112	5.411695e+03	9.703951e+01	

Index   frequency       zout_db         
--------------------------------------------------------------------------------
113	5.843414e+03	9.703951e+01	
114	6.309573e+03	9.703951e+01	
115	6.812921e+03	9.703951e+01	
116	7.356423e+03	9.703951e+01	
117	7.943282e+03	9.703951e+01	
118	8.576959e+03	9.703951e+01	
119	9.261187e+03	9.703951e+01	
120	1.000000e+04	9.703951e+01	
121	1.079775e+04	9.703951e+01	
122	1.165914e+04	9.703951e+01	
123	1.258925e+04	9.703950e+01	
124	1.359356e+04	9.703950e+01	
125	1.467799e+04	9.703950e+01	
126	1.584893e+04	9.703950e+01	
127	1.711328e+04	9.703949e+01	
128	1.847850e+04	9.703949e+01	
129	1.995262e+04	9.703949e+01	
130	2.154435e+04	9.703948e+01	
131	2.326305e+04	9.703948e+01	
132	2.511886e+04	9.703947e+01	
133	2.712273e+04	9.703946e+01	
134	2.928645e+04	9.703945e+01	
135	3.162278e+04	9.703944e+01	
136	3.414549e+04	9.703943e+01	
137	3.686945e+04	9.703942e+01	
138	3.981072e+04	9.703940e+01	
139	4.298662e+04	9.703938e+01	
140	4.641589e+04	9.703936e+01	
141	5.011872e+04	9.703934e+01	
142	5.411695e+04	9.703931e+01	
143	5.843414e+04	9.703927e+01	
144	6.309573e+04	9.703923e+01	
145	6.812921e+04	9.703919e+01	
146	7.356423e+04	9.703913e+01	
147	7.943282e+04	9.703907e+01	
148	8.576959e+04	9.703900e+01	
149	9.261187e+04	9.703891e+01	
150	1.000000e+05	9.703881e+01	
151	1.079775e+05	9.703869e+01	
152	1.165914e+05	9.703856e+01	
153	1.258925e+05	9.703840e+01	
154	1.359356e+05	9.703821e+01	
155	1.467799e+05	9.703800e+01	
156	1.584893e+05	9.703774e+01	
157	1.711328e+05	9.703745e+01	
158	1.847850e+05	9.703711e+01	
159	1.995262e+05	9.703671e+01	
160	2.154435e+05	9.703624e+01	
161	2.326305e+05	9.703570e+01	
162	2.511886e+05	9.703507e+01	
163	2.712273e+05	9.703433e+01	
164	2.928645e+05	9.703347e+01	
165	3.162278e+05	9.703247e+01	
166	3.414549e+05	9.703130e+01	
167	3.686945e+05	9.702994e+01	
168	3.981072e+05	9.702836e+01	
169	4.298662e+05	9.702651e+01	
170	4.641589e+05	9.702435e+01	

Index   frequency       zout_db         
--------------------------------------------------------------------------------
171	5.011872e+05	9.702184e+01	
172	5.411695e+05	9.701892e+01	
173	5.843414e+05	9.701551e+01	
174	6.309573e+05	9.701154e+01	
175	6.812921e+05	9.700691e+01	
176	7.356423e+05	9.700153e+01	
177	7.943282e+05	9.699526e+01	
178	8.576959e+05	9.698796e+01	
179	9.261187e+05	9.697947e+01	
180	1.000000e+06	9.696958e+01	
181	1.079775e+06	9.695809e+01	
182	1.165914e+06	9.694473e+01	
183	1.258925e+06	9.692920e+01	
184	1.359356e+06	9.691117e+01	
185	1.467799e+06	9.689024e+01	
186	1.584893e+06	9.686597e+01	
187	1.711328e+06	9.683784e+01	
188	1.847850e+06	9.680528e+01	
189	1.995262e+06	9.676762e+01	
190	2.154435e+06	9.672413e+01	
191	2.326305e+06	9.667397e+01	
192	2.511886e+06	9.661622e+01	
193	2.712273e+06	9.654985e+01	
194	2.928645e+06	9.647375e+01	
195	3.162278e+06	9.638668e+01	
196	3.414549e+06	9.628736e+01	
197	3.686945e+06	9.617438e+01	
198	3.981072e+06	9.604631e+01	
199	4.298662e+06	9.590167e+01	
200	4.641589e+06	9.573896e+01	
201	5.011872e+06	9.555674e+01	
202	5.411695e+06	9.535364e+01	
203	5.843414e+06	9.512839e+01	
204	6.309573e+06	9.487992e+01	
205	6.812921e+06	9.460736e+01	
206	7.356423e+06	9.431007e+01	
207	7.943282e+06	9.398773e+01	
208	8.576959e+06	9.364030e+01	
209	9.261187e+06	9.326804e+01	
210	1.000000e+07	9.287150e+01	
211	1.079775e+07	9.245151e+01	
212	1.165914e+07	9.200913e+01	
213	1.258925e+07	9.154559e+01	
214	1.359356e+07	9.106228e+01	
215	1.467799e+07	9.056067e+01	
216	1.584893e+07	9.004230e+01	
217	1.711328e+07	8.950877e+01	
218	1.847850e+07	8.896186e+01	
219	1.995262e+07	8.840387e+01	
220	2.154435e+07	8.783840e+01	
221	2.326305e+07	8.727154e+01	
222	2.511886e+07	8.671226e+01	
223	2.712273e+07	8.616860e+01	
224	2.928645e+07	8.563973e+01	
225	3.162278e+07	8.511589e+01	
226	3.414549e+07	8.458888e+01	
227	3.686945e+07	8.405762e+01	
228	3.981072e+07	8.352538e+01	

Index   frequency       zout_db         
--------------------------------------------------------------------------------
229	4.298662e+07	8.299631e+01	
230	4.641589e+07	8.247402e+01	
231	5.011872e+07	8.196140e+01	
232	5.411695e+07	8.146076e+01	
233	5.843414e+07	8.097397e+01	
234	6.309573e+07	8.050256e+01	
235	6.812921e+07	8.004778e+01	
236	7.356423e+07	7.961060e+01	
237	7.943282e+07	7.919178e+01	
238	8.576959e+07	7.879182e+01	
239	9.261187e+07	7.841101e+01	
240	1.000000e+08	7.804947e+01	
241	1.079775e+08	7.770712e+01	
242	1.165914e+08	7.738376e+01	
243	1.258925e+08	7.707907e+01	
244	1.359356e+08	7.679266e+01	
245	1.467799e+08	7.652403e+01	
246	1.584893e+08	7.627264e+01	
247	1.711328e+08	7.603787e+01	
248	1.847850e+08	7.581901e+01	
249	1.995262e+08	7.561529e+01	
250	2.154435e+08	7.542582e+01	
251	2.326305e+08	7.524961e+01	
252	2.511886e+08	7.508559e+01	
253	2.712273e+08	7.493255e+01	
254	2.928645e+08	7.478924e+01	
255	3.162278e+08	7.465430e+01	
256	3.414549e+08	7.452633e+01	
257	3.686945e+08	7.440391e+01	
258	3.981072e+08	7.428558e+01	
259	4.298662e+08	7.416990e+01	
260	4.641589e+08	7.405544e+01	
261	5.011872e+08	7.394081e+01	
262	5.411695e+08	7.382464e+01	
263	5.843414e+08	7.370563e+01	
264	6.309573e+08	7.358249e+01	
265	6.812921e+08	7.345397e+01	
266	7.356423e+08	7.331884e+01	
267	7.943282e+08	7.317588e+01	
268	8.576959e+08	7.302385e+01	
269	9.261187e+08	7.286151e+01	
270	1.000000e+09	7.268758e+01	
Doing analysis at TEMP = 27.000000 and TNOM = 27.000000

Using SPARSE 1.3 as Direct Linear Solver
Note: Starting dynamic gmin stepping
Note: Dynamic gmin stepping completed

No. of Data Rows : 271

  Measurements for AC Analysis

zout_dc_lin         =  7.11174e+04
zout_1khz_lin       =  7.11174e+04
zout_100khz_lin     =  7.11116e+04
zout_1mhz_lin       =  7.05471e+04

ngspice-46 done
