
Note: No compatibility mode selected!


Circuit: * sg13g2-bandgap -- bandgap_core + bandgap_startup co-simulated hand-over

Doing analysis at TEMP = 27.000000 and TNOM = 27.000000

Using SPARSE 1.3 as Direct Linear Solver

Initial Transient Solution
--------------------------

Node                                   Voltage
----                                   -------
vdd                                          0
vss                                          0
sub!                                         0
fb                                   -0.506502
sns1                                3.8941e-19
xq1.s1                             1.55764e-28
xq1.t                                1.026e-52
sns2                               1.19287e-18
cb2                                1.19287e-18
xr2.dt                                       0
xq2.s1                             1.31216e-27
xq2.t                              9.28859e-52
vref                               1.00258e-19
cb3                                1.00258e-19
xr1.dt                                       0
xq3.s1                             4.01032e-29
xq3.t                              6.80096e-54
det                                          0
xrpu.dt                                      0
fbx                                  -0.506502
vmkfb#branch                      -4.91035e-06
vsub#branch                                  0
vvss#branch                        8.96519e-08
vvdd#branch                       -8.96519e-08

 Reference value :  3.63000e-04 Reference value :  1.04700e-03 Reference value :  1.72900e-03
No. of Data Rows : 1012
v_det_early         =  3.21730e-01
v_fb_early          =  -2.69501e-01
v_det_v             =  6.13231e-03
v_fb_v              =  2.55089e+00
v_sns1_v            =  7.02426e-01
v_vref_v            =  1.00460e+00
i_mkfb_v            =  5.24927e-13
Note: Simulation executed from .control section 
