

The temperature limiting function received NaN.
Please check your power dissipation and improve your heat sink Rth!
    This message will be shown only once.

Note: Starting dynamic gmin stepping
Note: Dynamic gmin stepping completed

Note: No compatibility mode selected!


Circuit: * sg13g2-bandgap -- bandgap_core + bandgap_startup co-simulated hand-over

Doing analysis at TEMP = -40.000000 and TNOM = 27.000000

Using SPARSE 1.3 as Direct Linear Solver

Initial Transient Solution
--------------------------

Node                                   Voltage
----                                   -------
vdd                                          0
vss                                          0
sub!                                         0
fb                                   -0.529447
sns1                               6.82043e-55
xq1.s1                             2.72817e-64
xq1.t                             1.68327e-125
sns2                               6.21958e-59
cb2                                6.21958e-59
xr2.dt                                       0
xq2.s1                             6.84154e-68
xq2.t                             5.98624e-135
vref                               2.20351e-56
cb3                                2.20351e-56
xr1.dt                                       0
xq3.s1                             8.81405e-66
xq3.t                             1.75485e-128
det                                          0
xrpu.dt                                      0
fbx                                  -0.529447
vmkfb#branch                      -4.99068e-06
vsub#branch                                  0
vvss#branch                        9.32434e-09
vvdd#branch                       -9.32434e-09

 Reference value :  2.45600e-05 Reference value :  4.41142e-05 Reference value :  4.89000e-04 Reference value :  1.12700e-03 Reference value :  1.80500e-03
No. of Data Rows : 1012
v_det_early         =  2.94145e-01
v_fb_early          =  -3.11563e-01
v_det_v             =  2.61632e-03
v_fb_v              =  2.16997e+00
v_sns1_v            =  7.85334e-01
v_vref_v            =  1.08361e+00
i_mkfb_v            =  5.53030e-15
Note: Simulation executed from .control section 
