
Note: No compatibility mode selected!


Circuit: * sg13g2-bandgap -- bandgap_core + bandgap_startup co-simulated hand-over

Doing analysis at TEMP = 27.000000 and TNOM = 27.000000

Using SPARSE 1.3 as Direct Linear Solver

Initial Transient Solution
--------------------------

Node                                   Voltage
----                                   -------
vdd                                          0
vss                                          0
sub!                                         0
fb                                   -0.530481
sns1                              -2.70742e-19
xq1.s1                            -1.08297e-28
xq1.t                              1.72114e-52
sns2                              -5.15475e-19
cb2                               -5.15475e-19
xr2.dt                                       0
xq2.s1                            -5.67022e-28
xq2.t                              6.03604e-52
vref                               6.45709e-19
cb3                                6.45708e-19
xr1.dt                                       0
xq3.s1                             2.58283e-28
xq3.t                              9.78997e-52
det                                          0
xrpu.dt                                      0
fbx                                  -0.530481
vmkfb#branch                      -4.97553e-06
vsub#branch                                  0
vvss#branch                        2.44685e-08
vvdd#branch                       -2.44685e-08

 Reference value :  3.79000e-04 Reference value :  1.07500e-03 Reference value :  1.77100e-03
No. of Data Rows : 1012
v_det_early         =  3.23429e-01
v_fb_early          =  -2.97991e-01
v_det_v             =  5.87752e-03
v_fb_v              =  2.46739e+00
v_sns1_v            =  7.08524e-01
v_vref_v            =  1.04365e+00
i_mkfb_v            =  2.04906e-13
Note: Simulation executed from .control section 
