

The temperature limiting function received NaN.
Please check your power dissipation and improve your heat sink Rth!
    This message will be shown only once.

Note: Starting dynamic gmin stepping
Note: Dynamic gmin stepping completed

Note: No compatibility mode selected!


Circuit: * sg13g2-bandgap -- bandgap_core + bandgap_startup co-simulated hand-over

Doing analysis at TEMP = 125.000000 and TNOM = 27.000000

Using SPARSE 1.3 as Direct Linear Solver

Initial Transient Solution
--------------------------

Node                                   Voltage
----                                   -------
vdd                                          0
vss                                          0
sub!                                         0
fb                                   -0.509435
sns1                                         0
xq1.s1                                       0
xq1.t                                        0
sns2                                         0
cb2                                          0
xr2.dt                                       0
xq2.s1                                       0
xq2.t                                        0
vref                                         0
cb3                                          0
xr1.dt                                       0
xq3.s1                                       0
xq3.t                                        0
det                                          0
xrpu.dt                                      0
fbx                                  -0.509435
vmkfb#branch                      -4.15296e-06
vsub#branch                                  0
vvss#branch                        8.47044e-07
vvdd#branch                       -8.47044e-07

 Reference value :  2.27000e-04 Reference value :  8.89000e-04 Reference value :  1.56100e-03
No. of Data Rows : 1012
v_det_early         =  3.04443e-01
v_fb_early          =  -2.60468e-01
v_det_v             =  9.73243e-02
v_fb_v              =  2.94968e+00
v_sns1_v            =  5.80421e-01
v_vref_v            =  9.23865e-01
i_mkfb_v            =  1.18862e-10
Note: Simulation executed from .control section 
