
Note: No compatibility mode selected!


Circuit: * sg13g2-bandgap -- bandgap_core + bandgap_startup co-simulated hand-over

Doing analysis at TEMP = 27.000000 and TNOM = 27.000000

Using SPARSE 1.3 as Direct Linear Solver

Initial Transient Solution
--------------------------

Node                                   Voltage
----                                   -------
vdd                                          0
vss                                          0
sub!                                         0
fb                                   -0.573784
sns1                               8.09444e-19
xq1.s1                             3.23778e-28
xq1.t                               1.8844e-52
sns2                               7.70641e-19
cb2                                7.70641e-19
xr2.dt                                       0
xq2.s1                             8.47705e-28
xq2.t                               1.6314e-52
vref                              -5.02377e-20
cb3                               -5.02377e-20
xr1.dt                                       0
xq3.s1                            -2.00951e-29
xq3.t                              7.25875e-55
det                                          0
xrpu.dt                                      0
fbx                                  -0.573784
vmkfb#branch                      -4.76636e-06
vsub#branch                                  0
vvss#branch                        2.33641e-07
vvdd#branch                       -2.33641e-07

 Reference value :  3.97000e-04 Reference value :  1.09900e-03 Reference value :  1.73700e-03
No. of Data Rows : 1012
v_det_early         =  2.93574e-01
v_fb_early          =  -3.56863e-01
v_det_v             =  1.19299e-02
v_fb_v              =  2.19313e+00
v_sns1_v            =  7.08477e-01
v_vref_v            =  1.04295e+00
i_mkfb_v            =  4.89123e-14
Note: Simulation executed from .control section 
