
Note: No compatibility mode selected!


Circuit: * sg13g2-bandgap -- bandgap_core + bandgap_startup co-simulated hand-over

Doing analysis at TEMP = 27.000000 and TNOM = 27.000000

Using SPARSE 1.3 as Direct Linear Solver

Initial Transient Solution
--------------------------

Node                                   Voltage
----                                   -------
vdd                                          0
vss                                          0
sub!                                         0
fb                                   -0.553015
sns1                              -1.26623e-18
xq1.s1                             -5.0649e-28
xq1.t                              1.21651e-51
sns2                              -9.15485e-19
cb2                               -9.15485e-19
xr2.dt                                       0
xq2.s1                            -1.00703e-27
xq2.t                              6.12907e-52
vref                              -1.07417e-18
cb3                               -1.07417e-18
xr1.dt                                       0
xq3.s1                            -4.29668e-28
xq3.t                              8.75462e-52
det                                          0
xrpu.dt                                      0
fbx                                  -0.553015
vmkfb#branch                       -4.9205e-06
vsub#branch                                  0
vvss#branch                         7.9505e-08
vvdd#branch                        -7.9505e-08

 Reference value :  1.02825e-04 Reference value :  1.84825e-04 Reference value :  4.39000e-04 Reference value :  1.13500e-03 Reference value :  1.78500e-03
No. of Data Rows : 1012
v_det_early         =  3.55879e-01
v_fb_early          =  -2.92419e-01
v_det_v             =  9.40530e-03
v_fb_v              =  2.82526e+00
v_sns1_v            =  7.08611e-01
v_vref_v            =  1.04483e+00
i_mkfb_v            =  1.69829e-13
Note: Simulation executed from .control section 
