

The temperature limiting function received NaN.
Please check your power dissipation and improve your heat sink Rth!
    This message will be shown only once.

Note: Starting dynamic gmin stepping
Note: Dynamic gmin stepping completed

Note: No compatibility mode selected!


Circuit: * sg13g2-bandgap -- bandgap_core + bandgap_startup co-simulated hand-over

Doing analysis at TEMP = -40.000000 and TNOM = 27.000000

Using SPARSE 1.3 as Direct Linear Solver

Initial Transient Solution
--------------------------

Node                                   Voltage
----                                   -------
vdd                                          0
vss                                          0
sub!                                         0
fb                                   -0.576578
sns1                               2.57917e-57
xq1.s1                             1.03167e-66
xq1.t                             2.87029e-130
sns2                               2.95044e-61
cb2                                2.95044e-61
xr2.dt                                       0
xq2.s1                             3.24548e-70
xq2.t                             1.59307e-139
vref                               8.61842e-59
cb3                                8.61842e-59
xr1.dt                                       0
xq3.s1                             3.44737e-68
xq3.t                             3.20138e-133
det                                          0
xrpu.dt                                      0
fbx                                  -0.576578
vmkfb#branch                      -4.99207e-06
vsub#branch                                  0
vvss#branch                        7.93273e-09
vvdd#branch                       -7.93273e-09

 Reference value :  2.31000e-04 Reference value :  6.93000e-04 Reference value :  9.63000e-04 Reference value :  1.46100e-03
No. of Data Rows : 1013
v_det_early         =  3.58346e-01
v_fb_early          =  -3.11744e-01
v_det_v             =  4.08569e-03
v_fb_v              =  2.77365e+00
v_sns1_v            =  7.90174e-01
v_vref_v            =  1.12322e+00
i_mkfb_v            =  -5.59899e-14
Note: Simulation executed from .control section 
