

The temperature limiting function received NaN.
Please check your power dissipation and improve your heat sink Rth!
    This message will be shown only once.

Note: Starting dynamic gmin stepping
Note: Dynamic gmin stepping completed

Note: No compatibility mode selected!


Circuit: * sg13g2-bandgap -- bandgap_core + bandgap_startup co-simulated hand-over

Doing analysis at TEMP = 27.000000 and TNOM = 27.000000

Using SPARSE 1.3 as Direct Linear Solver

Initial Transient Solution
--------------------------

Node                                   Voltage
----                                   -------
vdd                                          0
vss                                          0
sub!                                         0
fb                                   -0.598379
sns1                               5.91175e-50
xq1.s1                              2.3647e-59
xq1.t                             3.21251e-114
sns2                              -7.94405e-53
cb2                               -7.94405e-53
xr2.dt                                       0
xq2.s1                            -8.73845e-62
xq2.t                             4.93826e-120
vref                               2.79981e-51
cb3                                2.79981e-51
xr1.dt                                       0
xq3.s1                             1.11993e-60
xq3.t                             4.31789e-117
det                                          0
xrpu.dt                                      0
fbx                                  -0.598379
vmkfb#branch                      -4.93128e-06
vsub#branch                                  0
vvss#branch                        6.87189e-08
vvdd#branch                       -6.87189e-08

 Reference value :  0.00000e+00 Reference value :  1.74525e-04 Reference value :  7.85000e-04 Reference value :  1.48300e-03
No. of Data Rows : 1012
v_det_early         =  2.92860e-01
v_fb_early          =  -3.89312e-01
v_det_v             =  1.41439e-02
v_fb_v              =  2.10941e+00
v_sns1_v            =  7.16419e-01
v_vref_v            =  1.08369e+00
i_mkfb_v            =  1.25108e-14
Note: Simulation executed from .control section 
