

The temperature limiting function received NaN.
Please check your power dissipation and improve your heat sink Rth!
    This message will be shown only once.

Note: Starting dynamic gmin stepping
Note: Dynamic gmin stepping completed

Note: No compatibility mode selected!


Circuit: * sg13g2-bandgap -- bandgap_core + bandgap_startup co-simulated hand-over

Doing analysis at TEMP = -40.000000 and TNOM = 27.000000

Using SPARSE 1.3 as Direct Linear Solver

Initial Transient Solution
--------------------------

Node                                   Voltage
----                                   -------
vdd                                          0
vss                                          0
sub!                                         0
fb                                   -0.622559
sns1                               9.59819e-60
xq1.s1                             3.83928e-69
xq1.t                             4.62157e-135
sns2                               2.40177e-63
cb2                                2.40177e-63
xr2.dt                                       0
xq2.s1                             2.64195e-72
xq2.t                             1.25708e-143
vref                               3.38366e-61
cb3                                3.38366e-61
xr1.dt                                       0
xq3.s1                             1.35346e-70
xq3.t                             5.73755e-138
det                                          0
xrpu.dt                                      0
fbx                                  -0.622559
vmkfb#branch                      -4.99348e-06
vsub#branch                                  0
vvss#branch                         6.5205e-09
vvdd#branch                        -6.5205e-09

 Reference value :  2.00600e-04 Reference value :  8.67000e-04 Reference value :  1.48100e-03
No. of Data Rows : 1013
v_det_early         =  2.92309e-01
v_fb_early          =  -4.10485e-01
v_det_v             =  5.34922e-03
v_fb_v              =  2.05712e+00
v_sns1_v            =  7.96181e-01
v_vref_v            =  1.15972e+00
i_mkfb_v            =  1.29688e-14
Note: Simulation executed from .control section 
