Warning: m=xx on .subckt line will override multiplier m hierarchy!


Note: Compatibility modes selected: hs a


Circuit: * sg13g2-bandgap -- bandgap_core + bandgap_startup co-simulated hand-over

Doing analysis at TEMP = 27.000000 and TNOM = 27.000000

Using SPARSE 1.3 as Direct Linear Solver

Initial Transient Solution
--------------------------

Node                                   Voltage
----                                   -------
vdd                                          0
vss                                          0
sub!                                         0
fb                                   -0.506502
sns1                              -6.87023e-19
xq1.s1                            -2.74809e-28
xq1.t                              3.19357e-52
sns2                               1.09978e-18
cb2                                1.09978e-18
xr2.dt                                       0
xq2.s1                             1.20976e-27
xq2.t                              7.70701e-52
vref                               4.47814e-19
cb3                                4.47814e-19
xr1.dt                                       0
xq3.s1                             1.79126e-28
xq3.t                              1.29381e-52
det                                          0
xrpu.dt                                      0
fbx                                  -0.506502
vmkfb#branch                      -4.91035e-06
vsub#branch                                  0
vvss#branch                        8.96519e-08
vvdd#branch                       -8.96519e-08

 Reference value :  0.00000e+00 Reference value :  1.61900e-03
No. of Data Rows : 1012
v_det_early         =  2.92431e-01
v_fb_early          =  -2.92634e-01
v_det_v             =  5.50345e-03
v_fb_v              =  2.22089e+00
v_sns1_v            =  7.02351e-01
v_vref_v            =  1.01345e+00
i_mkfb_v            =  4.14624e-13
Note: Simulation executed from .control section 
