Warning: m=xx on .subckt line will override multiplier m hierarchy!


Note: Compatibility modes selected: hs a


Circuit: * sg13g2-bandgap -- bandgap_core + bandgap_startup co-simulated hand-over

Doing analysis at TEMP = -40.000000 and TNOM = 27.000000

Using SPARSE 1.3 as Direct Linear Solver

Initial Transient Solution
--------------------------

Node                                   Voltage
----                                   -------
vdd                                          0
vss                                          0
sub!                                         0
fb                                   -0.553092
sns1                               2.90767e-19
xq1.s1                             1.16307e-28
xq1.t                              6.95627e-55
sns2                              -3.00945e-19
cb2                               -3.00945e-19
xr2.dt                                       0
xq2.s1                            -3.31039e-28
xq2.t                              4.53602e-55
vref                               7.99761e-19
cb3                                7.99761e-19
xr1.dt                                       0
xq3.s1                             3.19904e-28
xq3.t                              5.14396e-54
det                                          0
xrpu.dt                                      0
fbx                                  -0.553092
vmkfb#branch                      -4.99845e-06
vsub#branch                                  0
vvss#branch                        1.54795e-09
vvdd#branch                       -1.54795e-09

 Reference value :  0.00000e+00 Reference value :  1.63100e-03
No. of Data Rows : 1012
v_det_early         =  3.25771e-01
v_fb_early          =  -3.13159e-01
v_det_v             =  2.73305e-03
v_fb_v              =  2.41544e+00
v_sns1_v            =  7.90100e-01
v_vref_v            =  1.13199e+00
i_mkfb_v            =  7.51353e-15
Note: Simulation executed from .control section 
