Warning: m=xx on .subckt line will override multiplier m hierarchy!


Note: Compatibility modes selected: hs a


Circuit: * sg13g2-bandgap -- bandgap_core + bandgap_startup co-simulated hand-over

Doing analysis at TEMP = 27.000000 and TNOM = 27.000000

Using SPARSE 1.3 as Direct Linear Solver

Initial Transient Solution
--------------------------

Node                                   Voltage
----                                   -------
vdd                                          0
vss                                          0
sub!                                         0
fb                                   -0.530481
sns1                               1.11285e-18
xq1.s1                             4.45139e-28
xq1.t                              2.90838e-51
sns2                               7.83591e-19
cb2                                7.83591e-19
xr2.dt                                       0
xq2.s1                             8.61949e-28
xq2.t                              1.37295e-51
vref                              -1.16572e-18
cb3                               -1.16572e-18
xr1.dt                                       0
xq3.s1                            -4.66289e-28
xq3.t                              3.09159e-51
det                                          0
xrpu.dt                                      0
fbx                                  -0.530481
vmkfb#branch                      -4.97553e-06
vsub#branch                                  0
vvss#branch                        2.44685e-08
vvdd#branch                       -2.44685e-08

 Reference value :  0.00000e+00 Reference value :  1.61300e-03
No. of Data Rows : 1012
v_det_early         =  2.92618e-01
v_fb_early          =  -3.21265e-01
v_det_v             =  5.27349e-03
v_fb_v              =  2.13739e+00
v_sns1_v            =  7.08451e-01
v_vref_v            =  1.05052e+00
i_mkfb_v            =  2.01588e-13
Note: Simulation executed from .control section 
