Warning: m=xx on .subckt line will override multiplier m hierarchy!



The temperature limiting function received NaN.
Please check your power dissipation and improve your heat sink Rth!
    This message will be shown only once.

Note: Starting dynamic gmin stepping
Note: Dynamic gmin stepping completed

Note: Compatibility modes selected: hs a


Circuit: * sg13g2-bandgap -- bandgap_core + bandgap_startup co-simulated hand-over

Doing analysis at TEMP = -40.000000 and TNOM = 27.000000

Using SPARSE 1.3 as Direct Linear Solver

Initial Transient Solution
--------------------------

Node                                   Voltage
----                                   -------
vdd                                          0
vss                                          0
sub!                                         0
fb                                   -0.599276
sns1                               1.14151e-54
xq1.s1                             4.56606e-64
xq1.t                             5.53895e-125
sns2                               2.09618e-58
cb2                                2.09618e-58
xr2.dt                                       0
xq2.s1                              2.3058e-67
xq2.t                             4.56075e-134
vref                               8.00195e-56
cb3                                8.00194e-56
xr1.dt                                       0
xq3.s1                             3.20078e-65
xq3.t                              2.7181e-127
det                                          0
xrpu.dt                                      0
fbx                                  -0.599276
vmkfb#branch                      -4.96047e-06
vsub#branch                                  0
vvss#branch                        3.95348e-08
vvdd#branch                       -3.95348e-08

 Reference value :  0.00000e+00 Reference value :  1.62100e-03
No. of Data Rows : 1012
v_det_early         =  2.93251e-01
v_fb_early          =  -3.82567e-01
v_det_v             =  4.75945e-03
v_fb_v              =  2.14187e+00
v_sns1_v            =  7.90058e-01
v_vref_v            =  1.13331e+00
i_mkfb_v            =  8.87080e-16
Note: Simulation executed from .control section 
