Warning: m=xx on .subckt line will override multiplier m hierarchy!


Note: Compatibility modes selected: hs a


Circuit: * sg13g2-bandgap -- bandgap_core + bandgap_startup co-simulated hand-over

Doing analysis at TEMP = 27.000000 and TNOM = 27.000000

Using SPARSE 1.3 as Direct Linear Solver

Initial Transient Solution
--------------------------

Node                                   Voltage
----                                   -------
vdd                                          0
vss                                          0
sub!                                         0
fb                                   -0.573784
sns1                               -8.8138e-19
xq1.s1                            -3.52552e-28
xq1.t                              2.23422e-52
sns2                               1.33377e-18
cb2                                1.33377e-18
xr2.dt                                       0
xq2.s1                             1.46715e-27
xq2.t                               4.7972e-52
vref                              -5.26578e-19
cb3                               -5.26578e-19
xr1.dt                                       0
xq3.s1                            -2.10631e-28
xq3.t                              7.69102e-53
det                                          0
xrpu.dt                                      0
fbx                                  -0.573784
vmkfb#branch                      -4.76636e-06
vsub#branch                                  0
vvss#branch                        2.33641e-07
vvdd#branch                       -2.33641e-07

 Reference value :  0.00000e+00 Reference value :  1.68900e-03
No. of Data Rows : 1012
v_det_early         =  3.25902e-01
v_fb_early          =  -3.31262e-01
v_det_v             =  1.34320e-02
v_fb_v              =  2.52313e+00
v_sns1_v            =  7.08551e-01
v_vref_v            =  1.05390e+00
i_mkfb_v            =  5.23090e-14
Note: Simulation executed from .control section 
