Warning: m=xx on .subckt line will override multiplier m hierarchy!


Note: Compatibility modes selected: hs a


Circuit: * sg13g2-bandgap -- bandgap_core + bandgap_startup co-simulated hand-over

Doing analysis at TEMP = 27.000000 and TNOM = 27.000000

Using SPARSE 1.3 as Direct Linear Solver

Initial Transient Solution
--------------------------

Node                                   Voltage
----                                   -------
vdd                                          0
vss                                          0
sub!                                         0
fb                                   -0.553015
sns1                              -5.49418e-19
xq1.s1                            -2.19767e-28
xq1.t                              2.29033e-52
sns2                              -1.11169e-18
cb2                               -1.11169e-18
xr2.dt                                       0
xq2.s1                            -1.22286e-27
xq2.t                              8.87736e-52
vref                               5.10845e-19
cb3                                5.10845e-19
xr1.dt                                       0
xq3.s1                             2.04338e-28
xq3.t                              1.91102e-52
det                                          0
xrpu.dt                                      0
fbx                                  -0.553015
vmkfb#branch                       -4.9205e-06
vsub#branch                                  0
vvss#branch                         7.9505e-08
vvdd#branch                        -7.9505e-08

 Reference value :  0.00000e+00 Reference value :  1.63700e-03
No. of Data Rows : 1012
v_det_early         =  3.55879e-01
v_fb_early          =  -2.92419e-01
v_det_v             =  9.40530e-03
v_fb_v              =  2.82526e+00
v_sns1_v            =  7.08611e-01
v_vref_v            =  1.05385e+00
i_mkfb_v            =  1.69828e-13
Note: Simulation executed from .control section 
