Warning: m=xx on .subckt line will override multiplier m hierarchy!



The temperature limiting function received NaN.
Please check your power dissipation and improve your heat sink Rth!
    This message will be shown only once.

Note: Starting dynamic gmin stepping
Note: Dynamic gmin stepping completed

Note: Compatibility modes selected: hs a


Circuit: * sg13g2-bandgap -- bandgap_core + bandgap_startup co-simulated hand-over

Doing analysis at TEMP = -40.000000 and TNOM = 27.000000

Using SPARSE 1.3 as Direct Linear Solver

Initial Transient Solution
--------------------------

Node                                   Voltage
----                                   -------
vdd                                          0
vss                                          0
sub!                                         0
fb                                   -0.622559
sns1                               6.98027e-63
xq1.s1                             2.79211e-72
xq1.t                             2.44432e-141
sns2                               2.04622e-66
cb2                                2.04622e-66
xr2.dt                                       0
xq2.s1                             2.25084e-75
xq2.t                              9.0376e-150
vref                               3.17739e-64
cb3                                3.17739e-64
xr1.dt                                       0
xq3.s1                             1.27096e-73
xq3.t                             5.05599e-144
det                                          0
xrpu.dt                                      0
fbx                                  -0.622559
vmkfb#branch                      -4.99348e-06
vsub#branch                                  0
vvss#branch                         6.5205e-09
vvdd#branch                        -6.5205e-09

 Reference value :  0.00000e+00 Reference value :  1.70300e-03
No. of Data Rows : 1013
v_det_early         =  3.57262e-01
v_fb_early          =  -3.61225e-01
v_det_v             =  6.60091e-03
v_fb_v              =  2.71712e+00
v_sns1_v            =  7.96305e-01
v_vref_v            =  1.17201e+00
i_mkfb_v            =  1.91041e-14
Note: Simulation executed from .control section 
