Warning: m=xx on .subckt line will override multiplier m hierarchy!


Note: Compatibility modes selected: hs a


Circuit: * sg13g2-bandgap -- bandgap_core + bandgap_startup co-simulated hand-over

Doing analysis at TEMP = 27.000000 and TNOM = 27.000000

Using SPARSE 1.3 as Direct Linear Solver

Initial Transient Solution
--------------------------

Node                                   Voltage
----                                   -------
vdd                                          0
vss                                          0
sub!                                         0
fb                                   -0.506502
sns1                              -2.47974e-19
xq1.s1                            -9.91898e-29
xq1.t                              4.16051e-53
sns2                               5.84019e-20
cb2                                5.84019e-20
xr2.dt                                       0
xq2.s1                             6.42421e-29
xq2.t                               2.2265e-54
vref                               1.27725e-19
cb3                                1.27725e-19
xr1.dt                                       0
xq3.s1                             5.10901e-29
xq3.t                              1.10379e-53
det                                          0
xrpu.dt                                      0
fbx                                  -0.506502
vmkfb#branch                      -4.91035e-06
vsub#branch                                  0
vvss#branch                        8.96519e-08
vvdd#branch                       -8.96519e-08

 Reference value :  5.81000e-04
No. of Data Rows : 1012
v_det_early         =  3.45508e-01
v_fb_early          =  -2.49504e-01
v_det_v             =  6.76489e-03
v_fb_v              =  2.88089e+00
v_sns1_v            =  7.02501e-01
v_vref_v            =  1.11389e+00
i_mkfb_v            =  5.93826e-13
Note: Simulation executed from .control section 
