Warning: m=xx on .subckt line will override multiplier m hierarchy!


Note: Compatibility modes selected: hs a


Circuit: * sg13g2-bandgap -- bandgap_core + bandgap_startup co-simulated hand-over

Doing analysis at TEMP = -40.000000 and TNOM = 27.000000

Using SPARSE 1.3 as Direct Linear Solver

Initial Transient Solution
--------------------------

Node                                   Voltage
----                                   -------
vdd                                          0
vss                                          0
sub!                                         0
fb                                   -0.553092
sns1                              -9.90927e-19
xq1.s1                            -3.96371e-28
xq1.t                              8.08212e-54
sns2                               3.91582e-19
cb2                                3.91582e-19
xr2.dt                                       0
xq2.s1                              4.3074e-28
xq2.t                              7.86312e-55
vref                               4.20901e-19
cb3                                  4.209e-19
xr1.dt                                       0
xq3.s1                              1.6836e-28
xq3.t                              1.45814e-54
det                                          0
xrpu.dt                                      0
fbx                                  -0.553092
vmkfb#branch                      -4.99845e-06
vsub#branch                                  0
vvss#branch                        1.54795e-09
vvdd#branch                       -1.54795e-09

 Reference value :  5.47000e-04
No. of Data Rows : 1012
v_det_early         =  3.58174e-01
v_fb_early          =  -2.88470e-01
v_det_v             =  3.00910e-03
v_fb_v              =  2.74544e+00
v_sns1_v            =  7.90162e-01
v_vref_v            =  1.24200e+00
i_mkfb_v            =  -5.68766e-14
Note: Simulation executed from .control section 
