Warning: m=xx on .subckt line will override multiplier m hierarchy!


Note: Compatibility modes selected: hs a


Circuit: * sg13g2-bandgap -- bandgap_core + bandgap_startup co-simulated hand-over

Doing analysis at TEMP = 27.000000 and TNOM = 27.000000

Using SPARSE 1.3 as Direct Linear Solver

Initial Transient Solution
--------------------------

Node                                   Voltage
----                                   -------
vdd                                          0
vss                                          0
sub!                                         0
fb                                   -0.530481
sns1                              -1.25266e-18
xq1.s1                            -5.01063e-28
xq1.t                              3.68437e-51
sns2                               1.77998e-19
cb2                                1.77998e-19
xr2.dt                                       0
xq2.s1                             1.95797e-28
xq2.t                              7.19709e-53
vref                              -1.16977e-18
cb3                               -1.16977e-18
xr1.dt                                       0
xq3.s1                            -4.67908e-28
xq3.t                              3.21294e-51
det                                          0
xrpu.dt                                      0
fbx                                  -0.530481
vmkfb#branch                      -4.97553e-06
vsub#branch                                  0
vvss#branch                        2.44685e-08
vvdd#branch                       -2.44685e-08

 Reference value :  6.85000e-04
No. of Data Rows : 1012
v_det_early         =  3.23436e-01
v_fb_early          =  -2.97987e-01
v_det_v             =  5.87752e-03
v_fb_v              =  2.46739e+00
v_sns1_v            =  7.08524e-01
v_vref_v            =  1.16347e+00
i_mkfb_v            =  2.03556e-13
Note: Simulation executed from .control section 
