Warning: m=xx on .subckt line will override multiplier m hierarchy!



The temperature limiting function received NaN.
Please check your power dissipation and improve your heat sink Rth!
    This message will be shown only once.

Note: Starting dynamic gmin stepping
Note: Dynamic gmin stepping completed

Note: Compatibility modes selected: hs a


Circuit: * sg13g2-bandgap -- bandgap_core + bandgap_startup co-simulated hand-over

Doing analysis at TEMP = 125.000000 and TNOM = 27.000000

Using SPARSE 1.3 as Direct Linear Solver

Initial Transient Solution
--------------------------

Node                                   Voltage
----                                   -------
vdd                                          0
vss                                          0
sub!                                         0
fb                                   -0.494376
sns1                                         0
xq1.s1                                       0
xq1.t                                        0
sns2                                         0
cb2                                          0
xr2.dt                                       0
xq2.s1                                       0
xq2.t                                        0
vref                                         0
cb3                                          0
xr1.dt                                       0
xq3.s1                                       0
xq3.t                                        0
det                                          0
xrpu.dt                                      0
fbx                                  -0.494376
vmkfb#branch                      -4.52446e-06
vsub#branch                                  0
vvss#branch                        4.75537e-07
vvdd#branch                       -4.75537e-07

 Reference value :  5.15000e-04
No. of Data Rows : 1011
v_det_early         =  2.67392e-01
v_fb_early          =  -2.96244e-01
v_det_v             =  2.68496e-02
v_fb_v              =  2.26237e+00
v_sns1_v            =  5.80225e-01
v_vref_v            =  1.04397e+00
i_mkfb_v            =  4.81326e-11
Note: Simulation executed from .control section 
