Warning: m=xx on .subckt line will override multiplier m hierarchy!


Note: Compatibility modes selected: hs a


Circuit: * sg13g2-bandgap -- bandgap_core + bandgap_startup co-simulated hand-over

Doing analysis at TEMP = 27.000000 and TNOM = 27.000000

Using SPARSE 1.3 as Direct Linear Solver

Initial Transient Solution
--------------------------

Node                                   Voltage
----                                   -------
vdd                                          0
vss                                          0
sub!                                         0
fb                                   -0.598379
sns1                               1.08161e-32
xq1.s1                             4.32642e-42
xq1.t                              1.01952e-79
sns2                               1.03572e-25
cb2                                1.03572e-25
xr2.dt                                       0
xq2.s1                             1.13929e-34
xq2.t                              9.00522e-66
vref                              -4.41989e-32
cb3                               -4.41989e-32
xr1.dt                                       0
xq3.s1                            -1.76796e-41
xq3.t                              1.70248e-78
det                                          0
xrpu.dt                                      0
fbx                                  -0.598379
vmkfb#branch                      -4.93128e-06
vsub#branch                                  0
vvss#branch                        6.87189e-08
vvdd#branch                       -6.87189e-08

 Reference value :  6.29000e-04
No. of Data Rows : 1012
v_det_early         =  3.25252e-01
v_fb_early          =  -3.64669e-01
v_det_v             =  1.60251e-02
v_fb_v              =  2.43941e+00
v_sns1_v            =  7.16492e-01
v_vref_v            =  1.21646e+00
i_mkfb_v            =  1.56274e-14
Note: Simulation executed from .control section 
